MPLINK 4.37, Linker
Linker Map File - Created Thu May 31 18:56:31 2012

                                 Section Info
                  Section       Type    Address   Location Size(Bytes)
                ---------  ---------  ---------  ---------  ---------
               _entry_scn       code   0x000000    program   0x000006
                   .cinit    romdata   0x000006    program   0x00000e
             .code_main.o       code   0x000014    program   0x00131c
                     PROG       code   0x001330    program   0x000520
               _cinit_scn       code   0x001850    program   0x00009e
          .code_adcopen.o       code   0x0018ee    program   0x00006e
         .code_adcsetch.o       code   0x00195c    program   0x00002e
                    .code       code   0x00198a    program   0x000020
             _startup_scn       code   0x0019aa    program   0x00001c
          .code_adcbusy.o       code   0x0019c6    program   0x00000a
          .code_adcconv.o       code   0x0019d0    program   0x000004
           .code___init.o       code   0x0019d4    program   0x000002
          .idata_main.o_i    romdata   0x0019d6    program   0x00000f
          .romdata_main.o    romdata   0x0019d6    program   0x000000
        .romdata___init.o    romdata   0x0019d6    program   0x000000
       .romdata_adcbusy.o    romdata   0x0019d6    program   0x000000
       .romdata_adcconv.o    romdata   0x0019d6    program   0x000000
      .romdata_adcsetch.o    romdata   0x0019d6    program   0x000000
       .romdata_adcopen.o    romdata   0x0019d6    program   0x000000
         .romdata_c018i.o    romdata   0x0019d6    program   0x000000
        .idata___init.o_i    romdata   0x0019e5    program   0x000000
      .idata_adcsetch.o_i    romdata   0x0019e5    program   0x000000
       .idata_adcopen.o_i    romdata   0x0019e5    program   0x000000
       .idata_adcconv.o_i    romdata   0x0019e5    program   0x000000
       .idata_adcbusy.o_i    romdata   0x0019e5    program   0x000000
         .idata_c018i.o_i    romdata   0x0019e5    program   0x000000
            .code_c018i.o       code   0x0019e6    program   0x000000
    .config_300003_main.o    romdata   0x300003    program   0x000001
          volatile_access      udata   0x000000       data   0x000023
                MATH_DATA      udata   0x000023       data   0x000014
                 .tmpdata      udata   0x000037       data   0x000012
            .udata_main.o      udata   0x000100       data   0x0000af
            .idata_main.o      idata   0x0001af       data   0x00000f
           .udata_c018i.o      udata   0x0001be       data   0x00000a
          .idata___init.o      idata   0x0001c8       data   0x000000
          .udata___init.o      udata   0x0001c8       data   0x000000
        .idata_adcsetch.o      idata   0x0001c8       data   0x000000
        .udata_adcsetch.o      udata   0x0001c8       data   0x000000
         .idata_adcopen.o      idata   0x0001c8       data   0x000000
         .udata_adcopen.o      udata   0x0001c8       data   0x000000
         .idata_adcconv.o      idata   0x0001c8       data   0x000000
         .udata_adcconv.o      udata   0x0001c8       data   0x000000
         .idata_adcbusy.o      idata   0x0001c8       data   0x000000
         .udata_adcbusy.o      udata   0x0001c8       data   0x000000
           .idata_c018i.o      idata   0x0001c8       data   0x000000
                   .stack      udata   0x000500       data   0x000100
            SFR_UNBANKED0      udata   0x000f80       data   0x000080



                              Program Memory Usage 
                               Start         End      
                           ---------   ---------      
                            0x000000    0x0019e4      
                            0x300003    0x300003      
            6630 out of 33048 program addresses used, program memory utilization is 20%



                              Symbols - Sorted by Name
                     Name    Address   Location    Storage File                     
                ---------  ---------  ---------  --------- ---------                
                  BusyADC   0x0019c6    program     extern C:\MCC18\src\pmc_common\ADC\adcbusy.c
               ConvertADC   0x0019d0    program     extern C:\MCC18\src\pmc_common\ADC\adcconv.c
                 FLO1632S   0x001334    program     extern C:\MCC18\src\traditional\math\cast16FP.asm
                 FLO1632U   0x001330    program     extern C:\MCC18\src\traditional\math\cast16FP.asm
                    FPA32   0x00135c    program     extern C:\MCC18\src\traditional\math\addFP.asm
                    FPM32   0x001488    program     extern C:\MCC18\src\traditional\math\mulFP.asm
                    FPS32   0x00135a    program     extern C:\MCC18\src\traditional\math\addFP.asm
                 FXM1616S   0x001562    program     extern C:\MCC18\src\traditional\math\fxm1616s.asm
                  INT3216   0x0015bc    program     extern C:\MCC18\src\traditional\math\castFP16.asm
                  INT3232   0x00161a    program     extern C:\MCC18\src\traditional\math\castFP32.asm
                     Init   0x0000e6    program     extern C:\Documents and Settings\Pelle\My Documents\PIC Code Jan 2010\Peters SSL PCB 18F4520\main.c
                  OpenADC   0x0018ee    program     extern C:\MCC18\src\pmc_common\ADC\adcopen.c
                  PGtoVCA   0x00088a    program     extern C:\Documents and Settings\Pelle\My Documents\PIC Code Jan 2010\Peters SSL PCB 18F4520\main.c
             Read_One_ADC   0x0010c0    program     extern C:\Documents and Settings\Pelle\My Documents\PIC Code Jan 2010\Peters SSL PCB 18F4520\main.c
      Scan_Parallell_Port   0x000786    program     extern C:\Documents and Settings\Pelle\My Documents\PIC Code Jan 2010\Peters SSL PCB 18F4520\main.c
               SetChanADC   0x00195c    program     extern C:\MCC18\src\pmc_common\ADC\adcsetch.c
                Start_ADC   0x0010a4    program     extern C:\Documents and Settings\Pelle\My Documents\PIC Code Jan 2010\Peters SSL PCB 18F4520\main.c
                  TAGTB32   0x001688    program     extern C:\MCC18\src\traditional\math\gtFP.asm
               TSIGN1616A   0x0015ae    program     static C:\MCC18\src\traditional\math\fxm1616s.asm
                  VCAtoPG   0x000c70    program     extern C:\Documents and Settings\Pelle\My Documents\PIC Code Jan 2010\Peters SSL PCB 18F4520\main.c
  YourHighPriorityISRCode   0x000014    program     extern C:\Documents and Settings\Pelle\My Documents\PIC Code Jan 2010\Peters SSL PCB 18F4520\main.c
   YourLowPriorityISRCode   0x0000c0    program     extern C:\Documents and Settings\Pelle\My Documents\PIC Code Jan 2010\Peters SSL PCB 18F4520\main.c
              __FpCompare   0x00169a    program     extern C:\MCC18\src\traditional\math\compFP.asm
                 __FpExit   0x001750    program     extern C:\MCC18\src\traditional\math\packFP.asm
                 __FpPack   0x00177c    program     extern C:\MCC18\src\traditional\math\packFP.asm
            __FpReturnNaN   0x001744    program     extern C:\MCC18\src\traditional\math\packFP.asm
         __FpReturnNegInf   0x001756    program     extern C:\MCC18\src\traditional\math\packFP.asm
        __FpReturnNegZero   0x00176e    program     extern C:\MCC18\src\traditional\math\packFP.asm
         __FpReturnPosInf   0x00175c    program     extern C:\MCC18\src\traditional\math\packFP.asm
        __FpReturnPosZero   0x001776    program     extern C:\MCC18\src\traditional\math\packFP.asm
        __FpReturnSignInf   0x001752    program     extern C:\MCC18\src\traditional\math\packFP.asm
       __FpReturnSignZero   0x00176a    program     extern C:\MCC18\src\traditional\math\packFP.asm
              __FpReturnW   0x0017d4    program     extern C:\MCC18\src\traditional\math\packFP.asm
              __FpUnPackA   0x0017f4    program     extern C:\MCC18\src\traditional\math\UnpackFP.asm
              __FpUnPackB   0x001824    program     extern C:\MCC18\src\traditional\math\UnpackFP.asm
       ___return_lbl00000   0x000004    program     static                          
       ___return_lbl00001   0x0019c4    program     static                          
       ___return_lbl00002   0x0018ec    program     static                          
               __config_0   0x300003    program     static C:\Documents and Settings\Pelle\My Documents\PIC Code Jan 2010\Peters SSL PCB 18F4520\main.c
                   __init   0x0019d4    program     extern C:\MCC18\src\traditional\stdclib\__init.c
            __zero_memory   0x00198a    program     extern C:\MCC18\src\traditional\proc\p18F4520.asm
                _do_cinit   0x001850    program     extern C:\MCC18\src\traditional\startup\c018i.c
                   _entry   0x000000    program     extern C:\MCC18\src\traditional\startup\c018i.c
                 _startup   0x0019aa    program     extern C:\MCC18\src\traditional\startup\c018i.c
                compare_l   0x0019a0    program     static C:\MCC18\src\traditional\proc\p18F4520.asm
                copy_loop   0x0018c2    program     static                          
            copy_one_byte   0x0018c8    program     static                          
                     done   0x0018ec    program     static                          
             done_copying   0x0018d6    program     static                          
                 jANotInf   0x0014a6    program     static C:\MCC18\src\traditional\math\mulFP.asm
                 jANotInf   0x001384    program     static C:\MCC18\src\traditional\math\addFP.asm
                 jANotNeg   0x001418    program     static C:\MCC18\src\traditional\math\addFP.asm
              jAandWsetup   0x0013e8    program     static C:\MCC18\src\traditional\math\addFP.asm
                  jAisNeg   0x001716    program     static C:\MCC18\src\traditional\math\compFP.asm
                 jAltBexp   0x0013d6    program     static C:\MCC18\src\traditional\math\addFP.asm
                jBANotInf   0x00137a    program     static C:\MCC18\src\traditional\math\addFP.asm
                 jBNotInf   0x001392    program     static C:\MCC18\src\traditional\math\addFP.asm
              jBothFinite   0x0014b4    program     static C:\MCC18\src\traditional\math\mulFP.asm
             jBothNotZero   0x0016b8    program     static C:\MCC18\src\traditional\math\compFP.asm
             jBothNotZero   0x0014c0    program     static C:\MCC18\src\traditional\math\mulFP.asm
            jDifOrPosSign   0x0013a6    program     static C:\MCC18\src\traditional\math\addFP.asm
                      jEQ   0x0016d4    program     static C:\MCC18\src\traditional\math\compFP.asm
                    jExch   0x0016e0    program     static C:\MCC18\src\traditional\math\compFP.asm
                    jExit   0x001686    program     static C:\MCC18\src\traditional\math\castFP32.asm
                    jExit   0x001618    program     static C:\MCC18\src\traditional\math\castFP16.asm
                   jExpEQ   0x001726    program     static C:\MCC18\src\traditional\math\compFP.asm
                   jFinal   0x00170a    program     static C:\MCC18\src\traditional\math\compFP.asm
               jFinalSign   0x001480    program     static C:\MCC18\src\traditional\math\addFP.asm
                jHaveZero   0x0014bc    program     static C:\MCC18\src\traditional\math\mulFP.asm
                jI2F16Beg   0x001344    program     static C:\MCC18\src\traditional\math\cast16FP.asm
                    jLoop   0x0015f8    program     static C:\MCC18\src\traditional\math\castFP16.asm
                    jLoop   0x00165a    program     static C:\MCC18\src\traditional\math\castFP32.asm
                jLoopExit   0x001608    program     static C:\MCC18\src\traditional\math\castFP16.asm
                jLoopExit   0x00166e    program     static C:\MCC18\src\traditional\math\castFP32.asm
                     jMax   0x00162a    program     static C:\MCC18\src\traditional\math\castFP32.asm
                     jMax   0x0015cc    program     static C:\MCC18\src\traditional\math\castFP16.asm
                  jMaxNeg   0x00163c    program     static C:\MCC18\src\traditional\math\castFP32.asm
                  jMaxNeg   0x0015da    program     static C:\MCC18\src\traditional\math\castFP16.asm
                  jMaxPos   0x00162e    program     static C:\MCC18\src\traditional\math\castFP32.asm
                  jMaxPos   0x0015d0    program     static C:\MCC18\src\traditional\math\castFP16.asm
                      jNE   0x0016d8    program     static C:\MCC18\src\traditional\math\compFP.asm
                  jNoExch   0x001700    program     static C:\MCC18\src\traditional\math\compFP.asm
             jNotBothZero   0x0013aa    program     static C:\MCC18\src\traditional\math\addFP.asm
                  jNotInf   0x0015e8    program     static C:\MCC18\src\traditional\math\castFP16.asm
                  jNotInf   0x001648    program     static C:\MCC18\src\traditional\math\castFP32.asm
                  jPkLoop   0x00178a    program     static C:\MCC18\src\traditional\math\packFP.asm
             jPkRoundDone   0x0017d4    program     static C:\MCC18\src\traditional\math\packFP.asm
               jPkRoundIt   0x0017bc    program     static C:\MCC18\src\traditional\math\packFP.asm
             jPkShiftDone   0x0017a6    program     static C:\MCC18\src\traditional\math\packFP.asm
           jReturnPosInf0   0x001760    program     static C:\MCC18\src\traditional\math\packFP.asm
                  jRotate   0x001732    program     static C:\MCC18\src\traditional\math\compFP.asm
                   jShift   0x00171c    program     static C:\MCC18\src\traditional\math\compFP.asm
               jShiftDone   0x001440    program     static C:\MCC18\src\traditional\math\addFP.asm
               jShiftLoop   0x001432    program     static C:\MCC18\src\traditional\math\addFP.asm
                jSignDone   0x001470    program     static C:\MCC18\src\traditional\math\addFP.asm
                 jSignsEQ   0x0016bc    program     static C:\MCC18\src\traditional\math\compFP.asm
                  jUnpkA1   0x0017fe    program     static C:\MCC18\src\traditional\math\UnpackFP.asm
                  jUnpkA2   0x001816    program     static C:\MCC18\src\traditional\math\UnpackFP.asm
                 jUnpkANZ   0x00180c    program     static C:\MCC18\src\traditional\math\UnpackFP.asm
                  jUnpkB1   0x00182e    program     static C:\MCC18\src\traditional\math\UnpackFP.asm
                  jUnpkB2   0x001846    program     static C:\MCC18\src\traditional\math\UnpackFP.asm
                 jUnpkBNZ   0x00183c    program     static C:\MCC18\src\traditional\math\UnpackFP.asm
                 jUnpkNaN   0x001820    program     static C:\MCC18\src\traditional\math\UnpackFP.asm
                 jWNotNeg   0x00142c    program     static C:\MCC18\src\traditional\math\addFP.asm
                   jWr123   0x001634    program     static C:\MCC18\src\traditional\math\castFP32.asm
                  jWrZ123   0x001644    program     static C:\MCC18\src\traditional\math\castFP32.asm
                    jZero   0x0015e2    program     static C:\MCC18\src\traditional\math\castFP16.asm
                    jZero   0x001642    program     static C:\MCC18\src\traditional\math\castFP32.asm
               jZero1and2   0x001764    program     static C:\MCC18\src\traditional\math\packFP.asm
                     loop   0x0019ba    program     static                          
                   loop_h   0x001998    program     static C:\MCC18\src\traditional\proc\p18F4520.asm
                   loop_l   0x0019a2    program     static C:\MCC18\src\traditional\proc\p18F4520.asm
                     main   0x00011a    program     extern C:\Documents and Settings\Pelle\My Documents\PIC Code Jan 2010\Peters SSL PCB 18F4520\main.c
                      mux   0x00102e    program     extern C:\Documents and Settings\Pelle\My Documents\PIC Code Jan 2010\Peters SSL PCB 18F4520\main.c
        switches_and_leds   0x000506    program     extern C:\Documents and Settings\Pelle\My Documents\PIC Code Jan 2010\Peters SSL PCB 18F4520\main.c
                     test   0x00186a    program     static                          
               vca_in_out   0x00029c    program     extern C:\Documents and Settings\Pelle\My Documents\PIC Code Jan 2010\Peters SSL PCB 18F4520\main.c
               zero_block   0x001998    program     static C:\MCC18\src\traditional\proc\p18F4520.asm
                   ADCON0   0x000fc2       data     extern C:\MCC18\src\traditional\proc\p18F4520.asm
               ADCON0bits   0x000fc2       data     extern C:\MCC18\src\traditional\proc\p18F4520.asm
                   ADCON1   0x000fc1       data     extern C:\MCC18\src\traditional\proc\p18F4520.asm
               ADCON1bits   0x000fc1       data     extern C:\MCC18\src\traditional\proc\p18F4520.asm
                   ADCON2   0x000fc0       data     extern C:\MCC18\src\traditional\proc\p18F4520.asm
               ADCON2bits   0x000fc0       data     extern C:\MCC18\src\traditional\proc\p18F4520.asm
                    ADRES   0x000fc3       data     extern C:\MCC18\src\traditional\proc\p18F4520.asm
                   ADRESH   0x000fc4       data     extern C:\MCC18\src\traditional\proc\p18F4520.asm
                   ADRESL   0x000fc3       data     extern C:\MCC18\src\traditional\proc\p18F4520.asm
                     AUTO   0x0001b4       data     extern C:\Documents and Settings\Pelle\My Documents\PIC Code Jan 2010\Peters SSL PCB 18F4520\main.c
                  BAUDCON   0x000fb8       data     extern C:\MCC18\src\traditional\proc\p18F4520.asm
              BAUDCONbits   0x000fb8       data     extern C:\MCC18\src\traditional\proc\p18F4520.asm
                  BAUDCTL   0x000fb8       data     extern C:\MCC18\src\traditional\proc\p18F4520.asm
              BAUDCTLbits   0x000fb8       data     extern C:\MCC18\src\traditional\proc\p18F4520.asm
                      BSR   0x000fe0       data     extern C:\MCC18\src\traditional\proc\p18F4520.asm
                 BankTemp   0x000115       data     extern C:\Documents and Settings\Pelle\My Documents\PIC Code Jan 2010\Peters SSL PCB 18F4520\main.c
                 BlinkCnt   0x0001af       data     extern C:\Documents and Settings\Pelle\My Documents\PIC Code Jan 2010\Peters SSL PCB 18F4520\main.c
                 BlinkLED   0x0001b1       data     extern C:\Documents and Settings\Pelle\My Documents\PIC Code Jan 2010\Peters SSL PCB 18F4520\main.c
                  CCP1CON   0x000fbd       data     extern C:\MCC18\src\traditional\proc\p18F4520.asm
              CCP1CONbits   0x000fbd       data     extern C:\MCC18\src\traditional\proc\p18F4520.asm
                  CCP2CON   0x000fba       data     extern C:\MCC18\src\traditional\proc\p18F4520.asm
              CCP2CONbits   0x000fba       data     extern C:\MCC18\src\traditional\proc\p18F4520.asm
                    CCPR1   0x000fbe       data     extern C:\MCC18\src\traditional\proc\p18F4520.asm
                   CCPR1H   0x000fbf       data     extern C:\MCC18\src\traditional\proc\p18F4520.asm
                   CCPR1L   0x000fbe       data     extern C:\MCC18\src\traditional\proc\p18F4520.asm
                    CCPR2   0x000fbb       data     extern C:\MCC18\src\traditional\proc\p18F4520.asm
                   CCPR2H   0x000fbc       data     extern C:\MCC18\src\traditional\proc\p18F4520.asm
                   CCPR2L   0x000fbb       data     extern C:\MCC18\src\traditional\proc\p18F4520.asm
                    CMCON   0x000fb4       data     extern C:\MCC18\src\traditional\proc\p18F4520.asm
                CMCONbits   0x000fb4       data     extern C:\MCC18\src\traditional\proc\p18F4520.asm
                   CVRCON   0x000fb5       data     extern C:\MCC18\src\traditional\proc\p18F4520.asm
               CVRCONbits   0x000fb5       data     extern C:\MCC18\src\traditional\proc\p18F4520.asm
                  DACaddr   0x000176       data     extern C:\Documents and Settings\Pelle\My Documents\PIC Code Jan 2010\Peters SSL PCB 18F4520\main.c
                   DACcnt   0x000168       data     extern C:\Documents and Settings\Pelle\My Documents\PIC Code Jan 2010\Peters SSL PCB 18F4520\main.c
                   DAClog   0x00016f       data     extern C:\Documents and Settings\Pelle\My Documents\PIC Code Jan 2010\Peters SSL PCB 18F4520\main.c
                   DACval   0x000172       data     extern C:\Documents and Settings\Pelle\My Documents\PIC Code Jan 2010\Peters SSL PCB 18F4520\main.c
                  DACword   0x000174       data     extern C:\Documents and Settings\Pelle\My Documents\PIC Code Jan 2010\Peters SSL PCB 18F4520\main.c
                     DDRA   0x000f92       data     extern C:\MCC18\src\traditional\proc\p18F4520.asm
                 DDRAbits   0x000f92       data     extern C:\MCC18\src\traditional\proc\p18F4520.asm
                     DDRB   0x000f93       data     extern C:\MCC18\src\traditional\proc\p18F4520.asm
                 DDRBbits   0x000f93       data     extern C:\MCC18\src\traditional\proc\p18F4520.asm
                     DDRC   0x000f94       data     extern C:\MCC18\src\traditional\proc\p18F4520.asm
                 DDRCbits   0x000f94       data     extern C:\MCC18\src\traditional\proc\p18F4520.asm
                     DDRD   0x000f95       data     extern C:\MCC18\src\traditional\proc\p18F4520.asm
                 DDRDbits   0x000f95       data     extern C:\MCC18\src\traditional\proc\p18F4520.asm
                     DDRE   0x000f96       data     extern C:\MCC18\src\traditional\proc\p18F4520.asm
                 DDREbits   0x000f96       data     extern C:\MCC18\src\traditional\proc\p18F4520.asm
                  ECCP1AS   0x000fb6       data     extern C:\MCC18\src\traditional\proc\p18F4520.asm
              ECCP1ASbits   0x000fb6       data     extern C:\MCC18\src\traditional\proc\p18F4520.asm
                    EEADR   0x000fa9       data     extern C:\MCC18\src\traditional\proc\p18F4520.asm
                   EECON1   0x000fa6       data     extern C:\MCC18\src\traditional\proc\p18F4520.asm
               EECON1bits   0x000fa6       data     extern C:\MCC18\src\traditional\proc\p18F4520.asm
                   EECON2   0x000fa7       data     extern C:\MCC18\src\traditional\proc\p18F4520.asm
                   EEDATA   0x000fa8       data     extern C:\MCC18\src\traditional\proc\p18F4520.asm
                     FSR0   0x000fe9       data     extern C:\MCC18\src\traditional\proc\p18F4520.asm
                    FSR0H   0x000fea       data     extern C:\MCC18\src\traditional\proc\p18F4520.asm
                    FSR0L   0x000fe9       data     extern C:\MCC18\src\traditional\proc\p18F4520.asm
                     FSR1   0x000fe1       data     extern C:\MCC18\src\traditional\proc\p18F4520.asm
                    FSR1H   0x000fe2       data     extern C:\MCC18\src\traditional\proc\p18F4520.asm
                    FSR1L   0x000fe1       data     extern C:\MCC18\src\traditional\proc\p18F4520.asm
                     FSR2   0x000fd9       data     extern C:\MCC18\src\traditional\proc\p18F4520.asm
                    FSR2H   0x000fda       data     extern C:\MCC18\src\traditional\proc\p18F4520.asm
                    FSR2L   0x000fd9       data     extern C:\MCC18\src\traditional\proc\p18F4520.asm
          GOAL_FILTER_REG   0x000193       data     static C:\Documents and Settings\Pelle\My Documents\PIC Code Jan 2010\Peters SSL PCB 18F4520\main.c
               GOAL_SHIFT   0x0001b7       data     extern C:\Documents and Settings\Pelle\My Documents\PIC Code Jan 2010\Peters SSL PCB 18F4520\main.c
                  HLVDCON   0x000fd2       data     extern C:\MCC18\src\traditional\proc\p18F4520.asm
              HLVDCONbits   0x000fd2       data     extern C:\MCC18\src\traditional\proc\p18F4520.asm
                    INDF0   0x000fef       data     extern C:\MCC18\src\traditional\proc\p18F4520.asm
                    INDF1   0x000fe7       data     extern C:\MCC18\src\traditional\proc\p18F4520.asm
                    INDF2   0x000fdf       data     extern C:\MCC18\src\traditional\proc\p18F4520.asm
                   INTCON   0x000ff2       data     extern C:\MCC18\src\traditional\proc\p18F4520.asm
                  INTCON2   0x000ff1       data     extern C:\MCC18\src\traditional\proc\p18F4520.asm
              INTCON2bits   0x000ff1       data     extern C:\MCC18\src\traditional\proc\p18F4520.asm
                  INTCON3   0x000ff0       data     extern C:\MCC18\src\traditional\proc\p18F4520.asm
              INTCON3bits   0x000ff0       data     extern C:\MCC18\src\traditional\proc\p18F4520.asm
               INTCONbits   0x000ff2       data     extern C:\MCC18\src\traditional\proc\p18F4520.asm
                   INdata   0x000003       data     extern C:\Documents and Settings\Pelle\My Documents\PIC Code Jan 2010\Peters SSL PCB 18F4520\main.c
                     IPR1   0x000f9f       data     extern C:\MCC18\src\traditional\proc\p18F4520.asm
                 IPR1bits   0x000f9f       data     extern C:\MCC18\src\traditional\proc\p18F4520.asm
                     IPR2   0x000fa2       data     extern C:\MCC18\src\traditional\proc\p18F4520.asm
                 IPR2bits   0x000fa2       data     extern C:\MCC18\src\traditional\proc\p18F4520.asm
                     LATA   0x000f89       data     extern C:\MCC18\src\traditional\proc\p18F4520.asm
                 LATAbits   0x000f89       data     extern C:\MCC18\src\traditional\proc\p18F4520.asm
                     LATB   0x000f8a       data     extern C:\MCC18\src\traditional\proc\p18F4520.asm
                 LATBbits   0x000f8a       data     extern C:\MCC18\src\traditional\proc\p18F4520.asm
                     LATC   0x000f8b       data     extern C:\MCC18\src\traditional\proc\p18F4520.asm
                 LATCbits   0x000f8b       data     extern C:\MCC18\src\traditional\proc\p18F4520.asm
                     LATD   0x000f8c       data     extern C:\MCC18\src\traditional\proc\p18F4520.asm
                 LATDbits   0x000f8c       data     extern C:\MCC18\src\traditional\proc\p18F4520.asm
                     LATE   0x000f8d       data     extern C:\MCC18\src\traditional\proc\p18F4520.asm
                 LATEbits   0x000f8d       data     extern C:\MCC18\src\traditional\proc\p18F4520.asm
                 LED_byte   0x000192       data     extern C:\Documents and Settings\Pelle\My Documents\PIC Code Jan 2010\Peters SSL PCB 18F4520\main.c
                   LEDcnt   0x00016b       data     extern C:\Documents and Settings\Pelle\My Documents\PIC Code Jan 2010\Peters SSL PCB 18F4520\main.c
                  LEDword   0x00016a       data     extern C:\Documents and Settings\Pelle\My Documents\PIC Code Jan 2010\Peters SSL PCB 18F4520\main.c
                   LVDCON   0x000fd2       data     extern C:\MCC18\src\traditional\proc\p18F4520.asm
               LVDCONbits   0x000fd2       data     extern C:\MCC18\src\traditional\proc\p18F4520.asm
                   Ltimer   0x000141       data     extern C:\Documents and Settings\Pelle\My Documents\PIC Code Jan 2010\Peters SSL PCB 18F4520\main.c
                   MANUAL   0x0001b3       data     extern C:\Documents and Settings\Pelle\My Documents\PIC Code Jan 2010\Peters SSL PCB 18F4520\main.c
                   OSCCON   0x000fd3       data     extern C:\MCC18\src\traditional\proc\p18F4520.asm
               OSCCONbits   0x000fd3       data     extern C:\MCC18\src\traditional\proc\p18F4520.asm
                  OSCTUNE   0x000f9b       data     extern C:\MCC18\src\traditional\proc\p18F4520.asm
              OSCTUNEbits   0x000f9b       data     extern C:\MCC18\src\traditional\proc\p18F4520.asm
                  OUTdata   0x000013       data     extern C:\Documents and Settings\Pelle\My Documents\PIC Code Jan 2010\Peters SSL PCB 18F4520\main.c
                       PC   0x000ff9       data     extern C:\MCC18\src\traditional\proc\p18F4520.asm
                      PCL   0x000ff9       data     extern C:\MCC18\src\traditional\proc\p18F4520.asm
                   PCLATH   0x000ffa       data     extern C:\MCC18\src\traditional\proc\p18F4520.asm
                   PCLATU   0x000ffb       data     extern C:\MCC18\src\traditional\proc\p18F4520.asm
                     PIE1   0x000f9d       data     extern C:\MCC18\src\traditional\proc\p18F4520.asm
                 PIE1bits   0x000f9d       data     extern C:\MCC18\src\traditional\proc\p18F4520.asm
                     PIE2   0x000fa0       data     extern C:\MCC18\src\traditional\proc\p18F4520.asm
                 PIE2bits   0x000fa0       data     extern C:\MCC18\src\traditional\proc\p18F4520.asm
                     PIR1   0x000f9e       data     extern C:\MCC18\src\traditional\proc\p18F4520.asm
                 PIR1bits   0x000f9e       data     extern C:\MCC18\src\traditional\proc\p18F4520.asm
                     PIR2   0x000fa1       data     extern C:\MCC18\src\traditional\proc\p18F4520.asm
                 PIR2bits   0x000fa1       data     extern C:\MCC18\src\traditional\proc\p18F4520.asm
                   PLUSW0   0x000feb       data     extern C:\MCC18\src\traditional\proc\p18F4520.asm
                   PLUSW1   0x000fe3       data     extern C:\MCC18\src\traditional\proc\p18F4520.asm
                   PLUSW2   0x000fdb       data     extern C:\MCC18\src\traditional\proc\p18F4520.asm
                    PORTA   0x000f80       data     extern C:\MCC18\src\traditional\proc\p18F4520.asm
                PORTAbits   0x000f80       data     extern C:\MCC18\src\traditional\proc\p18F4520.asm
                    PORTB   0x000f81       data     extern C:\MCC18\src\traditional\proc\p18F4520.asm
                PORTBbits   0x000f81       data     extern C:\MCC18\src\traditional\proc\p18F4520.asm
                    PORTC   0x000f82       data     extern C:\MCC18\src\traditional\proc\p18F4520.asm
                PORTCbits   0x000f82       data     extern C:\MCC18\src\traditional\proc\p18F4520.asm
                    PORTD   0x000f83       data     extern C:\MCC18\src\traditional\proc\p18F4520.asm
                PORTDbits   0x000f83       data     extern C:\MCC18\src\traditional\proc\p18F4520.asm
                    PORTE   0x000f84       data     extern C:\MCC18\src\traditional\proc\p18F4520.asm
                PORTEbits   0x000f84       data     extern C:\MCC18\src\traditional\proc\p18F4520.asm
                 POSTDEC0   0x000fed       data     extern C:\MCC18\src\traditional\proc\p18F4520.asm
                 POSTDEC1   0x000fe5       data     extern C:\MCC18\src\traditional\proc\p18F4520.asm
                 POSTDEC2   0x000fdd       data     extern C:\MCC18\src\traditional\proc\p18F4520.asm
                 POSTINC0   0x000fee       data     extern C:\MCC18\src\traditional\proc\p18F4520.asm
                 POSTINC1   0x000fe6       data     extern C:\MCC18\src\traditional\proc\p18F4520.asm
                 POSTINC2   0x000fde       data     extern C:\MCC18\src\traditional\proc\p18F4520.asm
                      PR2   0x000fcb       data     extern C:\MCC18\src\traditional\proc\p18F4520.asm
                  PREINC0   0x000fec       data     extern C:\MCC18\src\traditional\proc\p18F4520.asm
                  PREINC1   0x000fe4       data     extern C:\MCC18\src\traditional\proc\p18F4520.asm
                  PREINC2   0x000fdc       data     extern C:\MCC18\src\traditional\proc\p18F4520.asm
                     PROD   0x000ff3       data     extern C:\MCC18\src\traditional\proc\p18F4520.asm
                    PRODH   0x000ff4       data     extern C:\MCC18\src\traditional\proc\p18F4520.asm
                    PRODL   0x000ff3       data     extern C:\MCC18\src\traditional\proc\p18F4520.asm
                  PWM1CON   0x000fb7       data     extern C:\MCC18\src\traditional\proc\p18F4520.asm
              PWM1CONbits   0x000fb7       data     extern C:\MCC18\src\traditional\proc\p18F4520.asm
         ParallelPortflag   0x0001bd       data     extern C:\Documents and Settings\Pelle\My Documents\PIC Code Jan 2010\Peters SSL PCB 18F4520\main.c
                     RCON   0x000fd0       data     extern C:\MCC18\src\traditional\proc\p18F4520.asm
                 RCONbits   0x000fd0       data     extern C:\MCC18\src\traditional\proc\p18F4520.asm
                    RCREG   0x000fae       data     extern C:\MCC18\src\traditional\proc\p18F4520.asm
                    RCSTA   0x000fab       data     extern C:\MCC18\src\traditional\proc\p18F4520.asm
                RCSTAbits   0x000fab       data     extern C:\MCC18\src\traditional\proc\p18F4520.asm
                     SIGN   0x000023       data     extern C:\MCC18\src\traditional\math\cmath18.asm
                    SPBRG   0x000faf       data     extern C:\MCC18\src\traditional\proc\p18F4520.asm
                   SPBRGH   0x000fb0       data     extern C:\MCC18\src\traditional\proc\p18F4520.asm
                   SSPADD   0x000fc8       data     extern C:\MCC18\src\traditional\proc\p18F4520.asm
                   SSPBUF   0x000fc9       data     extern C:\MCC18\src\traditional\proc\p18F4520.asm
                  SSPCON1   0x000fc6       data     extern C:\MCC18\src\traditional\proc\p18F4520.asm
              SSPCON1bits   0x000fc6       data     extern C:\MCC18\src\traditional\proc\p18F4520.asm
                  SSPCON2   0x000fc5       data     extern C:\MCC18\src\traditional\proc\p18F4520.asm
              SSPCON2bits   0x000fc5       data     extern C:\MCC18\src\traditional\proc\p18F4520.asm
                  SSPSTAT   0x000fc7       data     extern C:\MCC18\src\traditional\proc\p18F4520.asm
              SSPSTATbits   0x000fc7       data     extern C:\MCC18\src\traditional\proc\p18F4520.asm
                   STATUS   0x000fd8       data     extern C:\MCC18\src\traditional\proc\p18F4520.asm
               STATUSbits   0x000fd8       data     extern C:\MCC18\src\traditional\proc\p18F4520.asm
                   STKPTR   0x000ffc       data     extern C:\MCC18\src\traditional\proc\p18F4520.asm
               STKPTRbits   0x000ffc       data     extern C:\MCC18\src\traditional\proc\p18F4520.asm
                    SWcnt   0x00016d       data     extern C:\Documents and Settings\Pelle\My Documents\PIC Code Jan 2010\Peters SSL PCB 18F4520\main.c
                  ShiftIn   0x000132       data     extern C:\Documents and Settings\Pelle\My Documents\PIC Code Jan 2010\Peters SSL PCB 18F4520\main.c
                 ShiftOut   0x00012d       data     extern C:\Documents and Settings\Pelle\My Documents\PIC Code Jan 2010\Peters SSL PCB 18F4520\main.c
                    T0CON   0x000fd5       data     extern C:\MCC18\src\traditional\proc\p18F4520.asm
                T0CONbits   0x000fd5       data     extern C:\MCC18\src\traditional\proc\p18F4520.asm
                    T1CON   0x000fcd       data     extern C:\MCC18\src\traditional\proc\p18F4520.asm
                T1CONbits   0x000fcd       data     extern C:\MCC18\src\traditional\proc\p18F4520.asm
                    T2CON   0x000fca       data     extern C:\MCC18\src\traditional\proc\p18F4520.asm
                T2CONbits   0x000fca       data     extern C:\MCC18\src\traditional\proc\p18F4520.asm
                    T3CON   0x000fb1       data     extern C:\MCC18\src\traditional\proc\p18F4520.asm
                T3CONbits   0x000fb1       data     extern C:\MCC18\src\traditional\proc\p18F4520.asm
                   TABLAT   0x000ff5       data     extern C:\MCC18\src\traditional\proc\p18F4520.asm
                   TBLPTR   0x000ff6       data     extern C:\MCC18\src\traditional\proc\p18F4520.asm
                  TBLPTRH   0x000ff7       data     extern C:\MCC18\src\traditional\proc\p18F4520.asm
                  TBLPTRL   0x000ff6       data     extern C:\MCC18\src\traditional\proc\p18F4520.asm
                  TBLPTRU   0x000ff8       data     extern C:\MCC18\src\traditional\proc\p18F4520.asm
                    TMR0H   0x000fd7       data     extern C:\MCC18\src\traditional\proc\p18F4520.asm
                    TMR0L   0x000fd6       data     extern C:\MCC18\src\traditional\proc\p18F4520.asm
                    TMR1H   0x000fcf       data     extern C:\MCC18\src\traditional\proc\p18F4520.asm
                    TMR1L   0x000fce       data     extern C:\MCC18\src\traditional\proc\p18F4520.asm
                     TMR2   0x000fcc       data     extern C:\MCC18\src\traditional\proc\p18F4520.asm
                    TMR3H   0x000fb3       data     extern C:\MCC18\src\traditional\proc\p18F4520.asm
                    TMR3L   0x000fb2       data     extern C:\MCC18\src\traditional\proc\p18F4520.asm
                      TOS   0x000ffd       data     extern C:\MCC18\src\traditional\proc\p18F4520.asm
                     TOSH   0x000ffe       data     extern C:\MCC18\src\traditional\proc\p18F4520.asm
                     TOSL   0x000ffd       data     extern C:\MCC18\src\traditional\proc\p18F4520.asm
                     TOSU   0x000fff       data     extern C:\MCC18\src\traditional\proc\p18F4520.asm
                    TOUCH   0x0001b5       data     extern C:\Documents and Settings\Pelle\My Documents\PIC Code Jan 2010\Peters SSL PCB 18F4520\main.c
                    TRISA   0x000f92       data     extern C:\MCC18\src\traditional\proc\p18F4520.asm
                TRISAbits   0x000f92       data     extern C:\MCC18\src\traditional\proc\p18F4520.asm
                    TRISB   0x000f93       data     extern C:\MCC18\src\traditional\proc\p18F4520.asm
                TRISBbits   0x000f93       data     extern C:\MCC18\src\traditional\proc\p18F4520.asm
                    TRISC   0x000f94       data     extern C:\MCC18\src\traditional\proc\p18F4520.asm
                TRISCbits   0x000f94       data     extern C:\MCC18\src\traditional\proc\p18F4520.asm
                    TRISD   0x000f95       data     extern C:\MCC18\src\traditional\proc\p18F4520.asm
                TRISDbits   0x000f95       data     extern C:\MCC18\src\traditional\proc\p18F4520.asm
                    TRISE   0x000f96       data     extern C:\MCC18\src\traditional\proc\p18F4520.asm
                TRISEbits   0x000f96       data     extern C:\MCC18\src\traditional\proc\p18F4520.asm
                    TXREG   0x000fad       data     extern C:\MCC18\src\traditional\proc\p18F4520.asm
                    TXSTA   0x000fac       data     extern C:\MCC18\src\traditional\proc\p18F4520.asm
                TXSTAbits   0x000fac       data     extern C:\MCC18\src\traditional\proc\p18F4520.asm
              VCAPassThru   0x000102       data     extern C:\Documents and Settings\Pelle\My Documents\PIC Code Jan 2010\Peters SSL PCB 18F4520\main.c
                   VCAout   0x000133       data     extern C:\Documents and Settings\Pelle\My Documents\PIC Code Jan 2010\Peters SSL PCB 18F4520\main.c
                        W   0x000fe8       data     extern C:\MCC18\src\traditional\proc\p18F4520.asm
                   WDTCON   0x000fd1       data     extern C:\MCC18\src\traditional\proc\p18F4520.asm
               WDTCONbits   0x000fd1       data     extern C:\MCC18\src\traditional\proc\p18F4520.asm
                     WREG   0x000fe8       data     extern C:\MCC18\src\traditional\proc\p18F4520.asm
                    WRITE   0x0001b6       data     extern C:\Documents and Settings\Pelle\My Documents\PIC Code Jan 2010\Peters SSL PCB 18F4520\main.c
                     Wcnt   0x000154       data     extern C:\Documents and Settings\Pelle\My Documents\PIC Code Jan 2010\Peters SSL PCB 18F4520\main.c
           WriteToDACflag   0x0001bc       data     extern C:\Documents and Settings\Pelle\My Documents\PIC Code Jan 2010\Peters SSL PCB 18F4520\main.c
                 __AARGB0   0x00002c       data     extern C:\MCC18\src\traditional\math\aarg.asm
                 __AARGB1   0x00002b       data     extern C:\MCC18\src\traditional\math\aarg.asm
                 __AARGB2   0x00002a       data     extern C:\MCC18\src\traditional\math\aarg.asm
                 __AARGB3   0x000029       data     extern C:\MCC18\src\traditional\math\aarg.asm
                 __AARGB4   0x000028       data     extern C:\MCC18\src\traditional\math\aarg.asm
                 __AARGB5   0x000027       data     extern C:\MCC18\src\traditional\math\aarg.asm
                 __AARGB6   0x000026       data     extern C:\MCC18\src\traditional\math\aarg.asm
                 __AARGB7   0x000025       data     extern C:\MCC18\src\traditional\math\aarg.asm
                   __AEXP   0x00002d       data     extern C:\MCC18\src\traditional\math\aarg.asm
                 __BARGB0   0x000031       data     extern C:\MCC18\src\traditional\math\barg.asm
                 __BARGB1   0x000030       data     extern C:\MCC18\src\traditional\math\barg.asm
                 __BARGB2   0x00002f       data     extern C:\MCC18\src\traditional\math\barg.asm
                 __BARGB3   0x00002e       data     extern C:\MCC18\src\traditional\math\barg.asm
                   __BEXP   0x000032       data     extern C:\MCC18\src\traditional\math\barg.asm
                __FPFLAGS   0x000024       data     extern C:\MCC18\src\traditional\math\cmath18.asm
            __FPFLAGSbits   0x000024       data     extern C:\MCC18\src\traditional\math\cmath18.asm
                  __REMB0   0x000028       data     extern C:\MCC18\src\traditional\math\aarg.asm
                  __REMB1   0x000027       data     extern C:\MCC18\src\traditional\math\aarg.asm
                  __REMB2   0x000026       data     extern C:\MCC18\src\traditional\math\aarg.asm
                  __REMB3   0x000025       data     extern C:\MCC18\src\traditional\math\aarg.asm
                   __TEMP   0x000036       data     extern C:\MCC18\src\traditional\math\temparg.asm
                 __TEMPB0   0x000036       data     extern C:\MCC18\src\traditional\math\temparg.asm
                 __TEMPB1   0x000035       data     extern C:\MCC18\src\traditional\math\temparg.asm
                 __TEMPB2   0x000034       data     extern C:\MCC18\src\traditional\math\temparg.asm
                 __TEMPB3   0x000033       data     extern C:\MCC18\src\traditional\math\temparg.asm
                  __tmp_0   0x000037       data     static C:\Documents and Settings\Pelle\My Documents\PIC Code Jan 2010\Peters SSL PCB 18F4520\main.c
                  __tmp_0   0x000037       data     static C:\MCC18\src\pmc_common\ADC\adcopen.c
                  __tmp_0   0x000037       data     static C:\MCC18\src\pmc_common\ADC\adcsetch.c
                      adc   0x000110       data     extern C:\Documents and Settings\Pelle\My Documents\PIC Code Jan 2010\Peters SSL PCB 18F4520\main.c
                   adcLSB   0x000113       data     extern C:\Documents and Settings\Pelle\My Documents\PIC Code Jan 2010\Peters SSL PCB 18F4520\main.c
                   adcMSB   0x000112       data     extern C:\Documents and Settings\Pelle\My Documents\PIC Code Jan 2010\Peters SSL PCB 18F4520\main.c
                adc_float   0x00018a       data     extern C:\Documents and Settings\Pelle\My Documents\PIC Code Jan 2010\Peters SSL PCB 18F4520\main.c
                adc_value   0x000186       data     extern C:\Documents and Settings\Pelle\My Documents\PIC Code Jan 2010\Peters SSL PCB 18F4520\main.c
                   adcchn   0x0001b2       data     extern C:\Documents and Settings\Pelle\My Documents\PIC Code Jan 2010\Peters SSL PCB 18F4520\main.c
                 blinkcnt   0x00014c       data     extern C:\Documents and Settings\Pelle\My Documents\PIC Code Jan 2010\Peters SSL PCB 18F4520\main.c
                 clk_flag   0x0001ba       data     extern C:\Documents and Settings\Pelle\My Documents\PIC Code Jan 2010\Peters SSL PCB 18F4520\main.c
                  clk_flg   0x0001b9       data     extern C:\Documents and Settings\Pelle\My Documents\PIC Code Jan 2010\Peters SSL PCB 18F4520\main.c
                      cnt   0x000150       data     extern C:\Documents and Settings\Pelle\My Documents\PIC Code Jan 2010\Peters SSL PCB 18F4520\main.c
                     cnt1   0x00015c       data     extern C:\Documents and Settings\Pelle\My Documents\PIC Code Jan 2010\Peters SSL PCB 18F4520\main.c
                     cnt2   0x000160       data     extern C:\Documents and Settings\Pelle\My Documents\PIC Code Jan 2010\Peters SSL PCB 18F4520\main.c
                     cnt3   0x000164       data     extern C:\Documents and Settings\Pelle\My Documents\PIC Code Jan 2010\Peters SSL PCB 18F4520\main.c
                curr_byte   0x0001c1       data     static C:\MCC18\src\traditional\startup\c018i.c
               curr_entry   0x0001c3       data     static C:\MCC18\src\traditional\startup\c018i.c
                 data_ptr   0x0001c5       data     static C:\MCC18\src\traditional\startup\c018i.c
                    error   0x000114       data     extern C:\Documents and Settings\Pelle\My Documents\PIC Code Jan 2010\Peters SSL PCB 18F4520\main.c
                     exp1   0x00017c       data     extern C:\Documents and Settings\Pelle\My Documents\PIC Code Jan 2010\Peters SSL PCB 18F4520\main.c
                   hi_adc   0x000190       data     extern C:\Documents and Settings\Pelle\My Documents\PIC Code Jan 2010\Peters SSL PCB 18F4520\main.c
                   linear   0x000180       data     extern C:\Documents and Settings\Pelle\My Documents\PIC Code Jan 2010\Peters SSL PCB 18F4520\main.c
                   lo_adc   0x00018e       data     extern C:\Documents and Settings\Pelle\My Documents\PIC Code Jan 2010\Peters SSL PCB 18F4520\main.c
                log_ratio   0x000178       data     extern C:\Documents and Settings\Pelle\My Documents\PIC Code Jan 2010\Peters SSL PCB 18F4520\main.c
                     prom   0x0001be       data     static C:\MCC18\src\traditional\startup\c018i.c
                shiftData   0x000000       data     extern C:\Documents and Settings\Pelle\My Documents\PIC Code Jan 2010\Peters SSL PCB 18F4520\main.c
              status_bits   0x000100       data     extern C:\Documents and Settings\Pelle\My Documents\PIC Code Jan 2010\Peters SSL PCB 18F4520\main.c
                       sw   0x000145       data     extern C:\Documents and Settings\Pelle\My Documents\PIC Code Jan 2010\Peters SSL PCB 18F4520\main.c
                     test   0x0001bb       data     extern C:\Documents and Settings\Pelle\My Documents\PIC Code Jan 2010\Peters SSL PCB 18F4520\main.c
                   vca_in   0x000184       data     extern C:\Documents and Settings\Pelle\My Documents\PIC Code Jan 2010\Peters SSL PCB 18F4520\main.c
                    wCntr   0x000158       data     extern C:\Documents and Settings\Pelle\My Documents\PIC Code Jan 2010\Peters SSL PCB 18F4520\main.c



                              Symbols - Sorted by Address
                     Name    Address   Location    Storage File                     
                ---------  ---------  ---------  --------- ---------                
                   _entry   0x000000    program     extern C:\MCC18\src\traditional\startup\c018i.c
       ___return_lbl00000   0x000004    program     static                          
  YourHighPriorityISRCode   0x000014    program     extern C:\Documents and Settings\Pelle\My Documents\PIC Code Jan 2010\Peters SSL PCB 18F4520\main.c
   YourLowPriorityISRCode   0x0000c0    program     extern C:\Documents and Settings\Pelle\My Documents\PIC Code Jan 2010\Peters SSL PCB 18F4520\main.c
                     Init   0x0000e6    program     extern C:\Documents and Settings\Pelle\My Documents\PIC Code Jan 2010\Peters SSL PCB 18F4520\main.c
                     main   0x00011a    program     extern C:\Documents and Settings\Pelle\My Documents\PIC Code Jan 2010\Peters SSL PCB 18F4520\main.c
               vca_in_out   0x00029c    program     extern C:\Documents and Settings\Pelle\My Documents\PIC Code Jan 2010\Peters SSL PCB 18F4520\main.c
        switches_and_leds   0x000506    program     extern C:\Documents and Settings\Pelle\My Documents\PIC Code Jan 2010\Peters SSL PCB 18F4520\main.c
      Scan_Parallell_Port   0x000786    program     extern C:\Documents and Settings\Pelle\My Documents\PIC Code Jan 2010\Peters SSL PCB 18F4520\main.c
                  PGtoVCA   0x00088a    program     extern C:\Documents and Settings\Pelle\My Documents\PIC Code Jan 2010\Peters SSL PCB 18F4520\main.c
                  VCAtoPG   0x000c70    program     extern C:\Documents and Settings\Pelle\My Documents\PIC Code Jan 2010\Peters SSL PCB 18F4520\main.c
                      mux   0x00102e    program     extern C:\Documents and Settings\Pelle\My Documents\PIC Code Jan 2010\Peters SSL PCB 18F4520\main.c
                Start_ADC   0x0010a4    program     extern C:\Documents and Settings\Pelle\My Documents\PIC Code Jan 2010\Peters SSL PCB 18F4520\main.c
             Read_One_ADC   0x0010c0    program     extern C:\Documents and Settings\Pelle\My Documents\PIC Code Jan 2010\Peters SSL PCB 18F4520\main.c
                 FLO1632U   0x001330    program     extern C:\MCC18\src\traditional\math\cast16FP.asm
                 FLO1632S   0x001334    program     extern C:\MCC18\src\traditional\math\cast16FP.asm
                jI2F16Beg   0x001344    program     static C:\MCC18\src\traditional\math\cast16FP.asm
                    FPS32   0x00135a    program     extern C:\MCC18\src\traditional\math\addFP.asm
                    FPA32   0x00135c    program     extern C:\MCC18\src\traditional\math\addFP.asm
                jBANotInf   0x00137a    program     static C:\MCC18\src\traditional\math\addFP.asm
                 jANotInf   0x001384    program     static C:\MCC18\src\traditional\math\addFP.asm
                 jBNotInf   0x001392    program     static C:\MCC18\src\traditional\math\addFP.asm
            jDifOrPosSign   0x0013a6    program     static C:\MCC18\src\traditional\math\addFP.asm
             jNotBothZero   0x0013aa    program     static C:\MCC18\src\traditional\math\addFP.asm
                 jAltBexp   0x0013d6    program     static C:\MCC18\src\traditional\math\addFP.asm
              jAandWsetup   0x0013e8    program     static C:\MCC18\src\traditional\math\addFP.asm
                 jANotNeg   0x001418    program     static C:\MCC18\src\traditional\math\addFP.asm
                 jWNotNeg   0x00142c    program     static C:\MCC18\src\traditional\math\addFP.asm
               jShiftLoop   0x001432    program     static C:\MCC18\src\traditional\math\addFP.asm
               jShiftDone   0x001440    program     static C:\MCC18\src\traditional\math\addFP.asm
                jSignDone   0x001470    program     static C:\MCC18\src\traditional\math\addFP.asm
               jFinalSign   0x001480    program     static C:\MCC18\src\traditional\math\addFP.asm
                    FPM32   0x001488    program     extern C:\MCC18\src\traditional\math\mulFP.asm
                 jANotInf   0x0014a6    program     static C:\MCC18\src\traditional\math\mulFP.asm
              jBothFinite   0x0014b4    program     static C:\MCC18\src\traditional\math\mulFP.asm
                jHaveZero   0x0014bc    program     static C:\MCC18\src\traditional\math\mulFP.asm
             jBothNotZero   0x0014c0    program     static C:\MCC18\src\traditional\math\mulFP.asm
                 FXM1616S   0x001562    program     extern C:\MCC18\src\traditional\math\fxm1616s.asm
               TSIGN1616A   0x0015ae    program     static C:\MCC18\src\traditional\math\fxm1616s.asm
                  INT3216   0x0015bc    program     extern C:\MCC18\src\traditional\math\castFP16.asm
                     jMax   0x0015cc    program     static C:\MCC18\src\traditional\math\castFP16.asm
                  jMaxPos   0x0015d0    program     static C:\MCC18\src\traditional\math\castFP16.asm
                  jMaxNeg   0x0015da    program     static C:\MCC18\src\traditional\math\castFP16.asm
                    jZero   0x0015e2    program     static C:\MCC18\src\traditional\math\castFP16.asm
                  jNotInf   0x0015e8    program     static C:\MCC18\src\traditional\math\castFP16.asm
                    jLoop   0x0015f8    program     static C:\MCC18\src\traditional\math\castFP16.asm
                jLoopExit   0x001608    program     static C:\MCC18\src\traditional\math\castFP16.asm
                    jExit   0x001618    program     static C:\MCC18\src\traditional\math\castFP16.asm
                  INT3232   0x00161a    program     extern C:\MCC18\src\traditional\math\castFP32.asm
                     jMax   0x00162a    program     static C:\MCC18\src\traditional\math\castFP32.asm
                  jMaxPos   0x00162e    program     static C:\MCC18\src\traditional\math\castFP32.asm
                   jWr123   0x001634    program     static C:\MCC18\src\traditional\math\castFP32.asm
                  jMaxNeg   0x00163c    program     static C:\MCC18\src\traditional\math\castFP32.asm
                    jZero   0x001642    program     static C:\MCC18\src\traditional\math\castFP32.asm
                  jWrZ123   0x001644    program     static C:\MCC18\src\traditional\math\castFP32.asm
                  jNotInf   0x001648    program     static C:\MCC18\src\traditional\math\castFP32.asm
                    jLoop   0x00165a    program     static C:\MCC18\src\traditional\math\castFP32.asm
                jLoopExit   0x00166e    program     static C:\MCC18\src\traditional\math\castFP32.asm
                    jExit   0x001686    program     static C:\MCC18\src\traditional\math\castFP32.asm
                  TAGTB32   0x001688    program     extern C:\MCC18\src\traditional\math\gtFP.asm
              __FpCompare   0x00169a    program     extern C:\MCC18\src\traditional\math\compFP.asm
             jBothNotZero   0x0016b8    program     static C:\MCC18\src\traditional\math\compFP.asm
                 jSignsEQ   0x0016bc    program     static C:\MCC18\src\traditional\math\compFP.asm
                      jEQ   0x0016d4    program     static C:\MCC18\src\traditional\math\compFP.asm
                      jNE   0x0016d8    program     static C:\MCC18\src\traditional\math\compFP.asm
                    jExch   0x0016e0    program     static C:\MCC18\src\traditional\math\compFP.asm
                  jNoExch   0x001700    program     static C:\MCC18\src\traditional\math\compFP.asm
                   jFinal   0x00170a    program     static C:\MCC18\src\traditional\math\compFP.asm
                  jAisNeg   0x001716    program     static C:\MCC18\src\traditional\math\compFP.asm
                   jShift   0x00171c    program     static C:\MCC18\src\traditional\math\compFP.asm
                   jExpEQ   0x001726    program     static C:\MCC18\src\traditional\math\compFP.asm
                  jRotate   0x001732    program     static C:\MCC18\src\traditional\math\compFP.asm
            __FpReturnNaN   0x001744    program     extern C:\MCC18\src\traditional\math\packFP.asm
                 __FpExit   0x001750    program     extern C:\MCC18\src\traditional\math\packFP.asm
        __FpReturnSignInf   0x001752    program     extern C:\MCC18\src\traditional\math\packFP.asm
         __FpReturnNegInf   0x001756    program     extern C:\MCC18\src\traditional\math\packFP.asm
         __FpReturnPosInf   0x00175c    program     extern C:\MCC18\src\traditional\math\packFP.asm
           jReturnPosInf0   0x001760    program     static C:\MCC18\src\traditional\math\packFP.asm
               jZero1and2   0x001764    program     static C:\MCC18\src\traditional\math\packFP.asm
       __FpReturnSignZero   0x00176a    program     extern C:\MCC18\src\traditional\math\packFP.asm
        __FpReturnNegZero   0x00176e    program     extern C:\MCC18\src\traditional\math\packFP.asm
        __FpReturnPosZero   0x001776    program     extern C:\MCC18\src\traditional\math\packFP.asm
                 __FpPack   0x00177c    program     extern C:\MCC18\src\traditional\math\packFP.asm
                  jPkLoop   0x00178a    program     static C:\MCC18\src\traditional\math\packFP.asm
             jPkShiftDone   0x0017a6    program     static C:\MCC18\src\traditional\math\packFP.asm
               jPkRoundIt   0x0017bc    program     static C:\MCC18\src\traditional\math\packFP.asm
             jPkRoundDone   0x0017d4    program     static C:\MCC18\src\traditional\math\packFP.asm
              __FpReturnW   0x0017d4    program     extern C:\MCC18\src\traditional\math\packFP.asm
              __FpUnPackA   0x0017f4    program     extern C:\MCC18\src\traditional\math\UnpackFP.asm
                  jUnpkA1   0x0017fe    program     static C:\MCC18\src\traditional\math\UnpackFP.asm
                 jUnpkANZ   0x00180c    program     static C:\MCC18\src\traditional\math\UnpackFP.asm
                  jUnpkA2   0x001816    program     static C:\MCC18\src\traditional\math\UnpackFP.asm
                 jUnpkNaN   0x001820    program     static C:\MCC18\src\traditional\math\UnpackFP.asm
              __FpUnPackB   0x001824    program     extern C:\MCC18\src\traditional\math\UnpackFP.asm
                  jUnpkB1   0x00182e    program     static C:\MCC18\src\traditional\math\UnpackFP.asm
                 jUnpkBNZ   0x00183c    program     static C:\MCC18\src\traditional\math\UnpackFP.asm
                  jUnpkB2   0x001846    program     static C:\MCC18\src\traditional\math\UnpackFP.asm
                _do_cinit   0x001850    program     extern C:\MCC18\src\traditional\startup\c018i.c
                     test   0x00186a    program     static                          
                copy_loop   0x0018c2    program     static                          
            copy_one_byte   0x0018c8    program     static                          
             done_copying   0x0018d6    program     static                          
       ___return_lbl00002   0x0018ec    program     static                          
                     done   0x0018ec    program     static                          
                  OpenADC   0x0018ee    program     extern C:\MCC18\src\pmc_common\ADC\adcopen.c
               SetChanADC   0x00195c    program     extern C:\MCC18\src\pmc_common\ADC\adcsetch.c
            __zero_memory   0x00198a    program     extern C:\MCC18\src\traditional\proc\p18F4520.asm
                   loop_h   0x001998    program     static C:\MCC18\src\traditional\proc\p18F4520.asm
               zero_block   0x001998    program     static C:\MCC18\src\traditional\proc\p18F4520.asm
                compare_l   0x0019a0    program     static C:\MCC18\src\traditional\proc\p18F4520.asm
                   loop_l   0x0019a2    program     static C:\MCC18\src\traditional\proc\p18F4520.asm
                 _startup   0x0019aa    program     extern C:\MCC18\src\traditional\startup\c018i.c
                     loop   0x0019ba    program     static                          
       ___return_lbl00001   0x0019c4    program     static                          
                  BusyADC   0x0019c6    program     extern C:\MCC18\src\pmc_common\ADC\adcbusy.c
               ConvertADC   0x0019d0    program     extern C:\MCC18\src\pmc_common\ADC\adcconv.c
                   __init   0x0019d4    program     extern C:\MCC18\src\traditional\stdclib\__init.c
               __config_0   0x300003    program     static C:\Documents and Settings\Pelle\My Documents\PIC Code Jan 2010\Peters SSL PCB 18F4520\main.c
                shiftData   0x000000       data     extern C:\Documents and Settings\Pelle\My Documents\PIC Code Jan 2010\Peters SSL PCB 18F4520\main.c
                   INdata   0x000003       data     extern C:\Documents and Settings\Pelle\My Documents\PIC Code Jan 2010\Peters SSL PCB 18F4520\main.c
                  OUTdata   0x000013       data     extern C:\Documents and Settings\Pelle\My Documents\PIC Code Jan 2010\Peters SSL PCB 18F4520\main.c
                     SIGN   0x000023       data     extern C:\MCC18\src\traditional\math\cmath18.asm
            __FPFLAGSbits   0x000024       data     extern C:\MCC18\src\traditional\math\cmath18.asm
                __FPFLAGS   0x000024       data     extern C:\MCC18\src\traditional\math\cmath18.asm
                  __REMB3   0x000025       data     extern C:\MCC18\src\traditional\math\aarg.asm
                 __AARGB7   0x000025       data     extern C:\MCC18\src\traditional\math\aarg.asm
                  __REMB2   0x000026       data     extern C:\MCC18\src\traditional\math\aarg.asm
                 __AARGB6   0x000026       data     extern C:\MCC18\src\traditional\math\aarg.asm
                  __REMB1   0x000027       data     extern C:\MCC18\src\traditional\math\aarg.asm
                 __AARGB5   0x000027       data     extern C:\MCC18\src\traditional\math\aarg.asm
                  __REMB0   0x000028       data     extern C:\MCC18\src\traditional\math\aarg.asm
                 __AARGB4   0x000028       data     extern C:\MCC18\src\traditional\math\aarg.asm
                 __AARGB3   0x000029       data     extern C:\MCC18\src\traditional\math\aarg.asm
                 __AARGB2   0x00002a       data     extern C:\MCC18\src\traditional\math\aarg.asm
                 __AARGB1   0x00002b       data     extern C:\MCC18\src\traditional\math\aarg.asm
                 __AARGB0   0x00002c       data     extern C:\MCC18\src\traditional\math\aarg.asm
                   __AEXP   0x00002d       data     extern C:\MCC18\src\traditional\math\aarg.asm
                 __BARGB3   0x00002e       data     extern C:\MCC18\src\traditional\math\barg.asm
                 __BARGB2   0x00002f       data     extern C:\MCC18\src\traditional\math\barg.asm
                 __BARGB1   0x000030       data     extern C:\MCC18\src\traditional\math\barg.asm
                 __BARGB0   0x000031       data     extern C:\MCC18\src\traditional\math\barg.asm
                   __BEXP   0x000032       data     extern C:\MCC18\src\traditional\math\barg.asm
                 __TEMPB3   0x000033       data     extern C:\MCC18\src\traditional\math\temparg.asm
                 __TEMPB2   0x000034       data     extern C:\MCC18\src\traditional\math\temparg.asm
                 __TEMPB1   0x000035       data     extern C:\MCC18\src\traditional\math\temparg.asm
                 __TEMPB0   0x000036       data     extern C:\MCC18\src\traditional\math\temparg.asm
                   __TEMP   0x000036       data     extern C:\MCC18\src\traditional\math\temparg.asm
                  __tmp_0   0x000037       data     static C:\Documents and Settings\Pelle\My Documents\PIC Code Jan 2010\Peters SSL PCB 18F4520\main.c
                  __tmp_0   0x000037       data     static C:\MCC18\src\pmc_common\ADC\adcopen.c
                  __tmp_0   0x000037       data     static C:\MCC18\src\pmc_common\ADC\adcsetch.c
              status_bits   0x000100       data     extern C:\Documents and Settings\Pelle\My Documents\PIC Code Jan 2010\Peters SSL PCB 18F4520\main.c
              VCAPassThru   0x000102       data     extern C:\Documents and Settings\Pelle\My Documents\PIC Code Jan 2010\Peters SSL PCB 18F4520\main.c
                      adc   0x000110       data     extern C:\Documents and Settings\Pelle\My Documents\PIC Code Jan 2010\Peters SSL PCB 18F4520\main.c
                   adcMSB   0x000112       data     extern C:\Documents and Settings\Pelle\My Documents\PIC Code Jan 2010\Peters SSL PCB 18F4520\main.c
                   adcLSB   0x000113       data     extern C:\Documents and Settings\Pelle\My Documents\PIC Code Jan 2010\Peters SSL PCB 18F4520\main.c
                    error   0x000114       data     extern C:\Documents and Settings\Pelle\My Documents\PIC Code Jan 2010\Peters SSL PCB 18F4520\main.c
                 BankTemp   0x000115       data     extern C:\Documents and Settings\Pelle\My Documents\PIC Code Jan 2010\Peters SSL PCB 18F4520\main.c
                 ShiftOut   0x00012d       data     extern C:\Documents and Settings\Pelle\My Documents\PIC Code Jan 2010\Peters SSL PCB 18F4520\main.c
                  ShiftIn   0x000132       data     extern C:\Documents and Settings\Pelle\My Documents\PIC Code Jan 2010\Peters SSL PCB 18F4520\main.c
                   VCAout   0x000133       data     extern C:\Documents and Settings\Pelle\My Documents\PIC Code Jan 2010\Peters SSL PCB 18F4520\main.c
                   Ltimer   0x000141       data     extern C:\Documents and Settings\Pelle\My Documents\PIC Code Jan 2010\Peters SSL PCB 18F4520\main.c
                       sw   0x000145       data     extern C:\Documents and Settings\Pelle\My Documents\PIC Code Jan 2010\Peters SSL PCB 18F4520\main.c
                 blinkcnt   0x00014c       data     extern C:\Documents and Settings\Pelle\My Documents\PIC Code Jan 2010\Peters SSL PCB 18F4520\main.c
                      cnt   0x000150       data     extern C:\Documents and Settings\Pelle\My Documents\PIC Code Jan 2010\Peters SSL PCB 18F4520\main.c
                     Wcnt   0x000154       data     extern C:\Documents and Settings\Pelle\My Documents\PIC Code Jan 2010\Peters SSL PCB 18F4520\main.c
                    wCntr   0x000158       data     extern C:\Documents and Settings\Pelle\My Documents\PIC Code Jan 2010\Peters SSL PCB 18F4520\main.c
                     cnt1   0x00015c       data     extern C:\Documents and Settings\Pelle\My Documents\PIC Code Jan 2010\Peters SSL PCB 18F4520\main.c
                     cnt2   0x000160       data     extern C:\Documents and Settings\Pelle\My Documents\PIC Code Jan 2010\Peters SSL PCB 18F4520\main.c
                     cnt3   0x000164       data     extern C:\Documents and Settings\Pelle\My Documents\PIC Code Jan 2010\Peters SSL PCB 18F4520\main.c
                   DACcnt   0x000168       data     extern C:\Documents and Settings\Pelle\My Documents\PIC Code Jan 2010\Peters SSL PCB 18F4520\main.c
                  LEDword   0x00016a       data     extern C:\Documents and Settings\Pelle\My Documents\PIC Code Jan 2010\Peters SSL PCB 18F4520\main.c
                   LEDcnt   0x00016b       data     extern C:\Documents and Settings\Pelle\My Documents\PIC Code Jan 2010\Peters SSL PCB 18F4520\main.c
                    SWcnt   0x00016d       data     extern C:\Documents and Settings\Pelle\My Documents\PIC Code Jan 2010\Peters SSL PCB 18F4520\main.c
                   DAClog   0x00016f       data     extern C:\Documents and Settings\Pelle\My Documents\PIC Code Jan 2010\Peters SSL PCB 18F4520\main.c
                   DACval   0x000172       data     extern C:\Documents and Settings\Pelle\My Documents\PIC Code Jan 2010\Peters SSL PCB 18F4520\main.c
                  DACword   0x000174       data     extern C:\Documents and Settings\Pelle\My Documents\PIC Code Jan 2010\Peters SSL PCB 18F4520\main.c
                  DACaddr   0x000176       data     extern C:\Documents and Settings\Pelle\My Documents\PIC Code Jan 2010\Peters SSL PCB 18F4520\main.c
                log_ratio   0x000178       data     extern C:\Documents and Settings\Pelle\My Documents\PIC Code Jan 2010\Peters SSL PCB 18F4520\main.c
                     exp1   0x00017c       data     extern C:\Documents and Settings\Pelle\My Documents\PIC Code Jan 2010\Peters SSL PCB 18F4520\main.c
                   linear   0x000180       data     extern C:\Documents and Settings\Pelle\My Documents\PIC Code Jan 2010\Peters SSL PCB 18F4520\main.c
                   vca_in   0x000184       data     extern C:\Documents and Settings\Pelle\My Documents\PIC Code Jan 2010\Peters SSL PCB 18F4520\main.c
                adc_value   0x000186       data     extern C:\Documents and Settings\Pelle\My Documents\PIC Code Jan 2010\Peters SSL PCB 18F4520\main.c
                adc_float   0x00018a       data     extern C:\Documents and Settings\Pelle\My Documents\PIC Code Jan 2010\Peters SSL PCB 18F4520\main.c
                   lo_adc   0x00018e       data     extern C:\Documents and Settings\Pelle\My Documents\PIC Code Jan 2010\Peters SSL PCB 18F4520\main.c
                   hi_adc   0x000190       data     extern C:\Documents and Settings\Pelle\My Documents\PIC Code Jan 2010\Peters SSL PCB 18F4520\main.c
                 LED_byte   0x000192       data     extern C:\Documents and Settings\Pelle\My Documents\PIC Code Jan 2010\Peters SSL PCB 18F4520\main.c
          GOAL_FILTER_REG   0x000193       data     static C:\Documents and Settings\Pelle\My Documents\PIC Code Jan 2010\Peters SSL PCB 18F4520\main.c
                 BlinkCnt   0x0001af       data     extern C:\Documents and Settings\Pelle\My Documents\PIC Code Jan 2010\Peters SSL PCB 18F4520\main.c
                 BlinkLED   0x0001b1       data     extern C:\Documents and Settings\Pelle\My Documents\PIC Code Jan 2010\Peters SSL PCB 18F4520\main.c
                   adcchn   0x0001b2       data     extern C:\Documents and Settings\Pelle\My Documents\PIC Code Jan 2010\Peters SSL PCB 18F4520\main.c
                   MANUAL   0x0001b3       data     extern C:\Documents and Settings\Pelle\My Documents\PIC Code Jan 2010\Peters SSL PCB 18F4520\main.c
                     AUTO   0x0001b4       data     extern C:\Documents and Settings\Pelle\My Documents\PIC Code Jan 2010\Peters SSL PCB 18F4520\main.c
                    TOUCH   0x0001b5       data     extern C:\Documents and Settings\Pelle\My Documents\PIC Code Jan 2010\Peters SSL PCB 18F4520\main.c
                    WRITE   0x0001b6       data     extern C:\Documents and Settings\Pelle\My Documents\PIC Code Jan 2010\Peters SSL PCB 18F4520\main.c
               GOAL_SHIFT   0x0001b7       data     extern C:\Documents and Settings\Pelle\My Documents\PIC Code Jan 2010\Peters SSL PCB 18F4520\main.c
                  clk_flg   0x0001b9       data     extern C:\Documents and Settings\Pelle\My Documents\PIC Code Jan 2010\Peters SSL PCB 18F4520\main.c
                 clk_flag   0x0001ba       data     extern C:\Documents and Settings\Pelle\My Documents\PIC Code Jan 2010\Peters SSL PCB 18F4520\main.c
                     test   0x0001bb       data     extern C:\Documents and Settings\Pelle\My Documents\PIC Code Jan 2010\Peters SSL PCB 18F4520\main.c
           WriteToDACflag   0x0001bc       data     extern C:\Documents and Settings\Pelle\My Documents\PIC Code Jan 2010\Peters SSL PCB 18F4520\main.c
         ParallelPortflag   0x0001bd       data     extern C:\Documents and Settings\Pelle\My Documents\PIC Code Jan 2010\Peters SSL PCB 18F4520\main.c
                     prom   0x0001be       data     static C:\MCC18\src\traditional\startup\c018i.c
                curr_byte   0x0001c1       data     static C:\MCC18\src\traditional\startup\c018i.c
               curr_entry   0x0001c3       data     static C:\MCC18\src\traditional\startup\c018i.c
                 data_ptr   0x0001c5       data     static C:\MCC18\src\traditional\startup\c018i.c
                PORTAbits   0x000f80       data     extern C:\MCC18\src\traditional\proc\p18F4520.asm
                    PORTA   0x000f80       data     extern C:\MCC18\src\traditional\proc\p18F4520.asm
                PORTBbits   0x000f81       data     extern C:\MCC18\src\traditional\proc\p18F4520.asm
                    PORTB   0x000f81       data     extern C:\MCC18\src\traditional\proc\p18F4520.asm
                PORTCbits   0x000f82       data     extern C:\MCC18\src\traditional\proc\p18F4520.asm
                    PORTC   0x000f82       data     extern C:\MCC18\src\traditional\proc\p18F4520.asm
                PORTDbits   0x000f83       data     extern C:\MCC18\src\traditional\proc\p18F4520.asm
                    PORTD   0x000f83       data     extern C:\MCC18\src\traditional\proc\p18F4520.asm
                PORTEbits   0x000f84       data     extern C:\MCC18\src\traditional\proc\p18F4520.asm
                    PORTE   0x000f84       data     extern C:\MCC18\src\traditional\proc\p18F4520.asm
                     LATA   0x000f89       data     extern C:\MCC18\src\traditional\proc\p18F4520.asm
                 LATAbits   0x000f89       data     extern C:\MCC18\src\traditional\proc\p18F4520.asm
                     LATB   0x000f8a       data     extern C:\MCC18\src\traditional\proc\p18F4520.asm
                 LATBbits   0x000f8a       data     extern C:\MCC18\src\traditional\proc\p18F4520.asm
                     LATC   0x000f8b       data     extern C:\MCC18\src\traditional\proc\p18F4520.asm
                 LATCbits   0x000f8b       data     extern C:\MCC18\src\traditional\proc\p18F4520.asm
                     LATD   0x000f8c       data     extern C:\MCC18\src\traditional\proc\p18F4520.asm
                 LATDbits   0x000f8c       data     extern C:\MCC18\src\traditional\proc\p18F4520.asm
                     LATE   0x000f8d       data     extern C:\MCC18\src\traditional\proc\p18F4520.asm
                 LATEbits   0x000f8d       data     extern C:\MCC18\src\traditional\proc\p18F4520.asm
                TRISAbits   0x000f92       data     extern C:\MCC18\src\traditional\proc\p18F4520.asm
                    TRISA   0x000f92       data     extern C:\MCC18\src\traditional\proc\p18F4520.asm
                     DDRA   0x000f92       data     extern C:\MCC18\src\traditional\proc\p18F4520.asm
                 DDRAbits   0x000f92       data     extern C:\MCC18\src\traditional\proc\p18F4520.asm
                    TRISB   0x000f93       data     extern C:\MCC18\src\traditional\proc\p18F4520.asm
                TRISBbits   0x000f93       data     extern C:\MCC18\src\traditional\proc\p18F4520.asm
                     DDRB   0x000f93       data     extern C:\MCC18\src\traditional\proc\p18F4520.asm
                 DDRBbits   0x000f93       data     extern C:\MCC18\src\traditional\proc\p18F4520.asm
                TRISCbits   0x000f94       data     extern C:\MCC18\src\traditional\proc\p18F4520.asm
                 DDRCbits   0x000f94       data     extern C:\MCC18\src\traditional\proc\p18F4520.asm
                     DDRC   0x000f94       data     extern C:\MCC18\src\traditional\proc\p18F4520.asm
                    TRISC   0x000f94       data     extern C:\MCC18\src\traditional\proc\p18F4520.asm
                TRISDbits   0x000f95       data     extern C:\MCC18\src\traditional\proc\p18F4520.asm
                 DDRDbits   0x000f95       data     extern C:\MCC18\src\traditional\proc\p18F4520.asm
                     DDRD   0x000f95       data     extern C:\MCC18\src\traditional\proc\p18F4520.asm
                    TRISD   0x000f95       data     extern C:\MCC18\src\traditional\proc\p18F4520.asm
                     DDRE   0x000f96       data     extern C:\MCC18\src\traditional\proc\p18F4520.asm
                 DDREbits   0x000f96       data     extern C:\MCC18\src\traditional\proc\p18F4520.asm
                TRISEbits   0x000f96       data     extern C:\MCC18\src\traditional\proc\p18F4520.asm
                    TRISE   0x000f96       data     extern C:\MCC18\src\traditional\proc\p18F4520.asm
              OSCTUNEbits   0x000f9b       data     extern C:\MCC18\src\traditional\proc\p18F4520.asm
                  OSCTUNE   0x000f9b       data     extern C:\MCC18\src\traditional\proc\p18F4520.asm
                     PIE1   0x000f9d       data     extern C:\MCC18\src\traditional\proc\p18F4520.asm
                 PIE1bits   0x000f9d       data     extern C:\MCC18\src\traditional\proc\p18F4520.asm
                     PIR1   0x000f9e       data     extern C:\MCC18\src\traditional\proc\p18F4520.asm
                 PIR1bits   0x000f9e       data     extern C:\MCC18\src\traditional\proc\p18F4520.asm
                 IPR1bits   0x000f9f       data     extern C:\MCC18\src\traditional\proc\p18F4520.asm
                     IPR1   0x000f9f       data     extern C:\MCC18\src\traditional\proc\p18F4520.asm
                     PIE2   0x000fa0       data     extern C:\MCC18\src\traditional\proc\p18F4520.asm
                 PIE2bits   0x000fa0       data     extern C:\MCC18\src\traditional\proc\p18F4520.asm
                 PIR2bits   0x000fa1       data     extern C:\MCC18\src\traditional\proc\p18F4520.asm
                     PIR2   0x000fa1       data     extern C:\MCC18\src\traditional\proc\p18F4520.asm
                 IPR2bits   0x000fa2       data     extern C:\MCC18\src\traditional\proc\p18F4520.asm
                     IPR2   0x000fa2       data     extern C:\MCC18\src\traditional\proc\p18F4520.asm
                   EECON1   0x000fa6       data     extern C:\MCC18\src\traditional\proc\p18F4520.asm
               EECON1bits   0x000fa6       data     extern C:\MCC18\src\traditional\proc\p18F4520.asm
                   EECON2   0x000fa7       data     extern C:\MCC18\src\traditional\proc\p18F4520.asm
                   EEDATA   0x000fa8       data     extern C:\MCC18\src\traditional\proc\p18F4520.asm
                    EEADR   0x000fa9       data     extern C:\MCC18\src\traditional\proc\p18F4520.asm
                    RCSTA   0x000fab       data     extern C:\MCC18\src\traditional\proc\p18F4520.asm
                RCSTAbits   0x000fab       data     extern C:\MCC18\src\traditional\proc\p18F4520.asm
                    TXSTA   0x000fac       data     extern C:\MCC18\src\traditional\proc\p18F4520.asm
                TXSTAbits   0x000fac       data     extern C:\MCC18\src\traditional\proc\p18F4520.asm
                    TXREG   0x000fad       data     extern C:\MCC18\src\traditional\proc\p18F4520.asm
                    RCREG   0x000fae       data     extern C:\MCC18\src\traditional\proc\p18F4520.asm
                    SPBRG   0x000faf       data     extern C:\MCC18\src\traditional\proc\p18F4520.asm
                   SPBRGH   0x000fb0       data     extern C:\MCC18\src\traditional\proc\p18F4520.asm
                    T3CON   0x000fb1       data     extern C:\MCC18\src\traditional\proc\p18F4520.asm
                T3CONbits   0x000fb1       data     extern C:\MCC18\src\traditional\proc\p18F4520.asm
                    TMR3L   0x000fb2       data     extern C:\MCC18\src\traditional\proc\p18F4520.asm
                    TMR3H   0x000fb3       data     extern C:\MCC18\src\traditional\proc\p18F4520.asm
                CMCONbits   0x000fb4       data     extern C:\MCC18\src\traditional\proc\p18F4520.asm
                    CMCON   0x000fb4       data     extern C:\MCC18\src\traditional\proc\p18F4520.asm
               CVRCONbits   0x000fb5       data     extern C:\MCC18\src\traditional\proc\p18F4520.asm
                   CVRCON   0x000fb5       data     extern C:\MCC18\src\traditional\proc\p18F4520.asm
              ECCP1ASbits   0x000fb6       data     extern C:\MCC18\src\traditional\proc\p18F4520.asm
                  ECCP1AS   0x000fb6       data     extern C:\MCC18\src\traditional\proc\p18F4520.asm
                  PWM1CON   0x000fb7       data     extern C:\MCC18\src\traditional\proc\p18F4520.asm
              PWM1CONbits   0x000fb7       data     extern C:\MCC18\src\traditional\proc\p18F4520.asm
                  BAUDCON   0x000fb8       data     extern C:\MCC18\src\traditional\proc\p18F4520.asm
              BAUDCONbits   0x000fb8       data     extern C:\MCC18\src\traditional\proc\p18F4520.asm
                  BAUDCTL   0x000fb8       data     extern C:\MCC18\src\traditional\proc\p18F4520.asm
              BAUDCTLbits   0x000fb8       data     extern C:\MCC18\src\traditional\proc\p18F4520.asm
                  CCP2CON   0x000fba       data     extern C:\MCC18\src\traditional\proc\p18F4520.asm
              CCP2CONbits   0x000fba       data     extern C:\MCC18\src\traditional\proc\p18F4520.asm
                   CCPR2L   0x000fbb       data     extern C:\MCC18\src\traditional\proc\p18F4520.asm
                    CCPR2   0x000fbb       data     extern C:\MCC18\src\traditional\proc\p18F4520.asm
                   CCPR2H   0x000fbc       data     extern C:\MCC18\src\traditional\proc\p18F4520.asm
                  CCP1CON   0x000fbd       data     extern C:\MCC18\src\traditional\proc\p18F4520.asm
              CCP1CONbits   0x000fbd       data     extern C:\MCC18\src\traditional\proc\p18F4520.asm
                   CCPR1L   0x000fbe       data     extern C:\MCC18\src\traditional\proc\p18F4520.asm
                    CCPR1   0x000fbe       data     extern C:\MCC18\src\traditional\proc\p18F4520.asm
                   CCPR1H   0x000fbf       data     extern C:\MCC18\src\traditional\proc\p18F4520.asm
               ADCON2bits   0x000fc0       data     extern C:\MCC18\src\traditional\proc\p18F4520.asm
                   ADCON2   0x000fc0       data     extern C:\MCC18\src\traditional\proc\p18F4520.asm
                   ADCON1   0x000fc1       data     extern C:\MCC18\src\traditional\proc\p18F4520.asm
               ADCON1bits   0x000fc1       data     extern C:\MCC18\src\traditional\proc\p18F4520.asm
                   ADCON0   0x000fc2       data     extern C:\MCC18\src\traditional\proc\p18F4520.asm
               ADCON0bits   0x000fc2       data     extern C:\MCC18\src\traditional\proc\p18F4520.asm
                    ADRES   0x000fc3       data     extern C:\MCC18\src\traditional\proc\p18F4520.asm
                   ADRESL   0x000fc3       data     extern C:\MCC18\src\traditional\proc\p18F4520.asm
                   ADRESH   0x000fc4       data     extern C:\MCC18\src\traditional\proc\p18F4520.asm
                  SSPCON2   0x000fc5       data     extern C:\MCC18\src\traditional\proc\p18F4520.asm
              SSPCON2bits   0x000fc5       data     extern C:\MCC18\src\traditional\proc\p18F4520.asm
                  SSPCON1   0x000fc6       data     extern C:\MCC18\src\traditional\proc\p18F4520.asm
              SSPCON1bits   0x000fc6       data     extern C:\MCC18\src\traditional\proc\p18F4520.asm
                  SSPSTAT   0x000fc7       data     extern C:\MCC18\src\traditional\proc\p18F4520.asm
              SSPSTATbits   0x000fc7       data     extern C:\MCC18\src\traditional\proc\p18F4520.asm
                   SSPADD   0x000fc8       data     extern C:\MCC18\src\traditional\proc\p18F4520.asm
                   SSPBUF   0x000fc9       data     extern C:\MCC18\src\traditional\proc\p18F4520.asm
                T2CONbits   0x000fca       data     extern C:\MCC18\src\traditional\proc\p18F4520.asm
                    T2CON   0x000fca       data     extern C:\MCC18\src\traditional\proc\p18F4520.asm
                      PR2   0x000fcb       data     extern C:\MCC18\src\traditional\proc\p18F4520.asm
                     TMR2   0x000fcc       data     extern C:\MCC18\src\traditional\proc\p18F4520.asm
                T1CONbits   0x000fcd       data     extern C:\MCC18\src\traditional\proc\p18F4520.asm
                    T1CON   0x000fcd       data     extern C:\MCC18\src\traditional\proc\p18F4520.asm
                    TMR1L   0x000fce       data     extern C:\MCC18\src\traditional\proc\p18F4520.asm
                    TMR1H   0x000fcf       data     extern C:\MCC18\src\traditional\proc\p18F4520.asm
                     RCON   0x000fd0       data     extern C:\MCC18\src\traditional\proc\p18F4520.asm
                 RCONbits   0x000fd0       data     extern C:\MCC18\src\traditional\proc\p18F4520.asm
                   WDTCON   0x000fd1       data     extern C:\MCC18\src\traditional\proc\p18F4520.asm
               WDTCONbits   0x000fd1       data     extern C:\MCC18\src\traditional\proc\p18F4520.asm
               LVDCONbits   0x000fd2       data     extern C:\MCC18\src\traditional\proc\p18F4520.asm
                   LVDCON   0x000fd2       data     extern C:\MCC18\src\traditional\proc\p18F4520.asm
              HLVDCONbits   0x000fd2       data     extern C:\MCC18\src\traditional\proc\p18F4520.asm
                  HLVDCON   0x000fd2       data     extern C:\MCC18\src\traditional\proc\p18F4520.asm
               OSCCONbits   0x000fd3       data     extern C:\MCC18\src\traditional\proc\p18F4520.asm
                   OSCCON   0x000fd3       data     extern C:\MCC18\src\traditional\proc\p18F4520.asm
                T0CONbits   0x000fd5       data     extern C:\MCC18\src\traditional\proc\p18F4520.asm
                    T0CON   0x000fd5       data     extern C:\MCC18\src\traditional\proc\p18F4520.asm
                    TMR0L   0x000fd6       data     extern C:\MCC18\src\traditional\proc\p18F4520.asm
                    TMR0H   0x000fd7       data     extern C:\MCC18\src\traditional\proc\p18F4520.asm
               STATUSbits   0x000fd8       data     extern C:\MCC18\src\traditional\proc\p18F4520.asm
                   STATUS   0x000fd8       data     extern C:\MCC18\src\traditional\proc\p18F4520.asm
                     FSR2   0x000fd9       data     extern C:\MCC18\src\traditional\proc\p18F4520.asm
                    FSR2L   0x000fd9       data     extern C:\MCC18\src\traditional\proc\p18F4520.asm
                    FSR2H   0x000fda       data     extern C:\MCC18\src\traditional\proc\p18F4520.asm
                   PLUSW2   0x000fdb       data     extern C:\MCC18\src\traditional\proc\p18F4520.asm
                  PREINC2   0x000fdc       data     extern C:\MCC18\src\traditional\proc\p18F4520.asm
                 POSTDEC2   0x000fdd       data     extern C:\MCC18\src\traditional\proc\p18F4520.asm
                 POSTINC2   0x000fde       data     extern C:\MCC18\src\traditional\proc\p18F4520.asm
                    INDF2   0x000fdf       data     extern C:\MCC18\src\traditional\proc\p18F4520.asm
                      BSR   0x000fe0       data     extern C:\MCC18\src\traditional\proc\p18F4520.asm
                     FSR1   0x000fe1       data     extern C:\MCC18\src\traditional\proc\p18F4520.asm
                    FSR1L   0x000fe1       data     extern C:\MCC18\src\traditional\proc\p18F4520.asm
                    FSR1H   0x000fe2       data     extern C:\MCC18\src\traditional\proc\p18F4520.asm
                   PLUSW1   0x000fe3       data     extern C:\MCC18\src\traditional\proc\p18F4520.asm
                  PREINC1   0x000fe4       data     extern C:\MCC18\src\traditional\proc\p18F4520.asm
                 POSTDEC1   0x000fe5       data     extern C:\MCC18\src\traditional\proc\p18F4520.asm
                 POSTINC1   0x000fe6       data     extern C:\MCC18\src\traditional\proc\p18F4520.asm
                    INDF1   0x000fe7       data     extern C:\MCC18\src\traditional\proc\p18F4520.asm
                     WREG   0x000fe8       data     extern C:\MCC18\src\traditional\proc\p18F4520.asm
                        W   0x000fe8       data     extern C:\MCC18\src\traditional\proc\p18F4520.asm
                     FSR0   0x000fe9       data     extern C:\MCC18\src\traditional\proc\p18F4520.asm
                    FSR0L   0x000fe9       data     extern C:\MCC18\src\traditional\proc\p18F4520.asm
                    FSR0H   0x000fea       data     extern C:\MCC18\src\traditional\proc\p18F4520.asm
                   PLUSW0   0x000feb       data     extern C:\MCC18\src\traditional\proc\p18F4520.asm
                  PREINC0   0x000fec       data     extern C:\MCC18\src\traditional\proc\p18F4520.asm
                 POSTDEC0   0x000fed       data     extern C:\MCC18\src\traditional\proc\p18F4520.asm
                 POSTINC0   0x000fee       data     extern C:\MCC18\src\traditional\proc\p18F4520.asm
                    INDF0   0x000fef       data     extern C:\MCC18\src\traditional\proc\p18F4520.asm
              INTCON3bits   0x000ff0       data     extern C:\MCC18\src\traditional\proc\p18F4520.asm
                  INTCON3   0x000ff0       data     extern C:\MCC18\src\traditional\proc\p18F4520.asm
              INTCON2bits   0x000ff1       data     extern C:\MCC18\src\traditional\proc\p18F4520.asm
                  INTCON2   0x000ff1       data     extern C:\MCC18\src\traditional\proc\p18F4520.asm
               INTCONbits   0x000ff2       data     extern C:\MCC18\src\traditional\proc\p18F4520.asm
                   INTCON   0x000ff2       data     extern C:\MCC18\src\traditional\proc\p18F4520.asm
                    PRODL   0x000ff3       data     extern C:\MCC18\src\traditional\proc\p18F4520.asm
                     PROD   0x000ff3       data     extern C:\MCC18\src\traditional\proc\p18F4520.asm
                    PRODH   0x000ff4       data     extern C:\MCC18\src\traditional\proc\p18F4520.asm
                   TABLAT   0x000ff5       data     extern C:\MCC18\src\traditional\proc\p18F4520.asm
                  TBLPTRL   0x000ff6       data     extern C:\MCC18\src\traditional\proc\p18F4520.asm
                   TBLPTR   0x000ff6       data     extern C:\MCC18\src\traditional\proc\p18F4520.asm
                  TBLPTRH   0x000ff7       data     extern C:\MCC18\src\traditional\proc\p18F4520.asm
                  TBLPTRU   0x000ff8       data     extern C:\MCC18\src\traditional\proc\p18F4520.asm
                      PCL   0x000ff9       data     extern C:\MCC18\src\traditional\proc\p18F4520.asm
                       PC   0x000ff9       data     extern C:\MCC18\src\traditional\proc\p18F4520.asm
                   PCLATH   0x000ffa       data     extern C:\MCC18\src\traditional\proc\p18F4520.asm
                   PCLATU   0x000ffb       data     extern C:\MCC18\src\traditional\proc\p18F4520.asm
                   STKPTR   0x000ffc       data     extern C:\MCC18\src\traditional\proc\p18F4520.asm
               STKPTRbits   0x000ffc       data     extern C:\MCC18\src\traditional\proc\p18F4520.asm
                      TOS   0x000ffd       data     extern C:\MCC18\src\traditional\proc\p18F4520.asm
                     TOSL   0x000ffd       data     extern C:\MCC18\src\traditional\proc\p18F4520.asm
                     TOSH   0x000ffe       data     extern C:\MCC18\src\traditional\proc\p18F4520.asm
                     TOSU   0x000fff       data     extern C:\MCC18\src\traditional\proc\p18F4520.asm


