MPLINK 4.48, Linker
Linker Map File - Created Thu Jan 23 10:46:53 2014

                                 Section Info
                  Section       Type    Address   Location Size(Bytes)
                ---------  ---------  ---------  ---------  ---------
               _entry_scn       code   0x000000    program   0x000006
           .code___init.o       code   0x000006    program   0x000002
              high_vector       code   0x000008    program   0x000006
          .code_adcbusy.o       code   0x00000e    program   0x00000a
               low_vector       code   0x000018    program   0x00027c
                   .cinit    romdata   0x000294    program   0x00003e
      .code_PWM_routine.o       code   0x0002d2    program   0x00077a
          .code_main2.1.o       code   0x000a4c    program   0x0002e4
                     PROG       code   0x000d30    program   0x00029e
      .code_LED_routine.o       code   0x000fce    program   0x000270
 .code_SWITCHES_routine.o       code   0x00123e    program   0x000248
      .code_I2C_routine.o       code   0x001486    program   0x0001e0
               _cinit_scn       code   0x001666    program   0x00009e
          .code_pw2open.o       code   0x001704    program   0x000076
          .code_fxm3232.o       code   0x00177a    program   0x000070
          .code_adcopen.o       code   0x0017ea    program   0x00006e
             .code_fabs.o       code   0x001858    program   0x000066
         .code_pw2setdc.o       code   0x0018be    program   0x00005e
         .code_pw1setdc.o       code   0x00191c    program   0x00005e
         .code_fxd3232u.o       code   0x00197a    program   0x000048
           .code_t0open.o       code   0x0019c2    program   0x000038
           .code_t2open.o       code   0x0019fa    program   0x000036
         .code_i2c_open.o       code   0x001a30    program   0x000036
          .code_pw1open.o       code   0x001a66    program   0x000030
         .code_adcsetch.o       code   0x001a96    program   0x00002e
         .code_fxd1616u.o       code   0x001ac4    program   0x00002c
                    .code       code   0x001af0    program   0x000020
             _startup_scn       code   0x001b10    program   0x00001c
         .code_fxd0808u.o       code   0x001b2c    program   0x00001c
         .code_i2c_clos.o       code   0x001b48    program   0x000004
          .code_adcconv.o       code   0x001b4c    program   0x000004
      .romdata_i2c_open.o    romdata   0x001b50    program   0x000000
       .idata_pw1open.o_i    romdata   0x001b50    program   0x000000
       .romdata_pw1open.o    romdata   0x001b50    program   0x000000
.romdata_SWITCHES_routine.o    romdata   0x001b50    program   0x000000
       .idata_pw2open.o_i    romdata   0x001b50    program   0x000000
       .romdata_pw2open.o    romdata   0x001b50    program   0x000000
        .idata_t0open.o_i    romdata   0x001b50    program   0x000000
        .romdata_t0open.o    romdata   0x001b50    program   0x000000
   .romdata_PWM_routine.o    romdata   0x001b50    program   0x000000
        .idata_t2open.o_i    romdata   0x001b50    program   0x000000
        .romdata_t2open.o    romdata   0x001b50    program   0x000000
      .romdata_adcsetch.o    romdata   0x001b50    program   0x000000
   .romdata_I2C_routine.o    romdata   0x001b50    program   0x000000
      .idata_pw1setdc.o_i    romdata   0x001b50    program   0x000000
      .romdata_pw1setdc.o    romdata   0x001b50    program   0x000000
      .idata_pw2setdc.o_i    romdata   0x001b50    program   0x000000
      .romdata_pw2setdc.o    romdata   0x001b50    program   0x000000
        .romdata___init.o    romdata   0x001b50    program   0x000000
          .romdata_fabs.o    romdata   0x001b50    program   0x000000
         .romdata_c018i.o    romdata   0x001b50    program   0x000000
      .romdata_fxd0808u.o    romdata   0x001b50    program   0x000000
      .romdata_fxd1616u.o    romdata   0x001b50    program   0x000000
       .romdata_adcconv.o    romdata   0x001b50    program   0x000000
      .romdata_i2c_clos.o    romdata   0x001b50    program   0x000000
      .romdata_fxd3232u.o    romdata   0x001b50    program   0x000000
       .romdata_main2.1.o    romdata   0x001b50    program   0x000000
       .romdata_fxm3232.o    romdata   0x001b50    program   0x000000
       .idata_main2.1.o_i    romdata   0x001b50    program   0x000016
       .romdata_adcopen.o    romdata   0x001b50    program   0x000000
   .romdata_LED_routine.o    romdata   0x001b50    program   0x000000
       .romdata_adcbusy.o    romdata   0x001b50    program   0x000000
          .idata_fabs.o_i    romdata   0x001b66    program   0x000000
      .idata_i2c_clos.o_i    romdata   0x001b66    program   0x000000
       .idata_adcbusy.o_i    romdata   0x001b66    program   0x000000
        .idata___init.o_i    romdata   0x001b66    program   0x000000
       .idata_adcconv.o_i    romdata   0x001b66    program   0x000000
      .idata_fxd0808u.o_i    romdata   0x001b66    program   0x000000
         .idata_c018i.o_i    romdata   0x001b66    program   0x000000
      .idata_fxd1616u.o_i    romdata   0x001b66    program   0x000000
      .idata_adcsetch.o_i    romdata   0x001b66    program   0x000000
      .idata_fxd3232u.o_i    romdata   0x001b66    program   0x000000
       .idata_fxm3232.o_i    romdata   0x001b66    program   0x000000
.idata_SWITCHES_routine.o_i    romdata   0x001b66    program   0x000002
       .idata_adcopen.o_i    romdata   0x001b66    program   0x000000
      .idata_i2c_open.o_i    romdata   0x001b66    program   0x000000
   .idata_PWM_routine.o_i    romdata   0x001b68    program   0x000022
   .idata_LED_routine.o_i    romdata   0x001b8a    program   0x000054
   .idata_I2C_routine.o_i    romdata   0x001bde    program   0x000002
            .code_c018i.o       code   0x001be0    program   0x000000
 .config_300003_main2.1.o    romdata   0x300003    program   0x000001
                 .tmpdata      udata   0x000000       data   0x000020
          volatile_access      udata   0x000020       data   0x000014
                MATH_DATA      udata   0x000034       data   0x000014
           LowISRCode_tmp      udata   0x000048       data   0x000006
     .idata_LED_routine.o      idata   0x000080       data   0x000054
     .idata_PWM_routine.o      idata   0x0000d4       data   0x000022
           .udata_c018i.o      udata   0x0000f6       data   0x00000a
         .idata_main2.1.o      idata   0x000100       data   0x000016
     .udata_PWM_routine.o      udata   0x000116       data   0x000010
.udata_SWITCHES_routine.o      udata   0x000126       data   0x000004
.idata_SWITCHES_routine.o      idata   0x00012a       data   0x000002
     .idata_I2C_routine.o      idata   0x00012c       data   0x000002
          .udata_t2open.o      udata   0x00012e       data   0x000000
          .idata_t0open.o      idata   0x00012e       data   0x000000
          .idata_t2open.o      idata   0x00012e       data   0x000000
          .udata_t0open.o      udata   0x00012e       data   0x000000
         .idata_pw2open.o      idata   0x00012e       data   0x000000
         .udata_pw2open.o      udata   0x00012e       data   0x000000
         .idata_pw1open.o      idata   0x00012e       data   0x000000
         .udata_pw1open.o      udata   0x00012e       data   0x000000
        .idata_i2c_open.o      idata   0x00012e       data   0x000000
        .udata_i2c_open.o      udata   0x00012e       data   0x000000
        .udata_adcsetch.o      udata   0x00012e       data   0x000000
        .idata_adcsetch.o      idata   0x00012e       data   0x000000
        .udata_pw1setdc.o      udata   0x00012e       data   0x000000
        .idata_pw1setdc.o      idata   0x00012e       data   0x000000
        .udata_pw2setdc.o      udata   0x00012e       data   0x000000
        .idata_pw2setdc.o      idata   0x00012e       data   0x000000
          .udata___init.o      udata   0x00012e       data   0x000000
          .idata___init.o      idata   0x00012e       data   0x000000
            .udata_fabs.o      udata   0x00012e       data   0x000000
            .idata_fabs.o      idata   0x00012e       data   0x000000
           .idata_c018i.o      idata   0x00012e       data   0x000000
     .udata_I2C_routine.o      udata   0x00012e       data   0x000000
     .udata_LED_routine.o      udata   0x00012e       data   0x000000
         .udata_main2.1.o      udata   0x00012e       data   0x000000
         .udata_adcbusy.o      udata   0x00012e       data   0x000000
         .idata_adcbusy.o      idata   0x00012e       data   0x000000
        .udata_i2c_clos.o      udata   0x00012e       data   0x000000
        .idata_i2c_clos.o      idata   0x00012e       data   0x000000
         .udata_adcconv.o      udata   0x00012e       data   0x000000
         .idata_adcconv.o      idata   0x00012e       data   0x000000
        .udata_fxd0808u.o      udata   0x00012e       data   0x000000
        .idata_fxd0808u.o      idata   0x00012e       data   0x000000
        .udata_fxd1616u.o      udata   0x00012e       data   0x000000
        .idata_fxd1616u.o      idata   0x00012e       data   0x000000
        .udata_fxd3232u.o      udata   0x00012e       data   0x000000
        .idata_fxd3232u.o      idata   0x00012e       data   0x000000
         .udata_fxm3232.o      udata   0x00012e       data   0x000000
         .idata_fxm3232.o      idata   0x00012e       data   0x000000
         .udata_adcopen.o      udata   0x00012e       data   0x000000
         .idata_adcopen.o      idata   0x00012e       data   0x000000
                   .stack      udata   0x000500       data   0x000100
            SFR_UNBANKED0      udata   0x000f80       data   0x000080



                              Program Memory Usage 
                               Start         End      
                           ---------   ---------      
                            0x000000    0x001bdf      
                            0x300003    0x300003      
            7137 out of 33048 program addresses used, program memory utilization is 21%



                              Symbols - Sorted by Name
                     Name    Address   Location    Storage File                     
                ---------  ---------  ---------  --------- ---------                
                  BusyADC   0x00000e    program     extern E:\c18v3.46\pic18-lt\cxx-framework\src\pmc_common\ADC\adcbusy.c
      Calculate_Motor_PWM   0x0002d2    program     extern C:\Users\KBV\Desktop\Docus\Automan\Automation Project\Firmware\18F4520 Fader\Motor Fader v6.2 18F4520 - Touch Test\PWM_routine.c
                 CloseI2C   0x001b48    program     extern E:\c18v3.46\pic18-lt\cxx-framework\src\pmc_common\i2c\i2c_clos.c
               ConvertADC   0x001b4c    program     extern E:\c18v3.46\pic18-lt\cxx-framework\src\pmc_common\ADC\adcconv.c
                   D3232S   0x000d96    program     static E:\c18v3.46\pic18-lt\cxx-framework\src\traditional\math\fxd3232s.asm
                D3232SNEG   0x000da4    program     static E:\c18v3.46\pic18-lt\cxx-framework\src\traditional\math\fxd3232s.asm
                 D3232SOK   0x000da0    program     static E:\c18v3.46\pic18-lt\cxx-framework\src\traditional\math\fxd3232s.asm
                  D3232SX   0x000dc4    program     static E:\c18v3.46\pic18-lt\cxx-framework\src\traditional\math\fxd3232s.asm
                  DA3232S   0x000d80    program     static E:\c18v3.46\pic18-lt\cxx-framework\src\traditional\math\fxd3232s.asm
                 FLO3232S   0x000d34    program     extern E:\c18v3.46\pic18-lt\cxx-framework\src\traditional\math\cast32FP.asm
                 FLO3232U   0x000d30    program     extern E:\c18v3.46\pic18-lt\cxx-framework\src\traditional\math\cast32FP.asm
                 FXD0808U   0x001b2c    program     extern E:\c18v3.46\pic18-lt\cxx-framework\src\traditional\math\fxd0808u.c
                 FXD1616U   0x001ac4    program     extern E:\c18v3.46\pic18-lt\cxx-framework\src\traditional\math\fxd1616u.c
                 FXD3232S   0x000d66    program     extern E:\c18v3.46\pic18-lt\cxx-framework\src\traditional\math\fxd3232s.asm
                 FXD3232U   0x00197a    program     extern E:\c18v3.46\pic18-lt\cxx-framework\src\traditional\math\fxd3232u.c
                 FXM1616S   0x000dce    program     extern E:\c18v3.46\pic18-lt\cxx-framework\src\traditional\math\fxm1616s.asm
                 FXM1616U   0x000e28    program     extern E:\c18v3.46\pic18-lt\cxx-framework\src\traditional\math\fxm1616u.asm
                  FXM3232   0x00177a    program     extern E:\c18v3.46\pic18-lt\cxx-framework\src\traditional\math\fxm3232.c
                HandleI2C   0x001486    program     extern C:\Users\KBV\Desktop\Docus\Automan\Automation Project\Firmware\18F4520 Fader\Motor Fader v6.2 18F4520 - Touch Test\I2C_routine.c
             Handle_Fader   0x0005ba    program     extern C:\Users\KBV\Desktop\Docus\Automan\Automation Project\Firmware\18F4520 Fader\Motor Fader v6.2 18F4520 - Touch Test\PWM_routine.c
              Handle_LEDs   0x00119e    program     extern C:\Users\KBV\Desktop\Docus\Automan\Automation Project\Firmware\18F4520 Fader\Motor Fader v6.2 18F4520 - Touch Test\LED_routine.c
              HighISRCode   0x00001e    program     extern C:\Users\KBV\Desktop\Docus\Automan\Automation Project\Firmware\18F4520 Fader\Motor Fader v6.2 18F4520 - Touch Test\main2.1.c
                  INT3216   0x000e64    program     extern E:\c18v3.46\pic18-lt\cxx-framework\src\traditional\math\castFP16.asm
                     Init   0x000acc    program     extern C:\Users\KBV\Desktop\Docus\Automan\Automation Project\Firmware\18F4520 Fader\Motor Fader v6.2 18F4520 - Touch Test\main2.1.c
               Init_Fader   0x000b64    program     extern C:\Users\KBV\Desktop\Docus\Automan\Automation Project\Firmware\18F4520 Fader\Motor Fader v6.2 18F4520 - Touch Test\main2.1.c
               LowISRCode   0x0000c6    program     extern C:\Users\KBV\Desktop\Docus\Automan\Automation Project\Firmware\18F4520 Fader\Motor Fader v6.2 18F4520 - Touch Test\main2.1.c
                  OpenADC   0x0017ea    program     extern E:\c18v3.46\pic18-lt\cxx-framework\src\pmc_common\ADC\adcopen.c
                  OpenI2C   0x001a30    program     extern E:\c18v3.46\pic18-lt\cxx-framework\src\pmc_common\i2c\i2c_open.c
                 OpenPWM1   0x001a66    program     extern E:\c18v3.46\pic18-lt\cxx-framework\src\pmc_common\PWM\pw1open.c
         OpenPWM1ConfigIO   0x001a92    program     extern E:\c18v3.46\pic18-lt\cxx-framework\src\pmc_common\PWM\pw1open.c
                 OpenPWM2   0x001704    program     extern E:\c18v3.46\pic18-lt\cxx-framework\src\pmc_common\PWM\pw2open.c
               OpenTimer0   0x0019c2    program     extern E:\c18v3.46\pic18-lt\cxx-framework\src\pmc_common\Timers\t0open.c
               OpenTimer2   0x0019fa    program     extern E:\c18v3.46\pic18-lt\cxx-framework\src\pmc_common\Timers\t2open.c
                 Read_ADC   0x0007ec    program     extern C:\Users\KBV\Desktop\Docus\Automan\Automation Project\Firmware\18F4520 Fader\Motor Fader v6.2 18F4520 - Touch Test\PWM_routine.c
            Read_Switches   0x00123e    program     extern C:\Users\KBV\Desktop\Docus\Automan\Automation Project\Firmware\18F4520 Fader\Motor Fader v6.2 18F4520 - Touch Test\SWITCHES_routine.c
               Scan_Touch   0x0013b4    program     extern C:\Users\KBV\Desktop\Docus\Automan\Automation Project\Firmware\18F4520 Fader\Motor Fader v6.2 18F4520 - Touch Test\SWITCHES_routine.c
               SetChanADC   0x001a96    program     extern E:\c18v3.46\pic18-lt\cxx-framework\src\pmc_common\ADC\adcsetch.c
                SetDCPWM1   0x00191c    program     extern E:\c18v3.46\pic18-lt\cxx-framework\src\pmc_common\PWM\pw1setdc.c
                SetDCPWM2   0x0018be    program     extern E:\c18v3.46\pic18-lt\cxx-framework\src\pmc_common\PWM\pw2setdc.c
                 SetScale   0x0009c4    program     extern C:\Users\KBV\Desktop\Docus\Automan\Automation Project\Firmware\18F4520 Fader\Motor Fader v6.2 18F4520 - Touch Test\PWM_routine.c
                SlideShow   0x001128    program     extern C:\Users\KBV\Desktop\Docus\Automan\Automation Project\Firmware\18F4520 Fader\Motor Fader v6.2 18F4520 - Touch Test\LED_routine.c
                Start_ADC   0x0007de    program     extern C:\Users\KBV\Desktop\Docus\Automan\Automation Project\Firmware\18F4520 Fader\Motor Fader v6.2 18F4520 - Touch Test\PWM_routine.c
         Start_Scan_Touch   0x001392    program     extern C:\Users\KBV\Desktop\Docus\Automan\Automation Project\Firmware\18F4520 Fader\Motor Fader v6.2 18F4520 - Touch Test\SWITCHES_routine.c
               TSIGN1616A   0x000e1a    program     static E:\c18v3.46\pic18-lt\cxx-framework\src\traditional\math\fxm1616s.asm
       Update_LED_Display   0x001060    program     extern C:\Users\KBV\Desktop\Docus\Automan\Automation Project\Firmware\18F4520 Fader\Motor Fader v6.2 18F4520 - Touch Test\LED_routine.c
  Update_LED_Display_Bits   0x000fce    program     extern C:\Users\KBV\Desktop\Docus\Automan\Automation Project\Firmware\18F4520 Fader\Motor Fader v6.2 18F4520 - Touch Test\LED_routine.c
                 __FpExit   0x000ece    program     extern E:\c18v3.46\pic18-lt\cxx-framework\src\traditional\math\packFP.asm
                 __FpPack   0x000efa    program     extern E:\c18v3.46\pic18-lt\cxx-framework\src\traditional\math\packFP.asm
            __FpReturnNaN   0x000ec2    program     extern E:\c18v3.46\pic18-lt\cxx-framework\src\traditional\math\packFP.asm
         __FpReturnNegInf   0x000ed4    program     extern E:\c18v3.46\pic18-lt\cxx-framework\src\traditional\math\packFP.asm
        __FpReturnNegZero   0x000eec    program     extern E:\c18v3.46\pic18-lt\cxx-framework\src\traditional\math\packFP.asm
         __FpReturnPosInf   0x000eda    program     extern E:\c18v3.46\pic18-lt\cxx-framework\src\traditional\math\packFP.asm
        __FpReturnPosZero   0x000ef4    program     extern E:\c18v3.46\pic18-lt\cxx-framework\src\traditional\math\packFP.asm
        __FpReturnSignInf   0x000ed0    program     extern E:\c18v3.46\pic18-lt\cxx-framework\src\traditional\math\packFP.asm
       __FpReturnSignZero   0x000ee8    program     extern E:\c18v3.46\pic18-lt\cxx-framework\src\traditional\math\packFP.asm
              __FpReturnW   0x000f52    program     extern E:\c18v3.46\pic18-lt\cxx-framework\src\traditional\math\packFP.asm
              __FpUnPackA   0x000f72    program     extern E:\c18v3.46\pic18-lt\cxx-framework\src\traditional\math\UnpackFP.asm
              __FpUnPackB   0x000fa2    program     extern E:\c18v3.46\pic18-lt\cxx-framework\src\traditional\math\UnpackFP.asm
         ___else_lbl00002   0x001740    program     static                          
         ___else_lbl00004   0x00174e    program     static                          
           ___if_lbl00001   0x001744    program     static                          
           ___if_lbl00003   0x001750    program     static                          
       ___return_lbl00000   0x001aee    program     static                          
       ___return_lbl00000   0x000004    program     static                          
       ___return_lbl00000   0x00000c    program     static                          
       ___return_lbl00000   0x0017e8    program     static                          
       ___return_lbl00000   0x001b46    program     static                          
       ___return_lbl00000   0x0019c0    program     static                          
       ___return_lbl00000   0x001762    program     static                          
       ___return_lbl00001   0x00001c    program     static                          
       ___return_lbl00001   0x001b2a    program     static                          
       ___return_lbl00002   0x001702    program     static                          
               __config_0   0x300003    program     static C:\Users\KBV\Desktop\Docus\Automan\Automation Project\Firmware\18F4520 Fader\Motor Fader v6.2 18F4520 - Touch Test\main2.1.c
                   __init   0x000006    program     extern E:\c18v3.46\pic18-lt\cxx-framework\src\traditional\stdclib\__init.c
            __zero_memory   0x001af0    program     extern E:\c18v3.46\pic18-lt\cxx-framework\src\traditional\proc\p18f4520.asm
                _do_cinit   0x001666    program     extern E:\c18v3.46\pic18-lt\cxx-framework\src\traditional\startup\c018i.c
                   _entry   0x000000    program     extern E:\c18v3.46\pic18-lt\cxx-framework\src\traditional\startup\c018i.c
                   _false   0x0019bc    program     static                          
                 _startup   0x001b10    program     extern E:\c18v3.46\pic18-lt\cxx-framework\src\traditional\startup\c018i.c
                compare_l   0x001b06    program     static E:\c18v3.46\pic18-lt\cxx-framework\src\traditional\proc\p18f4520.asm
                copy_loop   0x0016d8    program     static                          
            copy_one_byte   0x0016de    program     static                          
                     done   0x001702    program     static                          
             done_copying   0x0016ec    program     static                          
                  endloop   0x001aea    program     static                          
                  endloop   0x001b42    program     static                          
                     fabs   0x001858    program     extern E:\c18v3.46\pic18-lt\cxx-framework\src\traditional\stdclib\fabs.c
                  getData   0x001618    program     extern C:\Users\KBV\Desktop\Docus\Automan\Automation Project\Firmware\18F4520 Fader\Motor Fader v6.2 18F4520 - Touch Test\I2C_routine.c
 interrupt_at_high_vector   0x000008    program     extern C:\Users\KBV\Desktop\Docus\Automan\Automation Project\Firmware\18F4520 Fader\Motor Fader v6.2 18F4520 - Touch Test\main2.1.c
  interrupt_at_low_vector   0x000018    program     extern C:\Users\KBV\Desktop\Docus\Automan\Automation Project\Firmware\18F4520 Fader\Motor Fader v6.2 18F4520 - Touch Test\main2.1.c
                    jExit   0x000ec0    program     static E:\c18v3.46\pic18-lt\cxx-framework\src\traditional\math\castFP16.asm
                jI2F32Beg   0x000d4c    program     static E:\c18v3.46\pic18-lt\cxx-framework\src\traditional\math\cast32FP.asm
                    jLoop   0x000ea0    program     static E:\c18v3.46\pic18-lt\cxx-framework\src\traditional\math\castFP16.asm
                jLoopExit   0x000eb0    program     static E:\c18v3.46\pic18-lt\cxx-framework\src\traditional\math\castFP16.asm
                     jMax   0x000e74    program     static E:\c18v3.46\pic18-lt\cxx-framework\src\traditional\math\castFP16.asm
                  jMaxNeg   0x000e82    program     static E:\c18v3.46\pic18-lt\cxx-framework\src\traditional\math\castFP16.asm
                  jMaxPos   0x000e78    program     static E:\c18v3.46\pic18-lt\cxx-framework\src\traditional\math\castFP16.asm
                  jNotInf   0x000e90    program     static E:\c18v3.46\pic18-lt\cxx-framework\src\traditional\math\castFP16.asm
                  jPkLoop   0x000f08    program     static E:\c18v3.46\pic18-lt\cxx-framework\src\traditional\math\packFP.asm
             jPkRoundDone   0x000f52    program     static E:\c18v3.46\pic18-lt\cxx-framework\src\traditional\math\packFP.asm
               jPkRoundIt   0x000f3a    program     static E:\c18v3.46\pic18-lt\cxx-framework\src\traditional\math\packFP.asm
             jPkShiftDone   0x000f24    program     static E:\c18v3.46\pic18-lt\cxx-framework\src\traditional\math\packFP.asm
           jReturnPosInf0   0x000ede    program     static E:\c18v3.46\pic18-lt\cxx-framework\src\traditional\math\packFP.asm
                  jUnpkA1   0x000f7c    program     static E:\c18v3.46\pic18-lt\cxx-framework\src\traditional\math\UnpackFP.asm
                  jUnpkA2   0x000f94    program     static E:\c18v3.46\pic18-lt\cxx-framework\src\traditional\math\UnpackFP.asm
                 jUnpkANZ   0x000f8a    program     static E:\c18v3.46\pic18-lt\cxx-framework\src\traditional\math\UnpackFP.asm
                  jUnpkB1   0x000fac    program     static E:\c18v3.46\pic18-lt\cxx-framework\src\traditional\math\UnpackFP.asm
                  jUnpkB2   0x000fc4    program     static E:\c18v3.46\pic18-lt\cxx-framework\src\traditional\math\UnpackFP.asm
                 jUnpkBNZ   0x000fba    program     static E:\c18v3.46\pic18-lt\cxx-framework\src\traditional\math\UnpackFP.asm
                 jUnpkNaN   0x000f9e    program     static E:\c18v3.46\pic18-lt\cxx-framework\src\traditional\math\UnpackFP.asm
                    jZero   0x000e8a    program     static E:\c18v3.46\pic18-lt\cxx-framework\src\traditional\math\castFP16.asm
               jZero1and2   0x000ee2    program     static E:\c18v3.46\pic18-lt\cxx-framework\src\traditional\math\packFP.asm
                     loop   0x001ace    program     static                          
                     loop   0x001b20    program     static                          
                     loop   0x001b34    program     static                          
                     loop   0x001988    program     static                          
                   loop_h   0x001afe    program     static E:\c18v3.46\pic18-lt\cxx-framework\src\traditional\proc\p18f4520.asm
                   loop_l   0x001b08    program     static E:\c18v3.46\pic18-lt\cxx-framework\src\traditional\proc\p18f4520.asm
                     main   0x000a4c    program     extern C:\Users\KBV\Desktop\Docus\Automan\Automation Project\Firmware\18F4520 Fader\Motor Fader v6.2 18F4520 - Touch Test\main2.1.c
               myWriteI2C   0x0015fa    program     extern C:\Users\KBV\Desktop\Docus\Automan\Automation Project\Firmware\18F4520 Fader\Motor Fader v6.2 18F4520 - Touch Test\I2C_routine.c
                 setData1   0x00163a    program     extern C:\Users\KBV\Desktop\Docus\Automan\Automation Project\Firmware\18F4520 Fader\Motor Fader v6.2 18F4520 - Touch Test\I2C_routine.c
                 setData2   0x001650    program     extern C:\Users\KBV\Desktop\Docus\Automan\Automation Project\Firmware\18F4520 Fader\Motor Fader v6.2 18F4520 - Touch Test\I2C_routine.c
                     test   0x001680    program     static                          
               zero_block   0x001afe    program     static E:\c18v3.46\pic18-lt\cxx-framework\src\traditional\proc\p18f4520.asm
                   ADCON0   0x000fc2       data     extern E:\c18v3.46\pic18-lt\cxx-framework\src\traditional\proc\p18f4520.asm
               ADCON0bits   0x000fc2       data     extern E:\c18v3.46\pic18-lt\cxx-framework\src\traditional\proc\p18f4520.asm
                   ADCON1   0x000fc1       data     extern E:\c18v3.46\pic18-lt\cxx-framework\src\traditional\proc\p18f4520.asm
               ADCON1bits   0x000fc1       data     extern E:\c18v3.46\pic18-lt\cxx-framework\src\traditional\proc\p18f4520.asm
                   ADCON2   0x000fc0       data     extern E:\c18v3.46\pic18-lt\cxx-framework\src\traditional\proc\p18f4520.asm
               ADCON2bits   0x000fc0       data     extern E:\c18v3.46\pic18-lt\cxx-framework\src\traditional\proc\p18f4520.asm
                    ADRES   0x000fc3       data     extern E:\c18v3.46\pic18-lt\cxx-framework\src\traditional\proc\p18f4520.asm
                   ADRESH   0x000fc4       data     extern E:\c18v3.46\pic18-lt\cxx-framework\src\traditional\proc\p18f4520.asm
                   ADRESL   0x000fc3       data     extern E:\c18v3.46\pic18-lt\cxx-framework\src\traditional\proc\p18f4520.asm
                   AttCnt   0x000106       data     extern C:\Users\KBV\Desktop\Docus\Automan\Automation Project\Firmware\18F4520 Fader\Motor Fader v6.2 18F4520 - Touch Test\main2.1.c
           AttentionBlink   0x00010a       data     extern C:\Users\KBV\Desktop\Docus\Automan\Automation Project\Firmware\18F4520 Fader\Motor Fader v6.2 18F4520 - Touch Test\main2.1.c
                  BAUDCON   0x000fb8       data     extern E:\c18v3.46\pic18-lt\cxx-framework\src\traditional\proc\p18f4520.asm
              BAUDCONbits   0x000fb8       data     extern E:\c18v3.46\pic18-lt\cxx-framework\src\traditional\proc\p18f4520.asm
                  BAUDCTL   0x000fb8       data     extern E:\c18v3.46\pic18-lt\cxx-framework\src\traditional\proc\p18f4520.asm
              BAUDCTLbits   0x000fb8       data     extern E:\c18v3.46\pic18-lt\cxx-framework\src\traditional\proc\p18f4520.asm
                      BSR   0x000fe0       data     extern E:\c18v3.46\pic18-lt\cxx-framework\src\traditional\proc\p18f4520.asm
                 BlinkCnt   0x000104       data     extern C:\Users\KBV\Desktop\Docus\Automan\Automation Project\Firmware\18F4520 Fader\Motor Fader v6.2 18F4520 - Touch Test\main2.1.c
                 BlinkLED   0x00010b       data     extern C:\Users\KBV\Desktop\Docus\Automan\Automation Project\Firmware\18F4520 Fader\Motor Fader v6.2 18F4520 - Touch Test\main2.1.c
                 BotLimit   0x0000f0       data     extern C:\Users\KBV\Desktop\Docus\Automan\Automation Project\Firmware\18F4520 Fader\Motor Fader v6.2 18F4520 - Touch Test\PWM_routine.c
                  CCP1CON   0x000fbd       data     extern E:\c18v3.46\pic18-lt\cxx-framework\src\traditional\proc\p18f4520.asm
              CCP1CONbits   0x000fbd       data     extern E:\c18v3.46\pic18-lt\cxx-framework\src\traditional\proc\p18f4520.asm
                  CCP2CON   0x000fba       data     extern E:\c18v3.46\pic18-lt\cxx-framework\src\traditional\proc\p18f4520.asm
              CCP2CONbits   0x000fba       data     extern E:\c18v3.46\pic18-lt\cxx-framework\src\traditional\proc\p18f4520.asm
                    CCPR1   0x000fbe       data     extern E:\c18v3.46\pic18-lt\cxx-framework\src\traditional\proc\p18f4520.asm
                   CCPR1H   0x000fbf       data     extern E:\c18v3.46\pic18-lt\cxx-framework\src\traditional\proc\p18f4520.asm
                   CCPR1L   0x000fbe       data     extern E:\c18v3.46\pic18-lt\cxx-framework\src\traditional\proc\p18f4520.asm
                    CCPR2   0x000fbb       data     extern E:\c18v3.46\pic18-lt\cxx-framework\src\traditional\proc\p18f4520.asm
                   CCPR2H   0x000fbc       data     extern E:\c18v3.46\pic18-lt\cxx-framework\src\traditional\proc\p18f4520.asm
                   CCPR2L   0x000fbb       data     extern E:\c18v3.46\pic18-lt\cxx-framework\src\traditional\proc\p18f4520.asm
                    CMCON   0x000fb4       data     extern E:\c18v3.46\pic18-lt\cxx-framework\src\traditional\proc\p18f4520.asm
                CMCONbits   0x000fb4       data     extern E:\c18v3.46\pic18-lt\cxx-framework\src\traditional\proc\p18f4520.asm
                   CVRCON   0x000fb5       data     extern E:\c18v3.46\pic18-lt\cxx-framework\src\traditional\proc\p18f4520.asm
               CVRCONbits   0x000fb5       data     extern E:\c18v3.46\pic18-lt\cxx-framework\src\traditional\proc\p18f4520.asm
                      Cnt   0x000102       data     extern C:\Users\KBV\Desktop\Docus\Automan\Automation Project\Firmware\18F4520 Fader\Motor Fader v6.2 18F4520 - Touch Test\main2.1.c
                     DDRA   0x000f92       data     extern E:\c18v3.46\pic18-lt\cxx-framework\src\traditional\proc\p18f4520.asm
                 DDRAbits   0x000f92       data     extern E:\c18v3.46\pic18-lt\cxx-framework\src\traditional\proc\p18f4520.asm
                     DDRB   0x000f93       data     extern E:\c18v3.46\pic18-lt\cxx-framework\src\traditional\proc\p18f4520.asm
                 DDRBbits   0x000f93       data     extern E:\c18v3.46\pic18-lt\cxx-framework\src\traditional\proc\p18f4520.asm
                     DDRC   0x000f94       data     extern E:\c18v3.46\pic18-lt\cxx-framework\src\traditional\proc\p18f4520.asm
                 DDRCbits   0x000f94       data     extern E:\c18v3.46\pic18-lt\cxx-framework\src\traditional\proc\p18f4520.asm
                     DDRD   0x000f95       data     extern E:\c18v3.46\pic18-lt\cxx-framework\src\traditional\proc\p18f4520.asm
                 DDRDbits   0x000f95       data     extern E:\c18v3.46\pic18-lt\cxx-framework\src\traditional\proc\p18f4520.asm
                     DDRE   0x000f96       data     extern E:\c18v3.46\pic18-lt\cxx-framework\src\traditional\proc\p18f4520.asm
                 DDREbits   0x000f96       data     extern E:\c18v3.46\pic18-lt\cxx-framework\src\traditional\proc\p18f4520.asm
                    D_REG   0x00011e       data     static C:\Users\KBV\Desktop\Docus\Automan\Automation Project\Firmware\18F4520 Fader\Motor Fader v6.2 18F4520 - Touch Test\PWM_routine.c
                  D_SPEED   0x000120       data     static C:\Users\KBV\Desktop\Docus\Automan\Automation Project\Firmware\18F4520 Fader\Motor Fader v6.2 18F4520 - Touch Test\PWM_routine.c
                  ECCP1AS   0x000fb6       data     extern E:\c18v3.46\pic18-lt\cxx-framework\src\traditional\proc\p18f4520.asm
              ECCP1ASbits   0x000fb6       data     extern E:\c18v3.46\pic18-lt\cxx-framework\src\traditional\proc\p18f4520.asm
                 ECCP1DEL   0x000fb7       data     extern E:\c18v3.46\pic18-lt\cxx-framework\src\traditional\proc\p18f4520.asm
             ECCP1DELbits   0x000fb7       data     extern E:\c18v3.46\pic18-lt\cxx-framework\src\traditional\proc\p18f4520.asm
                   ECCPAS   0x000fb6       data     extern E:\c18v3.46\pic18-lt\cxx-framework\src\traditional\proc\p18f4520.asm
               ECCPASbits   0x000fb6       data     extern E:\c18v3.46\pic18-lt\cxx-framework\src\traditional\proc\p18f4520.asm
                    EEADR   0x000fa9       data     extern E:\c18v3.46\pic18-lt\cxx-framework\src\traditional\proc\p18f4520.asm
                   EECON1   0x000fa6       data     extern E:\c18v3.46\pic18-lt\cxx-framework\src\traditional\proc\p18f4520.asm
               EECON1bits   0x000fa6       data     extern E:\c18v3.46\pic18-lt\cxx-framework\src\traditional\proc\p18f4520.asm
                   EECON2   0x000fa7       data     extern E:\c18v3.46\pic18-lt\cxx-framework\src\traditional\proc\p18f4520.asm
                   EEDATA   0x000fa8       data     extern E:\c18v3.46\pic18-lt\cxx-framework\src\traditional\proc\p18f4520.asm
                     FSR0   0x000fe9       data     extern E:\c18v3.46\pic18-lt\cxx-framework\src\traditional\proc\p18f4520.asm
                    FSR0H   0x000fea       data     extern E:\c18v3.46\pic18-lt\cxx-framework\src\traditional\proc\p18f4520.asm
                    FSR0L   0x000fe9       data     extern E:\c18v3.46\pic18-lt\cxx-framework\src\traditional\proc\p18f4520.asm
                     FSR1   0x000fe1       data     extern E:\c18v3.46\pic18-lt\cxx-framework\src\traditional\proc\p18f4520.asm
                    FSR1H   0x000fe2       data     extern E:\c18v3.46\pic18-lt\cxx-framework\src\traditional\proc\p18f4520.asm
                    FSR1L   0x000fe1       data     extern E:\c18v3.46\pic18-lt\cxx-framework\src\traditional\proc\p18f4520.asm
                     FSR2   0x000fd9       data     extern E:\c18v3.46\pic18-lt\cxx-framework\src\traditional\proc\p18f4520.asm
                    FSR2H   0x000fda       data     extern E:\c18v3.46\pic18-lt\cxx-framework\src\traditional\proc\p18f4520.asm
                    FSR2L   0x000fd9       data     extern E:\c18v3.46\pic18-lt\cxx-framework\src\traditional\proc\p18f4520.asm
                FaderGoal   0x000026       data     extern C:\Users\KBV\Desktop\Docus\Automan\Automation Project\Firmware\18F4520 Fader\Motor Fader v6.2 18F4520 - Touch Test\main2.1.c
                FaderGoal   0x000114       data     static C:\Users\KBV\Desktop\Docus\Automan\Automation Project\Firmware\18F4520 Fader\Motor Fader v6.2 18F4520 - Touch Test\main2.1.c
           FaderGoalSteps   0x00002e       data     extern C:\Users\KBV\Desktop\Docus\Automan\Automation Project\Firmware\18F4520 Fader\Motor Fader v6.2 18F4520 - Touch Test\main2.1.c
            FaderPosition   0x000030       data     extern C:\Users\KBV\Desktop\Docus\Automan\Automation Project\Firmware\18F4520 Fader\Motor Fader v6.2 18F4520 - Touch Test\main2.1.c
               FaderReady   0x00010c       data     extern C:\Users\KBV\Desktop\Docus\Automan\Automation Project\Firmware\18F4520 Fader\Motor Fader v6.2 18F4520 - Touch Test\main2.1.c
                  HLVDCON   0x000fd2       data     extern E:\c18v3.46\pic18-lt\cxx-framework\src\traditional\proc\p18f4520.asm
              HLVDCONbits   0x000fd2       data     extern E:\c18v3.46\pic18-lt\cxx-framework\src\traditional\proc\p18f4520.asm
                 I2Cstate   0x000032       data     extern C:\Users\KBV\Desktop\Docus\Automan\Automation Project\Firmware\18F4520 Fader\Motor Fader v6.2 18F4520 - Touch Test\main2.1.c
                    INDF0   0x000fef       data     extern E:\c18v3.46\pic18-lt\cxx-framework\src\traditional\proc\p18f4520.asm
                    INDF1   0x000fe7       data     extern E:\c18v3.46\pic18-lt\cxx-framework\src\traditional\proc\p18f4520.asm
                    INDF2   0x000fdf       data     extern E:\c18v3.46\pic18-lt\cxx-framework\src\traditional\proc\p18f4520.asm
                   INTCON   0x000ff2       data     extern E:\c18v3.46\pic18-lt\cxx-framework\src\traditional\proc\p18f4520.asm
                  INTCON2   0x000ff1       data     extern E:\c18v3.46\pic18-lt\cxx-framework\src\traditional\proc\p18f4520.asm
              INTCON2bits   0x000ff1       data     extern E:\c18v3.46\pic18-lt\cxx-framework\src\traditional\proc\p18f4520.asm
                  INTCON3   0x000ff0       data     extern E:\c18v3.46\pic18-lt\cxx-framework\src\traditional\proc\p18f4520.asm
              INTCON3bits   0x000ff0       data     extern E:\c18v3.46\pic18-lt\cxx-framework\src\traditional\proc\p18f4520.asm
               INTCONbits   0x000ff2       data     extern E:\c18v3.46\pic18-lt\cxx-framework\src\traditional\proc\p18f4520.asm
                     IPR1   0x000f9f       data     extern E:\c18v3.46\pic18-lt\cxx-framework\src\traditional\proc\p18f4520.asm
                 IPR1bits   0x000f9f       data     extern E:\c18v3.46\pic18-lt\cxx-framework\src\traditional\proc\p18f4520.asm
                     IPR2   0x000fa2       data     extern E:\c18v3.46\pic18-lt\cxx-framework\src\traditional\proc\p18f4520.asm
                 IPR2bits   0x000fa2       data     extern E:\c18v3.46\pic18-lt\cxx-framework\src\traditional\proc\p18f4520.asm
                  InitCnt   0x00010e       data     static C:\Users\KBV\Desktop\Docus\Automan\Automation Project\Firmware\18F4520 Fader\Motor Fader v6.2 18F4520 - Touch Test\main2.1.c
             InitCntDelay   0x00002c       data     extern C:\Users\KBV\Desktop\Docus\Automan\Automation Project\Firmware\18F4520 Fader\Motor Fader v6.2 18F4520 - Touch Test\main2.1.c
                     LATA   0x000f89       data     extern E:\c18v3.46\pic18-lt\cxx-framework\src\traditional\proc\p18f4520.asm
                 LATAbits   0x000f89       data     extern E:\c18v3.46\pic18-lt\cxx-framework\src\traditional\proc\p18f4520.asm
                     LATB   0x000f8a       data     extern E:\c18v3.46\pic18-lt\cxx-framework\src\traditional\proc\p18f4520.asm
                 LATBbits   0x000f8a       data     extern E:\c18v3.46\pic18-lt\cxx-framework\src\traditional\proc\p18f4520.asm
                     LATC   0x000f8b       data     extern E:\c18v3.46\pic18-lt\cxx-framework\src\traditional\proc\p18f4520.asm
                 LATCbits   0x000f8b       data     extern E:\c18v3.46\pic18-lt\cxx-framework\src\traditional\proc\p18f4520.asm
                     LATD   0x000f8c       data     extern E:\c18v3.46\pic18-lt\cxx-framework\src\traditional\proc\p18f4520.asm
                 LATDbits   0x000f8c       data     extern E:\c18v3.46\pic18-lt\cxx-framework\src\traditional\proc\p18f4520.asm
                     LATE   0x000f8d       data     extern E:\c18v3.46\pic18-lt\cxx-framework\src\traditional\proc\p18f4520.asm
                 LATEbits   0x000f8d       data     extern E:\c18v3.46\pic18-lt\cxx-framework\src\traditional\proc\p18f4520.asm
                  LETTERA   0x0000b4       data     extern C:\Users\KBV\Desktop\Docus\Automan\Automation Project\Firmware\18F4520 Fader\Motor Fader v6.2 18F4520 - Touch Test\LED_routine.c
                  LETTERB   0x0000c4       data     extern C:\Users\KBV\Desktop\Docus\Automan\Automation Project\Firmware\18F4520 Fader\Motor Fader v6.2 18F4520 - Touch Test\LED_routine.c
                   LVDCON   0x000fd2       data     extern E:\c18v3.46\pic18-lt\cxx-framework\src\traditional\proc\p18f4520.asm
               LVDCONbits   0x000fd2       data     extern E:\c18v3.46\pic18-lt\cxx-framework\src\traditional\proc\p18f4520.asm
               LocalTouch   0x00012a       data     extern C:\Users\KBV\Desktop\Docus\Automan\Automation Project\Firmware\18F4520 Fader\Motor Fader v6.2 18F4520 - Touch Test\SWITCHES_routine.c
                  LoopCnt   0x00002a       data     extern C:\Users\KBV\Desktop\Docus\Automan\Automation Project\Firmware\18F4520 Fader\Motor Fader v6.2 18F4520 - Touch Test\main2.1.c
                NewDataIn   0x000028       data     extern C:\Users\KBV\Desktop\Docus\Automan\Automation Project\Firmware\18F4520 Fader\Motor Fader v6.2 18F4520 - Touch Test\main2.1.c
                   OSCCON   0x000fd3       data     extern E:\c18v3.46\pic18-lt\cxx-framework\src\traditional\proc\p18f4520.asm
               OSCCONbits   0x000fd3       data     extern E:\c18v3.46\pic18-lt\cxx-framework\src\traditional\proc\p18f4520.asm
                  OSCTUNE   0x000f9b       data     extern E:\c18v3.46\pic18-lt\cxx-framework\src\traditional\proc\p18f4520.asm
              OSCTUNEbits   0x000f9b       data     extern E:\c18v3.46\pic18-lt\cxx-framework\src\traditional\proc\p18f4520.asm
                       PC   0x000ff9       data     extern E:\c18v3.46\pic18-lt\cxx-framework\src\traditional\proc\p18f4520.asm
                      PCL   0x000ff9       data     extern E:\c18v3.46\pic18-lt\cxx-framework\src\traditional\proc\p18f4520.asm
                   PCLATH   0x000ffa       data     extern E:\c18v3.46\pic18-lt\cxx-framework\src\traditional\proc\p18f4520.asm
                   PCLATU   0x000ffb       data     extern E:\c18v3.46\pic18-lt\cxx-framework\src\traditional\proc\p18f4520.asm
                     PIE1   0x000f9d       data     extern E:\c18v3.46\pic18-lt\cxx-framework\src\traditional\proc\p18f4520.asm
                 PIE1bits   0x000f9d       data     extern E:\c18v3.46\pic18-lt\cxx-framework\src\traditional\proc\p18f4520.asm
                     PIE2   0x000fa0       data     extern E:\c18v3.46\pic18-lt\cxx-framework\src\traditional\proc\p18f4520.asm
                 PIE2bits   0x000fa0       data     extern E:\c18v3.46\pic18-lt\cxx-framework\src\traditional\proc\p18f4520.asm
                     PIR1   0x000f9e       data     extern E:\c18v3.46\pic18-lt\cxx-framework\src\traditional\proc\p18f4520.asm
                 PIR1bits   0x000f9e       data     extern E:\c18v3.46\pic18-lt\cxx-framework\src\traditional\proc\p18f4520.asm
                     PIR2   0x000fa1       data     extern E:\c18v3.46\pic18-lt\cxx-framework\src\traditional\proc\p18f4520.asm
                 PIR2bits   0x000fa1       data     extern E:\c18v3.46\pic18-lt\cxx-framework\src\traditional\proc\p18f4520.asm
                   PLUSW0   0x000feb       data     extern E:\c18v3.46\pic18-lt\cxx-framework\src\traditional\proc\p18f4520.asm
                   PLUSW1   0x000fe3       data     extern E:\c18v3.46\pic18-lt\cxx-framework\src\traditional\proc\p18f4520.asm
                   PLUSW2   0x000fdb       data     extern E:\c18v3.46\pic18-lt\cxx-framework\src\traditional\proc\p18f4520.asm
                    PORTA   0x000f80       data     extern E:\c18v3.46\pic18-lt\cxx-framework\src\traditional\proc\p18f4520.asm
                PORTAbits   0x000f80       data     extern E:\c18v3.46\pic18-lt\cxx-framework\src\traditional\proc\p18f4520.asm
                    PORTB   0x000f81       data     extern E:\c18v3.46\pic18-lt\cxx-framework\src\traditional\proc\p18f4520.asm
                PORTBbits   0x000f81       data     extern E:\c18v3.46\pic18-lt\cxx-framework\src\traditional\proc\p18f4520.asm
                    PORTC   0x000f82       data     extern E:\c18v3.46\pic18-lt\cxx-framework\src\traditional\proc\p18f4520.asm
                PORTCbits   0x000f82       data     extern E:\c18v3.46\pic18-lt\cxx-framework\src\traditional\proc\p18f4520.asm
                    PORTD   0x000f83       data     extern E:\c18v3.46\pic18-lt\cxx-framework\src\traditional\proc\p18f4520.asm
                PORTDbits   0x000f83       data     extern E:\c18v3.46\pic18-lt\cxx-framework\src\traditional\proc\p18f4520.asm
                    PORTE   0x000f84       data     extern E:\c18v3.46\pic18-lt\cxx-framework\src\traditional\proc\p18f4520.asm
                PORTEbits   0x000f84       data     extern E:\c18v3.46\pic18-lt\cxx-framework\src\traditional\proc\p18f4520.asm
                 POSTDEC0   0x000fed       data     extern E:\c18v3.46\pic18-lt\cxx-framework\src\traditional\proc\p18f4520.asm
                 POSTDEC1   0x000fe5       data     extern E:\c18v3.46\pic18-lt\cxx-framework\src\traditional\proc\p18f4520.asm
                 POSTDEC2   0x000fdd       data     extern E:\c18v3.46\pic18-lt\cxx-framework\src\traditional\proc\p18f4520.asm
                 POSTINC0   0x000fee       data     extern E:\c18v3.46\pic18-lt\cxx-framework\src\traditional\proc\p18f4520.asm
                 POSTINC1   0x000fe6       data     extern E:\c18v3.46\pic18-lt\cxx-framework\src\traditional\proc\p18f4520.asm
                 POSTINC2   0x000fde       data     extern E:\c18v3.46\pic18-lt\cxx-framework\src\traditional\proc\p18f4520.asm
                      PR2   0x000fcb       data     extern E:\c18v3.46\pic18-lt\cxx-framework\src\traditional\proc\p18f4520.asm
                  PREINC0   0x000fec       data     extern E:\c18v3.46\pic18-lt\cxx-framework\src\traditional\proc\p18f4520.asm
                  PREINC1   0x000fe4       data     extern E:\c18v3.46\pic18-lt\cxx-framework\src\traditional\proc\p18f4520.asm
                  PREINC2   0x000fdc       data     extern E:\c18v3.46\pic18-lt\cxx-framework\src\traditional\proc\p18f4520.asm
                     PROD   0x000ff3       data     extern E:\c18v3.46\pic18-lt\cxx-framework\src\traditional\proc\p18f4520.asm
                    PRODH   0x000ff4       data     extern E:\c18v3.46\pic18-lt\cxx-framework\src\traditional\proc\p18f4520.asm
                    PRODL   0x000ff3       data     extern E:\c18v3.46\pic18-lt\cxx-framework\src\traditional\proc\p18f4520.asm
                  PWM1CON   0x000fb7       data     extern E:\c18v3.46\pic18-lt\cxx-framework\src\traditional\proc\p18f4520.asm
              PWM1CONbits   0x000fb7       data     extern E:\c18v3.46\pic18-lt\cxx-framework\src\traditional\proc\p18f4520.asm
        PreviousFaderGoal   0x000024       data     extern C:\Users\KBV\Desktop\Docus\Automan\Automation Project\Firmware\18F4520 Fader\Motor Fader v6.2 18F4520 - Touch Test\main2.1.c
                     RCON   0x000fd0       data     extern E:\c18v3.46\pic18-lt\cxx-framework\src\traditional\proc\p18f4520.asm
                 RCONbits   0x000fd0       data     extern E:\c18v3.46\pic18-lt\cxx-framework\src\traditional\proc\p18f4520.asm
                    RCREG   0x000fae       data     extern E:\c18v3.46\pic18-lt\cxx-framework\src\traditional\proc\p18f4520.asm
                    RCSTA   0x000fab       data     extern E:\c18v3.46\pic18-lt\cxx-framework\src\traditional\proc\p18f4520.asm
                RCSTAbits   0x000fab       data     extern E:\c18v3.46\pic18-lt\cxx-framework\src\traditional\proc\p18f4520.asm
                 SEGMENTA   0x000080       data     extern C:\Users\KBV\Desktop\Docus\Automan\Automation Project\Firmware\18F4520 Fader\Motor Fader v6.2 18F4520 - Touch Test\LED_routine.c
                 SEGMENTB   0x00009a       data     extern C:\Users\KBV\Desktop\Docus\Automan\Automation Project\Firmware\18F4520 Fader\Motor Fader v6.2 18F4520 - Touch Test\LED_routine.c
                     SIGN   0x000034       data     extern E:\c18v3.46\pic18-lt\cxx-framework\src\traditional\math\cmath18.asm
                    SPBRG   0x000faf       data     extern E:\c18v3.46\pic18-lt\cxx-framework\src\traditional\proc\p18f4520.asm
                   SPBRGH   0x000fb0       data     extern E:\c18v3.46\pic18-lt\cxx-framework\src\traditional\proc\p18f4520.asm
               SSLchannel   0x000108       data     extern C:\Users\KBV\Desktop\Docus\Automan\Automation Project\Firmware\18F4520 Fader\Motor Fader v6.2 18F4520 - Touch Test\main2.1.c
                   SSPADD   0x000fc8       data     extern E:\c18v3.46\pic18-lt\cxx-framework\src\traditional\proc\p18f4520.asm
                   SSPBUF   0x000fc9       data     extern E:\c18v3.46\pic18-lt\cxx-framework\src\traditional\proc\p18f4520.asm
                  SSPCON1   0x000fc6       data     extern E:\c18v3.46\pic18-lt\cxx-framework\src\traditional\proc\p18f4520.asm
              SSPCON1bits   0x000fc6       data     extern E:\c18v3.46\pic18-lt\cxx-framework\src\traditional\proc\p18f4520.asm
                  SSPCON2   0x000fc5       data     extern E:\c18v3.46\pic18-lt\cxx-framework\src\traditional\proc\p18f4520.asm
              SSPCON2bits   0x000fc5       data     extern E:\c18v3.46\pic18-lt\cxx-framework\src\traditional\proc\p18f4520.asm
                  SSPSTAT   0x000fc7       data     extern E:\c18v3.46\pic18-lt\cxx-framework\src\traditional\proc\p18f4520.asm
              SSPSTATbits   0x000fc7       data     extern E:\c18v3.46\pic18-lt\cxx-framework\src\traditional\proc\p18f4520.asm
                   STATUS   0x000fd8       data     extern E:\c18v3.46\pic18-lt\cxx-framework\src\traditional\proc\p18f4520.asm
               STATUSbits   0x000fd8       data     extern E:\c18v3.46\pic18-lt\cxx-framework\src\traditional\proc\p18f4520.asm
                   STKPTR   0x000ffc       data     extern E:\c18v3.46\pic18-lt\cxx-framework\src\traditional\proc\p18f4520.asm
               STKPTRbits   0x000ffc       data     extern E:\c18v3.46\pic18-lt\cxx-framework\src\traditional\proc\p18f4520.asm
               ScaleRatio   0x0000f2       data     extern C:\Users\KBV\Desktop\Docus\Automan\Automation Project\Firmware\18F4520 Fader\Motor Fader v6.2 18F4520 - Touch Test\PWM_routine.c
                   SeqCnt   0x000110       data     static C:\Users\KBV\Desktop\Docus\Automan\Automation Project\Firmware\18F4520 Fader\Motor Fader v6.2 18F4520 - Touch Test\main2.1.c
                 SeqDelay   0x000112       data     static C:\Users\KBV\Desktop\Docus\Automan\Automation Project\Firmware\18F4520 Fader\Motor Fader v6.2 18F4520 - Touch Test\main2.1.c
                ShopSlots   0x000033       data     extern C:\Users\KBV\Desktop\Docus\Automan\Automation Project\Firmware\18F4520 Fader\Motor Fader v6.2 18F4520 - Touch Test\main2.1.c
                    Steps   0x000100       data     extern C:\Users\KBV\Desktop\Docus\Automan\Automation Project\Firmware\18F4520 Fader\Motor Fader v6.2 18F4520 - Touch Test\main2.1.c
         StoredSwitchBits   0x00012b       data     extern C:\Users\KBV\Desktop\Docus\Automan\Automation Project\Firmware\18F4520 Fader\Motor Fader v6.2 18F4520 - Touch Test\SWITCHES_routine.c
                    T0CON   0x000fd5       data     extern E:\c18v3.46\pic18-lt\cxx-framework\src\traditional\proc\p18f4520.asm
                T0CONbits   0x000fd5       data     extern E:\c18v3.46\pic18-lt\cxx-framework\src\traditional\proc\p18f4520.asm
                    T1CON   0x000fcd       data     extern E:\c18v3.46\pic18-lt\cxx-framework\src\traditional\proc\p18f4520.asm
                T1CONbits   0x000fcd       data     extern E:\c18v3.46\pic18-lt\cxx-framework\src\traditional\proc\p18f4520.asm
                    T2CON   0x000fca       data     extern E:\c18v3.46\pic18-lt\cxx-framework\src\traditional\proc\p18f4520.asm
                T2CONbits   0x000fca       data     extern E:\c18v3.46\pic18-lt\cxx-framework\src\traditional\proc\p18f4520.asm
                    T3CON   0x000fb1       data     extern E:\c18v3.46\pic18-lt\cxx-framework\src\traditional\proc\p18f4520.asm
                T3CONbits   0x000fb1       data     extern E:\c18v3.46\pic18-lt\cxx-framework\src\traditional\proc\p18f4520.asm
                   TABLAT   0x000ff5       data     extern E:\c18v3.46\pic18-lt\cxx-framework\src\traditional\proc\p18f4520.asm
                   TBLPTR   0x000ff6       data     extern E:\c18v3.46\pic18-lt\cxx-framework\src\traditional\proc\p18f4520.asm
                  TBLPTRH   0x000ff7       data     extern E:\c18v3.46\pic18-lt\cxx-framework\src\traditional\proc\p18f4520.asm
                  TBLPTRL   0x000ff6       data     extern E:\c18v3.46\pic18-lt\cxx-framework\src\traditional\proc\p18f4520.asm
                  TBLPTRU   0x000ff8       data     extern E:\c18v3.46\pic18-lt\cxx-framework\src\traditional\proc\p18f4520.asm
                    TMR0H   0x000fd7       data     extern E:\c18v3.46\pic18-lt\cxx-framework\src\traditional\proc\p18f4520.asm
                    TMR0L   0x000fd6       data     extern E:\c18v3.46\pic18-lt\cxx-framework\src\traditional\proc\p18f4520.asm
                    TMR1H   0x000fcf       data     extern E:\c18v3.46\pic18-lt\cxx-framework\src\traditional\proc\p18f4520.asm
                    TMR1L   0x000fce       data     extern E:\c18v3.46\pic18-lt\cxx-framework\src\traditional\proc\p18f4520.asm
                     TMR2   0x000fcc       data     extern E:\c18v3.46\pic18-lt\cxx-framework\src\traditional\proc\p18f4520.asm
                    TMR3H   0x000fb3       data     extern E:\c18v3.46\pic18-lt\cxx-framework\src\traditional\proc\p18f4520.asm
                    TMR3L   0x000fb2       data     extern E:\c18v3.46\pic18-lt\cxx-framework\src\traditional\proc\p18f4520.asm
                      TOL   0x0000ea       data     extern C:\Users\KBV\Desktop\Docus\Automan\Automation Project\Firmware\18F4520 Fader\Motor Fader v6.2 18F4520 - Touch Test\PWM_routine.c
                      TOS   0x000ffd       data     extern E:\c18v3.46\pic18-lt\cxx-framework\src\traditional\proc\p18f4520.asm
                     TOSH   0x000ffe       data     extern E:\c18v3.46\pic18-lt\cxx-framework\src\traditional\proc\p18f4520.asm
                     TOSL   0x000ffd       data     extern E:\c18v3.46\pic18-lt\cxx-framework\src\traditional\proc\p18f4520.asm
                     TOSU   0x000fff       data     extern E:\c18v3.46\pic18-lt\cxx-framework\src\traditional\proc\p18f4520.asm
                    TRISA   0x000f92       data     extern E:\c18v3.46\pic18-lt\cxx-framework\src\traditional\proc\p18f4520.asm
                TRISAbits   0x000f92       data     extern E:\c18v3.46\pic18-lt\cxx-framework\src\traditional\proc\p18f4520.asm
                    TRISB   0x000f93       data     extern E:\c18v3.46\pic18-lt\cxx-framework\src\traditional\proc\p18f4520.asm
                TRISBbits   0x000f93       data     extern E:\c18v3.46\pic18-lt\cxx-framework\src\traditional\proc\p18f4520.asm
                    TRISC   0x000f94       data     extern E:\c18v3.46\pic18-lt\cxx-framework\src\traditional\proc\p18f4520.asm
                TRISCbits   0x000f94       data     extern E:\c18v3.46\pic18-lt\cxx-framework\src\traditional\proc\p18f4520.asm
                    TRISD   0x000f95       data     extern E:\c18v3.46\pic18-lt\cxx-framework\src\traditional\proc\p18f4520.asm
                TRISDbits   0x000f95       data     extern E:\c18v3.46\pic18-lt\cxx-framework\src\traditional\proc\p18f4520.asm
                    TRISE   0x000f96       data     extern E:\c18v3.46\pic18-lt\cxx-framework\src\traditional\proc\p18f4520.asm
                TRISEbits   0x000f96       data     extern E:\c18v3.46\pic18-lt\cxx-framework\src\traditional\proc\p18f4520.asm
                    TXREG   0x000fad       data     extern E:\c18v3.46\pic18-lt\cxx-framework\src\traditional\proc\p18f4520.asm
                    TXSTA   0x000fac       data     extern E:\c18v3.46\pic18-lt\cxx-framework\src\traditional\proc\p18f4520.asm
                TXSTAbits   0x000fac       data     extern E:\c18v3.46\pic18-lt\cxx-framework\src\traditional\proc\p18f4520.asm
                TestPhase   0x00010d       data     static C:\Users\KBV\Desktop\Docus\Automan\Automation Project\Firmware\18F4520 Fader\Motor Fader v6.2 18F4520 - Touch Test\main2.1.c
                 TopLimit   0x0000ee       data     extern C:\Users\KBV\Desktop\Docus\Automan\Automation Project\Firmware\18F4520 Fader\Motor Fader v6.2 18F4520 - Touch Test\PWM_routine.c
                        W   0x000fe8       data     extern E:\c18v3.46\pic18-lt\cxx-framework\src\traditional\proc\p18f4520.asm
                   WDTCON   0x000fd1       data     extern E:\c18v3.46\pic18-lt\cxx-framework\src\traditional\proc\p18f4520.asm
               WDTCONbits   0x000fd1       data     extern E:\c18v3.46\pic18-lt\cxx-framework\src\traditional\proc\p18f4520.asm
                     WREG   0x000fe8       data     extern E:\c18v3.46\pic18-lt\cxx-framework\src\traditional\proc\p18f4520.asm
                WorkFader   0x000029       data     extern C:\Users\KBV\Desktop\Docus\Automan\Automation Project\Firmware\18F4520 Fader\Motor Fader v6.2 18F4520 - Touch Test\main2.1.c
                 __AARGB0   0x00003d       data     extern E:\c18v3.46\pic18-lt\cxx-framework\src\traditional\math\aarg.asm
                 __AARGB1   0x00003c       data     extern E:\c18v3.46\pic18-lt\cxx-framework\src\traditional\math\aarg.asm
                 __AARGB2   0x00003b       data     extern E:\c18v3.46\pic18-lt\cxx-framework\src\traditional\math\aarg.asm
                 __AARGB3   0x00003a       data     extern E:\c18v3.46\pic18-lt\cxx-framework\src\traditional\math\aarg.asm
                 __AARGB4   0x000039       data     extern E:\c18v3.46\pic18-lt\cxx-framework\src\traditional\math\aarg.asm
                 __AARGB5   0x000038       data     extern E:\c18v3.46\pic18-lt\cxx-framework\src\traditional\math\aarg.asm
                 __AARGB6   0x000037       data     extern E:\c18v3.46\pic18-lt\cxx-framework\src\traditional\math\aarg.asm
                 __AARGB7   0x000036       data     extern E:\c18v3.46\pic18-lt\cxx-framework\src\traditional\math\aarg.asm
                   __AEXP   0x00003e       data     extern E:\c18v3.46\pic18-lt\cxx-framework\src\traditional\math\aarg.asm
                 __BARGB0   0x000042       data     extern E:\c18v3.46\pic18-lt\cxx-framework\src\traditional\math\barg.asm
                 __BARGB1   0x000041       data     extern E:\c18v3.46\pic18-lt\cxx-framework\src\traditional\math\barg.asm
                 __BARGB2   0x000040       data     extern E:\c18v3.46\pic18-lt\cxx-framework\src\traditional\math\barg.asm
                 __BARGB3   0x00003f       data     extern E:\c18v3.46\pic18-lt\cxx-framework\src\traditional\math\barg.asm
                   __BEXP   0x000043       data     extern E:\c18v3.46\pic18-lt\cxx-framework\src\traditional\math\barg.asm
                __FPFLAGS   0x000035       data     extern E:\c18v3.46\pic18-lt\cxx-framework\src\traditional\math\cmath18.asm
            __FPFLAGSbits   0x000035       data     extern E:\c18v3.46\pic18-lt\cxx-framework\src\traditional\math\cmath18.asm
                  __REMB0   0x000039       data     extern E:\c18v3.46\pic18-lt\cxx-framework\src\traditional\math\aarg.asm
                  __REMB1   0x000038       data     extern E:\c18v3.46\pic18-lt\cxx-framework\src\traditional\math\aarg.asm
                  __REMB2   0x000037       data     extern E:\c18v3.46\pic18-lt\cxx-framework\src\traditional\math\aarg.asm
                  __REMB3   0x000036       data     extern E:\c18v3.46\pic18-lt\cxx-framework\src\traditional\math\aarg.asm
                   __TEMP   0x000047       data     extern E:\c18v3.46\pic18-lt\cxx-framework\src\traditional\math\temparg.asm
                 __TEMPB0   0x000047       data     extern E:\c18v3.46\pic18-lt\cxx-framework\src\traditional\math\temparg.asm
                 __TEMPB1   0x000046       data     extern E:\c18v3.46\pic18-lt\cxx-framework\src\traditional\math\temparg.asm
                 __TEMPB2   0x000045       data     extern E:\c18v3.46\pic18-lt\cxx-framework\src\traditional\math\temparg.asm
                 __TEMPB3   0x000044       data     extern E:\c18v3.46\pic18-lt\cxx-framework\src\traditional\math\temparg.asm
                  __tmp_0   0x000000       data     static E:\c18v3.46\pic18-lt\cxx-framework\src\traditional\stdclib\fabs.c
                  __tmp_0   0x000000       data     static E:\c18v3.46\pic18-lt\cxx-framework\src\pmc_common\PWM\pw2setdc.c
                  __tmp_0   0x000000       data     static E:\c18v3.46\pic18-lt\cxx-framework\src\pmc_common\PWM\pw1setdc.c
                  __tmp_0   0x000000       data     static E:\c18v3.46\pic18-lt\cxx-framework\src\pmc_common\ADC\adcsetch.c
                  __tmp_0   0x000000       data     static E:\c18v3.46\pic18-lt\cxx-framework\src\pmc_common\ADC\adcopen.c
                  __tmp_0   0x000000       data     static C:\Users\KBV\Desktop\Docus\Automan\Automation Project\Firmware\18F4520 Fader\Motor Fader v6.2 18F4520 - Touch Test\main2.1.c
                  __tmp_0   0x000000       data     static C:\Users\KBV\Desktop\Docus\Automan\Automation Project\Firmware\18F4520 Fader\Motor Fader v6.2 18F4520 - Touch Test\LED_routine.c
                  __tmp_0   0x000000       data     static C:\Users\KBV\Desktop\Docus\Automan\Automation Project\Firmware\18F4520 Fader\Motor Fader v6.2 18F4520 - Touch Test\SWITCHES_routine.c
                  __tmp_0   0x000000       data     static C:\Users\KBV\Desktop\Docus\Automan\Automation Project\Firmware\18F4520 Fader\Motor Fader v6.2 18F4520 - Touch Test\PWM_routine.c
                  __tmp_0   0x000000       data     static C:\Users\KBV\Desktop\Docus\Automan\Automation Project\Firmware\18F4520 Fader\Motor Fader v6.2 18F4520 - Touch Test\I2C_routine.c
                  __tmp_2   0x000048       data     static C:\Users\KBV\Desktop\Docus\Automan\Automation Project\Firmware\18F4520 Fader\Motor Fader v6.2 18F4520 - Touch Test\main2.1.c
                curr_byte   0x0000f9       data     static E:\c18v3.46\pic18-lt\cxx-framework\src\traditional\startup\c018i.c
               curr_entry   0x0000fb       data     static E:\c18v3.46\pic18-lt\cxx-framework\src\traditional\startup\c018i.c
                       dK   0x0000de       data     extern C:\Users\KBV\Desktop\Docus\Automan\Automation Project\Firmware\18F4520 Fader\Motor Fader v6.2 18F4520 - Touch Test\PWM_routine.c
                 data_ptr   0x0000fd       data     static E:\c18v3.46\pic18-lt\cxx-framework\src\traditional\startup\c018i.c
                   fspeed   0x00011a       data     extern C:\Users\KBV\Desktop\Docus\Automan\Automation Project\Firmware\18F4520 Fader\Motor Fader v6.2 18F4520 - Touch Test\PWM_routine.c
                     gain   0x0000e2       data     extern C:\Users\KBV\Desktop\Docus\Automan\Automation Project\Firmware\18F4520 Fader\Motor Fader v6.2 18F4520 - Touch Test\PWM_routine.c
               iError_max   0x0000ec       data     extern C:\Users\KBV\Desktop\Docus\Automan\Automation Project\Firmware\18F4520 Fader\Motor Fader v6.2 18F4520 - Touch Test\PWM_routine.c
                       iK   0x0000da       data     extern C:\Users\KBV\Desktop\Docus\Automan\Automation Project\Firmware\18F4520 Fader\Motor Fader v6.2 18F4520 - Touch Test\PWM_routine.c
                   iKmult   0x0000e6       data     extern C:\Users\KBV\Desktop\Docus\Automan\Automation Project\Firmware\18F4520 Fader\Motor Fader v6.2 18F4520 - Touch Test\PWM_routine.c
                 inbuffer   0x000020       data     extern C:\Users\KBV\Desktop\Docus\Automan\Automation Project\Firmware\18F4520 Fader\Motor Fader v6.2 18F4520 - Touch Test\I2C_routine.c
                    index   0x00012c       data     extern C:\Users\KBV\Desktop\Docus\Automan\Automation Project\Firmware\18F4520 Fader\Motor Fader v6.2 18F4520 - Touch Test\I2C_routine.c
               lastiError   0x000118       data     extern C:\Users\KBV\Desktop\Docus\Automan\Automation Project\Firmware\18F4520 Fader\Motor Fader v6.2 18F4520 - Touch Test\PWM_routine.c
               lastpError   0x000116       data     extern C:\Users\KBV\Desktop\Docus\Automan\Automation Project\Firmware\18F4520 Fader\Motor Fader v6.2 18F4520 - Touch Test\PWM_routine.c
          localTouchSense   0x00012d       data     extern C:\Users\KBV\Desktop\Docus\Automan\Automation Project\Firmware\18F4520 Fader\Motor Fader v6.2 18F4520 - Touch Test\I2C_routine.c
                     lstP   0x000122       data     static C:\Users\KBV\Desktop\Docus\Automan\Automation Project\Firmware\18F4520 Fader\Motor Fader v6.2 18F4520 - Touch Test\PWM_routine.c
                   maxPWM   0x0000d4       data     extern C:\Users\KBV\Desktop\Docus\Automan\Automation Project\Firmware\18F4520 Fader\Motor Fader v6.2 18F4520 - Touch Test\PWM_routine.c
                outbuffer   0x000022       data     extern C:\Users\KBV\Desktop\Docus\Automan\Automation Project\Firmware\18F4520 Fader\Motor Fader v6.2 18F4520 - Touch Test\I2C_routine.c
                       pK   0x0000d6       data     extern C:\Users\KBV\Desktop\Docus\Automan\Automation Project\Firmware\18F4520 Fader\Motor Fader v6.2 18F4520 - Touch Test\PWM_routine.c
                     prom   0x0000f6       data     static E:\c18v3.46\pic18-lt\cxx-framework\src\traditional\startup\c018i.c
              touch_press   0x000128       data     extern C:\Users\KBV\Desktop\Docus\Automan\Automation Project\Firmware\18F4520 Fader\Motor Fader v6.2 18F4520 - Touch Test\SWITCHES_routine.c
                touch_rel   0x000126       data     extern C:\Users\KBV\Desktop\Docus\Automan\Automation Project\Firmware\18F4520 Fader\Motor Fader v6.2 18F4520 - Touch Test\SWITCHES_routine.c
                      xID   0x000109       data     extern C:\Users\KBV\Desktop\Docus\Automan\Automation Project\Firmware\18F4520 Fader\Motor Fader v6.2 18F4520 - Touch Test\main2.1.c



                              Symbols - Sorted by Address
                     Name    Address   Location    Storage File                     
                ---------  ---------  ---------  --------- ---------                
                   _entry   0x000000    program     extern E:\c18v3.46\pic18-lt\cxx-framework\src\traditional\startup\c018i.c
       ___return_lbl00000   0x000004    program     static                          
                   __init   0x000006    program     extern E:\c18v3.46\pic18-lt\cxx-framework\src\traditional\stdclib\__init.c
 interrupt_at_high_vector   0x000008    program     extern C:\Users\KBV\Desktop\Docus\Automan\Automation Project\Firmware\18F4520 Fader\Motor Fader v6.2 18F4520 - Touch Test\main2.1.c
       ___return_lbl00000   0x00000c    program     static                          
                  BusyADC   0x00000e    program     extern E:\c18v3.46\pic18-lt\cxx-framework\src\pmc_common\ADC\adcbusy.c
  interrupt_at_low_vector   0x000018    program     extern C:\Users\KBV\Desktop\Docus\Automan\Automation Project\Firmware\18F4520 Fader\Motor Fader v6.2 18F4520 - Touch Test\main2.1.c
       ___return_lbl00001   0x00001c    program     static                          
              HighISRCode   0x00001e    program     extern C:\Users\KBV\Desktop\Docus\Automan\Automation Project\Firmware\18F4520 Fader\Motor Fader v6.2 18F4520 - Touch Test\main2.1.c
               LowISRCode   0x0000c6    program     extern C:\Users\KBV\Desktop\Docus\Automan\Automation Project\Firmware\18F4520 Fader\Motor Fader v6.2 18F4520 - Touch Test\main2.1.c
      Calculate_Motor_PWM   0x0002d2    program     extern C:\Users\KBV\Desktop\Docus\Automan\Automation Project\Firmware\18F4520 Fader\Motor Fader v6.2 18F4520 - Touch Test\PWM_routine.c
             Handle_Fader   0x0005ba    program     extern C:\Users\KBV\Desktop\Docus\Automan\Automation Project\Firmware\18F4520 Fader\Motor Fader v6.2 18F4520 - Touch Test\PWM_routine.c
                Start_ADC   0x0007de    program     extern C:\Users\KBV\Desktop\Docus\Automan\Automation Project\Firmware\18F4520 Fader\Motor Fader v6.2 18F4520 - Touch Test\PWM_routine.c
                 Read_ADC   0x0007ec    program     extern C:\Users\KBV\Desktop\Docus\Automan\Automation Project\Firmware\18F4520 Fader\Motor Fader v6.2 18F4520 - Touch Test\PWM_routine.c
                 SetScale   0x0009c4    program     extern C:\Users\KBV\Desktop\Docus\Automan\Automation Project\Firmware\18F4520 Fader\Motor Fader v6.2 18F4520 - Touch Test\PWM_routine.c
                     main   0x000a4c    program     extern C:\Users\KBV\Desktop\Docus\Automan\Automation Project\Firmware\18F4520 Fader\Motor Fader v6.2 18F4520 - Touch Test\main2.1.c
                     Init   0x000acc    program     extern C:\Users\KBV\Desktop\Docus\Automan\Automation Project\Firmware\18F4520 Fader\Motor Fader v6.2 18F4520 - Touch Test\main2.1.c
               Init_Fader   0x000b64    program     extern C:\Users\KBV\Desktop\Docus\Automan\Automation Project\Firmware\18F4520 Fader\Motor Fader v6.2 18F4520 - Touch Test\main2.1.c
                 FLO3232U   0x000d30    program     extern E:\c18v3.46\pic18-lt\cxx-framework\src\traditional\math\cast32FP.asm
                 FLO3232S   0x000d34    program     extern E:\c18v3.46\pic18-lt\cxx-framework\src\traditional\math\cast32FP.asm
                jI2F32Beg   0x000d4c    program     static E:\c18v3.46\pic18-lt\cxx-framework\src\traditional\math\cast32FP.asm
                 FXD3232S   0x000d66    program     extern E:\c18v3.46\pic18-lt\cxx-framework\src\traditional\math\fxd3232s.asm
                  DA3232S   0x000d80    program     static E:\c18v3.46\pic18-lt\cxx-framework\src\traditional\math\fxd3232s.asm
                   D3232S   0x000d96    program     static E:\c18v3.46\pic18-lt\cxx-framework\src\traditional\math\fxd3232s.asm
                 D3232SOK   0x000da0    program     static E:\c18v3.46\pic18-lt\cxx-framework\src\traditional\math\fxd3232s.asm
                D3232SNEG   0x000da4    program     static E:\c18v3.46\pic18-lt\cxx-framework\src\traditional\math\fxd3232s.asm
                  D3232SX   0x000dc4    program     static E:\c18v3.46\pic18-lt\cxx-framework\src\traditional\math\fxd3232s.asm
                 FXM1616S   0x000dce    program     extern E:\c18v3.46\pic18-lt\cxx-framework\src\traditional\math\fxm1616s.asm
               TSIGN1616A   0x000e1a    program     static E:\c18v3.46\pic18-lt\cxx-framework\src\traditional\math\fxm1616s.asm
                 FXM1616U   0x000e28    program     extern E:\c18v3.46\pic18-lt\cxx-framework\src\traditional\math\fxm1616u.asm
                  INT3216   0x000e64    program     extern E:\c18v3.46\pic18-lt\cxx-framework\src\traditional\math\castFP16.asm
                     jMax   0x000e74    program     static E:\c18v3.46\pic18-lt\cxx-framework\src\traditional\math\castFP16.asm
                  jMaxPos   0x000e78    program     static E:\c18v3.46\pic18-lt\cxx-framework\src\traditional\math\castFP16.asm
                  jMaxNeg   0x000e82    program     static E:\c18v3.46\pic18-lt\cxx-framework\src\traditional\math\castFP16.asm
                    jZero   0x000e8a    program     static E:\c18v3.46\pic18-lt\cxx-framework\src\traditional\math\castFP16.asm
                  jNotInf   0x000e90    program     static E:\c18v3.46\pic18-lt\cxx-framework\src\traditional\math\castFP16.asm
                    jLoop   0x000ea0    program     static E:\c18v3.46\pic18-lt\cxx-framework\src\traditional\math\castFP16.asm
                jLoopExit   0x000eb0    program     static E:\c18v3.46\pic18-lt\cxx-framework\src\traditional\math\castFP16.asm
                    jExit   0x000ec0    program     static E:\c18v3.46\pic18-lt\cxx-framework\src\traditional\math\castFP16.asm
            __FpReturnNaN   0x000ec2    program     extern E:\c18v3.46\pic18-lt\cxx-framework\src\traditional\math\packFP.asm
                 __FpExit   0x000ece    program     extern E:\c18v3.46\pic18-lt\cxx-framework\src\traditional\math\packFP.asm
        __FpReturnSignInf   0x000ed0    program     extern E:\c18v3.46\pic18-lt\cxx-framework\src\traditional\math\packFP.asm
         __FpReturnNegInf   0x000ed4    program     extern E:\c18v3.46\pic18-lt\cxx-framework\src\traditional\math\packFP.asm
         __FpReturnPosInf   0x000eda    program     extern E:\c18v3.46\pic18-lt\cxx-framework\src\traditional\math\packFP.asm
           jReturnPosInf0   0x000ede    program     static E:\c18v3.46\pic18-lt\cxx-framework\src\traditional\math\packFP.asm
               jZero1and2   0x000ee2    program     static E:\c18v3.46\pic18-lt\cxx-framework\src\traditional\math\packFP.asm
       __FpReturnSignZero   0x000ee8    program     extern E:\c18v3.46\pic18-lt\cxx-framework\src\traditional\math\packFP.asm
        __FpReturnNegZero   0x000eec    program     extern E:\c18v3.46\pic18-lt\cxx-framework\src\traditional\math\packFP.asm
        __FpReturnPosZero   0x000ef4    program     extern E:\c18v3.46\pic18-lt\cxx-framework\src\traditional\math\packFP.asm
                 __FpPack   0x000efa    program     extern E:\c18v3.46\pic18-lt\cxx-framework\src\traditional\math\packFP.asm
                  jPkLoop   0x000f08    program     static E:\c18v3.46\pic18-lt\cxx-framework\src\traditional\math\packFP.asm
             jPkShiftDone   0x000f24    program     static E:\c18v3.46\pic18-lt\cxx-framework\src\traditional\math\packFP.asm
               jPkRoundIt   0x000f3a    program     static E:\c18v3.46\pic18-lt\cxx-framework\src\traditional\math\packFP.asm
             jPkRoundDone   0x000f52    program     static E:\c18v3.46\pic18-lt\cxx-framework\src\traditional\math\packFP.asm
              __FpReturnW   0x000f52    program     extern E:\c18v3.46\pic18-lt\cxx-framework\src\traditional\math\packFP.asm
              __FpUnPackA   0x000f72    program     extern E:\c18v3.46\pic18-lt\cxx-framework\src\traditional\math\UnpackFP.asm
                  jUnpkA1   0x000f7c    program     static E:\c18v3.46\pic18-lt\cxx-framework\src\traditional\math\UnpackFP.asm
                 jUnpkANZ   0x000f8a    program     static E:\c18v3.46\pic18-lt\cxx-framework\src\traditional\math\UnpackFP.asm
                  jUnpkA2   0x000f94    program     static E:\c18v3.46\pic18-lt\cxx-framework\src\traditional\math\UnpackFP.asm
                 jUnpkNaN   0x000f9e    program     static E:\c18v3.46\pic18-lt\cxx-framework\src\traditional\math\UnpackFP.asm
              __FpUnPackB   0x000fa2    program     extern E:\c18v3.46\pic18-lt\cxx-framework\src\traditional\math\UnpackFP.asm
                  jUnpkB1   0x000fac    program     static E:\c18v3.46\pic18-lt\cxx-framework\src\traditional\math\UnpackFP.asm
                 jUnpkBNZ   0x000fba    program     static E:\c18v3.46\pic18-lt\cxx-framework\src\traditional\math\UnpackFP.asm
                  jUnpkB2   0x000fc4    program     static E:\c18v3.46\pic18-lt\cxx-framework\src\traditional\math\UnpackFP.asm
  Update_LED_Display_Bits   0x000fce    program     extern C:\Users\KBV\Desktop\Docus\Automan\Automation Project\Firmware\18F4520 Fader\Motor Fader v6.2 18F4520 - Touch Test\LED_routine.c
       Update_LED_Display   0x001060    program     extern C:\Users\KBV\Desktop\Docus\Automan\Automation Project\Firmware\18F4520 Fader\Motor Fader v6.2 18F4520 - Touch Test\LED_routine.c
                SlideShow   0x001128    program     extern C:\Users\KBV\Desktop\Docus\Automan\Automation Project\Firmware\18F4520 Fader\Motor Fader v6.2 18F4520 - Touch Test\LED_routine.c
              Handle_LEDs   0x00119e    program     extern C:\Users\KBV\Desktop\Docus\Automan\Automation Project\Firmware\18F4520 Fader\Motor Fader v6.2 18F4520 - Touch Test\LED_routine.c
            Read_Switches   0x00123e    program     extern C:\Users\KBV\Desktop\Docus\Automan\Automation Project\Firmware\18F4520 Fader\Motor Fader v6.2 18F4520 - Touch Test\SWITCHES_routine.c
         Start_Scan_Touch   0x001392    program     extern C:\Users\KBV\Desktop\Docus\Automan\Automation Project\Firmware\18F4520 Fader\Motor Fader v6.2 18F4520 - Touch Test\SWITCHES_routine.c
               Scan_Touch   0x0013b4    program     extern C:\Users\KBV\Desktop\Docus\Automan\Automation Project\Firmware\18F4520 Fader\Motor Fader v6.2 18F4520 - Touch Test\SWITCHES_routine.c
                HandleI2C   0x001486    program     extern C:\Users\KBV\Desktop\Docus\Automan\Automation Project\Firmware\18F4520 Fader\Motor Fader v6.2 18F4520 - Touch Test\I2C_routine.c
               myWriteI2C   0x0015fa    program     extern C:\Users\KBV\Desktop\Docus\Automan\Automation Project\Firmware\18F4520 Fader\Motor Fader v6.2 18F4520 - Touch Test\I2C_routine.c
                  getData   0x001618    program     extern C:\Users\KBV\Desktop\Docus\Automan\Automation Project\Firmware\18F4520 Fader\Motor Fader v6.2 18F4520 - Touch Test\I2C_routine.c
                 setData1   0x00163a    program     extern C:\Users\KBV\Desktop\Docus\Automan\Automation Project\Firmware\18F4520 Fader\Motor Fader v6.2 18F4520 - Touch Test\I2C_routine.c
                 setData2   0x001650    program     extern C:\Users\KBV\Desktop\Docus\Automan\Automation Project\Firmware\18F4520 Fader\Motor Fader v6.2 18F4520 - Touch Test\I2C_routine.c
                _do_cinit   0x001666    program     extern E:\c18v3.46\pic18-lt\cxx-framework\src\traditional\startup\c018i.c
                     test   0x001680    program     static                          
                copy_loop   0x0016d8    program     static                          
            copy_one_byte   0x0016de    program     static                          
             done_copying   0x0016ec    program     static                          
                     done   0x001702    program     static                          
       ___return_lbl00002   0x001702    program     static                          
                 OpenPWM2   0x001704    program     extern E:\c18v3.46\pic18-lt\cxx-framework\src\pmc_common\PWM\pw2open.c
         ___else_lbl00002   0x001740    program     static                          
           ___if_lbl00001   0x001744    program     static                          
         ___else_lbl00004   0x00174e    program     static                          
           ___if_lbl00003   0x001750    program     static                          
       ___return_lbl00000   0x001762    program     static                          
                  FXM3232   0x00177a    program     extern E:\c18v3.46\pic18-lt\cxx-framework\src\traditional\math\fxm3232.c
       ___return_lbl00000   0x0017e8    program     static                          
                  OpenADC   0x0017ea    program     extern E:\c18v3.46\pic18-lt\cxx-framework\src\pmc_common\ADC\adcopen.c
                     fabs   0x001858    program     extern E:\c18v3.46\pic18-lt\cxx-framework\src\traditional\stdclib\fabs.c
                SetDCPWM2   0x0018be    program     extern E:\c18v3.46\pic18-lt\cxx-framework\src\pmc_common\PWM\pw2setdc.c
                SetDCPWM1   0x00191c    program     extern E:\c18v3.46\pic18-lt\cxx-framework\src\pmc_common\PWM\pw1setdc.c
                 FXD3232U   0x00197a    program     extern E:\c18v3.46\pic18-lt\cxx-framework\src\traditional\math\fxd3232u.c
                     loop   0x001988    program     static                          
                   _false   0x0019bc    program     static                          
       ___return_lbl00000   0x0019c0    program     static                          
               OpenTimer0   0x0019c2    program     extern E:\c18v3.46\pic18-lt\cxx-framework\src\pmc_common\Timers\t0open.c
               OpenTimer2   0x0019fa    program     extern E:\c18v3.46\pic18-lt\cxx-framework\src\pmc_common\Timers\t2open.c
                  OpenI2C   0x001a30    program     extern E:\c18v3.46\pic18-lt\cxx-framework\src\pmc_common\i2c\i2c_open.c
                 OpenPWM1   0x001a66    program     extern E:\c18v3.46\pic18-lt\cxx-framework\src\pmc_common\PWM\pw1open.c
[...]
                     DDRD   0x000f95       data     extern E:\c18v3.46\pic18-lt\cxx-framework\src\traditional\proc\p18f4520.asm
                TRISDbits   0x000f95       data     extern E:\c18v3.46\pic18-lt\cxx-framework\src\traditional\proc\p18f4520.asm
                    TRISD   0x000f95       data     extern E:\c18v3.46\pic18-lt\cxx-framework\src\traditional\proc\p18f4520.asm
                     DDRE   0x000f96       data     extern E:\c18v3.46\pic18-lt\cxx-framework\src\traditional\proc\p18f4520.asm
                 DDREbits   0x000f96       data     extern E:\c18v3.46\pic18-lt\cxx-framework\src\traditional\proc\p18f4520.asm
                    TRISE   0x000f96       data     extern E:\c18v3.46\pic18-lt\cxx-framework\src\traditional\proc\p18f4520.asm
                TRISEbits   0x000f96       data     extern E:\c18v3.46\pic18-lt\cxx-framework\src\traditional\proc\p18f4520.asm
                  OSCTUNE   0x000f9b       data     extern E:\c18v3.46\pic18-lt\cxx-framework\src\traditional\proc\p18f4520.asm
              OSCTUNEbits   0x000f9b       data     extern E:\c18v3.46\pic18-lt\cxx-framework\src\traditional\proc\p18f4520.asm
                     PIE1   0x000f9d       data     extern E:\c18v3.46\pic18-lt\cxx-framework\src\traditional\proc\p18f4520.asm
                 PIE1bits   0x000f9d       data     extern E:\c18v3.46\pic18-lt\cxx-framework\src\traditional\proc\p18f4520.asm
                     PIR1   0x000f9e       data     extern E:\c18v3.46\pic18-lt\cxx-framework\src\traditional\proc\p18f4520.asm
                 PIR1bits   0x000f9e       data     extern E:\c18v3.46\pic18-lt\cxx-framework\src\traditional\proc\p18f4520.asm
                     IPR1   0x000f9f       data     extern E:\c18v3.46\pic18-lt\cxx-framework\src\traditional\proc\p18f4520.asm
                 IPR1bits   0x000f9f       data     extern E:\c18v3.46\pic18-lt\cxx-framework\src\traditional\proc\p18f4520.asm
                     PIE2   0x000fa0       data     extern E:\c18v3.46\pic18-lt\cxx-framework\src\traditional\proc\p18f4520.asm
                 PIE2bits   0x000fa0       data     extern E:\c18v3.46\pic18-lt\cxx-framework\src\traditional\proc\p18f4520.asm
                     PIR2   0x000fa1       data     extern E:\c18v3.46\pic18-lt\cxx-framework\src\traditional\proc\p18f4520.asm
                 PIR2bits   0x000fa1       data     extern E:\c18v3.46\pic18-lt\cxx-framework\src\traditional\proc\p18f4520.asm
                 IPR2bits   0x000fa2       data     extern E:\c18v3.46\pic18-lt\cxx-framework\src\traditional\proc\p18f4520.asm
                     IPR2   0x000fa2       data     extern E:\c18v3.46\pic18-lt\cxx-framework\src\traditional\proc\p18f4520.asm
               EECON1bits   0x000fa6       data     extern E:\c18v3.46\pic18-lt\cxx-framework\src\traditional\proc\p18f4520.asm
                   EECON1   0x000fa6       data     extern E:\c18v3.46\pic18-lt\cxx-framework\src\traditional\proc\p18f4520.asm
                   EECON2   0x000fa7       data     extern E:\c18v3.46\pic18-lt\cxx-framework\src\traditional\proc\p18f4520.asm
                   EEDATA   0x000fa8       data     extern E:\c18v3.46\pic18-lt\cxx-framework\src\traditional\proc\p18f4520.asm
                    EEADR   0x000fa9       data     extern E:\c18v3.46\pic18-lt\cxx-framework\src\traditional\proc\p18f4520.asm
                    RCSTA   0x000fab       data     extern E:\c18v3.46\pic18-lt\cxx-framework\src\traditional\proc\p18f4520.asm
                RCSTAbits   0x000fab       data     extern E:\c18v3.46\pic18-lt\cxx-framework\src\traditional\proc\p18f4520.asm
                    TXSTA   0x000fac       data     extern E:\c18v3.46\pic18-lt\cxx-framework\src\traditional\proc\p18f4520.asm
                TXSTAbits   0x000fac       data     extern E:\c18v3.46\pic18-lt\cxx-framework\src\traditional\proc\p18f4520.asm
                    TXREG   0x000fad       data     extern E:\c18v3.46\pic18-lt\cxx-framework\src\traditional\proc\p18f4520.asm
                    RCREG   0x000fae       data     extern E:\c18v3.46\pic18-lt\cxx-framework\src\traditional\proc\p18f4520.asm
                    SPBRG   0x000faf       data     extern E:\c18v3.46\pic18-lt\cxx-framework\src\traditional\proc\p18f4520.asm
                   SPBRGH   0x000fb0       data     extern E:\c18v3.46\pic18-lt\cxx-framework\src\traditional\proc\p18f4520.asm
                    T3CON   0x000fb1       data     extern E:\c18v3.46\pic18-lt\cxx-framework\src\traditional\proc\p18f4520.asm
                T3CONbits   0x000fb1       data     extern E:\c18v3.46\pic18-lt\cxx-framework\src\traditional\proc\p18f4520.asm
                    TMR3L   0x000fb2       data     extern E:\c18v3.46\pic18-lt\cxx-framework\src\traditional\proc\p18f4520.asm
                    TMR3H   0x000fb3       data     extern E:\c18v3.46\pic18-lt\cxx-framework\src\traditional\proc\p18f4520.asm
                    CMCON   0x000fb4       data     extern E:\c18v3.46\pic18-lt\cxx-framework\src\traditional\proc\p18f4520.asm
                CMCONbits   0x000fb4       data     extern E:\c18v3.46\pic18-lt\cxx-framework\src\traditional\proc\p18f4520.asm
               CVRCONbits   0x000fb5       data     extern E:\c18v3.46\pic18-lt\cxx-framework\src\traditional\proc\p18f4520.asm
                   CVRCON   0x000fb5       data     extern E:\c18v3.46\pic18-lt\cxx-framework\src\traditional\proc\p18f4520.asm
                   ECCPAS   0x000fb6       data     extern E:\c18v3.46\pic18-lt\cxx-framework\src\traditional\proc\p18f4520.asm
               ECCPASbits   0x000fb6       data     extern E:\c18v3.46\pic18-lt\cxx-framework\src\traditional\proc\p18f4520.asm
              ECCP1ASbits   0x000fb6       data     extern E:\c18v3.46\pic18-lt\cxx-framework\src\traditional\proc\p18f4520.asm
                  ECCP1AS   0x000fb6       data     extern E:\c18v3.46\pic18-lt\cxx-framework\src\traditional\proc\p18f4520.asm
             ECCP1DELbits   0x000fb7       data     extern E:\c18v3.46\pic18-lt\cxx-framework\src\traditional\proc\p18f4520.asm
                 ECCP1DEL   0x000fb7       data     extern E:\c18v3.46\pic18-lt\cxx-framework\src\traditional\proc\p18f4520.asm
                  PWM1CON   0x000fb7       data     extern E:\c18v3.46\pic18-lt\cxx-framework\src\traditional\proc\p18f4520.asm
              PWM1CONbits   0x000fb7       data     extern E:\c18v3.46\pic18-lt\cxx-framework\src\traditional\proc\p18f4520.asm
                  BAUDCON   0x000fb8       data     extern E:\c18v3.46\pic18-lt\cxx-framework\src\traditional\proc\p18f4520.asm
              BAUDCONbits   0x000fb8       data     extern E:\c18v3.46\pic18-lt\cxx-framework\src\traditional\proc\p18f4520.asm
                  BAUDCTL   0x000fb8       data     extern E:\c18v3.46\pic18-lt\cxx-framework\src\traditional\proc\p18f4520.asm
              BAUDCTLbits   0x000fb8       data     extern E:\c18v3.46\pic18-lt\cxx-framework\src\traditional\proc\p18f4520.asm
              CCP2CONbits   0x000fba       data     extern E:\c18v3.46\pic18-lt\cxx-framework\src\traditional\proc\p18f4520.asm
                  CCP2CON   0x000fba       data     extern E:\c18v3.46\pic18-lt\cxx-framework\src\traditional\proc\p18f4520.asm
                   CCPR2L   0x000fbb       data     extern E:\c18v3.46\pic18-lt\cxx-framework\src\traditional\proc\p18f4520.asm
                    CCPR2   0x000fbb       data     extern E:\c18v3.46\pic18-lt\cxx-framework\src\traditional\proc\p18f4520.asm
                   CCPR2H   0x000fbc       data     extern E:\c18v3.46\pic18-lt\cxx-framework\src\traditional\proc\p18f4520.asm
              CCP1CONbits   0x000fbd       data     extern E:\c18v3.46\pic18-lt\cxx-framework\src\traditional\proc\p18f4520.asm
                  CCP1CON   0x000fbd       data     extern E:\c18v3.46\pic18-lt\cxx-framework\src\traditional\proc\p18f4520.asm
                    CCPR1   0x000fbe       data     extern E:\c18v3.46\pic18-lt\cxx-framework\src\traditional\proc\p18f4520.asm
                   CCPR1L   0x000fbe       data     extern E:\c18v3.46\pic18-lt\cxx-framework\src\traditional\proc\p18f4520.asm
                   CCPR1H   0x000fbf       data     extern E:\c18v3.46\pic18-lt\cxx-framework\src\traditional\proc\p18f4520.asm
                   ADCON2   0x000fc0       data     extern E:\c18v3.46\pic18-lt\cxx-framework\src\traditional\proc\p18f4520.asm
               ADCON2bits   0x000fc0       data     extern E:\c18v3.46\pic18-lt\cxx-framework\src\traditional\proc\p18f4520.asm
               ADCON1bits   0x000fc1       data     extern E:\c18v3.46\pic18-lt\cxx-framework\src\traditional\proc\p18f4520.asm
                   ADCON1   0x000fc1       data     extern E:\c18v3.46\pic18-lt\cxx-framework\src\traditional\proc\p18f4520.asm
                   ADCON0   0x000fc2       data     extern E:\c18v3.46\pic18-lt\cxx-framework\src\traditional\proc\p18f4520.asm
               ADCON0bits   0x000fc2       data     extern E:\c18v3.46\pic18-lt\cxx-framework\src\traditional\proc\p18f4520.asm
                    ADRES   0x000fc3       data     extern E:\c18v3.46\pic18-lt\cxx-framework\src\traditional\proc\p18f4520.asm
                   ADRESL   0x000fc3       data     extern E:\c18v3.46\pic18-lt\cxx-framework\src\traditional\proc\p18f4520.asm
                   ADRESH   0x000fc4       data     extern E:\c18v3.46\pic18-lt\cxx-framework\src\traditional\proc\p18f4520.asm
                  SSPCON2   0x000fc5       data     extern E:\c18v3.46\pic18-lt\cxx-framework\src\traditional\proc\p18f4520.asm
              SSPCON2bits   0x000fc5       data     extern E:\c18v3.46\pic18-lt\cxx-framework\src\traditional\proc\p18f4520.asm
                  SSPCON1   0x000fc6       data     extern E:\c18v3.46\pic18-lt\cxx-framework\src\traditional\proc\p18f4520.asm
              SSPCON1bits   0x000fc6       data     extern E:\c18v3.46\pic18-lt\cxx-framework\src\traditional\proc\p18f4520.asm
                  SSPSTAT   0x000fc7       data     extern E:\c18v3.46\pic18-lt\cxx-framework\src\traditional\proc\p18f4520.asm
              SSPSTATbits   0x000fc7       data     extern E:\c18v3.46\pic18-lt\cxx-framework\src\traditional\proc\p18f4520.asm
                   SSPADD   0x000fc8       data     extern E:\c18v3.46\pic18-lt\cxx-framework\src\traditional\proc\p18f4520.asm
                   SSPBUF   0x000fc9       data     extern E:\c18v3.46\pic18-lt\cxx-framework\src\traditional\proc\p18f4520.asm
                T2CONbits   0x000fca       data     extern E:\c18v3.46\pic18-lt\cxx-framework\src\traditional\proc\p18f4520.asm
                    T2CON   0x000fca       data     extern E:\c18v3.46\pic18-lt\cxx-framework\src\traditional\proc\p18f4520.asm
                      PR2   0x000fcb       data     extern E:\c18v3.46\pic18-lt\cxx-framework\src\traditional\proc\p18f4520.asm
                     TMR2   0x000fcc       data     extern E:\c18v3.46\pic18-lt\cxx-framework\src\traditional\proc\p18f4520.asm
                T1CONbits   0x000fcd       data     extern E:\c18v3.46\pic18-lt\cxx-framework\src\traditional\proc\p18f4520.asm
                    T1CON   0x000fcd       data     extern E:\c18v3.46\pic18-lt\cxx-framework\src\traditional\proc\p18f4520.asm
                    TMR1L   0x000fce       data     extern E:\c18v3.46\pic18-lt\cxx-framework\src\traditional\proc\p18f4520.asm
                    TMR1H   0x000fcf       data     extern E:\c18v3.46\pic18-lt\cxx-framework\src\traditional\proc\p18f4520.asm
                     RCON   0x000fd0       data     extern E:\c18v3.46\pic18-lt\cxx-framework\src\traditional\proc\p18f4520.asm
                 RCONbits   0x000fd0       data     extern E:\c18v3.46\pic18-lt\cxx-framework\src\traditional\proc\p18f4520.asm
                   WDTCON   0x000fd1       data     extern E:\c18v3.46\pic18-lt\cxx-framework\src\traditional\proc\p18f4520.asm
               WDTCONbits   0x000fd1       data     extern E:\c18v3.46\pic18-lt\cxx-framework\src\traditional\proc\p18f4520.asm
               LVDCONbits   0x000fd2       data     extern E:\c18v3.46\pic18-lt\cxx-framework\src\traditional\proc\p18f4520.asm
                  HLVDCON   0x000fd2       data     extern E:\c18v3.46\pic18-lt\cxx-framework\src\traditional\proc\p18f4520.asm
              HLVDCONbits   0x000fd2       data     extern E:\c18v3.46\pic18-lt\cxx-framework\src\traditional\proc\p18f4520.asm
                   LVDCON   0x000fd2       data     extern E:\c18v3.46\pic18-lt\cxx-framework\src\traditional\proc\p18f4520.asm
               OSCCONbits   0x000fd3       data     extern E:\c18v3.46\pic18-lt\cxx-framework\src\traditional\proc\p18f4520.asm
                   OSCCON   0x000fd3       data     extern E:\c18v3.46\pic18-lt\cxx-framework\src\traditional\proc\p18f4520.asm
                    T0CON   0x000fd5       data     extern E:\c18v3.46\pic18-lt\cxx-framework\src\traditional\proc\p18f4520.asm
                T0CONbits   0x000fd5       data     extern E:\c18v3.46\pic18-lt\cxx-framework\src\traditional\proc\p18f4520.asm
                    TMR0L   0x000fd6       data     extern E:\c18v3.46\pic18-lt\cxx-framework\src\traditional\proc\p18f4520.asm
                    TMR0H   0x000fd7       data     extern E:\c18v3.46\pic18-lt\cxx-framework\src\traditional\proc\p18f4520.asm
                   STATUS   0x000fd8       data     extern E:\c18v3.46\pic18-lt\cxx-framework\src\traditional\proc\p18f4520.asm
               STATUSbits   0x000fd8       data     extern E:\c18v3.46\pic18-lt\cxx-framework\src\traditional\proc\p18f4520.asm
                    FSR2L   0x000fd9       data     extern E:\c18v3.46\pic18-lt\cxx-framework\src\traditional\proc\p18f4520.asm
                     FSR2   0x000fd9       data     extern E:\c18v3.46\pic18-lt\cxx-framework\src\traditional\proc\p18f4520.asm
                    FSR2H   0x000fda       data     extern E:\c18v3.46\pic18-lt\cxx-framework\src\traditional\proc\p18f4520.asm
                   PLUSW2   0x000fdb       data     extern E:\c18v3.46\pic18-lt\cxx-framework\src\traditional\proc\p18f4520.asm
                  PREINC2   0x000fdc       data     extern E:\c18v3.46\pic18-lt\cxx-framework\src\traditional\proc\p18f4520.asm
                 POSTDEC2   0x000fdd       data     extern E:\c18v3.46\pic18-lt\cxx-framework\src\traditional\proc\p18f4520.asm
                 POSTINC2   0x000fde       data     extern E:\c18v3.46\pic18-lt\cxx-framework\src\traditional\proc\p18f4520.asm
                    INDF2   0x000fdf       data     extern E:\c18v3.46\pic18-lt\cxx-framework\src\traditional\proc\p18f4520.asm
                      BSR   0x000fe0       data     extern E:\c18v3.46\pic18-lt\cxx-framework\src\traditional\proc\p18f4520.asm
                     FSR1   0x000fe1       data     extern E:\c18v3.46\pic18-lt\cxx-framework\src\traditional\proc\p18f4520.asm
                    FSR1L   0x000fe1       data     extern E:\c18v3.46\pic18-lt\cxx-framework\src\traditional\proc\p18f4520.asm
                    FSR1H   0x000fe2       data     extern E:\c18v3.46\pic18-lt\cxx-framework\src\traditional\proc\p18f4520.asm
                   PLUSW1   0x000fe3       data     extern E:\c18v3.46\pic18-lt\cxx-framework\src\traditional\proc\p18f4520.asm
                  PREINC1   0x000fe4       data     extern E:\c18v3.46\pic18-lt\cxx-framework\src\traditional\proc\p18f4520.asm
                 POSTDEC1   0x000fe5       data     extern E:\c18v3.46\pic18-lt\cxx-framework\src\traditional\proc\p18f4520.asm
                 POSTINC1   0x000fe6       data     extern E:\c18v3.46\pic18-lt\cxx-framework\src\traditional\proc\p18f4520.asm
                    INDF1   0x000fe7       data     extern E:\c18v3.46\pic18-lt\cxx-framework\src\traditional\proc\p18f4520.asm
                        W   0x000fe8       data     extern E:\c18v3.46\pic18-lt\cxx-framework\src\traditional\proc\p18f4520.asm
                     WREG   0x000fe8       data     extern E:\c18v3.46\pic18-lt\cxx-framework\src\traditional\proc\p18f4520.asm
                    FSR0L   0x000fe9       data     extern E:\c18v3.46\pic18-lt\cxx-framework\src\traditional\proc\p18f4520.asm
                     FSR0   0x000fe9       data     extern E:\c18v3.46\pic18-lt\cxx-framework\src\traditional\proc\p18f4520.asm
                    FSR0H   0x000fea       data     extern E:\c18v3.46\pic18-lt\cxx-framework\src\traditional\proc\p18f4520.asm
                   PLUSW0   0x000feb       data     extern E:\c18v3.46\pic18-lt\cxx-framework\src\traditional\proc\p18f4520.asm
                  PREINC0   0x000fec       data     extern E:\c18v3.46\pic18-lt\cxx-framework\src\traditional\proc\p18f4520.asm
                 POSTDEC0   0x000fed       data     extern E:\c18v3.46\pic18-lt\cxx-framework\src\traditional\proc\p18f4520.asm
                 POSTINC0   0x000fee       data     extern E:\c18v3.46\pic18-lt\cxx-framework\src\traditional\proc\p18f4520.asm
                    INDF0   0x000fef       data     extern E:\c18v3.46\pic18-lt\cxx-framework\src\traditional\proc\p18f4520.asm
                  INTCON3   0x000ff0       data     extern E:\c18v3.46\pic18-lt\cxx-framework\src\traditional\proc\p18f4520.asm
              INTCON3bits   0x000ff0       data     extern E:\c18v3.46\pic18-lt\cxx-framework\src\traditional\proc\p18f4520.asm
              INTCON2bits   0x000ff1       data     extern E:\c18v3.46\pic18-lt\cxx-framework\src\traditional\proc\p18f4520.asm
                  INTCON2   0x000ff1       data     extern E:\c18v3.46\pic18-lt\cxx-framework\src\traditional\proc\p18f4520.asm
                   INTCON   0x000ff2       data     extern E:\c18v3.46\pic18-lt\cxx-framework\src\traditional\proc\p18f4520.asm
               INTCONbits   0x000ff2       data     extern E:\c18v3.46\pic18-lt\cxx-framework\src\traditional\proc\p18f4520.asm
                    PRODL   0x000ff3       data     extern E:\c18v3.46\pic18-lt\cxx-framework\src\traditional\proc\p18f4520.asm
                     PROD   0x000ff3       data     extern E:\c18v3.46\pic18-lt\cxx-framework\src\traditional\proc\p18f4520.asm
                    PRODH   0x000ff4       data     extern E:\c18v3.46\pic18-lt\cxx-framework\src\traditional\proc\p18f4520.asm
                   TABLAT   0x000ff5       data     extern E:\c18v3.46\pic18-lt\cxx-framework\src\traditional\proc\p18f4520.asm
                   TBLPTR   0x000ff6       data     extern E:\c18v3.46\pic18-lt\cxx-framework\src\traditional\proc\p18f4520.asm
                  TBLPTRL   0x000ff6       data     extern E:\c18v3.46\pic18-lt\cxx-framework\src\traditional\proc\p18f4520.asm
                  TBLPTRH   0x000ff7       data     extern E:\c18v3.46\pic18-lt\cxx-framework\src\traditional\proc\p18f4520.asm
                  TBLPTRU   0x000ff8       data     extern E:\c18v3.46\pic18-lt\cxx-framework\src\traditional\proc\p18f4520.asm
                      PCL   0x000ff9       data     extern E:\c18v3.46\pic18-lt\cxx-framework\src\traditional\proc\p18f4520.asm
                       PC   0x000ff9       data     extern E:\c18v3.46\pic18-lt\cxx-framework\src\traditional\proc\p18f4520.asm
                   PCLATH   0x000ffa       data     extern E:\c18v3.46\pic18-lt\cxx-framework\src\traditional\proc\p18f4520.asm
                   PCLATU   0x000ffb       data     extern E:\c18v3.46\pic18-lt\cxx-framework\src\traditional\proc\p18f4520.asm
               STKPTRbits   0x000ffc       data     extern E:\c18v3.46\pic18-lt\cxx-framework\src\traditional\proc\p18f4520.asm
                   STKPTR   0x000ffc       data     extern E:\c18v3.46\pic18-lt\cxx-framework\src\traditional\proc\p18f4520.asm
                      TOS   0x000ffd       data     extern E:\c18v3.46\pic18-lt\cxx-framework\src\traditional\proc\p18f4520.asm
                     TOSL   0x000ffd       data     extern E:\c18v3.46\pic18-lt\cxx-framework\src\traditional\proc\p18f4520.asm
                     TOSH   0x000ffe       data     extern E:\c18v3.46\pic18-lt\cxx-framework\src\traditional\proc\p18f4520.asm
                     TOSU   0x000fff       data     extern E:\c18v3.46\pic18-lt\cxx-framework\src\traditional\proc\p18f4520.asm


