MPLINK 4.48, Linker
Linker Map File - Created Mon Mar 16 13:35:03 2015

                                 Section Info
                  Section       Type    Address   Location Size(Bytes)
                ---------  ---------  ---------  ---------  ---------
               _entry_scn       code   0x000000    program   0x000006
           .code___init.o       code   0x000006    program   0x000002
              high_vector       code   0x000008    program   0x000006
          .code_adcbusy.o       code   0x00000e    program   0x00000a
               low_vector       code   0x000018    program   0x000350
                   .cinit    romdata   0x000368    program   0x00003e
          .code_main6.1.o       code   0x0003a6    program   0x0008b0
      .code_LED_routine.o       code   0x000c56    program   0x0007ba
      .code_PWM_routine.o       code   0x001410    program   0x00076a
                     PROG       code   0x001b7a    program   0x000516
 .code_SWITCHES_routine.o       code   0x002090    program   0x0003d6
               _cinit_scn       code   0x002466    program   0x00009e
          .code_pw2open.o       code   0x002504    program   0x000076
      .code_SPI_routine.o       code   0x00257a    program   0x000076
          .code_fxm3232.o       code   0x0025f0    program   0x000070
          .code_adcopen.o       code   0x002660    program   0x00006e
         .code_spi_open.o       code   0x0026ce    program   0x000068
             .code_fabs.o       code   0x002736    program   0x000066
         .code_pw2setdc.o       code   0x00279c    program   0x00005e
         .code_pw1setdc.o       code   0x0027fa    program   0x00005e
         .code_fxd3232u.o       code   0x002858    program   0x000048
           .code_t0open.o       code   0x0028a0    program   0x000038
           .code_t2open.o       code   0x0028d8    program   0x000036
          .code_pw1open.o       code   0x00290e    program   0x000030
         .code_adcsetch.o       code   0x00293e    program   0x00002e
                    .code       code   0x00296c    program   0x000020
             _startup_scn       code   0x00298c    program   0x00001c
         .code_fxd0808u.o       code   0x0029a8    program   0x00001c
          .code_adcconv.o       code   0x0029c4    program   0x000004
         .romdata_c018i.o    romdata   0x0029c8    program   0x000000
       .idata_pw2open.o_i    romdata   0x0029c8    program   0x000000
       .romdata_pw2open.o    romdata   0x0029c8    program   0x000000
      .idata_spi_open.o_i    romdata   0x0029c8    program   0x000000
      .romdata_spi_open.o    romdata   0x0029c8    program   0x000000
.romdata_SWITCHES_routine.o    romdata   0x0029c8    program   0x000000
        .idata_t0open.o_i    romdata   0x0029c8    program   0x000000
        .romdata_t0open.o    romdata   0x0029c8    program   0x000000
          .romdata_fabs.o    romdata   0x0029c8    program   0x000000
        .idata_t2open.o_i    romdata   0x0029c8    program   0x000000
        .romdata_t2open.o    romdata   0x0029c8    program   0x000000
        .romdata___init.o    romdata   0x0029c8    program   0x000000
      .romdata_adcsetch.o    romdata   0x0029c8    program   0x000000
      .idata_pw1setdc.o_i    romdata   0x0029c8    program   0x000000
      .romdata_pw1setdc.o    romdata   0x0029c8    program   0x000000
      .idata_pw2setdc.o_i    romdata   0x0029c8    program   0x000000
      .romdata_pw2setdc.o    romdata   0x0029c8    program   0x000000
       .romdata_adcconv.o    romdata   0x0029c8    program   0x000000
   .romdata_PWM_routine.o    romdata   0x0029c8    program   0x000000
       .romdata_adcbusy.o    romdata   0x0029c8    program   0x000000
      .romdata_fxd0808u.o    romdata   0x0029c8    program   0x000000
      .romdata_fxd3232u.o    romdata   0x0029c8    program   0x000000
   .romdata_SPI_routine.o    romdata   0x0029c8    program   0x000000
       .romdata_fxm3232.o    romdata   0x0029c8    program   0x000000
       .idata_main6.1.o_i    romdata   0x0029c8    program   0x000035
       .romdata_main6.1.o    romdata   0x0029c8    program   0x000000
       .romdata_adcopen.o    romdata   0x0029c8    program   0x000000
   .romdata_LED_routine.o    romdata   0x0029c8    program   0x000000
       .idata_pw1open.o_i    romdata   0x0029c8    program   0x000000
       .romdata_pw1open.o    romdata   0x0029c8    program   0x000000
          .idata_fabs.o_i    romdata   0x0029fd    program   0x000000
        .idata___init.o_i    romdata   0x0029fd    program   0x000000
         .idata_c018i.o_i    romdata   0x0029fd    program   0x000000
       .idata_adcbusy.o_i    romdata   0x0029fd    program   0x000000
.idata_SWITCHES_routine.o_i    romdata   0x0029fd    program   0x000002
       .idata_adcconv.o_i    romdata   0x0029fd    program   0x000000
      .idata_fxd0808u.o_i    romdata   0x0029fd    program   0x000000
      .idata_adcsetch.o_i    romdata   0x0029fd    program   0x000000
      .idata_fxd3232u.o_i    romdata   0x0029fd    program   0x000000
       .idata_fxm3232.o_i    romdata   0x0029fd    program   0x000000
       .idata_adcopen.o_i    romdata   0x0029fd    program   0x000000
   .idata_SPI_routine.o_i    romdata   0x0029ff    program   0x000002
   .idata_PWM_routine.o_i    romdata   0x002a01    program   0x000028
   .idata_LED_routine.o_i    romdata   0x002a29    program   0x00004a
            .code_c018i.o       code   0x002a74    program   0x000000
 .config_300003_main6.1.o    romdata   0x300003    program   0x000001
          volatile_access      udata   0x000000       data   0x000020
                 .tmpdata      udata   0x000020       data   0x000018
                MATH_DATA      udata   0x000038       data   0x000014
           LowISRCode_tmp      udata   0x00004c       data   0x000002
          HighISRCode_tmp      udata   0x00004e       data   0x000002
     .idata_LED_routine.o      idata   0x000080       data   0x00004a
         .idata_main6.1.o      idata   0x0000ca       data   0x000035
         .idata_adcopen.o      idata   0x0000ff       data   0x000000
         .udata_pw1open.o      udata   0x0000ff       data   0x000000
         .idata_pw1open.o      idata   0x0000ff       data   0x000000
         .udata_pw2open.o      udata   0x0000ff       data   0x000000
         .idata_pw2open.o      idata   0x0000ff       data   0x000000
        .udata_spi_open.o      udata   0x0000ff       data   0x000000
        .idata_spi_open.o      idata   0x0000ff       data   0x000000
          .udata_t0open.o      udata   0x0000ff       data   0x000000
          .idata_t0open.o      idata   0x0000ff       data   0x000000
          .udata_t2open.o      udata   0x0000ff       data   0x000000
          .idata_t2open.o      idata   0x0000ff       data   0x000000
            .idata_fabs.o      idata   0x0000ff       data   0x000000
            .udata_fabs.o      udata   0x0000ff       data   0x000000
          .idata___init.o      idata   0x0000ff       data   0x000000
        .udata_adcsetch.o      udata   0x0000ff       data   0x000000
        .idata_adcsetch.o      idata   0x0000ff       data   0x000000
        .udata_pw1setdc.o      udata   0x0000ff       data   0x000000
        .idata_pw1setdc.o      idata   0x0000ff       data   0x000000
        .udata_pw2setdc.o      udata   0x0000ff       data   0x000000
          .udata___init.o      udata   0x0000ff       data   0x000000
        .idata_pw2setdc.o      idata   0x0000ff       data   0x000000
     .udata_LED_routine.o      udata   0x0000ff       data   0x000000
     .udata_SPI_routine.o      udata   0x0000ff       data   0x000000
           .idata_c018i.o      idata   0x0000ff       data   0x000000
         .udata_adcbusy.o      udata   0x0000ff       data   0x000000
         .idata_adcbusy.o      idata   0x0000ff       data   0x000000
         .udata_adcconv.o      udata   0x0000ff       data   0x000000
         .idata_adcconv.o      idata   0x0000ff       data   0x000000
        .udata_fxd0808u.o      udata   0x0000ff       data   0x000000
        .idata_fxd0808u.o      idata   0x0000ff       data   0x000000
        .udata_fxd3232u.o      udata   0x0000ff       data   0x000000
        .idata_fxd3232u.o      idata   0x0000ff       data   0x000000
         .udata_fxm3232.o      udata   0x0000ff       data   0x000000
         .idata_fxm3232.o      idata   0x0000ff       data   0x000000
         .udata_adcopen.o      udata   0x0000ff       data   0x000000
     .idata_PWM_routine.o      idata   0x000100       data   0x000028
         .udata_main6.1.o      udata   0x000128       data   0x000012
     .udata_PWM_routine.o      udata   0x00013a       data   0x000012
           .udata_c018i.o      udata   0x00014c       data   0x00000a
.udata_SWITCHES_routine.o      udata   0x000156       data   0x000004
.idata_SWITCHES_routine.o      idata   0x00015a       data   0x000002
     .idata_SPI_routine.o      idata   0x00015c       data   0x000002
                   .stack      udata   0x000500       data   0x000100
            SFR_UNBANKED0      udata   0x000f80       data   0x000080



                              Program Memory Usage 
                               Start         End      
                           ---------   ---------      
                            0x000000    0x002a72      
                            0x300003    0x300003      
            10868 out of 33048 program addresses used, program memory utilization is 32%



                              Symbols - Sorted by Name
                     Name    Address   Location    Storage File                     
                ---------  ---------  ---------  --------- ---------                
                  BusyADC   0x00000e    program     extern E:\c18v3.46\pic18-lt\cxx-framework\src\pmc_common\ADC\adcbusy.c
      Calculate_Motor_PWM   0x001410    program     extern C:\Users\Pelle\Documents\Docus\Automan\Automation Project\Firmware\18F4520 Fader\Motor Fader v6.2 18F4520 - Touch Test\PWM_routine.c
     Calculate_dB_Display   0x000f34    program     extern C:\Users\Pelle\Documents\Docus\Automan\Automation Project\Firmware\18F4520 Fader\Motor Fader v6.2 18F4520 - Touch Test\LED_routine.c
               ConvertADC   0x0029c4    program     extern E:\c18v3.46\pic18-lt\cxx-framework\src\pmc_common\ADC\adcconv.c
                   D3232S   0x001e12    program     static E:\c18v3.46\pic18-lt\cxx-framework\src\traditional\math\fxd3232s.asm
                D3232SNEG   0x001e20    program     static E:\c18v3.46\pic18-lt\cxx-framework\src\traditional\math\fxd3232s.asm
                 D3232SOK   0x001e1c    program     static E:\c18v3.46\pic18-lt\cxx-framework\src\traditional\math\fxd3232s.asm
                  D3232SX   0x001e40    program     static E:\c18v3.46\pic18-lt\cxx-framework\src\traditional\math\fxd3232s.asm
                  DA3232S   0x001dfc    program     static E:\c18v3.46\pic18-lt\cxx-framework\src\traditional\math\fxd3232s.asm
                 FLO1632S   0x001b7e    program     extern E:\c18v3.46\pic18-lt\cxx-framework\src\traditional\math\cast16FP.asm
                 FLO1632U   0x001b7a    program     extern E:\c18v3.46\pic18-lt\cxx-framework\src\traditional\math\cast16FP.asm
                 FLO3232S   0x001ba8    program     extern E:\c18v3.46\pic18-lt\cxx-framework\src\traditional\math\cast32FP.asm
                 FLO3232U   0x001ba4    program     extern E:\c18v3.46\pic18-lt\cxx-framework\src\traditional\math\cast32FP.asm
                    FPA32   0x001bdc    program     extern E:\c18v3.46\pic18-lt\cxx-framework\src\traditional\math\addFP.asm
                    FPM32   0x001d08    program     extern E:\c18v3.46\pic18-lt\cxx-framework\src\traditional\math\mulFP.asm
                    FPS32   0x001bda    program     extern E:\c18v3.46\pic18-lt\cxx-framework\src\traditional\math\addFP.asm
                 FXD0808U   0x0029a8    program     extern E:\c18v3.46\pic18-lt\cxx-framework\src\traditional\math\fxd0808u.c
                 FXD3232S   0x001de2    program     extern E:\c18v3.46\pic18-lt\cxx-framework\src\traditional\math\fxd3232s.asm
                 FXD3232U   0x002858    program     extern E:\c18v3.46\pic18-lt\cxx-framework\src\traditional\math\fxd3232u.c
                  FXM3232   0x0025f0    program     extern E:\c18v3.46\pic18-lt\cxx-framework\src\traditional\math\fxm3232.c
             Handle_Fader   0x001684    program     extern C:\Users\Pelle\Documents\Docus\Automan\Automation Project\Firmware\18F4520 Fader\Motor Fader v6.2 18F4520 - Touch Test\PWM_routine.c
              Handle_LEDs   0x000e54    program     extern C:\Users\Pelle\Documents\Docus\Automan\Automation Project\Firmware\18F4520 Fader\Motor Fader v6.2 18F4520 - Touch Test\LED_routine.c
              HighISRCode   0x00001e    program     extern C:\Users\Pelle\Documents\Docus\Automan\Automation Project\Firmware\18F4520 Fader\Motor Fader v6.2 18F4520 - Touch Test\main6.1.c
                  INT3216   0x001e4a    program     extern E:\c18v3.46\pic18-lt\cxx-framework\src\traditional\math\castFP16.asm
                     Init   0x0006d0    program     extern C:\Users\Pelle\Documents\Docus\Automan\Automation Project\Firmware\18F4520 Fader\Motor Fader v6.2 18F4520 - Touch Test\main6.1.c
               Init_Fader   0x0008d8    program     extern C:\Users\Pelle\Documents\Docus\Automan\Automation Project\Firmware\18F4520 Fader\Motor Fader v6.2 18F4520 - Touch Test\main6.1.c
               LowISRCode   0x0001de    program     extern C:\Users\Pelle\Documents\Docus\Automan\Automation Project\Firmware\18F4520 Fader\Motor Fader v6.2 18F4520 - Touch Test\main6.1.c
                  OpenADC   0x002660    program     extern E:\c18v3.46\pic18-lt\cxx-framework\src\pmc_common\ADC\adcopen.c
                 OpenPWM1   0x00290e    program     extern E:\c18v3.46\pic18-lt\cxx-framework\src\pmc_common\PWM\pw1open.c
         OpenPWM1ConfigIO   0x00293a    program     extern E:\c18v3.46\pic18-lt\cxx-framework\src\pmc_common\PWM\pw1open.c
                 OpenPWM2   0x002504    program     extern E:\c18v3.46\pic18-lt\cxx-framework\src\pmc_common\PWM\pw2open.c
                  OpenSPI   0x0026ce    program     extern E:\c18v3.46\pic18-lt\cxx-framework\src\pmc_common\SPI\spi_open.c
               OpenTimer0   0x0028a0    program     extern E:\c18v3.46\pic18-lt\cxx-framework\src\pmc_common\Timers\t0open.c
               OpenTimer2   0x0028d8    program     extern E:\c18v3.46\pic18-lt\cxx-framework\src\pmc_common\Timers\t2open.c
               ReadEEPROM   0x000bfe    program     extern C:\Users\Pelle\Documents\Docus\Automan\Automation Project\Firmware\18F4520 Fader\Motor Fader v6.2 18F4520 - Touch Test\main6.1.c
                 Read_ADC   0x00191a    program     extern C:\Users\Pelle\Documents\Docus\Automan\Automation Project\Firmware\18F4520 Fader\Motor Fader v6.2 18F4520 - Touch Test\PWM_routine.c
                 Read_SPI   0x00257a    program     extern C:\Users\Pelle\Documents\Docus\Automan\Automation Project\Firmware\18F4520 Fader\Motor Fader v6.2 18F4520 - Touch Test\SPI_routine.c
            Read_Switches   0x002090    program     extern C:\Users\Pelle\Documents\Docus\Automan\Automation Project\Firmware\18F4520 Fader\Motor Fader v6.2 18F4520 - Touch Test\SWITCHES_routine.c
               Scan_Touch   0x002336    program     extern C:\Users\Pelle\Documents\Docus\Automan\Automation Project\Firmware\18F4520 Fader\Motor Fader v6.2 18F4520 - Touch Test\SWITCHES_routine.c
               SetChanADC   0x00293e    program     extern E:\c18v3.46\pic18-lt\cxx-framework\src\pmc_common\ADC\adcsetch.c
                SetDCPWM1   0x0027fa    program     extern E:\c18v3.46\pic18-lt\cxx-framework\src\pmc_common\PWM\pw1setdc.c
                SetDCPWM2   0x00279c    program     extern E:\c18v3.46\pic18-lt\cxx-framework\src\pmc_common\PWM\pw2setdc.c
                 SetScale   0x001af2    program     extern C:\Users\Pelle\Documents\Docus\Automan\Automation Project\Firmware\18F4520 Fader\Motor Fader v6.2 18F4520 - Touch Test\PWM_routine.c
                SlideShow   0x000e06    program     extern C:\Users\Pelle\Documents\Docus\Automan\Automation Project\Firmware\18F4520 Fader\Motor Fader v6.2 18F4520 - Touch Test\LED_routine.c
                Start_ADC   0x00190c    program     extern C:\Users\Pelle\Documents\Docus\Automan\Automation Project\Firmware\18F4520 Fader\Motor Fader v6.2 18F4520 - Touch Test\PWM_routine.c
         Start_Scan_Touch   0x002314    program     extern C:\Users\Pelle\Documents\Docus\Automan\Automation Project\Firmware\18F4520 Fader\Motor Fader v6.2 18F4520 - Touch Test\SWITCHES_routine.c
                  TAEQB32   0x001ea8    program     extern E:\c18v3.46\pic18-lt\cxx-framework\src\traditional\math\eqFP.asm
                  TAGTB32   0x001eb6    program     extern E:\c18v3.46\pic18-lt\cxx-framework\src\traditional\math\gtFP.asm
                  TALTB32   0x001ec8    program     extern E:\c18v3.46\pic18-lt\cxx-framework\src\traditional\math\ltFP.asm
       Update_LED_Display   0x000cda    program     extern C:\Users\Pelle\Documents\Docus\Automan\Automation Project\Firmware\18F4520 Fader\Motor Fader v6.2 18F4520 - Touch Test\LED_routine.c
  Update_LED_Display_Bits   0x000c56    program     extern C:\Users\Pelle\Documents\Docus\Automan\Automation Project\Firmware\18F4520 Fader\Motor Fader v6.2 18F4520 - Touch Test\LED_routine.c
 Update_LED_Display_Group   0x000da8    program     extern C:\Users\Pelle\Documents\Docus\Automan\Automation Project\Firmware\18F4520 Fader\Motor Fader v6.2 18F4520 - Touch Test\LED_routine.c
              WriteEEPROM   0x000c24    program     extern C:\Users\Pelle\Documents\Docus\Automan\Automation Project\Firmware\18F4520 Fader\Motor Fader v6.2 18F4520 - Touch Test\main6.1.c
                Write_SPI   0x002592    program     extern C:\Users\Pelle\Documents\Docus\Automan\Automation Project\Firmware\18F4520 Fader\Motor Fader v6.2 18F4520 - Touch Test\SPI_routine.c
              __FpCompare   0x001eda    program     extern E:\c18v3.46\pic18-lt\cxx-framework\src\traditional\math\compFP.asm
                 __FpExit   0x001f90    program     extern E:\c18v3.46\pic18-lt\cxx-framework\src\traditional\math\packFP.asm
                 __FpPack   0x001fbc    program     extern E:\c18v3.46\pic18-lt\cxx-framework\src\traditional\math\packFP.asm
            __FpReturnNaN   0x001f84    program     extern E:\c18v3.46\pic18-lt\cxx-framework\src\traditional\math\packFP.asm
         __FpReturnNegInf   0x001f96    program     extern E:\c18v3.46\pic18-lt\cxx-framework\src\traditional\math\packFP.asm
        __FpReturnNegZero   0x001fae    program     extern E:\c18v3.46\pic18-lt\cxx-framework\src\traditional\math\packFP.asm
         __FpReturnPosInf   0x001f9c    program     extern E:\c18v3.46\pic18-lt\cxx-framework\src\traditional\math\packFP.asm
        __FpReturnPosZero   0x001fb6    program     extern E:\c18v3.46\pic18-lt\cxx-framework\src\traditional\math\packFP.asm
        __FpReturnSignInf   0x001f92    program     extern E:\c18v3.46\pic18-lt\cxx-framework\src\traditional\math\packFP.asm
       __FpReturnSignZero   0x001faa    program     extern E:\c18v3.46\pic18-lt\cxx-framework\src\traditional\math\packFP.asm
              __FpReturnW   0x002014    program     extern E:\c18v3.46\pic18-lt\cxx-framework\src\traditional\math\packFP.asm
              __FpUnPackA   0x002034    program     extern E:\c18v3.46\pic18-lt\cxx-framework\src\traditional\math\UnpackFP.asm
              __FpUnPackB   0x002064    program     extern E:\c18v3.46\pic18-lt\cxx-framework\src\traditional\math\UnpackFP.asm
         ___else_lbl00002   0x002540    program     static                          
         ___else_lbl00004   0x00254e    program     static                          
           ___if_lbl00001   0x002544    program     static                          
           ___if_lbl00003   0x002550    program     static                          
       ___return_lbl00000   0x0029c2    program     static                          
       ___return_lbl00000   0x00000c    program     static                          
       ___return_lbl00000   0x00265e    program     static                          
       ___return_lbl00000   0x002562    program     static                          
       ___return_lbl00000   0x000004    program     static                          
       ___return_lbl00000   0x00289e    program     static                          
       ___return_lbl00001   0x0029a6    program     static                          
       ___return_lbl00001   0x00001c    program     static                          
       ___return_lbl00002   0x002502    program     static                          
               __config_0   0x300003    program     static C:\Users\Pelle\Documents\Docus\Automan\Automation Project\Firmware\18F4520 Fader\Motor Fader v6.2 18F4520 - Touch Test\main6.1.c
                   __init   0x000006    program     extern E:\c18v3.46\pic18-lt\cxx-framework\src\traditional\stdclib\__init.c
            __zero_memory   0x00296c    program     extern E:\c18v3.46\pic18-lt\cxx-framework\src\traditional\proc\p18f4520.asm
                _do_cinit   0x002466    program     extern E:\c18v3.46\pic18-lt\cxx-framework\src\traditional\startup\c018i.c
                   _entry   0x000000    program     extern E:\c18v3.46\pic18-lt\cxx-framework\src\traditional\startup\c018i.c
                   _false   0x00289a    program     static                          
                 _startup   0x00298c    program     extern E:\c18v3.46\pic18-lt\cxx-framework\src\traditional\startup\c018i.c
                compare_l   0x002982    program     static E:\c18v3.46\pic18-lt\cxx-framework\src\traditional\proc\p18f4520.asm
                copy_loop   0x0024d8    program     static                          
            copy_one_byte   0x0024de    program     static                          
                     done   0x002502    program     static                          
             done_copying   0x0024ec    program     static                          
                  endloop   0x0029be    program     static                          
                     fabs   0x002736    program     extern E:\c18v3.46\pic18-lt\cxx-framework\src\traditional\stdclib\fabs.c
                  getData   0x0025a2    program     extern C:\Users\Pelle\Documents\Docus\Automan\Automation Project\Firmware\18F4520 Fader\Motor Fader v6.2 18F4520 - Touch Test\SPI_routine.c
 interrupt_at_high_vector   0x000008    program     extern C:\Users\Pelle\Documents\Docus\Automan\Automation Project\Firmware\18F4520 Fader\Motor Fader v6.2 18F4520 - Touch Test\main6.1.c
  interrupt_at_low_vector   0x000018    program     extern C:\Users\Pelle\Documents\Docus\Automan\Automation Project\Firmware\18F4520 Fader\Motor Fader v6.2 18F4520 - Touch Test\main6.1.c
                 jANotInf   0x001d26    program     static E:\c18v3.46\pic18-lt\cxx-framework\src\traditional\math\mulFP.asm
                 jANotInf   0x001c04    program     static E:\c18v3.46\pic18-lt\cxx-framework\src\traditional\math\addFP.asm
                 jANotNeg   0x001c98    program     static E:\c18v3.46\pic18-lt\cxx-framework\src\traditional\math\addFP.asm
              jAandWsetup   0x001c68    program     static E:\c18v3.46\pic18-lt\cxx-framework\src\traditional\math\addFP.asm
                  jAisNeg   0x001f56    program     static E:\c18v3.46\pic18-lt\cxx-framework\src\traditional\math\compFP.asm
                 jAltBexp   0x001c56    program     static E:\c18v3.46\pic18-lt\cxx-framework\src\traditional\math\addFP.asm
                jBANotInf   0x001bfa    program     static E:\c18v3.46\pic18-lt\cxx-framework\src\traditional\math\addFP.asm
                 jBNotInf   0x001c12    program     static E:\c18v3.46\pic18-lt\cxx-framework\src\traditional\math\addFP.asm
              jBothFinite   0x001d34    program     static E:\c18v3.46\pic18-lt\cxx-framework\src\traditional\math\mulFP.asm
             jBothNotZero   0x001ef8    program     static E:\c18v3.46\pic18-lt\cxx-framework\src\traditional\math\compFP.asm
             jBothNotZero   0x001d40    program     static E:\c18v3.46\pic18-lt\cxx-framework\src\traditional\math\mulFP.asm
            jDifOrPosSign   0x001c26    program     static E:\c18v3.46\pic18-lt\cxx-framework\src\traditional\math\addFP.asm
                      jEQ   0x001f14    program     static E:\c18v3.46\pic18-lt\cxx-framework\src\traditional\math\compFP.asm
                    jExch   0x001f20    program     static E:\c18v3.46\pic18-lt\cxx-framework\src\traditional\math\compFP.asm
                    jExit   0x001ea6    program     static E:\c18v3.46\pic18-lt\cxx-framework\src\traditional\math\castFP16.asm
                   jExpEQ   0x001f66    program     static E:\c18v3.46\pic18-lt\cxx-framework\src\traditional\math\compFP.asm
                   jFinal   0x001f4a    program     static E:\c18v3.46\pic18-lt\cxx-framework\src\traditional\math\compFP.asm
               jFinalSign   0x001d00    program     static E:\c18v3.46\pic18-lt\cxx-framework\src\traditional\math\addFP.asm
                jHaveZero   0x001d3c    program     static E:\c18v3.46\pic18-lt\cxx-framework\src\traditional\math\mulFP.asm
                jI2F16Beg   0x001b8e    program     static E:\c18v3.46\pic18-lt\cxx-framework\src\traditional\math\cast16FP.asm
                jI2F32Beg   0x001bc0    program     static E:\c18v3.46\pic18-lt\cxx-framework\src\traditional\math\cast32FP.asm
                    jLoop   0x001e86    program     static E:\c18v3.46\pic18-lt\cxx-framework\src\traditional\math\castFP16.asm
                jLoopExit   0x001e96    program     static E:\c18v3.46\pic18-lt\cxx-framework\src\traditional\math\castFP16.asm
                     jMax   0x001e5a    program     static E:\c18v3.46\pic18-lt\cxx-framework\src\traditional\math\castFP16.asm
                  jMaxNeg   0x001e68    program     static E:\c18v3.46\pic18-lt\cxx-framework\src\traditional\math\castFP16.asm
                  jMaxPos   0x001e5e    program     static E:\c18v3.46\pic18-lt\cxx-framework\src\traditional\math\castFP16.asm
                      jNE   0x001f18    program     static E:\c18v3.46\pic18-lt\cxx-framework\src\traditional\math\compFP.asm
                  jNoExch   0x001f40    program     static E:\c18v3.46\pic18-lt\cxx-framework\src\traditional\math\compFP.asm
             jNotBothZero   0x001c2a    program     static E:\c18v3.46\pic18-lt\cxx-framework\src\traditional\math\addFP.asm
                  jNotInf   0x001e76    program     static E:\c18v3.46\pic18-lt\cxx-framework\src\traditional\math\castFP16.asm
                  jPkLoop   0x001fca    program     static E:\c18v3.46\pic18-lt\cxx-framework\src\traditional\math\packFP.asm
             jPkRoundDone   0x002014    program     static E:\c18v3.46\pic18-lt\cxx-framework\src\traditional\math\packFP.asm
               jPkRoundIt   0x001ffc    program     static E:\c18v3.46\pic18-lt\cxx-framework\src\traditional\math\packFP.asm
             jPkShiftDone   0x001fe6    program     static E:\c18v3.46\pic18-lt\cxx-framework\src\traditional\math\packFP.asm
           jReturnPosInf0   0x001fa0    program     static E:\c18v3.46\pic18-lt\cxx-framework\src\traditional\math\packFP.asm
                  jRotate   0x001f72    program     static E:\c18v3.46\pic18-lt\cxx-framework\src\traditional\math\compFP.asm
                   jShift   0x001f5c    program     static E:\c18v3.46\pic18-lt\cxx-framework\src\traditional\math\compFP.asm
               jShiftDone   0x001cc0    program     static E:\c18v3.46\pic18-lt\cxx-framework\src\traditional\math\addFP.asm
               jShiftLoop   0x001cb2    program     static E:\c18v3.46\pic18-lt\cxx-framework\src\traditional\math\addFP.asm
                jSignDone   0x001cf0    program     static E:\c18v3.46\pic18-lt\cxx-framework\src\traditional\math\addFP.asm
                 jSignsEQ   0x001efc    program     static E:\c18v3.46\pic18-lt\cxx-framework\src\traditional\math\compFP.asm
                  jUnpkA1   0x00203e    program     static E:\c18v3.46\pic18-lt\cxx-framework\src\traditional\math\UnpackFP.asm
                  jUnpkA2   0x002056    program     static E:\c18v3.46\pic18-lt\cxx-framework\src\traditional\math\UnpackFP.asm
                 jUnpkANZ   0x00204c    program     static E:\c18v3.46\pic18-lt\cxx-framework\src\traditional\math\UnpackFP.asm
                  jUnpkB1   0x00206e    program     static E:\c18v3.46\pic18-lt\cxx-framework\src\traditional\math\UnpackFP.asm
                  jUnpkB2   0x002086    program     static E:\c18v3.46\pic18-lt\cxx-framework\src\traditional\math\UnpackFP.asm
                 jUnpkBNZ   0x00207c    program     static E:\c18v3.46\pic18-lt\cxx-framework\src\traditional\math\UnpackFP.asm
                 jUnpkNaN   0x002060    program     static E:\c18v3.46\pic18-lt\cxx-framework\src\traditional\math\UnpackFP.asm
                 jWNotNeg   0x001cac    program     static E:\c18v3.46\pic18-lt\cxx-framework\src\traditional\math\addFP.asm
                    jZero   0x001e70    program     static E:\c18v3.46\pic18-lt\cxx-framework\src\traditional\math\castFP16.asm
               jZero1and2   0x001fa4    program     static E:\c18v3.46\pic18-lt\cxx-framework\src\traditional\math\packFP.asm
                     loop   0x00299c    program     static                          
                     loop   0x002866    program     static                          
                     loop   0x0029b0    program     static                          
                   loop_h   0x00297a    program     static E:\c18v3.46\pic18-lt\cxx-framework\src\traditional\proc\p18f4520.asm
                   loop_l   0x002984    program     static E:\c18v3.46\pic18-lt\cxx-framework\src\traditional\proc\p18f4520.asm
                     main   0x0003a6    program     extern C:\Users\Pelle\Documents\Docus\Automan\Automation Project\Firmware\18F4520 Fader\Motor Fader v6.2 18F4520 - Touch Test\main6.1.c
                 setData1   0x0025c4    program     extern C:\Users\Pelle\Documents\Docus\Automan\Automation Project\Firmware\18F4520 Fader\Motor Fader v6.2 18F4520 - Touch Test\SPI_routine.c
                 setData2   0x0025da    program     extern C:\Users\Pelle\Documents\Docus\Automan\Automation Project\Firmware\18F4520 Fader\Motor Fader v6.2 18F4520 - Touch Test\SPI_routine.c
                     test   0x002480    program     static                          
             unpackBuffer   0x0007ee    program     extern C:\Users\Pelle\Documents\Docus\Automan\Automation Project\Firmware\18F4520 Fader\Motor Fader v6.2 18F4520 - Touch Test\main6.1.c
               zero_block   0x00297a    program     static E:\c18v3.46\pic18-lt\cxx-framework\src\traditional\proc\p18f4520.asm
                   ADCON0   0x000fc2       data     extern E:\c18v3.46\pic18-lt\cxx-framework\src\traditional\proc\p18f4520.asm
               ADCON0bits   0x000fc2       data     extern E:\c18v3.46\pic18-lt\cxx-framework\src\traditional\proc\p18f4520.asm
                   ADCON1   0x000fc1       data     extern E:\c18v3.46\pic18-lt\cxx-framework\src\traditional\proc\p18f4520.asm
               ADCON1bits   0x000fc1       data     extern E:\c18v3.46\pic18-lt\cxx-framework\src\traditional\proc\p18f4520.asm
                   ADCON2   0x000fc0       data     extern E:\c18v3.46\pic18-lt\cxx-framework\src\traditional\proc\p18f4520.asm
               ADCON2bits   0x000fc0       data     extern E:\c18v3.46\pic18-lt\cxx-framework\src\traditional\proc\p18f4520.asm
                    ADRES   0x000fc3       data     extern E:\c18v3.46\pic18-lt\cxx-framework\src\traditional\proc\p18f4520.asm
                   ADRESH   0x000fc4       data     extern E:\c18v3.46\pic18-lt\cxx-framework\src\traditional\proc\p18f4520.asm
                   ADRESL   0x000fc3       data     extern E:\c18v3.46\pic18-lt\cxx-framework\src\traditional\proc\p18f4520.asm
                   AttCnt   0x0000d0       data     extern C:\Users\Pelle\Documents\Docus\Automan\Automation Project\Firmware\18F4520 Fader\Motor Fader v6.2 18F4520 - Touch Test\main6.1.c
           AttentionBlink   0x0000d3       data     extern C:\Users\Pelle\Documents\Docus\Automan\Automation Project\Firmware\18F4520 Fader\Motor Fader v6.2 18F4520 - Touch Test\main6.1.c
                  BAUDCON   0x000fb8       data     extern E:\c18v3.46\pic18-lt\cxx-framework\src\traditional\proc\p18f4520.asm
              BAUDCONbits   0x000fb8       data     extern E:\c18v3.46\pic18-lt\cxx-framework\src\traditional\proc\p18f4520.asm
                  BAUDCTL   0x000fb8       data     extern E:\c18v3.46\pic18-lt\cxx-framework\src\traditional\proc\p18f4520.asm
              BAUDCTLbits   0x000fb8       data     extern E:\c18v3.46\pic18-lt\cxx-framework\src\traditional\proc\p18f4520.asm
                      BSR   0x000fe0       data     extern E:\c18v3.46\pic18-lt\cxx-framework\src\traditional\proc\p18f4520.asm
                 BlinkCnt   0x0000ce       data     extern C:\Users\Pelle\Documents\Docus\Automan\Automation Project\Firmware\18F4520 Fader\Motor Fader v6.2 18F4520 - Touch Test\main6.1.c
                 BlinkLED   0x0000d4       data     extern C:\Users\Pelle\Documents\Docus\Automan\Automation Project\Firmware\18F4520 Fader\Motor Fader v6.2 18F4520 - Touch Test\main6.1.c
                 BotLimit   0x000122       data     extern C:\Users\Pelle\Documents\Docus\Automan\Automation Project\Firmware\18F4520 Fader\Motor Fader v6.2 18F4520 - Touch Test\PWM_routine.c
                  CCP1CON   0x000fbd       data     extern E:\c18v3.46\pic18-lt\cxx-framework\src\traditional\proc\p18f4520.asm
              CCP1CONbits   0x000fbd       data     extern E:\c18v3.46\pic18-lt\cxx-framework\src\traditional\proc\p18f4520.asm
                  CCP2CON   0x000fba       data     extern E:\c18v3.46\pic18-lt\cxx-framework\src\traditional\proc\p18f4520.asm
              CCP2CONbits   0x000fba       data     extern E:\c18v3.46\pic18-lt\cxx-framework\src\traditional\proc\p18f4520.asm
                    CCPR1   0x000fbe       data     extern E:\c18v3.46\pic18-lt\cxx-framework\src\traditional\proc\p18f4520.asm
                   CCPR1H   0x000fbf       data     extern E:\c18v3.46\pic18-lt\cxx-framework\src\traditional\proc\p18f4520.asm
                   CCPR1L   0x000fbe       data     extern E:\c18v3.46\pic18-lt\cxx-framework\src\traditional\proc\p18f4520.asm
                    CCPR2   0x000fbb       data     extern E:\c18v3.46\pic18-lt\cxx-framework\src\traditional\proc\p18f4520.asm
                   CCPR2H   0x000fbc       data     extern E:\c18v3.46\pic18-lt\cxx-framework\src\traditional\proc\p18f4520.asm
                   CCPR2L   0x000fbb       data     extern E:\c18v3.46\pic18-lt\cxx-framework\src\traditional\proc\p18f4520.asm
                    CMCON   0x000fb4       data     extern E:\c18v3.46\pic18-lt\cxx-framework\src\traditional\proc\p18f4520.asm
                CMCONbits   0x000fb4       data     extern E:\c18v3.46\pic18-lt\cxx-framework\src\traditional\proc\p18f4520.asm
                   CVRCON   0x000fb5       data     extern E:\c18v3.46\pic18-lt\cxx-framework\src\traditional\proc\p18f4520.asm
               CVRCONbits   0x000fb5       data     extern E:\c18v3.46\pic18-lt\cxx-framework\src\traditional\proc\p18f4520.asm
                    CntrX   0x0000f7       data     static C:\Users\Pelle\Documents\Docus\Automan\Automation Project\Firmware\18F4520 Fader\Motor Fader v6.2 18F4520 - Touch Test\main6.1.c
                     DDRA   0x000f92       data     extern E:\c18v3.46\pic18-lt\cxx-framework\src\traditional\proc\p18f4520.asm
                 DDRAbits   0x000f92       data     extern E:\c18v3.46\pic18-lt\cxx-framework\src\traditional\proc\p18f4520.asm
                     DDRB   0x000f93       data     extern E:\c18v3.46\pic18-lt\cxx-framework\src\traditional\proc\p18f4520.asm
                 DDRBbits   0x000f93       data     extern E:\c18v3.46\pic18-lt\cxx-framework\src\traditional\proc\p18f4520.asm
                     DDRC   0x000f94       data     extern E:\c18v3.46\pic18-lt\cxx-framework\src\traditional\proc\p18f4520.asm
                 DDRCbits   0x000f94       data     extern E:\c18v3.46\pic18-lt\cxx-framework\src\traditional\proc\p18f4520.asm
                     DDRD   0x000f95       data     extern E:\c18v3.46\pic18-lt\cxx-framework\src\traditional\proc\p18f4520.asm
                 DDRDbits   0x000f95       data     extern E:\c18v3.46\pic18-lt\cxx-framework\src\traditional\proc\p18f4520.asm
                     DDRE   0x000f96       data     extern E:\c18v3.46\pic18-lt\cxx-framework\src\traditional\proc\p18f4520.asm
                 DDREbits   0x000f96       data     extern E:\c18v3.46\pic18-lt\cxx-framework\src\traditional\proc\p18f4520.asm
                  ECCP1AS   0x000fb6       data     extern E:\c18v3.46\pic18-lt\cxx-framework\src\traditional\proc\p18f4520.asm
              ECCP1ASbits   0x000fb6       data     extern E:\c18v3.46\pic18-lt\cxx-framework\src\traditional\proc\p18f4520.asm
                 ECCP1DEL   0x000fb7       data     extern E:\c18v3.46\pic18-lt\cxx-framework\src\traditional\proc\p18f4520.asm
             ECCP1DELbits   0x000fb7       data     extern E:\c18v3.46\pic18-lt\cxx-framework\src\traditional\proc\p18f4520.asm
                   ECCPAS   0x000fb6       data     extern E:\c18v3.46\pic18-lt\cxx-framework\src\traditional\proc\p18f4520.asm
               ECCPASbits   0x000fb6       data     extern E:\c18v3.46\pic18-lt\cxx-framework\src\traditional\proc\p18f4520.asm
                    EEADR   0x000fa9       data     extern E:\c18v3.46\pic18-lt\cxx-framework\src\traditional\proc\p18f4520.asm
                   EECON1   0x000fa6       data     extern E:\c18v3.46\pic18-lt\cxx-framework\src\traditional\proc\p18f4520.asm
               EECON1bits   0x000fa6       data     extern E:\c18v3.46\pic18-lt\cxx-framework\src\traditional\proc\p18f4520.asm
                   EECON2   0x000fa7       data     extern E:\c18v3.46\pic18-lt\cxx-framework\src\traditional\proc\p18f4520.asm
                   EEDATA   0x000fa8       data     extern E:\c18v3.46\pic18-lt\cxx-framework\src\traditional\proc\p18f4520.asm
                 ERRORTOL   0x0000ec       data     extern C:\Users\Pelle\Documents\Docus\Automan\Automation Project\Firmware\18F4520 Fader\Motor Fader v6.2 18F4520 - Touch Test\main6.1.c
                 FADER_ID   0x0000f3       data     extern C:\Users\Pelle\Documents\Docus\Automan\Automation Project\Firmware\18F4520 Fader\Motor Fader v6.2 18F4520 - Touch Test\main6.1.c
                     FSR0   0x000fe9       data     extern E:\c18v3.46\pic18-lt\cxx-framework\src\traditional\proc\p18f4520.asm
                    FSR0H   0x000fea       data     extern E:\c18v3.46\pic18-lt\cxx-framework\src\traditional\proc\p18f4520.asm
                    FSR0L   0x000fe9       data     extern E:\c18v3.46\pic18-lt\cxx-framework\src\traditional\proc\p18f4520.asm
                     FSR1   0x000fe1       data     extern E:\c18v3.46\pic18-lt\cxx-framework\src\traditional\proc\p18f4520.asm
                    FSR1H   0x000fe2       data     extern E:\c18v3.46\pic18-lt\cxx-framework\src\traditional\proc\p18f4520.asm
                    FSR1L   0x000fe1       data     extern E:\c18v3.46\pic18-lt\cxx-framework\src\traditional\proc\p18f4520.asm
                     FSR2   0x000fd9       data     extern E:\c18v3.46\pic18-lt\cxx-framework\src\traditional\proc\p18f4520.asm
                    FSR2H   0x000fda       data     extern E:\c18v3.46\pic18-lt\cxx-framework\src\traditional\proc\p18f4520.asm
                    FSR2L   0x000fd9       data     extern E:\c18v3.46\pic18-lt\cxx-framework\src\traditional\proc\p18f4520.asm
           FaderGoalSteps   0x000010       data     extern C:\Users\Pelle\Documents\Docus\Automan\Automation Project\Firmware\18F4520 Fader\Motor Fader v6.2 18F4520 - Touch Test\main6.1.c
           FaderPosToSend   0x0000e2       data     extern C:\Users\Pelle\Documents\Docus\Automan\Automation Project\Firmware\18F4520 Fader\Motor Fader v6.2 18F4520 - Touch Test\main6.1.c
            FaderPosition   0x000012       data     extern C:\Users\Pelle\Documents\Docus\Automan\Automation Project\Firmware\18F4520 Fader\Motor Fader v6.2 18F4520 - Touch Test\main6.1.c
               FaderReady   0x0000d5       data     extern C:\Users\Pelle\Documents\Docus\Automan\Automation Project\Firmware\18F4520 Fader\Motor Fader v6.2 18F4520 - Touch Test\main6.1.c
                HANDSHAKE   0x0000d7       data     extern C:\Users\Pelle\Documents\Docus\Automan\Automation Project\Firmware\18F4520 Fader\Motor Fader v6.2 18F4520 - Touch Test\main6.1.c
                  HLVDCON   0x000fd2       data     extern E:\c18v3.46\pic18-lt\cxx-framework\src\traditional\proc\p18f4520.asm
              HLVDCONbits   0x000fd2       data     extern E:\c18v3.46\pic18-lt\cxx-framework\src\traditional\proc\p18f4520.asm
                 I2Cstate   0x000014       data     extern C:\Users\Pelle\Documents\Docus\Automan\Automation Project\Firmware\18F4520 Fader\Motor Fader v6.2 18F4520 - Touch Test\main6.1.c
                    INDF0   0x000fef       data     extern E:\c18v3.46\pic18-lt\cxx-framework\src\traditional\proc\p18f4520.asm
                    INDF1   0x000fe7       data     extern E:\c18v3.46\pic18-lt\cxx-framework\src\traditional\proc\p18f4520.asm
                    INDF2   0x000fdf       data     extern E:\c18v3.46\pic18-lt\cxx-framework\src\traditional\proc\p18f4520.asm
                   INTCON   0x000ff2       data     extern E:\c18v3.46\pic18-lt\cxx-framework\src\traditional\proc\p18f4520.asm
                  INTCON2   0x000ff1       data     extern E:\c18v3.46\pic18-lt\cxx-framework\src\traditional\proc\p18f4520.asm
              INTCON2bits   0x000ff1       data     extern E:\c18v3.46\pic18-lt\cxx-framework\src\traditional\proc\p18f4520.asm
                  INTCON3   0x000ff0       data     extern E:\c18v3.46\pic18-lt\cxx-framework\src\traditional\proc\p18f4520.asm
              INTCON3bits   0x000ff0       data     extern E:\c18v3.46\pic18-lt\cxx-framework\src\traditional\proc\p18f4520.asm
               INTCONbits   0x000ff2       data     extern E:\c18v3.46\pic18-lt\cxx-framework\src\traditional\proc\p18f4520.asm
                     IPR1   0x000f9f       data     extern E:\c18v3.46\pic18-lt\cxx-framework\src\traditional\proc\p18f4520.asm
                 IPR1bits   0x000f9f       data     extern E:\c18v3.46\pic18-lt\cxx-framework\src\traditional\proc\p18f4520.asm
                     IPR2   0x000fa2       data     extern E:\c18v3.46\pic18-lt\cxx-framework\src\traditional\proc\p18f4520.asm
                 IPR2bits   0x000fa2       data     extern E:\c18v3.46\pic18-lt\cxx-framework\src\traditional\proc\p18f4520.asm
                  InitCnt   0x0000f9       data     static C:\Users\Pelle\Documents\Docus\Automan\Automation Project\Firmware\18F4520 Fader\Motor Fader v6.2 18F4520 - Touch Test\main6.1.c
             InitCntDelay   0x00000e       data     extern C:\Users\Pelle\Documents\Docus\Automan\Automation Project\Firmware\18F4520 Fader\Motor Fader v6.2 18F4520 - Touch Test\main6.1.c
                     LATA   0x000f89       data     extern E:\c18v3.46\pic18-lt\cxx-framework\src\traditional\proc\p18f4520.asm
                 LATAbits   0x000f89       data     extern E:\c18v3.46\pic18-lt\cxx-framework\src\traditional\proc\p18f4520.asm
                     LATB   0x000f8a       data     extern E:\c18v3.46\pic18-lt\cxx-framework\src\traditional\proc\p18f4520.asm
                 LATBbits   0x000f8a       data     extern E:\c18v3.46\pic18-lt\cxx-framework\src\traditional\proc\p18f4520.asm
                     LATC   0x000f8b       data     extern E:\c18v3.46\pic18-lt\cxx-framework\src\traditional\proc\p18f4520.asm
                 LATCbits   0x000f8b       data     extern E:\c18v3.46\pic18-lt\cxx-framework\src\traditional\proc\p18f4520.asm
                     LATD   0x000f8c       data     extern E:\c18v3.46\pic18-lt\cxx-framework\src\traditional\proc\p18f4520.asm
                 LATDbits   0x000f8c       data     extern E:\c18v3.46\pic18-lt\cxx-framework\src\traditional\proc\p18f4520.asm
                     LATE   0x000f8d       data     extern E:\c18v3.46\pic18-lt\cxx-framework\src\traditional\proc\p18f4520.asm
                 LATEbits   0x000f8d       data     extern E:\c18v3.46\pic18-lt\cxx-framework\src\traditional\proc\p18f4520.asm
                   LETTER   0x00009a       data     extern C:\Users\Pelle\Documents\Docus\Automan\Automation Project\Firmware\18F4520 Fader\Motor Fader v6.2 18F4520 - Touch Test\LED_routine.c
                   LVDCON   0x000fd2       data     extern E:\c18v3.46\pic18-lt\cxx-framework\src\traditional\proc\p18f4520.asm
               LVDCONbits   0x000fd2       data     extern E:\c18v3.46\pic18-lt\cxx-framework\src\traditional\proc\p18f4520.asm
              LocalStatus   0x0000e4       data     extern C:\Users\Pelle\Documents\Docus\Automan\Automation Project\Firmware\18F4520 Fader\Motor Fader v6.2 18F4520 - Touch Test\main6.1.c
               LocalTouch   0x00015a       data     extern C:\Users\Pelle\Documents\Docus\Automan\Automation Project\Firmware\18F4520 Fader\Motor Fader v6.2 18F4520 - Touch Test\SWITCHES_routine.c
                  LoopCnt   0x000008       data     extern C:\Users\Pelle\Documents\Docus\Automan\Automation Project\Firmware\18F4520 Fader\Motor Fader v6.2 18F4520 - Touch Test\main6.1.c
                     MAXI   0x000102       data     extern C:\Users\Pelle\Documents\Docus\Automan\Automation Project\Firmware\18F4520 Fader\Motor Fader v6.2 18F4520 - Touch Test\PWM_routine.c
                NewDataIn   0x000006       data     extern C:\Users\Pelle\Documents\Docus\Automan\Automation Project\Firmware\18F4520 Fader\Motor Fader v6.2 18F4520 - Touch Test\main6.1.c
               ONLINETIME   0x0000ea       data     extern C:\Users\Pelle\Documents\Docus\Automan\Automation Project\Firmware\18F4520 Fader\Motor Fader v6.2 18F4520 - Touch Test\main6.1.c
                   OSCCON   0x000fd3       data     extern E:\c18v3.46\pic18-lt\cxx-framework\src\traditional\proc\p18f4520.asm
               OSCCONbits   0x000fd3       data     extern E:\c18v3.46\pic18-lt\cxx-framework\src\traditional\proc\p18f4520.asm
                  OSCTUNE   0x000f9b       data     extern E:\c18v3.46\pic18-lt\cxx-framework\src\traditional\proc\p18f4520.asm
              OSCTUNEbits   0x000f9b       data     extern E:\c18v3.46\pic18-lt\cxx-framework\src\traditional\proc\p18f4520.asm
                       PC   0x000ff9       data     extern E:\c18v3.46\pic18-lt\cxx-framework\src\traditional\proc\p18f4520.asm
                      PCL   0x000ff9       data     extern E:\c18v3.46\pic18-lt\cxx-framework\src\traditional\proc\p18f4520.asm
                   PCLATH   0x000ffa       data     extern E:\c18v3.46\pic18-lt\cxx-framework\src\traditional\proc\p18f4520.asm
                   PCLATU   0x000ffb       data     extern E:\c18v3.46\pic18-lt\cxx-framework\src\traditional\proc\p18f4520.asm
                     PIE1   0x000f9d       data     extern E:\c18v3.46\pic18-lt\cxx-framework\src\traditional\proc\p18f4520.asm
                 PIE1bits   0x000f9d       data     extern E:\c18v3.46\pic18-lt\cxx-framework\src\traditional\proc\p18f4520.asm
                     PIE2   0x000fa0       data     extern E:\c18v3.46\pic18-lt\cxx-framework\src\traditional\proc\p18f4520.asm
                 PIE2bits   0x000fa0       data     extern E:\c18v3.46\pic18-lt\cxx-framework\src\traditional\proc\p18f4520.asm
                     PIR1   0x000f9e       data     extern E:\c18v3.46\pic18-lt\cxx-framework\src\traditional\proc\p18f4520.asm
                 PIR1bits   0x000f9e       data     extern E:\c18v3.46\pic18-lt\cxx-framework\src\traditional\proc\p18f4520.asm
                     PIR2   0x000fa1       data     extern E:\c18v3.46\pic18-lt\cxx-framework\src\traditional\proc\p18f4520.asm
                 PIR2bits   0x000fa1       data     extern E:\c18v3.46\pic18-lt\cxx-framework\src\traditional\proc\p18f4520.asm
                   PLUSW0   0x000feb       data     extern E:\c18v3.46\pic18-lt\cxx-framework\src\traditional\proc\p18f4520.asm
                   PLUSW1   0x000fe3       data     extern E:\c18v3.46\pic18-lt\cxx-framework\src\traditional\proc\p18f4520.asm
                   PLUSW2   0x000fdb       data     extern E:\c18v3.46\pic18-lt\cxx-framework\src\traditional\proc\p18f4520.asm
                    PORTA   0x000f80       data     extern E:\c18v3.46\pic18-lt\cxx-framework\src\traditional\proc\p18f4520.asm
                PORTAbits   0x000f80       data     extern E:\c18v3.46\pic18-lt\cxx-framework\src\traditional\proc\p18f4520.asm
                    PORTB   0x000f81       data     extern E:\c18v3.46\pic18-lt\cxx-framework\src\traditional\proc\p18f4520.asm
                PORTBbits   0x000f81       data     extern E:\c18v3.46\pic18-lt\cxx-framework\src\traditional\proc\p18f4520.asm
                    PORTC   0x000f82       data     extern E:\c18v3.46\pic18-lt\cxx-framework\src\traditional\proc\p18f4520.asm
                PORTCbits   0x000f82       data     extern E:\c18v3.46\pic18-lt\cxx-framework\src\traditional\proc\p18f4520.asm
                    PORTD   0x000f83       data     extern E:\c18v3.46\pic18-lt\cxx-framework\src\traditional\proc\p18f4520.asm
                PORTDbits   0x000f83       data     extern E:\c18v3.46\pic18-lt\cxx-framework\src\traditional\proc\p18f4520.asm
                    PORTE   0x000f84       data     extern E:\c18v3.46\pic18-lt\cxx-framework\src\traditional\proc\p18f4520.asm
                PORTEbits   0x000f84       data     extern E:\c18v3.46\pic18-lt\cxx-framework\src\traditional\proc\p18f4520.asm
                 POSTDEC0   0x000fed       data     extern E:\c18v3.46\pic18-lt\cxx-framework\src\traditional\proc\p18f4520.asm
                 POSTDEC1   0x000fe5       data     extern E:\c18v3.46\pic18-lt\cxx-framework\src\traditional\proc\p18f4520.asm
                 POSTDEC2   0x000fdd       data     extern E:\c18v3.46\pic18-lt\cxx-framework\src\traditional\proc\p18f4520.asm
                 POSTINC0   0x000fee       data     extern E:\c18v3.46\pic18-lt\cxx-framework\src\traditional\proc\p18f4520.asm
                 POSTINC1   0x000fe6       data     extern E:\c18v3.46\pic18-lt\cxx-framework\src\traditional\proc\p18f4520.asm
                 POSTINC2   0x000fde       data     extern E:\c18v3.46\pic18-lt\cxx-framework\src\traditional\proc\p18f4520.asm
                      PR2   0x000fcb       data     extern E:\c18v3.46\pic18-lt\cxx-framework\src\traditional\proc\p18f4520.asm
                  PREINC0   0x000fec       data     extern E:\c18v3.46\pic18-lt\cxx-framework\src\traditional\proc\p18f4520.asm
                  PREINC1   0x000fe4       data     extern E:\c18v3.46\pic18-lt\cxx-framework\src\traditional\proc\p18f4520.asm
                  PREINC2   0x000fdc       data     extern E:\c18v3.46\pic18-lt\cxx-framework\src\traditional\proc\p18f4520.asm
                     PROD   0x000ff3       data     extern E:\c18v3.46\pic18-lt\cxx-framework\src\traditional\proc\p18f4520.asm
                    PRODH   0x000ff4       data     extern E:\c18v3.46\pic18-lt\cxx-framework\src\traditional\proc\p18f4520.asm
                    PRODL   0x000ff3       data     extern E:\c18v3.46\pic18-lt\cxx-framework\src\traditional\proc\p18f4520.asm
                  PWM1CON   0x000fb7       data     extern E:\c18v3.46\pic18-lt\cxx-framework\src\traditional\proc\p18f4520.asm
              PWM1CONbits   0x000fb7       data     extern E:\c18v3.46\pic18-lt\cxx-framework\src\traditional\proc\p18f4520.asm
        PreviousFaderGoal   0x000004       data     extern C:\Users\Pelle\Documents\Docus\Automan\Automation Project\Firmware\18F4520 Fader\Motor Fader v6.2 18F4520 - Touch Test\main6.1.c
                     RCON   0x000fd0       data     extern E:\c18v3.46\pic18-lt\cxx-framework\src\traditional\proc\p18f4520.asm
                 RCONbits   0x000fd0       data     extern E:\c18v3.46\pic18-lt\cxx-framework\src\traditional\proc\p18f4520.asm
                    RCREG   0x000fae       data     extern E:\c18v3.46\pic18-lt\cxx-framework\src\traditional\proc\p18f4520.asm
                    RCSTA   0x000fab       data     extern E:\c18v3.46\pic18-lt\cxx-framework\src\traditional\proc\p18f4520.asm
                RCSTAbits   0x000fab       data     extern E:\c18v3.46\pic18-lt\cxx-framework\src\traditional\proc\p18f4520.asm
                  SEGMENT   0x000080       data     extern C:\Users\Pelle\Documents\Docus\Automan\Automation Project\Firmware\18F4520 Fader\Motor Fader v6.2 18F4520 - Touch Test\LED_routine.c
                     SIGN   0x000038       data     extern E:\c18v3.46\pic18-lt\cxx-framework\src\traditional\math\cmath18.asm
                     SKEW   0x000116       data     extern C:\Users\Pelle\Documents\Docus\Automan\Automation Project\Firmware\18F4520 Fader\Motor Fader v6.2 18F4520 - Touch Test\PWM_routine.c
                    SPBRG   0x000faf       data     extern E:\c18v3.46\pic18-lt\cxx-framework\src\traditional\proc\p18f4520.asm
                   SPBRGH   0x000fb0       data     extern E:\c18v3.46\pic18-lt\cxx-framework\src\traditional\proc\p18f4520.asm
          SPIsyncDelayTmr   0x00000a       data     extern C:\Users\Pelle\Documents\Docus\Automan\Automation Project\Firmware\18F4520 Fader\Motor Fader v6.2 18F4520 - Touch Test\main6.1.c
               SSLchannel   0x0000f5       data     extern C:\Users\Pelle\Documents\Docus\Automan\Automation Project\Firmware\18F4520 Fader\Motor Fader v6.2 18F4520 - Touch Test\main6.1.c
                   SSPADD   0x000fc8       data     extern E:\c18v3.46\pic18-lt\cxx-framework\src\traditional\proc\p18f4520.asm
                   SSPBUF   0x000fc9       data     extern E:\c18v3.46\pic18-lt\cxx-framework\src\traditional\proc\p18f4520.asm
                  SSPCON1   0x000fc6       data     extern E:\c18v3.46\pic18-lt\cxx-framework\src\traditional\proc\p18f4520.asm
              SSPCON1bits   0x000fc6       data     extern E:\c18v3.46\pic18-lt\cxx-framework\src\traditional\proc\p18f4520.asm
                  SSPCON2   0x000fc5       data     extern E:\c18v3.46\pic18-lt\cxx-framework\src\traditional\proc\p18f4520.asm
              SSPCON2bits   0x000fc5       data     extern E:\c18v3.46\pic18-lt\cxx-framework\src\traditional\proc\p18f4520.asm
                  SSPSTAT   0x000fc7       data     extern E:\c18v3.46\pic18-lt\cxx-framework\src\traditional\proc\p18f4520.asm
              SSPSTATbits   0x000fc7       data     extern E:\c18v3.46\pic18-lt\cxx-framework\src\traditional\proc\p18f4520.asm
                   STATUS   0x000fd8       data     extern E:\c18v3.46\pic18-lt\cxx-framework\src\traditional\proc\p18f4520.asm
               STATUSbits   0x000fd8       data     extern E:\c18v3.46\pic18-lt\cxx-framework\src\traditional\proc\p18f4520.asm
                   STKPTR   0x000ffc       data     extern E:\c18v3.46\pic18-lt\cxx-framework\src\traditional\proc\p18f4520.asm
               STKPTRbits   0x000ffc       data     extern E:\c18v3.46\pic18-lt\cxx-framework\src\traditional\proc\p18f4520.asm
               ScaleRatio   0x000124       data     extern C:\Users\Pelle\Documents\Docus\Automan\Automation Project\Firmware\18F4520 Fader\Motor Fader v6.2 18F4520 - Touch Test\PWM_routine.c
                   SeqCnt   0x0000fb       data     static C:\Users\Pelle\Documents\Docus\Automan\Automation Project\Firmware\18F4520 Fader\Motor Fader v6.2 18F4520 - Touch Test\main6.1.c
                 SeqDelay   0x0000fd       data     static C:\Users\Pelle\Documents\Docus\Automan\Automation Project\Firmware\18F4520 Fader\Motor Fader v6.2 18F4520 - Touch Test\main6.1.c
                SettleCnt   0x00011c       data     extern C:\Users\Pelle\Documents\Docus\Automan\Automation Project\Firmware\18F4520 Fader\Motor Fader v6.2 18F4520 - Touch Test\PWM_routine.c
               SettleThrs   0x00011e       data     extern C:\Users\Pelle\Documents\Docus\Automan\Automation Project\Firmware\18F4520 Fader\Motor Fader v6.2 18F4520 - Touch Test\PWM_routine.c
                ShopSlots   0x00001b       data     extern C:\Users\Pelle\Documents\Docus\Automan\Automation Project\Firmware\18F4520 Fader\Motor Fader v6.2 18F4520 - Touch Test\main6.1.c
                    Steps   0x0000ca       data     extern C:\Users\Pelle\Documents\Docus\Automan\Automation Project\Firmware\18F4520 Fader\Motor Fader v6.2 18F4520 - Touch Test\main6.1.c
         StoredSwitchBits   0x00015b       data     extern C:\Users\Pelle\Documents\Docus\Automan\Automation Project\Firmware\18F4520 Fader\Motor Fader v6.2 18F4520 - Touch Test\SWITCHES_routine.c
                    T0CON   0x000fd5       data     extern E:\c18v3.46\pic18-lt\cxx-framework\src\traditional\proc\p18f4520.asm
                T0CONbits   0x000fd5       data     extern E:\c18v3.46\pic18-lt\cxx-framework\src\traditional\proc\p18f4520.asm
                    T1CON   0x000fcd       data     extern E:\c18v3.46\pic18-lt\cxx-framework\src\traditional\proc\p18f4520.asm
                T1CONbits   0x000fcd       data     extern E:\c18v3.46\pic18-lt\cxx-framework\src\traditional\proc\p18f4520.asm
                    T2CON   0x000fca       data     extern E:\c18v3.46\pic18-lt\cxx-framework\src\traditional\proc\p18f4520.asm
                T2CONbits   0x000fca       data     extern E:\c18v3.46\pic18-lt\cxx-framework\src\traditional\proc\p18f4520.asm
                    T3CON   0x000fb1       data     extern E:\c18v3.46\pic18-lt\cxx-framework\src\traditional\proc\p18f4520.asm
                T3CONbits   0x000fb1       data     extern E:\c18v3.46\pic18-lt\cxx-framework\src\traditional\proc\p18f4520.asm
                   TABLAT   0x000ff5       data     extern E:\c18v3.46\pic18-lt\cxx-framework\src\traditional\proc\p18f4520.asm
                   TBLPTR   0x000ff6       data     extern E:\c18v3.46\pic18-lt\cxx-framework\src\traditional\proc\p18f4520.asm
                  TBLPTRH   0x000ff7       data     extern E:\c18v3.46\pic18-lt\cxx-framework\src\traditional\proc\p18f4520.asm
                  TBLPTRL   0x000ff6       data     extern E:\c18v3.46\pic18-lt\cxx-framework\src\traditional\proc\p18f4520.asm
                  TBLPTRU   0x000ff8       data     extern E:\c18v3.46\pic18-lt\cxx-framework\src\traditional\proc\p18f4520.asm
                    TMR0H   0x000fd7       data     extern E:\c18v3.46\pic18-lt\cxx-framework\src\traditional\proc\p18f4520.asm
                    TMR0L   0x000fd6       data     extern E:\c18v3.46\pic18-lt\cxx-framework\src\traditional\proc\p18f4520.asm
                    TMR1H   0x000fcf       data     extern E:\c18v3.46\pic18-lt\cxx-framework\src\traditional\proc\p18f4520.asm
                    TMR1L   0x000fce       data     extern E:\c18v3.46\pic18-lt\cxx-framework\src\traditional\proc\p18f4520.asm
                     TMR2   0x000fcc       data     extern E:\c18v3.46\pic18-lt\cxx-framework\src\traditional\proc\p18f4520.asm
                    TMR3H   0x000fb3       data     extern E:\c18v3.46\pic18-lt\cxx-framework\src\traditional\proc\p18f4520.asm
                    TMR3L   0x000fb2       data     extern E:\c18v3.46\pic18-lt\cxx-framework\src\traditional\proc\p18f4520.asm
                      TOS   0x000ffd       data     extern E:\c18v3.46\pic18-lt\cxx-framework\src\traditional\proc\p18f4520.asm
                     TOSH   0x000ffe       data     extern E:\c18v3.46\pic18-lt\cxx-framework\src\traditional\proc\p18f4520.asm
                     TOSL   0x000ffd       data     extern E:\c18v3.46\pic18-lt\cxx-framework\src\traditional\proc\p18f4520.asm
                     TOSU   0x000fff       data     extern E:\c18v3.46\pic18-lt\cxx-framework\src\traditional\proc\p18f4520.asm
                    TRISA   0x000f92       data     extern E:\c18v3.46\pic18-lt\cxx-framework\src\traditional\proc\p18f4520.asm
                TRISAbits   0x000f92       data     extern E:\c18v3.46\pic18-lt\cxx-framework\src\traditional\proc\p18f4520.asm
                    TRISB   0x000f93       data     extern E:\c18v3.46\pic18-lt\cxx-framework\src\traditional\proc\p18f4520.asm
                TRISBbits   0x000f93       data     extern E:\c18v3.46\pic18-lt\cxx-framework\src\traditional\proc\p18f4520.asm
                    TRISC   0x000f94       data     extern E:\c18v3.46\pic18-lt\cxx-framework\src\traditional\proc\p18f4520.asm
                TRISCbits   0x000f94       data     extern E:\c18v3.46\pic18-lt\cxx-framework\src\traditional\proc\p18f4520.asm
                    TRISD   0x000f95       data     extern E:\c18v3.46\pic18-lt\cxx-framework\src\traditional\proc\p18f4520.asm
                TRISDbits   0x000f95       data     extern E:\c18v3.46\pic18-lt\cxx-framework\src\traditional\proc\p18f4520.asm
                    TRISE   0x000f96       data     extern E:\c18v3.46\pic18-lt\cxx-framework\src\traditional\proc\p18f4520.asm
                TRISEbits   0x000f96       data     extern E:\c18v3.46\pic18-lt\cxx-framework\src\traditional\proc\p18f4520.asm
                    TXREG   0x000fad       data     extern E:\c18v3.46\pic18-lt\cxx-framework\src\traditional\proc\p18f4520.asm
                    TXSTA   0x000fac       data     extern E:\c18v3.46\pic18-lt\cxx-framework\src\traditional\proc\p18f4520.asm
                TXSTAbits   0x000fac       data     extern E:\c18v3.46\pic18-lt\cxx-framework\src\traditional\proc\p18f4520.asm
                TestPhase   0x0000f0       data     extern C:\Users\Pelle\Documents\Docus\Automan\Automation Project\Firmware\18F4520 Fader\Motor Fader v6.2 18F4520 - Touch Test\main6.1.c
                     Tick   0x0000cc       data     extern C:\Users\Pelle\Documents\Docus\Automan\Automation Project\Firmware\18F4520 Fader\Motor Fader v6.2 18F4520 - Touch Test\main6.1.c
                 TickMain   0x00001e       data     extern C:\Users\Pelle\Documents\Docus\Automan\Automation Project\Firmware\18F4520 Fader\Motor Fader v6.2 18F4520 - Touch Test\main6.1.c
            TicksPerFrame   0x00001c       data     extern C:\Users\Pelle\Documents\Docus\Automan\Automation Project\Firmware\18F4520 Fader\Motor Fader v6.2 18F4520 - Touch Test\main6.1.c
                 TopLimit   0x000120       data     extern C:\Users\Pelle\Documents\Docus\Automan\Automation Project\Firmware\18F4520 Fader\Motor Fader v6.2 18F4520 - Touch Test\PWM_routine.c
                        W   0x000fe8       data     extern E:\c18v3.46\pic18-lt\cxx-framework\src\traditional\proc\p18f4520.asm
                   WDTCON   0x000fd1       data     extern E:\c18v3.46\pic18-lt\cxx-framework\src\traditional\proc\p18f4520.asm
               WDTCONbits   0x000fd1       data     extern E:\c18v3.46\pic18-lt\cxx-framework\src\traditional\proc\p18f4520.asm
                     WREG   0x000fe8       data     extern E:\c18v3.46\pic18-lt\cxx-framework\src\traditional\proc\p18f4520.asm
                WorkFader   0x000007       data     extern C:\Users\Pelle\Documents\Docus\Automan\Automation Project\Firmware\18F4520 Fader\Motor Fader v6.2 18F4520 - Touch Test\main6.1.c
                 __AARGB0   0x000041       data     extern E:\c18v3.46\pic18-lt\cxx-framework\src\traditional\math\aarg.asm
                 __AARGB1   0x000040       data     extern E:\c18v3.46\pic18-lt\cxx-framework\src\traditional\math\aarg.asm
                 __AARGB2   0x00003f       data     extern E:\c18v3.46\pic18-lt\cxx-framework\src\traditional\math\aarg.asm
                 __AARGB3   0x00003e       data     extern E:\c18v3.46\pic18-lt\cxx-framework\src\traditional\math\aarg.asm
                 __AARGB4   0x00003d       data     extern E:\c18v3.46\pic18-lt\cxx-framework\src\traditional\math\aarg.asm
                 __AARGB5   0x00003c       data     extern E:\c18v3.46\pic18-lt\cxx-framework\src\traditional\math\aarg.asm
                 __AARGB6   0x00003b       data     extern E:\c18v3.46\pic18-lt\cxx-framework\src\traditional\math\aarg.asm
                 __AARGB7   0x00003a       data     extern E:\c18v3.46\pic18-lt\cxx-framework\src\traditional\math\aarg.asm
                   __AEXP   0x000042       data     extern E:\c18v3.46\pic18-lt\cxx-framework\src\traditional\math\aarg.asm
                 __BARGB0   0x000046       data     extern E:\c18v3.46\pic18-lt\cxx-framework\src\traditional\math\barg.asm
                 __BARGB1   0x000045       data     extern E:\c18v3.46\pic18-lt\cxx-framework\src\traditional\math\barg.asm
                 __BARGB2   0x000044       data     extern E:\c18v3.46\pic18-lt\cxx-framework\src\traditional\math\barg.asm
                 __BARGB3   0x000043       data     extern E:\c18v3.46\pic18-lt\cxx-framework\src\traditional\math\barg.asm
                   __BEXP   0x000047       data     extern E:\c18v3.46\pic18-lt\cxx-framework\src\traditional\math\barg.asm
                __FPFLAGS   0x000039       data     extern E:\c18v3.46\pic18-lt\cxx-framework\src\traditional\math\cmath18.asm
            __FPFLAGSbits   0x000039       data     extern E:\c18v3.46\pic18-lt\cxx-framework\src\traditional\math\cmath18.asm
                  __REMB0   0x00003d       data     extern E:\c18v3.46\pic18-lt\cxx-framework\src\traditional\math\aarg.asm
                  __REMB1   0x00003c       data     extern E:\c18v3.46\pic18-lt\cxx-framework\src\traditional\math\aarg.asm
                  __REMB2   0x00003b       data     extern E:\c18v3.46\pic18-lt\cxx-framework\src\traditional\math\aarg.asm
                  __REMB3   0x00003a       data     extern E:\c18v3.46\pic18-lt\cxx-framework\src\traditional\math\aarg.asm
                   __TEMP   0x00004b       data     extern E:\c18v3.46\pic18-lt\cxx-framework\src\traditional\math\temparg.asm
                 __TEMPB0   0x00004b       data     extern E:\c18v3.46\pic18-lt\cxx-framework\src\traditional\math\temparg.asm
                 __TEMPB1   0x00004a       data     extern E:\c18v3.46\pic18-lt\cxx-framework\src\traditional\math\temparg.asm
                 __TEMPB2   0x000049       data     extern E:\c18v3.46\pic18-lt\cxx-framework\src\traditional\math\temparg.asm
                 __TEMPB3   0x000048       data     extern E:\c18v3.46\pic18-lt\cxx-framework\src\traditional\math\temparg.asm
                  __tmp_0   0x000020       data     static E:\c18v3.46\pic18-lt\cxx-framework\src\traditional\stdclib\fabs.c
                  __tmp_0   0x000020       data     static E:\c18v3.46\pic18-lt\cxx-framework\src\pmc_common\PWM\pw2setdc.c
                  __tmp_0   0x000020       data     static E:\c18v3.46\pic18-lt\cxx-framework\src\pmc_common\PWM\pw1setdc.c
                  __tmp_0   0x000020       data     static E:\c18v3.46\pic18-lt\cxx-framework\src\pmc_common\ADC\adcsetch.c
                  __tmp_0   0x000020       data     static E:\c18v3.46\pic18-lt\cxx-framework\src\pmc_common\ADC\adcopen.c
                  __tmp_0   0x000020       data     static C:\Users\Pelle\Documents\Docus\Automan\Automation Project\Firmware\18F4520 Fader\Motor Fader v6.2 18F4520 - Touch Test\SWITCHES_routine.c
                  __tmp_0   0x000020       data     static C:\Users\Pelle\Documents\Docus\Automan\Automation Project\Firmware\18F4520 Fader\Motor Fader v6.2 18F4520 - Touch Test\LED_routine.c
                  __tmp_0   0x000020       data     static C:\Users\Pelle\Documents\Docus\Automan\Automation Project\Firmware\18F4520 Fader\Motor Fader v6.2 18F4520 - Touch Test\PWM_routine.c
                  __tmp_0   0x000020       data     static C:\Users\Pelle\Documents\Docus\Automan\Automation Project\Firmware\18F4520 Fader\Motor Fader v6.2 18F4520 - Touch Test\main6.1.c
                  __tmp_1   0x00004e       data     static C:\Users\Pelle\Documents\Docus\Automan\Automation Project\Firmware\18F4520 Fader\Motor Fader v6.2 18F4520 - Touch Test\main6.1.c
                  __tmp_2   0x00004c       data     static C:\Users\Pelle\Documents\Docus\Automan\Automation Project\Firmware\18F4520 Fader\Motor Fader v6.2 18F4520 - Touch Test\main6.1.c
                     cntr   0x0000ee       data     extern C:\Users\Pelle\Documents\Docus\Automan\Automation Project\Firmware\18F4520 Fader\Motor Fader v6.2 18F4520 - Touch Test\main6.1.c
                curr_byte   0x00014f       data     static E:\c18v3.46\pic18-lt\cxx-framework\src\traditional\startup\c018i.c
               curr_entry   0x000151       data     static E:\c18v3.46\pic18-lt\cxx-framework\src\traditional\startup\c018i.c
                       dK   0x00010e       data     extern C:\Users\Pelle\Documents\Docus\Automan\Automation Project\Firmware\18F4520 Fader\Motor Fader v6.2 18F4520 - Touch Test\PWM_routine.c
                 data_ptr   0x000153       data     static E:\c18v3.46\pic18-lt\cxx-framework\src\traditional\startup\c018i.c
                debugTime   0x00000c       data     extern C:\Users\Pelle\Documents\Docus\Automan\Automation Project\Firmware\18F4520 Fader\Motor Fader v6.2 18F4520 - Touch Test\main6.1.c
                    delta   0x000132       data     extern C:\Users\Pelle\Documents\Docus\Automan\Automation Project\Firmware\18F4520 Fader\Motor Fader v6.2 18F4520 - Touch Test\main6.1.c
                errorMask   0x0000f8       data     static C:\Users\Pelle\Documents\Docus\Automan\Automation Project\Firmware\18F4520 Fader\Motor Fader v6.2 18F4520 - Touch Test\main6.1.c
                fabsError   0x000138       data     static C:\Users\Pelle\Documents\Docus\Automan\Automation Project\Firmware\18F4520 Fader\Motor Fader v6.2 18F4520 - Touch Test\main6.1.c
                faderFlag   0x0000e5       data     extern C:\Users\Pelle\Documents\Docus\Automan\Automation Project\Firmware\18F4520 Fader\Motor Fader v6.2 18F4520 - Touch Test\main6.1.c
                faderGoal   0x000128       data     extern C:\Users\Pelle\Documents\Docus\Automan\Automation Project\Firmware\18F4520 Fader\Motor Fader v6.2 18F4520 - Touch Test\main6.1.c
                faderMode   0x0000d9       data     extern C:\Users\Pelle\Documents\Docus\Automan\Automation Project\Firmware\18F4520 Fader\Motor Fader v6.2 18F4520 - Touch Test\main6.1.c
                   fspeed   0x00013e       data     extern C:\Users\Pelle\Documents\Docus\Automan\Automation Project\Firmware\18F4520 Fader\Motor Fader v6.2 18F4520 - Touch Test\PWM_routine.c
                     gain   0x000112       data     extern C:\Users\Pelle\Documents\Docus\Automan\Automation Project\Firmware\18F4520 Fader\Motor Fader v6.2 18F4520 - Touch Test\PWM_routine.c
            handShakeFlag   0x0000d8       data     extern C:\Users\Pelle\Documents\Docus\Automan\Automation Project\Firmware\18F4520 Fader\Motor Fader v6.2 18F4520 - Touch Test\main6.1.c
                   iError   0x000142       data     extern C:\Users\Pelle\Documents\Docus\Automan\Automation Project\Firmware\18F4520 Fader\Motor Fader v6.2 18F4520 - Touch Test\PWM_routine.c
               iError_max   0x000118       data     extern C:\Users\Pelle\Documents\Docus\Automan\Automation Project\Firmware\18F4520 Fader\Motor Fader v6.2 18F4520 - Touch Test\PWM_routine.c
                       iK   0x00010a       data     extern C:\Users\Pelle\Documents\Docus\Automan\Automation Project\Firmware\18F4520 Fader\Motor Fader v6.2 18F4520 - Touch Test\PWM_routine.c
                 inbuffer   0x000000       data     extern C:\Users\Pelle\Documents\Docus\Automan\Automation Project\Firmware\18F4520 Fader\Motor Fader v6.2 18F4520 - Touch Test\SPI_routine.c
                    index   0x00015c       data     extern C:\Users\Pelle\Documents\Docus\Automan\Automation Project\Firmware\18F4520 Fader\Motor Fader v6.2 18F4520 - Touch Test\SPI_routine.c
             initSetPoint   0x0000f1       data     extern C:\Users\Pelle\Documents\Docus\Automan\Automation Project\Firmware\18F4520 Fader\Motor Fader v6.2 18F4520 - Touch Test\main6.1.c
            interSetPoint   0x00012a       data     extern C:\Users\Pelle\Documents\Docus\Automan\Automation Project\Firmware\18F4520 Fader\Motor Fader v6.2 18F4520 - Touch Test\main6.1.c
             lastSetPoint   0x000136       data     static C:\Users\Pelle\Documents\Docus\Automan\Automation Project\Firmware\18F4520 Fader\Motor Fader v6.2 18F4520 - Touch Test\main6.1.c
               lastiError   0x00013c       data     extern C:\Users\Pelle\Documents\Docus\Automan\Automation Project\Firmware\18F4520 Fader\Motor Fader v6.2 18F4520 - Touch Test\PWM_routine.c
               lastpError   0x00013a       data     extern C:\Users\Pelle\Documents\Docus\Automan\Automation Project\Firmware\18F4520 Fader\Motor Fader v6.2 18F4520 - Touch Test\PWM_routine.c
          localTouchSense   0x00015d       data     extern C:\Users\Pelle\Documents\Docus\Automan\Automation Project\Firmware\18F4520 Fader\Motor Fader v6.2 18F4520 - Touch Test\SPI_routine.c
                 lstInput   0x000148       data     extern C:\Users\Pelle\Documents\Docus\Automan\Automation Project\Firmware\18F4520 Fader\Motor Fader v6.2 18F4520 - Touch Test\PWM_routine.c
                     lstP   0x000144       data     extern C:\Users\Pelle\Documents\Docus\Automan\Automation Project\Firmware\18F4520 Fader\Motor Fader v6.2 18F4520 - Touch Test\PWM_routine.c
                   maxPWM   0x000100       data     extern C:\Users\Pelle\Documents\Docus\Automan\Automation Project\Firmware\18F4520 Fader\Motor Fader v6.2 18F4520 - Touch Test\PWM_routine.c
                      mem   0x0000de       data     extern C:\Users\Pelle\Documents\Docus\Automan\Automation Project\Firmware\18F4520 Fader\Motor Fader v6.2 18F4520 - Touch Test\main6.1.c
                   online   0x0000e8       data     extern C:\Users\Pelle\Documents\Docus\Automan\Automation Project\Firmware\18F4520 Fader\Motor Fader v6.2 18F4520 - Touch Test\main6.1.c
               onlineCntr   0x0000e6       data     extern C:\Users\Pelle\Documents\Docus\Automan\Automation Project\Firmware\18F4520 Fader\Motor Fader v6.2 18F4520 - Touch Test\main6.1.c
                outbuffer   0x000002       data     extern C:\Users\Pelle\Documents\Docus\Automan\Automation Project\Firmware\18F4520 Fader\Motor Fader v6.2 18F4520 - Touch Test\SPI_routine.c
          pErrorThreshold   0x00011a       data     extern C:\Users\Pelle\Documents\Docus\Automan\Automation Project\Firmware\18F4520 Fader\Motor Fader v6.2 18F4520 - Touch Test\PWM_routine.c
                       pK   0x000106       data     extern C:\Users\Pelle\Documents\Docus\Automan\Automation Project\Firmware\18F4520 Fader\Motor Fader v6.2 18F4520 - Touch Test\PWM_routine.c
               postScaler   0x00001f       data     extern C:\Users\Pelle\Documents\Docus\Automan\Automation Project\Firmware\18F4520 Fader\Motor Fader v6.2 18F4520 - Touch Test\main6.1.c
               postScaler   0x0000f6       data     static C:\Users\Pelle\Documents\Docus\Automan\Automation Project\Firmware\18F4520 Fader\Motor Fader v6.2 18F4520 - Touch Test\main6.1.c
                     prom   0x00014c       data     static E:\c18v3.46\pic18-lt\cxx-framework\src\traditional\startup\c018i.c
                pwmOffset   0x000104       data     extern C:\Users\Pelle\Documents\Docus\Automan\Automation Project\Firmware\18F4520 Fader\Motor Fader v6.2 18F4520 - Touch Test\PWM_routine.c
                 setPoint   0x00012e       data     extern C:\Users\Pelle\Documents\Docus\Automan\Automation Project\Firmware\18F4520 Fader\Motor Fader v6.2 18F4520 - Touch Test\main6.1.c
             softSetPoint   0x000130       data     extern C:\Users\Pelle\Documents\Docus\Automan\Automation Project\Firmware\18F4520 Fader\Motor Fader v6.2 18F4520 - Touch Test\main6.1.c
              sslVCAgroup   0x0000d2       data     extern C:\Users\Pelle\Documents\Docus\Automan\Automation Project\Firmware\18F4520 Fader\Motor Fader v6.2 18F4520 - Touch Test\main6.1.c
                 syncByte   0x000015       data     extern C:\Users\Pelle\Documents\Docus\Automan\Automation Project\Firmware\18F4520 Fader\Motor Fader v6.2 18F4520 - Touch Test\main6.1.c
                syncByte1   0x000019       data     extern C:\Users\Pelle\Documents\Docus\Automan\Automation Project\Firmware\18F4520 Fader\Motor Fader v6.2 18F4520 - Touch Test\main6.1.c
                syncByte2   0x00001a       data     extern C:\Users\Pelle\Documents\Docus\Automan\Automation Project\Firmware\18F4520 Fader\Motor Fader v6.2 18F4520 - Touch Test\main6.1.c
              syncByteOut   0x000017       data     extern C:\Users\Pelle\Documents\Docus\Automan\Automation Project\Firmware\18F4520 Fader\Motor Fader v6.2 18F4520 - Touch Test\main6.1.c
                     temp   0x0000dd       data     extern C:\Users\Pelle\Documents\Docus\Automan\Automation Project\Firmware\18F4520 Fader\Motor Fader v6.2 18F4520 - Touch Test\main6.1.c
                  testVal   0x0000d6       data     extern C:\Users\Pelle\Documents\Docus\Automan\Automation Project\Firmware\18F4520 Fader\Motor Fader v6.2 18F4520 - Touch Test\main6.1.c
                  tmrSnap   0x0000dc       data     extern C:\Users\Pelle\Documents\Docus\Automan\Automation Project\Firmware\18F4520 Fader\Motor Fader v6.2 18F4520 - Touch Test\main6.1.c
           touchThreshold   0x0000df       data     extern C:\Users\Pelle\Documents\Docus\Automan\Automation Project\Firmware\18F4520 Fader\Motor Fader v6.2 18F4520 - Touch Test\main6.1.c
              touch_press   0x000158       data     extern C:\Users\Pelle\Documents\Docus\Automan\Automation Project\Firmware\18F4520 Fader\Motor Fader v6.2 18F4520 - Touch Test\SWITCHES_routine.c
                touch_rel   0x000156       data     extern C:\Users\Pelle\Documents\Docus\Automan\Automation Project\Firmware\18F4520 Fader\Motor Fader v6.2 18F4520 - Touch Test\SWITCHES_routine.c
                 vcaValue   0x0000da       data     extern C:\Users\Pelle\Documents\Docus\Automan\Automation Project\Firmware\18F4520 Fader\Motor Fader v6.2 18F4520 - Touch Test\main6.1.c
                writeCntr   0x0000e0       data     extern C:\Users\Pelle\Documents\Docus\Automan\Automation Project\Firmware\18F4520 Fader\Motor Fader v6.2 18F4520 - Touch Test\main6.1.c
                      xID   0x0000f4       data     extern C:\Users\Pelle\Documents\Docus\Automan\Automation Project\Firmware\18F4520 Fader\Motor Fader v6.2 18F4520 - Touch Test\main6.1.c



                              Symbols - Sorted by Address
                     Name    Address   Location    Storage File                     
                ---------  ---------  ---------  --------- ---------                
                   _entry   0x000000    program     extern E:\c18v3.46\pic18-lt\cxx-framework\src\traditional\startup\c018i.c
       ___return_lbl00000   0x000004    program     static                          
                   __init   0x000006    program     extern E:\c18v3.46\pic18-lt\cxx-framework\src\traditional\stdclib\__init.c
 interrupt_at_high_vector   0x000008    program     extern C:\Users\Pelle\Documents\Docus\Automan\Automation Project\Firmware\18F4520 Fader\Motor Fader v6.2 18F4520 - Touch Test\main6.1.c
       ___return_lbl00000   0x00000c    program     static                          
                  BusyADC   0x00000e    program     extern E:\c18v3.46\pic18-lt\cxx-framework\src\pmc_common\ADC\adcbusy.c
  interrupt_at_low_vector   0x000018    program     extern C:\Users\Pelle\Documents\Docus\Automan\Automation Project\Firmware\18F4520 Fader\Motor Fader v6.2 18F4520 - Touch Test\main6.1.c
       ___return_lbl00001   0x00001c    program     static                          
              HighISRCode   0x00001e    program     extern C:\Users\Pelle\Documents\Docus\Automan\Automation Project\Firmware\18F4520 Fader\Motor Fader v6.2 18F4520 - Touch Test\main6.1.c
               LowISRCode   0x0001de    program     extern C:\Users\Pelle\Documents\Docus\Automan\Automation Project\Firmware\18F4520 Fader\Motor Fader v6.2 18F4520 - Touch Test\main6.1.c
                     main   0x0003a6    program     extern C:\Users\Pelle\Documents\Docus\Automan\Automation Project\Firmware\18F4520 Fader\Motor Fader v6.2 18F4520 - Touch Test\main6.1.c
[...]
                    TRISD   0x000f95       data     extern E:\c18v3.46\pic18-lt\cxx-framework\src\traditional\proc\p18f4520.asm
                 DDRDbits   0x000f95       data     extern E:\c18v3.46\pic18-lt\cxx-framework\src\traditional\proc\p18f4520.asm
                     DDRD   0x000f95       data     extern E:\c18v3.46\pic18-lt\cxx-framework\src\traditional\proc\p18f4520.asm
                 DDREbits   0x000f96       data     extern E:\c18v3.46\pic18-lt\cxx-framework\src\traditional\proc\p18f4520.asm
                     DDRE   0x000f96       data     extern E:\c18v3.46\pic18-lt\cxx-framework\src\traditional\proc\p18f4520.asm
                    TRISE   0x000f96       data     extern E:\c18v3.46\pic18-lt\cxx-framework\src\traditional\proc\p18f4520.asm
                TRISEbits   0x000f96       data     extern E:\c18v3.46\pic18-lt\cxx-framework\src\traditional\proc\p18f4520.asm
                  OSCTUNE   0x000f9b       data     extern E:\c18v3.46\pic18-lt\cxx-framework\src\traditional\proc\p18f4520.asm
              OSCTUNEbits   0x000f9b       data     extern E:\c18v3.46\pic18-lt\cxx-framework\src\traditional\proc\p18f4520.asm
                 PIE1bits   0x000f9d       data     extern E:\c18v3.46\pic18-lt\cxx-framework\src\traditional\proc\p18f4520.asm
                     PIE1   0x000f9d       data     extern E:\c18v3.46\pic18-lt\cxx-framework\src\traditional\proc\p18f4520.asm
                 PIR1bits   0x000f9e       data     extern E:\c18v3.46\pic18-lt\cxx-framework\src\traditional\proc\p18f4520.asm
                     PIR1   0x000f9e       data     extern E:\c18v3.46\pic18-lt\cxx-framework\src\traditional\proc\p18f4520.asm
                 IPR1bits   0x000f9f       data     extern E:\c18v3.46\pic18-lt\cxx-framework\src\traditional\proc\p18f4520.asm
                     IPR1   0x000f9f       data     extern E:\c18v3.46\pic18-lt\cxx-framework\src\traditional\proc\p18f4520.asm
                     PIE2   0x000fa0       data     extern E:\c18v3.46\pic18-lt\cxx-framework\src\traditional\proc\p18f4520.asm
                 PIE2bits   0x000fa0       data     extern E:\c18v3.46\pic18-lt\cxx-framework\src\traditional\proc\p18f4520.asm
                     PIR2   0x000fa1       data     extern E:\c18v3.46\pic18-lt\cxx-framework\src\traditional\proc\p18f4520.asm
                 PIR2bits   0x000fa1       data     extern E:\c18v3.46\pic18-lt\cxx-framework\src\traditional\proc\p18f4520.asm
                 IPR2bits   0x000fa2       data     extern E:\c18v3.46\pic18-lt\cxx-framework\src\traditional\proc\p18f4520.asm
                     IPR2   0x000fa2       data     extern E:\c18v3.46\pic18-lt\cxx-framework\src\traditional\proc\p18f4520.asm
               EECON1bits   0x000fa6       data     extern E:\c18v3.46\pic18-lt\cxx-framework\src\traditional\proc\p18f4520.asm
                   EECON1   0x000fa6       data     extern E:\c18v3.46\pic18-lt\cxx-framework\src\traditional\proc\p18f4520.asm
                   EECON2   0x000fa7       data     extern E:\c18v3.46\pic18-lt\cxx-framework\src\traditional\proc\p18f4520.asm
                   EEDATA   0x000fa8       data     extern E:\c18v3.46\pic18-lt\cxx-framework\src\traditional\proc\p18f4520.asm
                    EEADR   0x000fa9       data     extern E:\c18v3.46\pic18-lt\cxx-framework\src\traditional\proc\p18f4520.asm
                    RCSTA   0x000fab       data     extern E:\c18v3.46\pic18-lt\cxx-framework\src\traditional\proc\p18f4520.asm
                RCSTAbits   0x000fab       data     extern E:\c18v3.46\pic18-lt\cxx-framework\src\traditional\proc\p18f4520.asm
                    TXSTA   0x000fac       data     extern E:\c18v3.46\pic18-lt\cxx-framework\src\traditional\proc\p18f4520.asm
                TXSTAbits   0x000fac       data     extern E:\c18v3.46\pic18-lt\cxx-framework\src\traditional\proc\p18f4520.asm
                    TXREG   0x000fad       data     extern E:\c18v3.46\pic18-lt\cxx-framework\src\traditional\proc\p18f4520.asm
                    RCREG   0x000fae       data     extern E:\c18v3.46\pic18-lt\cxx-framework\src\traditional\proc\p18f4520.asm
                    SPBRG   0x000faf       data     extern E:\c18v3.46\pic18-lt\cxx-framework\src\traditional\proc\p18f4520.asm
                   SPBRGH   0x000fb0       data     extern E:\c18v3.46\pic18-lt\cxx-framework\src\traditional\proc\p18f4520.asm
                    T3CON   0x000fb1       data     extern E:\c18v3.46\pic18-lt\cxx-framework\src\traditional\proc\p18f4520.asm
                T3CONbits   0x000fb1       data     extern E:\c18v3.46\pic18-lt\cxx-framework\src\traditional\proc\p18f4520.asm
                    TMR3L   0x000fb2       data     extern E:\c18v3.46\pic18-lt\cxx-framework\src\traditional\proc\p18f4520.asm
                    TMR3H   0x000fb3       data     extern E:\c18v3.46\pic18-lt\cxx-framework\src\traditional\proc\p18f4520.asm
                    CMCON   0x000fb4       data     extern E:\c18v3.46\pic18-lt\cxx-framework\src\traditional\proc\p18f4520.asm
                CMCONbits   0x000fb4       data     extern E:\c18v3.46\pic18-lt\cxx-framework\src\traditional\proc\p18f4520.asm
                   CVRCON   0x000fb5       data     extern E:\c18v3.46\pic18-lt\cxx-framework\src\traditional\proc\p18f4520.asm
               CVRCONbits   0x000fb5       data     extern E:\c18v3.46\pic18-lt\cxx-framework\src\traditional\proc\p18f4520.asm
                  ECCP1AS   0x000fb6       data     extern E:\c18v3.46\pic18-lt\cxx-framework\src\traditional\proc\p18f4520.asm
              ECCP1ASbits   0x000fb6       data     extern E:\c18v3.46\pic18-lt\cxx-framework\src\traditional\proc\p18f4520.asm
               ECCPASbits   0x000fb6       data     extern E:\c18v3.46\pic18-lt\cxx-framework\src\traditional\proc\p18f4520.asm
                   ECCPAS   0x000fb6       data     extern E:\c18v3.46\pic18-lt\cxx-framework\src\traditional\proc\p18f4520.asm
              PWM1CONbits   0x000fb7       data     extern E:\c18v3.46\pic18-lt\cxx-framework\src\traditional\proc\p18f4520.asm
                 ECCP1DEL   0x000fb7       data     extern E:\c18v3.46\pic18-lt\cxx-framework\src\traditional\proc\p18f4520.asm
                  PWM1CON   0x000fb7       data     extern E:\c18v3.46\pic18-lt\cxx-framework\src\traditional\proc\p18f4520.asm
             ECCP1DELbits   0x000fb7       data     extern E:\c18v3.46\pic18-lt\cxx-framework\src\traditional\proc\p18f4520.asm
                  BAUDCON   0x000fb8       data     extern E:\c18v3.46\pic18-lt\cxx-framework\src\traditional\proc\p18f4520.asm
              BAUDCONbits   0x000fb8       data     extern E:\c18v3.46\pic18-lt\cxx-framework\src\traditional\proc\p18f4520.asm
              BAUDCTLbits   0x000fb8       data     extern E:\c18v3.46\pic18-lt\cxx-framework\src\traditional\proc\p18f4520.asm
                  BAUDCTL   0x000fb8       data     extern E:\c18v3.46\pic18-lt\cxx-framework\src\traditional\proc\p18f4520.asm
                  CCP2CON   0x000fba       data     extern E:\c18v3.46\pic18-lt\cxx-framework\src\traditional\proc\p18f4520.asm
              CCP2CONbits   0x000fba       data     extern E:\c18v3.46\pic18-lt\cxx-framework\src\traditional\proc\p18f4520.asm
                   CCPR2L   0x000fbb       data     extern E:\c18v3.46\pic18-lt\cxx-framework\src\traditional\proc\p18f4520.asm
                    CCPR2   0x000fbb       data     extern E:\c18v3.46\pic18-lt\cxx-framework\src\traditional\proc\p18f4520.asm
                   CCPR2H   0x000fbc       data     extern E:\c18v3.46\pic18-lt\cxx-framework\src\traditional\proc\p18f4520.asm
                  CCP1CON   0x000fbd       data     extern E:\c18v3.46\pic18-lt\cxx-framework\src\traditional\proc\p18f4520.asm
              CCP1CONbits   0x000fbd       data     extern E:\c18v3.46\pic18-lt\cxx-framework\src\traditional\proc\p18f4520.asm
                   CCPR1L   0x000fbe       data     extern E:\c18v3.46\pic18-lt\cxx-framework\src\traditional\proc\p18f4520.asm
                    CCPR1   0x000fbe       data     extern E:\c18v3.46\pic18-lt\cxx-framework\src\traditional\proc\p18f4520.asm
                   CCPR1H   0x000fbf       data     extern E:\c18v3.46\pic18-lt\cxx-framework\src\traditional\proc\p18f4520.asm
                   ADCON2   0x000fc0       data     extern E:\c18v3.46\pic18-lt\cxx-framework\src\traditional\proc\p18f4520.asm
               ADCON2bits   0x000fc0       data     extern E:\c18v3.46\pic18-lt\cxx-framework\src\traditional\proc\p18f4520.asm
                   ADCON1   0x000fc1       data     extern E:\c18v3.46\pic18-lt\cxx-framework\src\traditional\proc\p18f4520.asm
               ADCON1bits   0x000fc1       data     extern E:\c18v3.46\pic18-lt\cxx-framework\src\traditional\proc\p18f4520.asm
                   ADCON0   0x000fc2       data     extern E:\c18v3.46\pic18-lt\cxx-framework\src\traditional\proc\p18f4520.asm
               ADCON0bits   0x000fc2       data     extern E:\c18v3.46\pic18-lt\cxx-framework\src\traditional\proc\p18f4520.asm
                    ADRES   0x000fc3       data     extern E:\c18v3.46\pic18-lt\cxx-framework\src\traditional\proc\p18f4520.asm
                   ADRESL   0x000fc3       data     extern E:\c18v3.46\pic18-lt\cxx-framework\src\traditional\proc\p18f4520.asm
                   ADRESH   0x000fc4       data     extern E:\c18v3.46\pic18-lt\cxx-framework\src\traditional\proc\p18f4520.asm
                  SSPCON2   0x000fc5       data     extern E:\c18v3.46\pic18-lt\cxx-framework\src\traditional\proc\p18f4520.asm
              SSPCON2bits   0x000fc5       data     extern E:\c18v3.46\pic18-lt\cxx-framework\src\traditional\proc\p18f4520.asm
                  SSPCON1   0x000fc6       data     extern E:\c18v3.46\pic18-lt\cxx-framework\src\traditional\proc\p18f4520.asm
              SSPCON1bits   0x000fc6       data     extern E:\c18v3.46\pic18-lt\cxx-framework\src\traditional\proc\p18f4520.asm
                  SSPSTAT   0x000fc7       data     extern E:\c18v3.46\pic18-lt\cxx-framework\src\traditional\proc\p18f4520.asm
              SSPSTATbits   0x000fc7       data     extern E:\c18v3.46\pic18-lt\cxx-framework\src\traditional\proc\p18f4520.asm
                   SSPADD   0x000fc8       data     extern E:\c18v3.46\pic18-lt\cxx-framework\src\traditional\proc\p18f4520.asm
                   SSPBUF   0x000fc9       data     extern E:\c18v3.46\pic18-lt\cxx-framework\src\traditional\proc\p18f4520.asm
                T2CONbits   0x000fca       data     extern E:\c18v3.46\pic18-lt\cxx-framework\src\traditional\proc\p18f4520.asm
                    T2CON   0x000fca       data     extern E:\c18v3.46\pic18-lt\cxx-framework\src\traditional\proc\p18f4520.asm
                      PR2   0x000fcb       data     extern E:\c18v3.46\pic18-lt\cxx-framework\src\traditional\proc\p18f4520.asm
                     TMR2   0x000fcc       data     extern E:\c18v3.46\pic18-lt\cxx-framework\src\traditional\proc\p18f4520.asm
                    T1CON   0x000fcd       data     extern E:\c18v3.46\pic18-lt\cxx-framework\src\traditional\proc\p18f4520.asm
                T1CONbits   0x000fcd       data     extern E:\c18v3.46\pic18-lt\cxx-framework\src\traditional\proc\p18f4520.asm
                    TMR1L   0x000fce       data     extern E:\c18v3.46\pic18-lt\cxx-framework\src\traditional\proc\p18f4520.asm
                    TMR1H   0x000fcf       data     extern E:\c18v3.46\pic18-lt\cxx-framework\src\traditional\proc\p18f4520.asm
                     RCON   0x000fd0       data     extern E:\c18v3.46\pic18-lt\cxx-framework\src\traditional\proc\p18f4520.asm
                 RCONbits   0x000fd0       data     extern E:\c18v3.46\pic18-lt\cxx-framework\src\traditional\proc\p18f4520.asm
               WDTCONbits   0x000fd1       data     extern E:\c18v3.46\pic18-lt\cxx-framework\src\traditional\proc\p18f4520.asm
                   WDTCON   0x000fd1       data     extern E:\c18v3.46\pic18-lt\cxx-framework\src\traditional\proc\p18f4520.asm
               LVDCONbits   0x000fd2       data     extern E:\c18v3.46\pic18-lt\cxx-framework\src\traditional\proc\p18f4520.asm
                   LVDCON   0x000fd2       data     extern E:\c18v3.46\pic18-lt\cxx-framework\src\traditional\proc\p18f4520.asm
              HLVDCONbits   0x000fd2       data     extern E:\c18v3.46\pic18-lt\cxx-framework\src\traditional\proc\p18f4520.asm
                  HLVDCON   0x000fd2       data     extern E:\c18v3.46\pic18-lt\cxx-framework\src\traditional\proc\p18f4520.asm
               OSCCONbits   0x000fd3       data     extern E:\c18v3.46\pic18-lt\cxx-framework\src\traditional\proc\p18f4520.asm
                   OSCCON   0x000fd3       data     extern E:\c18v3.46\pic18-lt\cxx-framework\src\traditional\proc\p18f4520.asm
                T0CONbits   0x000fd5       data     extern E:\c18v3.46\pic18-lt\cxx-framework\src\traditional\proc\p18f4520.asm
                    T0CON   0x000fd5       data     extern E:\c18v3.46\pic18-lt\cxx-framework\src\traditional\proc\p18f4520.asm
                    TMR0L   0x000fd6       data     extern E:\c18v3.46\pic18-lt\cxx-framework\src\traditional\proc\p18f4520.asm
                    TMR0H   0x000fd7       data     extern E:\c18v3.46\pic18-lt\cxx-framework\src\traditional\proc\p18f4520.asm
               STATUSbits   0x000fd8       data     extern E:\c18v3.46\pic18-lt\cxx-framework\src\traditional\proc\p18f4520.asm
                   STATUS   0x000fd8       data     extern E:\c18v3.46\pic18-lt\cxx-framework\src\traditional\proc\p18f4520.asm
                     FSR2   0x000fd9       data     extern E:\c18v3.46\pic18-lt\cxx-framework\src\traditional\proc\p18f4520.asm
                    FSR2L   0x000fd9       data     extern E:\c18v3.46\pic18-lt\cxx-framework\src\traditional\proc\p18f4520.asm
                    FSR2H   0x000fda       data     extern E:\c18v3.46\pic18-lt\cxx-framework\src\traditional\proc\p18f4520.asm
                   PLUSW2   0x000fdb       data     extern E:\c18v3.46\pic18-lt\cxx-framework\src\traditional\proc\p18f4520.asm
                  PREINC2   0x000fdc       data     extern E:\c18v3.46\pic18-lt\cxx-framework\src\traditional\proc\p18f4520.asm
                 POSTDEC2   0x000fdd       data     extern E:\c18v3.46\pic18-lt\cxx-framework\src\traditional\proc\p18f4520.asm
                 POSTINC2   0x000fde       data     extern E:\c18v3.46\pic18-lt\cxx-framework\src\traditional\proc\p18f4520.asm
                    INDF2   0x000fdf       data     extern E:\c18v3.46\pic18-lt\cxx-framework\src\traditional\proc\p18f4520.asm
                      BSR   0x000fe0       data     extern E:\c18v3.46\pic18-lt\cxx-framework\src\traditional\proc\p18f4520.asm
                    FSR1L   0x000fe1       data     extern E:\c18v3.46\pic18-lt\cxx-framework\src\traditional\proc\p18f4520.asm
                     FSR1   0x000fe1       data     extern E:\c18v3.46\pic18-lt\cxx-framework\src\traditional\proc\p18f4520.asm
                    FSR1H   0x000fe2       data     extern E:\c18v3.46\pic18-lt\cxx-framework\src\traditional\proc\p18f4520.asm
                   PLUSW1   0x000fe3       data     extern E:\c18v3.46\pic18-lt\cxx-framework\src\traditional\proc\p18f4520.asm
                  PREINC1   0x000fe4       data     extern E:\c18v3.46\pic18-lt\cxx-framework\src\traditional\proc\p18f4520.asm
                 POSTDEC1   0x000fe5       data     extern E:\c18v3.46\pic18-lt\cxx-framework\src\traditional\proc\p18f4520.asm
                 POSTINC1   0x000fe6       data     extern E:\c18v3.46\pic18-lt\cxx-framework\src\traditional\proc\p18f4520.asm
                    INDF1   0x000fe7       data     extern E:\c18v3.46\pic18-lt\cxx-framework\src\traditional\proc\p18f4520.asm
                        W   0x000fe8       data     extern E:\c18v3.46\pic18-lt\cxx-framework\src\traditional\proc\p18f4520.asm
                     WREG   0x000fe8       data     extern E:\c18v3.46\pic18-lt\cxx-framework\src\traditional\proc\p18f4520.asm
                     FSR0   0x000fe9       data     extern E:\c18v3.46\pic18-lt\cxx-framework\src\traditional\proc\p18f4520.asm
                    FSR0L   0x000fe9       data     extern E:\c18v3.46\pic18-lt\cxx-framework\src\traditional\proc\p18f4520.asm
                    FSR0H   0x000fea       data     extern E:\c18v3.46\pic18-lt\cxx-framework\src\traditional\proc\p18f4520.asm
                   PLUSW0   0x000feb       data     extern E:\c18v3.46\pic18-lt\cxx-framework\src\traditional\proc\p18f4520.asm
                  PREINC0   0x000fec       data     extern E:\c18v3.46\pic18-lt\cxx-framework\src\traditional\proc\p18f4520.asm
                 POSTDEC0   0x000fed       data     extern E:\c18v3.46\pic18-lt\cxx-framework\src\traditional\proc\p18f4520.asm
                 POSTINC0   0x000fee       data     extern E:\c18v3.46\pic18-lt\cxx-framework\src\traditional\proc\p18f4520.asm
                    INDF0   0x000fef       data     extern E:\c18v3.46\pic18-lt\cxx-framework\src\traditional\proc\p18f4520.asm
                  INTCON3   0x000ff0       data     extern E:\c18v3.46\pic18-lt\cxx-framework\src\traditional\proc\p18f4520.asm
              INTCON3bits   0x000ff0       data     extern E:\c18v3.46\pic18-lt\cxx-framework\src\traditional\proc\p18f4520.asm
                  INTCON2   0x000ff1       data     extern E:\c18v3.46\pic18-lt\cxx-framework\src\traditional\proc\p18f4520.asm
              INTCON2bits   0x000ff1       data     extern E:\c18v3.46\pic18-lt\cxx-framework\src\traditional\proc\p18f4520.asm
               INTCONbits   0x000ff2       data     extern E:\c18v3.46\pic18-lt\cxx-framework\src\traditional\proc\p18f4520.asm
                   INTCON   0x000ff2       data     extern E:\c18v3.46\pic18-lt\cxx-framework\src\traditional\proc\p18f4520.asm
                     PROD   0x000ff3       data     extern E:\c18v3.46\pic18-lt\cxx-framework\src\traditional\proc\p18f4520.asm
                    PRODL   0x000ff3       data     extern E:\c18v3.46\pic18-lt\cxx-framework\src\traditional\proc\p18f4520.asm
                    PRODH   0x000ff4       data     extern E:\c18v3.46\pic18-lt\cxx-framework\src\traditional\proc\p18f4520.asm
                   TABLAT   0x000ff5       data     extern E:\c18v3.46\pic18-lt\cxx-framework\src\traditional\proc\p18f4520.asm
                   TBLPTR   0x000ff6       data     extern E:\c18v3.46\pic18-lt\cxx-framework\src\traditional\proc\p18f4520.asm
                  TBLPTRL   0x000ff6       data     extern E:\c18v3.46\pic18-lt\cxx-framework\src\traditional\proc\p18f4520.asm
                  TBLPTRH   0x000ff7       data     extern E:\c18v3.46\pic18-lt\cxx-framework\src\traditional\proc\p18f4520.asm
                  TBLPTRU   0x000ff8       data     extern E:\c18v3.46\pic18-lt\cxx-framework\src\traditional\proc\p18f4520.asm
                       PC   0x000ff9       data     extern E:\c18v3.46\pic18-lt\cxx-framework\src\traditional\proc\p18f4520.asm
                      PCL   0x000ff9       data     extern E:\c18v3.46\pic18-lt\cxx-framework\src\traditional\proc\p18f4520.asm
                   PCLATH   0x000ffa       data     extern E:\c18v3.46\pic18-lt\cxx-framework\src\traditional\proc\p18f4520.asm
                   PCLATU   0x000ffb       data     extern E:\c18v3.46\pic18-lt\cxx-framework\src\traditional\proc\p18f4520.asm
               STKPTRbits   0x000ffc       data     extern E:\c18v3.46\pic18-lt\cxx-framework\src\traditional\proc\p18f4520.asm
                   STKPTR   0x000ffc       data     extern E:\c18v3.46\pic18-lt\cxx-framework\src\traditional\proc\p18f4520.asm
                     TOSL   0x000ffd       data     extern E:\c18v3.46\pic18-lt\cxx-framework\src\traditional\proc\p18f4520.asm
                      TOS   0x000ffd       data     extern E:\c18v3.46\pic18-lt\cxx-framework\src\traditional\proc\p18f4520.asm
                     TOSH   0x000ffe       data     extern E:\c18v3.46\pic18-lt\cxx-framework\src\traditional\proc\p18f4520.asm
                     TOSU   0x000fff       data     extern E:\c18v3.46\pic18-lt\cxx-framework\src\traditional\proc\p18f4520.asm


