MPLINK 4.32, Linker
Linker Map File - Created Mon Mar 07 00:58:30 2011

                                 Section Info
                  Section       Type    Address   Location Size(Bytes)
                ---------  ---------  ---------  ---------  ---------
               _entry_scn       code   0x000000    program   0x000006
           .code___init.o       code   0x000006    program   0x000002
      InterruptVectorHigh       code   0x000008    program   0x000006
                   .cinit    romdata   0x00000e    program   0x00000e
  .code_main_touch_test.o       code   0x00001c    program   0x000e00
                     PROG       code   0x000e1c    program   0x00051e
               _cinit_scn       code   0x00133a    program   0x00009e
          .code_pw2open.o       code   0x0013d8    program   0x000076
          .code_adcopen.o       code   0x00144e    program   0x00006e
             .code_fabs.o       code   0x0014bc    program   0x000066
         .code_pw2setdc.o       code   0x001522    program   0x00005e
         .code_pw1setdc.o       code   0x001580    program   0x00005e
           .code_t2open.o       code   0x0015de    program   0x000036
          .code_pw1open.o       code   0x001614    program   0x000030
         .code_adcsetch.o       code   0x001644    program   0x00002e
         .code_fxd1616u.o       code   0x001672    program   0x00002c
             _startup_scn       code   0x00169e    program   0x00001c
         .code_fxd0808u.o       code   0x0016ba    program   0x00001c
                    .code       code   0x0016d6    program   0x00000e
          .code_adcbusy.o       code   0x0016e4    program   0x00000a
          .code_adcconv.o       code   0x0016ee    program   0x000004
      .idata_pw2setdc.o_i    romdata   0x0016f2    program   0x000000
      .romdata_pw2setdc.o    romdata   0x0016f2    program   0x000000
      .romdata_pw1setdc.o    romdata   0x0016f2    program   0x000000
      .idata_pw1setdc.o_i    romdata   0x0016f2    program   0x000000
        .romdata___init.o    romdata   0x0016f2    program   0x000000
      .romdata_adcsetch.o    romdata   0x0016f2    program   0x000000
         .romdata_c018i.o    romdata   0x0016f2    program   0x000000
          .romdata_fabs.o    romdata   0x0016f2    program   0x000000
        .romdata_t2open.o    romdata   0x0016f2    program   0x000000
        .idata_t2open.o_i    romdata   0x0016f2    program   0x000000
.romdata_main_touch_test.o    romdata   0x0016f2    program   0x000000
       .romdata_adcbusy.o    romdata   0x0016f2    program   0x000000
       .romdata_adcconv.o    romdata   0x0016f2    program   0x000000
.idata_main_touch_test.o_i    romdata   0x0016f2    program   0x000041
      .romdata_fxd0808u.o    romdata   0x0016f2    program   0x000000
      .romdata_fxd1616u.o    romdata   0x0016f2    program   0x000000
       .romdata_adcopen.o    romdata   0x0016f2    program   0x000000
       .idata_pw1open.o_i    romdata   0x0016f2    program   0x000000
       .romdata_pw1open.o    romdata   0x0016f2    program   0x000000
       .idata_pw2open.o_i    romdata   0x0016f2    program   0x000000
       .romdata_pw2open.o    romdata   0x0016f2    program   0x000000
       .idata_adcopen.o_i    romdata   0x001733    program   0x000000
      .idata_adcsetch.o_i    romdata   0x001733    program   0x000000
      .idata_fxd1616u.o_i    romdata   0x001733    program   0x000000
      .idata_fxd0808u.o_i    romdata   0x001733    program   0x000000
        .idata___init.o_i    romdata   0x001733    program   0x000000
       .idata_adcconv.o_i    romdata   0x001733    program   0x000000
          .idata_fabs.o_i    romdata   0x001733    program   0x000000
       .idata_adcbusy.o_i    romdata   0x001733    program   0x000000
         .idata_c018i.o_i    romdata   0x001733    program   0x000000
            .code_c018i.o       code   0x001734    program   0x000000
          volatile_access      udata   0x000000       data   0x000055
                MATH_DATA      udata   0x000055       data   0x000014
                 .tmpdata      udata   0x000069       data   0x000014
 .idata_main_touch_test.o      idata   0x000080       data   0x000041
           .udata_c018i.o      udata   0x0000c1       data   0x00000a
         .udata_pw2open.o      udata   0x0000cb       data   0x000000
         .idata_pw2open.o      idata   0x0000cb       data   0x000000
          .udata_t2open.o      udata   0x0000cb       data   0x000000
          .idata_t2open.o      idata   0x0000cb       data   0x000000
        .udata_adcsetch.o      udata   0x0000cb       data   0x000000
        .idata_adcsetch.o      idata   0x0000cb       data   0x000000
        .udata_pw1setdc.o      udata   0x0000cb       data   0x000000
        .idata_pw1setdc.o      idata   0x0000cb       data   0x000000
        .udata_pw2setdc.o      udata   0x0000cb       data   0x000000
        .idata_pw2setdc.o      idata   0x0000cb       data   0x000000
          .udata___init.o      udata   0x0000cb       data   0x000000
          .idata___init.o      idata   0x0000cb       data   0x000000
            .udata_fabs.o      udata   0x0000cb       data   0x000000
            .idata_fabs.o      idata   0x0000cb       data   0x000000
         .idata_pw1open.o      idata   0x0000cb       data   0x000000
         .udata_pw1open.o      udata   0x0000cb       data   0x000000
         .idata_adcopen.o      idata   0x0000cb       data   0x000000
         .udata_adcopen.o      udata   0x0000cb       data   0x000000
        .idata_fxd1616u.o      idata   0x0000cb       data   0x000000
        .udata_fxd1616u.o      udata   0x0000cb       data   0x000000
        .idata_fxd0808u.o      idata   0x0000cb       data   0x000000
        .udata_fxd0808u.o      udata   0x0000cb       data   0x000000
         .idata_adcconv.o      idata   0x0000cb       data   0x000000
         .udata_adcconv.o      udata   0x0000cb       data   0x000000
         .idata_adcbusy.o      idata   0x0000cb       data   0x000000
         .udata_adcbusy.o      udata   0x0000cb       data   0x000000
 .udata_main_touch_test.o      udata   0x0000cb       data   0x000000
           .idata_c018i.o      idata   0x0000cb       data   0x000000
                   .stack      udata   0x000500       data   0x000100
            SFR_UNBANKED0      udata   0x000f80       data   0x000080



                              Program Memory Usage 
                               Start         End      
                           ---------   ---------      
                            0x000000    0x001732      
            5939 out of 33048 program addresses used, program memory utilization is 17%



                              Symbols - Sorted by Name
                     Name    Address   Location    Storage File                     
                ---------  ---------  ---------  --------- ---------                
                  BusyADC   0x0016e4    program     extern C:\MCC18\src\pmc_common\ADC\adcbusy.c
            Calculate_PWM   0x0004a8    program     extern C:\Users\Pelle Gunnerfeldt\Desktop\Automan\PIC Projects\Motor Fader v6.2 18F4520 - Touch Test\main_touch_test.c
               ConvertADC   0x0016ee    program     extern C:\MCC18\src\pmc_common\ADC\adcconv.c
                 FLO1632S   0x000e20    program     extern C:\MCC18\src\traditional\math\cast16FP.asm
                 FLO1632U   0x000e1c    program     extern C:\MCC18\src\traditional\math\cast16FP.asm
                    FPA32   0x000e48    program     extern C:\MCC18\src\traditional\math\addFP.asm
                    FPD32   0x000f74    program     extern C:\MCC18\src\traditional\math\divFP.asm
                    FPM32   0x00101a    program     extern C:\MCC18\src\traditional\math\mulFP.asm
                    FPS32   0x000e46    program     extern C:\MCC18\src\traditional\math\addFP.asm
                 FXD0808U   0x0016ba    program     extern C:\MCC18\src\traditional\math\fxd0808u.c
                 FXD1616U   0x001672    program     extern C:\MCC18\src\traditional\math\fxd1616u.c
             Handle_I2C_1   0x000d0a    program     extern C:\Users\Pelle Gunnerfeldt\Desktop\Automan\PIC Projects\Motor Fader v6.2 18F4520 - Touch Test\main_touch_test.c
             Handle_I2C_2   0x000d0c    program     extern C:\Users\Pelle Gunnerfeldt\Desktop\Automan\PIC Projects\Motor Fader v6.2 18F4520 - Touch Test\main_touch_test.c
              Handle_LEDs   0x000af6    program     extern C:\Users\Pelle Gunnerfeldt\Desktop\Automan\PIC Projects\Motor Fader v6.2 18F4520 - Touch Test\main_touch_test.c
               Handle_SWs   0x000af4    program     extern C:\Users\Pelle Gunnerfeldt\Desktop\Automan\PIC Projects\Motor Fader v6.2 18F4520 - Touch Test\main_touch_test.c
                  INT3216   0x0010f4    program     extern C:\MCC18\src\traditional\math\castFP16.asm
                     Init   0x000d16    program     extern C:\Users\Pelle Gunnerfeldt\Desktop\Automan\PIC Projects\Motor Fader v6.2 18F4520 - Touch Test\main_touch_test.c
     InterruptHandlerHigh   0x00001c    program     extern C:\Users\Pelle Gunnerfeldt\Desktop\Automan\PIC Projects\Motor Fader v6.2 18F4520 - Touch Test\main_touch_test.c
      InterruptVectorHigh   0x000008    program     extern C:\Users\Pelle Gunnerfeldt\Desktop\Automan\PIC Projects\Motor Fader v6.2 18F4520 - Touch Test\main_touch_test.c
           Load_Ch_Digits   0x00030c    program     extern C:\Users\Pelle Gunnerfeldt\Desktop\Automan\PIC Projects\Motor Fader v6.2 18F4520 - Touch Test\main_touch_test.c
          Load_Pos_Digits   0x000352    program     extern C:\Users\Pelle Gunnerfeldt\Desktop\Automan\PIC Projects\Motor Fader v6.2 18F4520 - Touch Test\main_touch_test.c
                  OpenADC   0x00144e    program     extern C:\MCC18\src\pmc_common\ADC\adcopen.c
                 OpenPWM1   0x001614    program     extern C:\MCC18\src\pmc_common\PWM\pw1open.c
         OpenPWM1ConfigIO   0x001640    program     extern C:\MCC18\src\pmc_common\PWM\pw1open.c
                 OpenPWM2   0x0013d8    program     extern C:\MCC18\src\pmc_common\PWM\pw2open.c
               OpenTimer2   0x0015de    program     extern C:\MCC18\src\pmc_common\Timers\t2open.c
                 Read_Pos   0x000474    program     extern C:\Users\Pelle Gunnerfeldt\Desktop\Automan\PIC Projects\Motor Fader v6.2 18F4520 - Touch Test\main_touch_test.c
                Run_Motor   0x000b84    program     extern C:\Users\Pelle Gunnerfeldt\Desktop\Automan\PIC Projects\Motor Fader v6.2 18F4520 - Touch Test\main_touch_test.c
               Scan_Touch   0x00026e    program     extern C:\Users\Pelle Gunnerfeldt\Desktop\Automan\PIC Projects\Motor Fader v6.2 18F4520 - Touch Test\main_touch_test.c
               SetChanADC   0x001644    program     extern C:\MCC18\src\pmc_common\ADC\adcsetch.c
                SetDCPWM1   0x001580    program     extern C:\MCC18\src\pmc_common\PWM\pw1setdc.c
                SetDCPWM2   0x001522    program     extern C:\MCC18\src\pmc_common\PWM\pw2setdc.c
                  TAEQB32   0x001152    program     extern C:\MCC18\src\traditional\math\eqFP.asm
                  TAGTB32   0x001160    program     extern C:\MCC18\src\traditional\math\gtFP.asm
                  TALTB32   0x001172    program     extern C:\MCC18\src\traditional\math\ltFP.asm
       Update_LED_Display   0x00042a    program     extern C:\Users\Pelle Gunnerfeldt\Desktop\Automan\PIC Projects\Motor Fader v6.2 18F4520 - Touch Test\main_touch_test.c
              __FpCompare   0x001184    program     extern C:\MCC18\src\traditional\math\compFP.asm
                 __FpExit   0x00123a    program     extern C:\MCC18\src\traditional\math\packFP.asm
                 __FpPack   0x001266    program     extern C:\MCC18\src\traditional\math\packFP.asm
            __FpReturnNaN   0x00122e    program     extern C:\MCC18\src\traditional\math\packFP.asm
         __FpReturnNegInf   0x001240    program     extern C:\MCC18\src\traditional\math\packFP.asm
        __FpReturnNegZero   0x001258    program     extern C:\MCC18\src\traditional\math\packFP.asm
         __FpReturnPosInf   0x001246    program     extern C:\MCC18\src\traditional\math\packFP.asm
        __FpReturnPosZero   0x001260    program     extern C:\MCC18\src\traditional\math\packFP.asm
        __FpReturnSignInf   0x00123c    program     extern C:\MCC18\src\traditional\math\packFP.asm
       __FpReturnSignZero   0x001254    program     extern C:\MCC18\src\traditional\math\packFP.asm
              __FpReturnW   0x0012be    program     extern C:\MCC18\src\traditional\math\packFP.asm
              __FpUnPackA   0x0012de    program     extern C:\MCC18\src\traditional\math\UnpackFP.asm
              __FpUnPackB   0x00130e    program     extern C:\MCC18\src\traditional\math\UnpackFP.asm
         ___else_lbl00002   0x001414    program     static                          
         ___else_lbl00004   0x001422    program     static                          
           ___if_lbl00001   0x001418    program     static                          
           ___if_lbl00003   0x001424    program     static                          
       ___return_lbl00000   0x0016d4    program     static                          
       ___return_lbl00000   0x001436    program     static                          
       ___return_lbl00000   0x00000c    program     static                          
       ___return_lbl00000   0x00169c    program     static                          
       ___return_lbl00000   0x000004    program     static                          
       ___return_lbl00001   0x0016b8    program     static                          
       ___return_lbl00002   0x0013d6    program     static                          
                   __init   0x000006    program     extern C:\MCC18\src\traditional\stdclib\__init.c
            __zero_memory   0x0016d6    program     extern C:\MCC18\src\traditional\proc\p18F4520.asm
                _do_cinit   0x00133a    program     extern C:\MCC18\src\traditional\startup\c018i.c
                   _entry   0x000000    program     extern C:\MCC18\src\traditional\startup\c018i.c
                 _startup   0x00169e    program     extern C:\MCC18\src\traditional\startup\c018i.c
               clear_loop   0x0016dc    program     static C:\MCC18\src\traditional\proc\p18F4520.asm
                copy_loop   0x0013ac    program     static                          
            copy_one_byte   0x0013b2    program     static                          
                     done   0x0013d6    program     static                          
             done_copying   0x0013c0    program     static                          
                  endloop   0x0016d0    program     static                          
                  endloop   0x001698    program     static                          
                     fabs   0x0014bc    program     extern C:\MCC18\src\traditional\stdclib\fabs.c
                 jANotInf   0x000e70    program     static C:\MCC18\src\traditional\math\addFP.asm
                 jANotInf   0x000f92    program     static C:\MCC18\src\traditional\math\divFP.asm
                 jANotInf   0x001038    program     static C:\MCC18\src\traditional\math\mulFP.asm
                 jANotNeg   0x000f04    program     static C:\MCC18\src\traditional\math\addFP.asm
                jANotZero   0x000fa6    program     static C:\MCC18\src\traditional\math\divFP.asm
              jAandWsetup   0x000ed4    program     static C:\MCC18\src\traditional\math\addFP.asm
                  jAisNeg   0x001200    program     static C:\MCC18\src\traditional\math\compFP.asm
                 jAltBexp   0x000ec2    program     static C:\MCC18\src\traditional\math\addFP.asm
                jBANotInf   0x000e66    program     static C:\MCC18\src\traditional\math\addFP.asm
                 jBNotInf   0x000e7e    program     static C:\MCC18\src\traditional\math\addFP.asm
              jBothFinite   0x001046    program     static C:\MCC18\src\traditional\math\mulFP.asm
             jBothNotZero   0x0011a2    program     static C:\MCC18\src\traditional\math\compFP.asm
             jBothNotZero   0x001052    program     static C:\MCC18\src\traditional\math\mulFP.asm
            jDifOrPosSign   0x000e92    program     static C:\MCC18\src\traditional\math\addFP.asm
                      jEQ   0x0011be    program     static C:\MCC18\src\traditional\math\compFP.asm
                    jExch   0x0011ca    program     static C:\MCC18\src\traditional\math\compFP.asm
                    jExit   0x001150    program     static C:\MCC18\src\traditional\math\castFP16.asm
                   jExpEQ   0x001210    program     static C:\MCC18\src\traditional\math\compFP.asm
                   jFinal   0x0011f4    program     static C:\MCC18\src\traditional\math\compFP.asm
               jFinalSign   0x000f6c    program     static C:\MCC18\src\traditional\math\addFP.asm
                jHaveZero   0x00104e    program     static C:\MCC18\src\traditional\math\mulFP.asm
                jI2F16Beg   0x000e30    program     static C:\MCC18\src\traditional\math\cast16FP.asm
                    jLoop   0x000fce    program     static C:\MCC18\src\traditional\math\divFP.asm
                    jLoop   0x001130    program     static C:\MCC18\src\traditional\math\castFP16.asm
                jLoopExit   0x001140    program     static C:\MCC18\src\traditional\math\castFP16.asm
                     jMax   0x001104    program     static C:\MCC18\src\traditional\math\castFP16.asm
                  jMaxNeg   0x001112    program     static C:\MCC18\src\traditional\math\castFP16.asm
                  jMaxPos   0x001108    program     static C:\MCC18\src\traditional\math\castFP16.asm
                      jNE   0x0011c2    program     static C:\MCC18\src\traditional\math\compFP.asm
                    jNext   0x000ff4    program     static C:\MCC18\src\traditional\math\divFP.asm
                jNoAdjust   0x000ff2    program     static C:\MCC18\src\traditional\math\divFP.asm
                  jNoExch   0x0011ea    program     static C:\MCC18\src\traditional\math\compFP.asm
             jNotBothZero   0x000e96    program     static C:\MCC18\src\traditional\math\addFP.asm
                  jNotInf   0x001120    program     static C:\MCC18\src\traditional\math\castFP16.asm
                  jPkLoop   0x001274    program     static C:\MCC18\src\traditional\math\packFP.asm
             jPkRoundDone   0x0012be    program     static C:\MCC18\src\traditional\math\packFP.asm
               jPkRoundIt   0x0012a6    program     static C:\MCC18\src\traditional\math\packFP.asm
             jPkShiftDone   0x001290    program     static C:\MCC18\src\traditional\math\packFP.asm
           jReturnPosInf0   0x00124a    program     static C:\MCC18\src\traditional\math\packFP.asm
                  jRotate   0x00121c    program     static C:\MCC18\src\traditional\math\compFP.asm
                   jShift   0x001206    program     static C:\MCC18\src\traditional\math\compFP.asm
               jShiftDone   0x000f2c    program     static C:\MCC18\src\traditional\math\addFP.asm
               jShiftLoop   0x000f1e    program     static C:\MCC18\src\traditional\math\addFP.asm
                jSignDone   0x000f5c    program     static C:\MCC18\src\traditional\math\addFP.asm
              jSignedZero   0x000f9c    program     static C:\MCC18\src\traditional\math\divFP.asm
                 jSignsEQ   0x0011a6    program     static C:\MCC18\src\traditional\math\compFP.asm
                  jUnpkA1   0x0012e8    program     static C:\MCC18\src\traditional\math\UnpackFP.asm
                  jUnpkA2   0x001300    program     static C:\MCC18\src\traditional\math\UnpackFP.asm
                 jUnpkANZ   0x0012f6    program     static C:\MCC18\src\traditional\math\UnpackFP.asm
                  jUnpkB1   0x001318    program     static C:\MCC18\src\traditional\math\UnpackFP.asm
                  jUnpkB2   0x001330    program     static C:\MCC18\src\traditional\math\UnpackFP.asm
                 jUnpkBNZ   0x001326    program     static C:\MCC18\src\traditional\math\UnpackFP.asm
                 jUnpkNaN   0x00130a    program     static C:\MCC18\src\traditional\math\UnpackFP.asm
                 jWNotNeg   0x000f18    program     static C:\MCC18\src\traditional\math\addFP.asm
                    jZero   0x00111a    program     static C:\MCC18\src\traditional\math\castFP16.asm
               jZero1and2   0x00124e    program     static C:\MCC18\src\traditional\math\packFP.asm
                     loop   0x0016ae    program     static                          
                     loop   0x0016c2    program     static                          
                     loop   0x00167c    program     static                          
                     main   0x000134    program     extern C:\Users\Pelle Gunnerfeldt\Desktop\Automan\PIC Projects\Motor Fader v6.2 18F4520 - Touch Test\main_touch_test.c
                     test   0x001354    program     static                          
                   ADCON0   0x000fc2       data     extern C:\MCC18\src\traditional\proc\p18F4520.asm
               ADCON0bits   0x000fc2       data     extern C:\MCC18\src\traditional\proc\p18F4520.asm
                   ADCON1   0x000fc1       data     extern C:\MCC18\src\traditional\proc\p18F4520.asm
               ADCON1bits   0x000fc1       data     extern C:\MCC18\src\traditional\proc\p18F4520.asm
                   ADCON2   0x000fc0       data     extern C:\MCC18\src\traditional\proc\p18F4520.asm
               ADCON2bits   0x000fc0       data     extern C:\MCC18\src\traditional\proc\p18F4520.asm
                    ADRES   0x000fc3       data     extern C:\MCC18\src\traditional\proc\p18F4520.asm
                   ADRESH   0x000fc4       data     extern C:\MCC18\src\traditional\proc\p18F4520.asm
                   ADRESL   0x000fc3       data     extern C:\MCC18\src\traditional\proc\p18F4520.asm
                     AUTO   0x000083       data     extern C:\Users\Pelle Gunnerfeldt\Desktop\Automan\PIC Projects\Motor Fader v6.2 18F4520 - Touch Test\main_touch_test.c
                  BAUDCON   0x000fb8       data     extern C:\MCC18\src\traditional\proc\p18F4520.asm
              BAUDCONbits   0x000fb8       data     extern C:\MCC18\src\traditional\proc\p18F4520.asm
                  BAUDCTL   0x000fb8       data     extern C:\MCC18\src\traditional\proc\p18F4520.asm
              BAUDCTLbits   0x000fb8       data     extern C:\MCC18\src\traditional\proc\p18F4520.asm
                      BSR   0x000fe0       data     extern C:\MCC18\src\traditional\proc\p18F4520.asm
                 BlinkCnt   0x0000a7       data     extern C:\Users\Pelle Gunnerfeldt\Desktop\Automan\PIC Projects\Motor Fader v6.2 18F4520 - Touch Test\main_touch_test.c
                 BlinkLED   0x0000a6       data     extern C:\Users\Pelle Gunnerfeldt\Desktop\Automan\PIC Projects\Motor Fader v6.2 18F4520 - Touch Test\main_touch_test.c
                  CCP1CON   0x000fbd       data     extern C:\MCC18\src\traditional\proc\p18F4520.asm
              CCP1CONbits   0x000fbd       data     extern C:\MCC18\src\traditional\proc\p18F4520.asm
                  CCP2CON   0x000fba       data     extern C:\MCC18\src\traditional\proc\p18F4520.asm
              CCP2CONbits   0x000fba       data     extern C:\MCC18\src\traditional\proc\p18F4520.asm
                    CCPR1   0x000fbe       data     extern C:\MCC18\src\traditional\proc\p18F4520.asm
                   CCPR1H   0x000fbf       data     extern C:\MCC18\src\traditional\proc\p18F4520.asm
                   CCPR1L   0x000fbe       data     extern C:\MCC18\src\traditional\proc\p18F4520.asm
                    CCPR2   0x000fbb       data     extern C:\MCC18\src\traditional\proc\p18F4520.asm
                   CCPR2H   0x000fbc       data     extern C:\MCC18\src\traditional\proc\p18F4520.asm
                   CCPR2L   0x000fbb       data     extern C:\MCC18\src\traditional\proc\p18F4520.asm
               CHANNEL_NO   0x0000c0       data     extern C:\Users\Pelle Gunnerfeldt\Desktop\Automan\PIC Projects\Motor Fader v6.2 18F4520 - Touch Test\main_touch_test.c
                    CMCON   0x000fb4       data     extern C:\MCC18\src\traditional\proc\p18F4520.asm
                CMCONbits   0x000fb4       data     extern C:\MCC18\src\traditional\proc\p18F4520.asm
                   CVRCON   0x000fb5       data     extern C:\MCC18\src\traditional\proc\p18F4520.asm
               CVRCONbits   0x000fb5       data     extern C:\MCC18\src\traditional\proc\p18F4520.asm
                     DDRA   0x000f92       data     extern C:\MCC18\src\traditional\proc\p18F4520.asm
                 DDRAbits   0x000f92       data     extern C:\MCC18\src\traditional\proc\p18F4520.asm
                     DDRB   0x000f93       data     extern C:\MCC18\src\traditional\proc\p18F4520.asm
                 DDRBbits   0x000f93       data     extern C:\MCC18\src\traditional\proc\p18F4520.asm
                     DDRC   0x000f94       data     extern C:\MCC18\src\traditional\proc\p18F4520.asm
                 DDRCbits   0x000f94       data     extern C:\MCC18\src\traditional\proc\p18F4520.asm
                     DDRD   0x000f95       data     extern C:\MCC18\src\traditional\proc\p18F4520.asm
                 DDRDbits   0x000f95       data     extern C:\MCC18\src\traditional\proc\p18F4520.asm
                     DDRE   0x000f96       data     extern C:\MCC18\src\traditional\proc\p18F4520.asm
                 DDREbits   0x000f96       data     extern C:\MCC18\src\traditional\proc\p18F4520.asm
                    DIGIT   0x000053       data     extern C:\Users\Pelle Gunnerfeldt\Desktop\Automan\PIC Projects\Motor Fader v6.2 18F4520 - Touch Test\main_touch_test.c
               DIG_TOGGLE   0x000052       data     extern C:\Users\Pelle Gunnerfeldt\Desktop\Automan\PIC Projects\Motor Fader v6.2 18F4520 - Touch Test\main_touch_test.c
                  ECCP1AS   0x000fb6       data     extern C:\MCC18\src\traditional\proc\p18F4520.asm
              ECCP1ASbits   0x000fb6       data     extern C:\MCC18\src\traditional\proc\p18F4520.asm
                    EEADR   0x000fa9       data     extern C:\MCC18\src\traditional\proc\p18F4520.asm
                   EECON1   0x000fa6       data     extern C:\MCC18\src\traditional\proc\p18F4520.asm
               EECON1bits   0x000fa6       data     extern C:\MCC18\src\traditional\proc\p18F4520.asm
                   EECON2   0x000fa7       data     extern C:\MCC18\src\traditional\proc\p18F4520.asm
                   EEDATA   0x000fa8       data     extern C:\MCC18\src\traditional\proc\p18F4520.asm
              ERROR_CHECK   0x000089       data     extern C:\Users\Pelle Gunnerfeldt\Desktop\Automan\PIC Projects\Motor Fader v6.2 18F4520 - Touch Test\main_touch_test.c
               ERROR_MASK   0x000088       data     extern C:\Users\Pelle Gunnerfeldt\Desktop\Automan\PIC Projects\Motor Fader v6.2 18F4520 - Touch Test\main_touch_test.c
              FADERSTATUS   0x00008a       data     extern C:\Users\Pelle Gunnerfeldt\Desktop\Automan\PIC Projects\Motor Fader v6.2 18F4520 - Touch Test\main_touch_test.c
                     FSR0   0x000fe9       data     extern C:\MCC18\src\traditional\proc\p18F4520.asm
                    FSR0H   0x000fea       data     extern C:\MCC18\src\traditional\proc\p18F4520.asm
                    FSR0L   0x000fe9       data     extern C:\MCC18\src\traditional\proc\p18F4520.asm
                     FSR1   0x000fe1       data     extern C:\MCC18\src\traditional\proc\p18F4520.asm
                    FSR1H   0x000fe2       data     extern C:\MCC18\src\traditional\proc\p18F4520.asm
                    FSR1L   0x000fe1       data     extern C:\MCC18\src\traditional\proc\p18F4520.asm
                     FSR2   0x000fd9       data     extern C:\MCC18\src\traditional\proc\p18F4520.asm
                    FSR2H   0x000fda       data     extern C:\MCC18\src\traditional\proc\p18F4520.asm
                    FSR2L   0x000fd9       data     extern C:\MCC18\src\traditional\proc\p18F4520.asm
                  FakeCnt   0x0000a9       data     extern C:\Users\Pelle Gunnerfeldt\Desktop\Automan\PIC Projects\Motor Fader v6.2 18F4520 - Touch Test\main_touch_test.c
                  HLVDCON   0x000fd2       data     extern C:\MCC18\src\traditional\proc\p18F4520.asm
              HLVDCONbits   0x000fd2       data     extern C:\MCC18\src\traditional\proc\p18F4520.asm
                  I2Cflag   0x000081       data     extern C:\Users\Pelle Gunnerfeldt\Desktop\Automan\PIC Projects\Motor Fader v6.2 18F4520 - Touch Test\main_touch_test.c
                    INDF0   0x000fef       data     extern C:\MCC18\src\traditional\proc\p18F4520.asm
                    INDF1   0x000fe7       data     extern C:\MCC18\src\traditional\proc\p18F4520.asm
                    INDF2   0x000fdf       data     extern C:\MCC18\src\traditional\proc\p18F4520.asm
                   INTCON   0x000ff2       data     extern C:\MCC18\src\traditional\proc\p18F4520.asm
                  INTCON2   0x000ff1       data     extern C:\MCC18\src\traditional\proc\p18F4520.asm
              INTCON2bits   0x000ff1       data     extern C:\MCC18\src\traditional\proc\p18F4520.asm
                  INTCON3   0x000ff0       data     extern C:\MCC18\src\traditional\proc\p18F4520.asm
              INTCON3bits   0x000ff0       data     extern C:\MCC18\src\traditional\proc\p18F4520.asm
               INTCONbits   0x000ff2       data     extern C:\MCC18\src\traditional\proc\p18F4520.asm
                     IPR1   0x000f9f       data     extern C:\MCC18\src\traditional\proc\p18F4520.asm
                 IPR1bits   0x000f9f       data     extern C:\MCC18\src\traditional\proc\p18F4520.asm
                     IPR2   0x000fa2       data     extern C:\MCC18\src\traditional\proc\p18F4520.asm
                 IPR2bits   0x000fa2       data     extern C:\MCC18\src\traditional\proc\p18F4520.asm
                     LATA   0x000f89       data     extern C:\MCC18\src\traditional\proc\p18F4520.asm
                 LATAbits   0x000f89       data     extern C:\MCC18\src\traditional\proc\p18F4520.asm
                     LATB   0x000f8a       data     extern C:\MCC18\src\traditional\proc\p18F4520.asm
                 LATBbits   0x000f8a       data     extern C:\MCC18\src\traditional\proc\p18F4520.asm
                     LATC   0x000f8b       data     extern C:\MCC18\src\traditional\proc\p18F4520.asm
                 LATCbits   0x000f8b       data     extern C:\MCC18\src\traditional\proc\p18F4520.asm
                     LATD   0x000f8c       data     extern C:\MCC18\src\traditional\proc\p18F4520.asm
                 LATDbits   0x000f8c       data     extern C:\MCC18\src\traditional\proc\p18F4520.asm
                     LATE   0x000f8d       data     extern C:\MCC18\src\traditional\proc\p18F4520.asm
                 LATEbits   0x000f8d       data     extern C:\MCC18\src\traditional\proc\p18F4520.asm
                   LVDCON   0x000fd2       data     extern C:\MCC18\src\traditional\proc\p18F4520.asm
               LVDCONbits   0x000fd2       data     extern C:\MCC18\src\traditional\proc\p18F4520.asm
                   MANUAL   0x000082       data     extern C:\Users\Pelle Gunnerfeldt\Desktop\Automan\PIC Projects\Motor Fader v6.2 18F4520 - Touch Test\main_touch_test.c
             MOTOR_ENABLE   0x000087       data     extern C:\Users\Pelle Gunnerfeldt\Desktop\Automan\PIC Projects\Motor Fader v6.2 18F4520 - Touch Test\main_touch_test.c
                     MUTE   0x000086       data     extern C:\Users\Pelle Gunnerfeldt\Desktop\Automan\PIC Projects\Motor Fader v6.2 18F4520 - Touch Test\main_touch_test.c
                   OSCCON   0x000fd3       data     extern C:\MCC18\src\traditional\proc\p18F4520.asm
               OSCCONbits   0x000fd3       data     extern C:\MCC18\src\traditional\proc\p18F4520.asm
                  OSCTUNE   0x000f9b       data     extern C:\MCC18\src\traditional\proc\p18F4520.asm
              OSCTUNEbits   0x000f9b       data     extern C:\MCC18\src\traditional\proc\p18F4520.asm
                       PC   0x000ff9       data     extern C:\MCC18\src\traditional\proc\p18F4520.asm
                      PCL   0x000ff9       data     extern C:\MCC18\src\traditional\proc\p18F4520.asm
                   PCLATH   0x000ffa       data     extern C:\MCC18\src\traditional\proc\p18F4520.asm
                   PCLATU   0x000ffb       data     extern C:\MCC18\src\traditional\proc\p18F4520.asm
                     PIE1   0x000f9d       data     extern C:\MCC18\src\traditional\proc\p18F4520.asm
                 PIE1bits   0x000f9d       data     extern C:\MCC18\src\traditional\proc\p18F4520.asm
                     PIE2   0x000fa0       data     extern C:\MCC18\src\traditional\proc\p18F4520.asm
                 PIE2bits   0x000fa0       data     extern C:\MCC18\src\traditional\proc\p18F4520.asm
                     PIR1   0x000f9e       data     extern C:\MCC18\src\traditional\proc\p18F4520.asm
                 PIR1bits   0x000f9e       data     extern C:\MCC18\src\traditional\proc\p18F4520.asm
                     PIR2   0x000fa1       data     extern C:\MCC18\src\traditional\proc\p18F4520.asm
                 PIR2bits   0x000fa1       data     extern C:\MCC18\src\traditional\proc\p18F4520.asm
                   PLUSW0   0x000feb       data     extern C:\MCC18\src\traditional\proc\p18F4520.asm
                   PLUSW1   0x000fe3       data     extern C:\MCC18\src\traditional\proc\p18F4520.asm
                   PLUSW2   0x000fdb       data     extern C:\MCC18\src\traditional\proc\p18F4520.asm
                    PORTA   0x000f80       data     extern C:\MCC18\src\traditional\proc\p18F4520.asm
                PORTAbits   0x000f80       data     extern C:\MCC18\src\traditional\proc\p18F4520.asm
                    PORTB   0x000f81       data     extern C:\MCC18\src\traditional\proc\p18F4520.asm
                PORTBbits   0x000f81       data     extern C:\MCC18\src\traditional\proc\p18F4520.asm
                    PORTC   0x000f82       data     extern C:\MCC18\src\traditional\proc\p18F4520.asm
                PORTCbits   0x000f82       data     extern C:\MCC18\src\traditional\proc\p18F4520.asm
                    PORTD   0x000f83       data     extern C:\MCC18\src\traditional\proc\p18F4520.asm
                PORTDbits   0x000f83       data     extern C:\MCC18\src\traditional\proc\p18F4520.asm
                    PORTE   0x000f84       data     extern C:\MCC18\src\traditional\proc\p18F4520.asm
                PORTEbits   0x000f84       data     extern C:\MCC18\src\traditional\proc\p18F4520.asm
                 POSTDEC0   0x000fed       data     extern C:\MCC18\src\traditional\proc\p18F4520.asm
                 POSTDEC1   0x000fe5       data     extern C:\MCC18\src\traditional\proc\p18F4520.asm
                 POSTDEC2   0x000fdd       data     extern C:\MCC18\src\traditional\proc\p18F4520.asm
                 POSTINC0   0x000fee       data     extern C:\MCC18\src\traditional\proc\p18F4520.asm
                 POSTINC1   0x000fe6       data     extern C:\MCC18\src\traditional\proc\p18F4520.asm
                 POSTINC2   0x000fde       data     extern C:\MCC18\src\traditional\proc\p18F4520.asm
                      PR2   0x000fcb       data     extern C:\MCC18\src\traditional\proc\p18F4520.asm
                  PREINC0   0x000fec       data     extern C:\MCC18\src\traditional\proc\p18F4520.asm
                  PREINC1   0x000fe4       data     extern C:\MCC18\src\traditional\proc\p18F4520.asm
                  PREINC2   0x000fdc       data     extern C:\MCC18\src\traditional\proc\p18F4520.asm
                     PROD   0x000ff3       data     extern C:\MCC18\src\traditional\proc\p18F4520.asm
                    PRODH   0x000ff4       data     extern C:\MCC18\src\traditional\proc\p18F4520.asm
                    PRODL   0x000ff3       data     extern C:\MCC18\src\traditional\proc\p18F4520.asm
                      PWM   0x000009       data     extern C:\Users\Pelle Gunnerfeldt\Desktop\Automan\PIC Projects\Motor Fader v6.2 18F4520 - Touch Test\main_touch_test.c
                  PWM1CON   0x000fb7       data     extern C:\MCC18\src\traditional\proc\p18F4520.asm
              PWM1CONbits   0x000fb7       data     extern C:\MCC18\src\traditional\proc\p18F4520.asm
                   PWMCnt   0x0000ab       data     extern C:\Users\Pelle Gunnerfeldt\Desktop\Automan\PIC Projects\Motor Fader v6.2 18F4520 - Touch Test\main_touch_test.c
                  PWMflag   0x000080       data     extern C:\Users\Pelle Gunnerfeldt\Desktop\Automan\PIC Projects\Motor Fader v6.2 18F4520 - Touch Test\main_touch_test.c
                     RCON   0x000fd0       data     extern C:\MCC18\src\traditional\proc\p18F4520.asm
                 RCONbits   0x000fd0       data     extern C:\MCC18\src\traditional\proc\p18F4520.asm
                    RCREG   0x000fae       data     extern C:\MCC18\src\traditional\proc\p18F4520.asm
                    RCSTA   0x000fab       data     extern C:\MCC18\src\traditional\proc\p18F4520.asm
                RCSTAbits   0x000fab       data     extern C:\MCC18\src\traditional\proc\p18F4520.asm
                 SEGMENTA   0x0000ac       data     extern C:\Users\Pelle Gunnerfeldt\Desktop\Automan\PIC Projects\Motor Fader v6.2 18F4520 - Touch Test\main_touch_test.c
                 SEGMENTB   0x0000b6       data     extern C:\Users\Pelle Gunnerfeldt\Desktop\Automan\PIC Projects\Motor Fader v6.2 18F4520 - Touch Test\main_touch_test.c
                     SIGN   0x000063       data     extern C:\MCC18\src\traditional\math\cmath18.asm
                    SPBRG   0x000faf       data     extern C:\MCC18\src\traditional\proc\p18F4520.asm
                   SPBRGH   0x000fb0       data     extern C:\MCC18\src\traditional\proc\p18F4520.asm
                   SSPADD   0x000fc8       data     extern C:\MCC18\src\traditional\proc\p18F4520.asm
                   SSPBUF   0x000fc9       data     extern C:\MCC18\src\traditional\proc\p18F4520.asm
                  SSPCON1   0x000fc6       data     extern C:\MCC18\src\traditional\proc\p18F4520.asm
              SSPCON1bits   0x000fc6       data     extern C:\MCC18\src\traditional\proc\p18F4520.asm
                  SSPCON2   0x000fc5       data     extern C:\MCC18\src\traditional\proc\p18F4520.asm
              SSPCON2bits   0x000fc5       data     extern C:\MCC18\src\traditional\proc\p18F4520.asm
                  SSPSTAT   0x000fc7       data     extern C:\MCC18\src\traditional\proc\p18F4520.asm
              SSPSTATbits   0x000fc7       data     extern C:\MCC18\src\traditional\proc\p18F4520.asm
                   STATUS   0x000fd8       data     extern C:\MCC18\src\traditional\proc\p18F4520.asm
               STATUSbits   0x000fd8       data     extern C:\MCC18\src\traditional\proc\p18F4520.asm
                   STKPTR   0x000ffc       data     extern C:\MCC18\src\traditional\proc\p18F4520.asm
               STKPTRbits   0x000ffc       data     extern C:\MCC18\src\traditional\proc\p18F4520.asm
                    T0CON   0x000fd5       data     extern C:\MCC18\src\traditional\proc\p18F4520.asm
                T0CONbits   0x000fd5       data     extern C:\MCC18\src\traditional\proc\p18F4520.asm
                    T1CON   0x000fcd       data     extern C:\MCC18\src\traditional\proc\p18F4520.asm
                T1CONbits   0x000fcd       data     extern C:\MCC18\src\traditional\proc\p18F4520.asm
                    T2CON   0x000fca       data     extern C:\MCC18\src\traditional\proc\p18F4520.asm
                T2CONbits   0x000fca       data     extern C:\MCC18\src\traditional\proc\p18F4520.asm
                    T3CON   0x000fb1       data     extern C:\MCC18\src\traditional\proc\p18F4520.asm
                T3CONbits   0x000fb1       data     extern C:\MCC18\src\traditional\proc\p18F4520.asm
                   TABLAT   0x000ff5       data     extern C:\MCC18\src\traditional\proc\p18F4520.asm
                   TBLPTR   0x000ff6       data     extern C:\MCC18\src\traditional\proc\p18F4520.asm
                  TBLPTRH   0x000ff7       data     extern C:\MCC18\src\traditional\proc\p18F4520.asm
                  TBLPTRL   0x000ff6       data     extern C:\MCC18\src\traditional\proc\p18F4520.asm
                  TBLPTRU   0x000ff8       data     extern C:\MCC18\src\traditional\proc\p18F4520.asm
                    TMR0H   0x000fd7       data     extern C:\MCC18\src\traditional\proc\p18F4520.asm
                    TMR0L   0x000fd6       data     extern C:\MCC18\src\traditional\proc\p18F4520.asm
                    TMR1H   0x000fcf       data     extern C:\MCC18\src\traditional\proc\p18F4520.asm
                    TMR1L   0x000fce       data     extern C:\MCC18\src\traditional\proc\p18F4520.asm
                     TMR2   0x000fcc       data     extern C:\MCC18\src\traditional\proc\p18F4520.asm
                    TMR3H   0x000fb3       data     extern C:\MCC18\src\traditional\proc\p18F4520.asm
                    TMR3L   0x000fb2       data     extern C:\MCC18\src\traditional\proc\p18F4520.asm
                      TOS   0x000ffd       data     extern C:\MCC18\src\traditional\proc\p18F4520.asm
                     TOSH   0x000ffe       data     extern C:\MCC18\src\traditional\proc\p18F4520.asm
                     TOSL   0x000ffd       data     extern C:\MCC18\src\traditional\proc\p18F4520.asm
                     TOSU   0x000fff       data     extern C:\MCC18\src\traditional\proc\p18F4520.asm
                    TOUCH   0x000084       data     extern C:\Users\Pelle Gunnerfeldt\Desktop\Automan\PIC Projects\Motor Fader v6.2 18F4520 - Touch Test\main_touch_test.c
                    TRISA   0x000f92       data     extern C:\MCC18\src\traditional\proc\p18F4520.asm
                TRISAbits   0x000f92       data     extern C:\MCC18\src\traditional\proc\p18F4520.asm
                    TRISB   0x000f93       data     extern C:\MCC18\src\traditional\proc\p18F4520.asm
                TRISBbits   0x000f93       data     extern C:\MCC18\src\traditional\proc\p18F4520.asm
                    TRISC   0x000f94       data     extern C:\MCC18\src\traditional\proc\p18F4520.asm
                TRISCbits   0x000f94       data     extern C:\MCC18\src\traditional\proc\p18F4520.asm
                    TRISD   0x000f95       data     extern C:\MCC18\src\traditional\proc\p18F4520.asm
                TRISDbits   0x000f95       data     extern C:\MCC18\src\traditional\proc\p18F4520.asm
                    TRISE   0x000f96       data     extern C:\MCC18\src\traditional\proc\p18F4520.asm
                TRISEbits   0x000f96       data     extern C:\MCC18\src\traditional\proc\p18F4520.asm
                    TXREG   0x000fad       data     extern C:\MCC18\src\traditional\proc\p18F4520.asm
                    TXSTA   0x000fac       data     extern C:\MCC18\src\traditional\proc\p18F4520.asm
                TXSTAbits   0x000fac       data     extern C:\MCC18\src\traditional\proc\p18F4520.asm
                        W   0x000fe8       data     extern C:\MCC18\src\traditional\proc\p18F4520.asm
                   WDTCON   0x000fd1       data     extern C:\MCC18\src\traditional\proc\p18F4520.asm
               WDTCONbits   0x000fd1       data     extern C:\MCC18\src\traditional\proc\p18F4520.asm
                     WREG   0x000fe8       data     extern C:\MCC18\src\traditional\proc\p18F4520.asm
                    WRITE   0x000085       data     extern C:\Users\Pelle Gunnerfeldt\Desktop\Automan\PIC Projects\Motor Fader v6.2 18F4520 - Touch Test\main_touch_test.c
                 __AARGB0   0x00005c       data     extern C:\MCC18\src\traditional\math\aarg.asm
                 __AARGB1   0x00005b       data     extern C:\MCC18\src\traditional\math\aarg.asm
                 __AARGB2   0x00005a       data     extern C:\MCC18\src\traditional\math\aarg.asm
                 __AARGB3   0x000059       data     extern C:\MCC18\src\traditional\math\aarg.asm
                 __AARGB4   0x000058       data     extern C:\MCC18\src\traditional\math\aarg.asm
                 __AARGB5   0x000057       data     extern C:\MCC18\src\traditional\math\aarg.asm
                 __AARGB6   0x000056       data     extern C:\MCC18\src\traditional\math\aarg.asm
                 __AARGB7   0x000055       data     extern C:\MCC18\src\traditional\math\aarg.asm
                   __AEXP   0x00005d       data     extern C:\MCC18\src\traditional\math\aarg.asm
                 __BARGB0   0x000061       data     extern C:\MCC18\src\traditional\math\barg.asm
                 __BARGB1   0x000060       data     extern C:\MCC18\src\traditional\math\barg.asm
                 __BARGB2   0x00005f       data     extern C:\MCC18\src\traditional\math\barg.asm
                 __BARGB3   0x00005e       data     extern C:\MCC18\src\traditional\math\barg.asm
                   __BEXP   0x000062       data     extern C:\MCC18\src\traditional\math\barg.asm
                __FPFLAGS   0x000064       data     extern C:\MCC18\src\traditional\math\cmath18.asm
            __FPFLAGSbits   0x000064       data     extern C:\MCC18\src\traditional\math\cmath18.asm
                  __REMB0   0x000058       data     extern C:\MCC18\src\traditional\math\aarg.asm
                  __REMB1   0x000057       data     extern C:\MCC18\src\traditional\math\aarg.asm
                  __REMB2   0x000056       data     extern C:\MCC18\src\traditional\math\aarg.asm
                  __REMB3   0x000055       data     extern C:\MCC18\src\traditional\math\aarg.asm
                   __TEMP   0x000068       data     extern C:\MCC18\src\traditional\math\temparg.asm
                 __TEMPB0   0x000068       data     extern C:\MCC18\src\traditional\math\temparg.asm
                 __TEMPB1   0x000067       data     extern C:\MCC18\src\traditional\math\temparg.asm
                 __TEMPB2   0x000066       data     extern C:\MCC18\src\traditional\math\temparg.asm
                 __TEMPB3   0x000065       data     extern C:\MCC18\src\traditional\math\temparg.asm
                  __tmp_0   0x000069       data     static C:\MCC18\src\pmc_common\PWM\pw2setdc.c
                  __tmp_0   0x000069       data     static C:\MCC18\src\pmc_common\PWM\pw1setdc.c
                  __tmp_0   0x000069       data     static C:\MCC18\src\pmc_common\ADC\adcsetch.c
                  __tmp_0   0x000069       data     static C:\MCC18\src\pmc_common\ADC\adcopen.c
                  __tmp_0   0x000069       data     static C:\MCC18\src\traditional\stdclib\fabs.c
                  __tmp_0   0x000069       data     static C:\Users\Pelle Gunnerfeldt\Desktop\Automan\PIC Projects\Motor Fader v6.2 18F4520 - Touch Test\main_touch_test.c
            acc_fader_pos   0x00004e       data     extern C:\Users\Pelle Gunnerfeldt\Desktop\Automan\PIC Projects\Motor Fader v6.2 18F4520 - Touch Test\main_touch_test.c
                  address   0x000001       data     extern C:\Users\Pelle Gunnerfeldt\Desktop\Automan\PIC Projects\Motor Fader v6.2 18F4520 - Touch Test\main_touch_test.c
                curr_byte   0x0000c4       data     static C:\MCC18\src\traditional\startup\c018i.c
               curr_entry   0x0000c6       data     static C:\MCC18\src\traditional\startup\c018i.c
                   dError   0x00001d       data     extern C:\Users\Pelle Gunnerfeldt\Desktop\Automan\PIC Projects\Motor Fader v6.2 18F4520 - Touch Test\main_touch_test.c
                       dK   0x000029       data     extern C:\Users\Pelle Gunnerfeldt\Desktop\Automan\PIC Projects\Motor Fader v6.2 18F4520 - Touch Test\main_touch_test.c
                     data   0x000002       data     extern C:\Users\Pelle Gunnerfeldt\Desktop\Automan\PIC Projects\Motor Fader v6.2 18F4520 - Touch Test\main_touch_test.c
                 data_ptr   0x0000c8       data     static C:\MCC18\src\traditional\startup\c018i.c
                  derTime   0x000035       data     extern C:\Users\Pelle Gunnerfeldt\Desktop\Automan\PIC Projects\Motor Fader v6.2 18F4520 - Touch Test\main_touch_test.c
                fader_adc   0x000054       data     extern C:\Users\Pelle Gunnerfeldt\Desktop\Automan\PIC Projects\Motor Fader v6.2 18F4520 - Touch Test\main_touch_test.c
            fader_address   0x00009f       data     extern C:\Users\Pelle Gunnerfeldt\Desktop\Automan\PIC Projects\Motor Fader v6.2 18F4520 - Touch Test\main_touch_test.c
            fader_compare   0x00009b       data     extern C:\Users\Pelle Gunnerfeldt\Desktop\Automan\PIC Projects\Motor Fader v6.2 18F4520 - Touch Test\main_touch_test.c
           fader_dbl_goal   0x000097       data     extern C:\Users\Pelle Gunnerfeldt\Desktop\Automan\PIC Projects\Motor Fader v6.2 18F4520 - Touch Test\main_touch_test.c
               fader_goal   0x000093       data     extern C:\Users\Pelle Gunnerfeldt\Desktop\Automan\PIC Projects\Motor Fader v6.2 18F4520 - Touch Test\main_touch_test.c
           fader_int_goal   0x000095       data     extern C:\Users\Pelle Gunnerfeldt\Desktop\Automan\PIC Projects\Motor Fader v6.2 18F4520 - Touch Test\main_touch_test.c
                fader_pos   0x00009d       data     extern C:\Users\Pelle Gunnerfeldt\Desktop\Automan\PIC Projects\Motor Fader v6.2 18F4520 - Touch Test\main_touch_test.c
             fader_status   0x0000a0       data     extern C:\Users\Pelle Gunnerfeldt\Desktop\Automan\PIC Projects\Motor Fader v6.2 18F4520 - Touch Test\main_touch_test.c
         fader_touch_sens   0x0000a2       data     extern C:\Users\Pelle Gunnerfeldt\Desktop\Automan\PIC Projects\Motor Fader v6.2 18F4520 - Touch Test\main_touch_test.c
                   fspeed   0x000043       data     extern C:\Users\Pelle Gunnerfeldt\Desktop\Automan\PIC Projects\Motor Fader v6.2 18F4520 - Touch Test\main_touch_test.c
                     gain   0x00002d       data     extern C:\Users\Pelle Gunnerfeldt\Desktop\Automan\PIC Projects\Motor Fader v6.2 18F4520 - Touch Test\main_touch_test.c
                   iError   0x000019       data     extern C:\Users\Pelle Gunnerfeldt\Desktop\Automan\PIC Projects\Motor Fader v6.2 18F4520 - Touch Test\main_touch_test.c
               iError_max   0x000047       data     extern C:\Users\Pelle Gunnerfeldt\Desktop\Automan\PIC Projects\Motor Fader v6.2 18F4520 - Touch Test\main_touch_test.c
                       iK   0x000025       data     extern C:\Users\Pelle Gunnerfeldt\Desktop\Automan\PIC Projects\Motor Fader v6.2 18F4520 - Touch Test\main_touch_test.c
                   indata   0x00000b       data     extern C:\Users\Pelle Gunnerfeldt\Desktop\Automan\PIC Projects\Motor Fader v6.2 18F4520 - Touch Test\main_touch_test.c
                  intTime   0x000039       data     extern C:\Users\Pelle Gunnerfeldt\Desktop\Automan\PIC Projects\Motor Fader v6.2 18F4520 - Touch Test\main_touch_test.c
               lastiError   0x000011       data     extern C:\Users\Pelle Gunnerfeldt\Desktop\Automan\PIC Projects\Motor Fader v6.2 18F4520 - Touch Test\main_touch_test.c
               lastpError   0x00000d       data     extern C:\Users\Pelle Gunnerfeldt\Desktop\Automan\PIC Projects\Motor Fader v6.2 18F4520 - Touch Test\main_touch_test.c
       local_fader_status   0x0000a1       data     extern C:\Users\Pelle Gunnerfeldt\Desktop\Automan\PIC Projects\Motor Fader v6.2 18F4520 - Touch Test\main_touch_test.c
               motorstart   0x00003f       data     extern C:\Users\Pelle Gunnerfeldt\Desktop\Automan\PIC Projects\Motor Fader v6.2 18F4520 - Touch Test\main_touch_test.c
                 new_data   0x0000a4       data     extern C:\Users\Pelle Gunnerfeldt\Desktop\Automan\PIC Projects\Motor Fader v6.2 18F4520 - Touch Test\main_touch_test.c
                   pError   0x000015       data     extern C:\Users\Pelle Gunnerfeldt\Desktop\Automan\PIC Projects\Motor Fader v6.2 18F4520 - Touch Test\main_touch_test.c
                       pK   0x000021       data     extern C:\Users\Pelle Gunnerfeldt\Desktop\Automan\PIC Projects\Motor Fader v6.2 18F4520 - Touch Test\main_touch_test.c
                     prom   0x0000c1       data     static C:\MCC18\src\traditional\startup\c018i.c
                    rxbuf   0x000003       data     extern C:\Users\Pelle Gunnerfeldt\Desktop\Automan\PIC Projects\Motor Fader v6.2 18F4520 - Touch Test\main_touch_test.c
                  rxcount   0x000007       data     extern C:\Users\Pelle Gunnerfeldt\Desktop\Automan\PIC Projects\Motor Fader v6.2 18F4520 - Touch Test\main_touch_test.c
                      sim   0x00008f       data     extern C:\Users\Pelle Gunnerfeldt\Desktop\Automan\PIC Projects\Motor Fader v6.2 18F4520 - Touch Test\main_touch_test.c
                   simCnt   0x00008d       data     extern C:\Users\Pelle Gunnerfeldt\Desktop\Automan\PIC Projects\Motor Fader v6.2 18F4520 - Touch Test\main_touch_test.c
            soft_motor_on   0x0000a5       data     extern C:\Users\Pelle Gunnerfeldt\Desktop\Automan\PIC Projects\Motor Fader v6.2 18F4520 - Touch Test\main_touch_test.c
                    speed   0x000041       data     extern C:\Users\Pelle Gunnerfeldt\Desktop\Automan\PIC Projects\Motor Fader v6.2 18F4520 - Touch Test\main_touch_test.c
              sspcon1copy   0x000000       data     extern C:\Users\Pelle Gunnerfeldt\Desktop\Automan\PIC Projects\Motor Fader v6.2 18F4520 - Touch Test\main_touch_test.c
            time_interval   0x000031       data     extern C:\Users\Pelle Gunnerfeldt\Desktop\Automan\PIC Projects\Motor Fader v6.2 18F4520 - Touch Test\main_touch_test.c
                      tol   0x00003d       data     extern C:\Users\Pelle Gunnerfeldt\Desktop\Automan\PIC Projects\Motor Fader v6.2 18F4520 - Touch Test\main_touch_test.c
                    touch   0x000049       data     extern C:\Users\Pelle Gunnerfeldt\Desktop\Automan\PIC Projects\Motor Fader v6.2 18F4520 - Touch Test\main_touch_test.c
              touch_press   0x00004c       data     extern C:\Users\Pelle Gunnerfeldt\Desktop\Automan\PIC Projects\Motor Fader v6.2 18F4520 - Touch Test\main_touch_test.c
                touch_rel   0x00004a       data     extern C:\Users\Pelle Gunnerfeldt\Desktop\Automan\PIC Projects\Motor Fader v6.2 18F4520 - Touch Test\main_touch_test.c
          touch_sensivity   0x00008b       data     extern C:\Users\Pelle Gunnerfeldt\Desktop\Automan\PIC Projects\Motor Fader v6.2 18F4520 - Touch Test\main_touch_test.c
                    txbuf   0x000005       data     extern C:\Users\Pelle Gunnerfeldt\Desktop\Automan\PIC Projects\Motor Fader v6.2 18F4520 - Touch Test\main_touch_test.c
                  txcount   0x000008       data     extern C:\Users\Pelle Gunnerfeldt\Desktop\Automan\PIC Projects\Motor Fader v6.2 18F4520 - Touch Test\main_touch_test.c



                              Symbols - Sorted by Address
                     Name    Address   Location    Storage File                     
                ---------  ---------  ---------  --------- ---------                
                   _entry   0x000000    program     extern C:\MCC18\src\traditional\startup\c018i.c
       ___return_lbl00000   0x000004    program     static                          
                   __init   0x000006    program     extern C:\MCC18\src\traditional\stdclib\__init.c
      InterruptVectorHigh   0x000008    program     extern C:\Users\Pelle Gunnerfeldt\Desktop\Automan\PIC Projects\Motor Fader v6.2 18F4520 - Touch Test\main_touch_test.c
       ___return_lbl00000   0x00000c    program     static                          
     InterruptHandlerHigh   0x00001c    program     extern C:\Users\Pelle Gunnerfeldt\Desktop\Automan\PIC Projects\Motor Fader v6.2 18F4520 - Touch Test\main_touch_test.c
                     main   0x000134    program     extern C:\Users\Pelle Gunnerfeldt\Desktop\Automan\PIC Projects\Motor Fader v6.2 18F4520 - Touch Test\main_touch_test.c
               Scan_Touch   0x00026e    program     extern C:\Users\Pelle Gunnerfeldt\Desktop\Automan\PIC Projects\Motor Fader v6.2 18F4520 - Touch Test\main_touch_test.c
           Load_Ch_Digits   0x00030c    program     extern C:\Users\Pelle Gunnerfeldt\Desktop\Automan\PIC Projects\Motor Fader v6.2 18F4520 - Touch Test\main_touch_test.c
          Load_Pos_Digits   0x000352    program     extern C:\Users\Pelle Gunnerfeldt\Desktop\Automan\PIC Projects\Motor Fader v6.2 18F4520 - Touch Test\main_touch_test.c
       Update_LED_Display   0x00042a    program     extern C:\Users\Pelle Gunnerfeldt\Desktop\Automan\PIC Projects\Motor Fader v6.2 18F4520 - Touch Test\main_touch_test.c
                 Read_Pos   0x000474    program     extern C:\Users\Pelle Gunnerfeldt\Desktop\Automan\PIC Projects\Motor Fader v6.2 18F4520 - Touch Test\main_touch_test.c
            Calculate_PWM   0x0004a8    program     extern C:\Users\Pelle Gunnerfeldt\Desktop\Automan\PIC Projects\Motor Fader v6.2 18F4520 - Touch Test\main_touch_test.c
               Handle_SWs   0x000af4    program     extern C:\Users\Pelle Gunnerfeldt\Desktop\Automan\PIC Projects\Motor Fader v6.2 18F4520 - Touch Test\main_touch_test.c
              Handle_LEDs   0x000af6    program     extern C:\Users\Pelle Gunnerfeldt\Desktop\Automan\PIC Projects\Motor Fader v6.2 18F4520 - Touch Test\main_touch_test.c
                Run_Motor   0x000b84    program     extern C:\Users\Pelle Gunnerfeldt\Desktop\Automan\PIC Projects\Motor Fader v6.2 18F4520 - Touch Test\main_touch_test.c
             Handle_I2C_1   0x000d0a    program     extern C:\Users\Pelle Gunnerfeldt\Desktop\Automan\PIC Projects\Motor Fader v6.2 18F4520 - Touch Test\main_touch_test.c
             Handle_I2C_2   0x000d0c    program     extern C:\Users\Pelle Gunnerfeldt\Desktop\Automan\PIC Projects\Motor Fader v6.2 18F4520 - Touch Test\main_touch_test.c
                     Init   0x000d16    program     extern C:\Users\Pelle Gunnerfeldt\Desktop\Automan\PIC Projects\Motor Fader v6.2 18F4520 - Touch Test\main_touch_test.c
                 FLO1632U   0x000e1c    program     extern C:\MCC18\src\traditional\math\cast16FP.asm
                 FLO1632S   0x000e20    program     extern C:\MCC18\src\traditional\math\cast16FP.asm
                jI2F16Beg   0x000e30    program     static C:\MCC18\src\traditional\math\cast16FP.asm
                    FPS32   0x000e46    program     extern C:\MCC18\src\traditional\math\addFP.asm
                    FPA32   0x000e48    program     extern C:\MCC18\src\traditional\math\addFP.asm
                jBANotInf   0x000e66    program     static C:\MCC18\src\traditional\math\addFP.asm
                 jANotInf   0x000e70    program     static C:\MCC18\src\traditional\math\addFP.asm
                 jBNotInf   0x000e7e    program     static C:\MCC18\src\traditional\math\addFP.asm
            jDifOrPosSign   0x000e92    program     static C:\MCC18\src\traditional\math\addFP.asm
             jNotBothZero   0x000e96    program     static C:\MCC18\src\traditional\math\addFP.asm
                 jAltBexp   0x000ec2    program     static C:\MCC18\src\traditional\math\addFP.asm
              jAandWsetup   0x000ed4    program     static C:\MCC18\src\traditional\math\addFP.asm
                 jANotNeg   0x000f04    program     static C:\MCC18\src\traditional\math\addFP.asm
                 jWNotNeg   0x000f18    program     static C:\MCC18\src\traditional\math\addFP.asm
               jShiftLoop   0x000f1e    program     static C:\MCC18\src\traditional\math\addFP.asm
               jShiftDone   0x000f2c    program     static C:\MCC18\src\traditional\math\addFP.asm
                jSignDone   0x000f5c    program     static C:\MCC18\src\traditional\math\addFP.asm
               jFinalSign   0x000f6c    program     static C:\MCC18\src\traditional\math\addFP.asm
                    FPD32   0x000f74    program     extern C:\MCC18\src\traditional\math\divFP.asm
                 jANotInf   0x000f92    program     static C:\MCC18\src\traditional\math\divFP.asm
              jSignedZero   0x000f9c    program     static C:\MCC18\src\traditional\math\divFP.asm
                jANotZero   0x000fa6    program     static C:\MCC18\src\traditional\math\divFP.asm
                    jLoop   0x000fce    program     static C:\MCC18\src\traditional\math\divFP.asm
                jNoAdjust   0x000ff2    program     static C:\MCC18\src\traditional\math\divFP.asm
                    jNext   0x000ff4    program     static C:\MCC18\src\traditional\math\divFP.asm
                    FPM32   0x00101a    program     extern C:\MCC18\src\traditional\math\mulFP.asm
                 jANotInf   0x001038    program     static C:\MCC18\src\traditional\math\mulFP.asm
              jBothFinite   0x001046    program     static C:\MCC18\src\traditional\math\mulFP.asm
                jHaveZero   0x00104e    program     static C:\MCC18\src\traditional\math\mulFP.asm
             jBothNotZero   0x001052    program     static C:\MCC18\src\traditional\math\mulFP.asm
                  INT3216   0x0010f4    program     extern C:\MCC18\src\traditional\math\castFP16.asm
                     jMax   0x001104    program     static C:\MCC18\src\traditional\math\castFP16.asm
                  jMaxPos   0x001108    program     static C:\MCC18\src\traditional\math\castFP16.asm
                  jMaxNeg   0x001112    program     static C:\MCC18\src\traditional\math\castFP16.asm
                    jZero   0x00111a    program     static C:\MCC18\src\traditional\math\castFP16.asm
                  jNotInf   0x001120    program     static C:\MCC18\src\traditional\math\castFP16.asm
                    jLoop   0x001130    program     static C:\MCC18\src\traditional\math\castFP16.asm
                jLoopExit   0x001140    program     static C:\MCC18\src\traditional\math\castFP16.asm
                    jExit   0x001150    program     static C:\MCC18\src\traditional\math\castFP16.asm
                  TAEQB32   0x001152    program     extern C:\MCC18\src\traditional\math\eqFP.asm
                  TAGTB32   0x001160    program     extern C:\MCC18\src\traditional\math\gtFP.asm
                  TALTB32   0x001172    program     extern C:\MCC18\src\traditional\math\ltFP.asm
              __FpCompare   0x001184    program     extern C:\MCC18\src\traditional\math\compFP.asm
             jBothNotZero   0x0011a2    program     static C:\MCC18\src\traditional\math\compFP.asm
                 jSignsEQ   0x0011a6    program     static C:\MCC18\src\traditional\math\compFP.asm
                      jEQ   0x0011be    program     static C:\MCC18\src\traditional\math\compFP.asm
                      jNE   0x0011c2    program     static C:\MCC18\src\traditional\math\compFP.asm
                    jExch   0x0011ca    program     static C:\MCC18\src\traditional\math\compFP.asm
                  jNoExch   0x0011ea    program     static C:\MCC18\src\traditional\math\compFP.asm
                   jFinal   0x0011f4    program     static C:\MCC18\src\traditional\math\compFP.asm
                  jAisNeg   0x001200    program     static C:\MCC18\src\traditional\math\compFP.asm
                   jShift   0x001206    program     static C:\MCC18\src\traditional\math\compFP.asm
                   jExpEQ   0x001210    program     static C:\MCC18\src\traditional\math\compFP.asm
                  jRotate   0x00121c    program     static C:\MCC18\src\traditional\math\compFP.asm
            __FpReturnNaN   0x00122e    program     extern C:\MCC18\src\traditional\math\packFP.asm
                 __FpExit   0x00123a    program     extern C:\MCC18\src\traditional\math\packFP.asm
        __FpReturnSignInf   0x00123c    program     extern C:\MCC18\src\traditional\math\packFP.asm
         __FpReturnNegInf   0x001240    program     extern C:\MCC18\src\traditional\math\packFP.asm
         __FpReturnPosInf   0x001246    program     extern C:\MCC18\src\traditional\math\packFP.asm
           jReturnPosInf0   0x00124a    program     static C:\MCC18\src\traditional\math\packFP.asm
               jZero1and2   0x00124e    program     static C:\MCC18\src\traditional\math\packFP.asm
       __FpReturnSignZero   0x001254    program     extern C:\MCC18\src\traditional\math\packFP.asm
        __FpReturnNegZero   0x001258    program     extern C:\MCC18\src\traditional\math\packFP.asm
        __FpReturnPosZero   0x001260    program     extern C:\MCC18\src\traditional\math\packFP.asm
                 __FpPack   0x001266    program     extern C:\MCC18\src\traditional\math\packFP.asm
                  jPkLoop   0x001274    program     static C:\MCC18\src\traditional\math\packFP.asm
             jPkShiftDone   0x001290    program     static C:\MCC18\src\traditional\math\packFP.asm
               jPkRoundIt   0x0012a6    program     static C:\MCC18\src\traditional\math\packFP.asm
              __FpReturnW   0x0012be    program     extern C:\MCC18\src\traditional\math\packFP.asm
             jPkRoundDone   0x0012be    program     static C:\MCC18\src\traditional\math\packFP.asm
              __FpUnPackA   0x0012de    program     extern C:\MCC18\src\traditional\math\UnpackFP.asm
                  jUnpkA1   0x0012e8    program     static C:\MCC18\src\traditional\math\UnpackFP.asm
                 jUnpkANZ   0x0012f6    program     static C:\MCC18\src\traditional\math\UnpackFP.asm
                  jUnpkA2   0x001300    program     static C:\MCC18\src\traditional\math\UnpackFP.asm
                 jUnpkNaN   0x00130a    program     static C:\MCC18\src\traditional\math\UnpackFP.asm
              __FpUnPackB   0x00130e    program     extern C:\MCC18\src\traditional\math\UnpackFP.asm
                  jUnpkB1   0x001318    program     static C:\MCC18\src\traditional\math\UnpackFP.asm
                 jUnpkBNZ   0x001326    program     static C:\MCC18\src\traditional\math\UnpackFP.asm
                  jUnpkB2   0x001330    program     static C:\MCC18\src\traditional\math\UnpackFP.asm
                _do_cinit   0x00133a    program     extern C:\MCC18\src\traditional\startup\c018i.c
                     test   0x001354    program     static                          
                copy_loop   0x0013ac    program     static                          
            copy_one_byte   0x0013b2    program     static                          
             done_copying   0x0013c0    program     static                          
                     done   0x0013d6    program     static                          
       ___return_lbl00002   0x0013d6    program     static                          
                 OpenPWM2   0x0013d8    program     extern C:\MCC18\src\pmc_common\PWM\pw2open.c
         ___else_lbl00002   0x001414    program     static                          
           ___if_lbl00001   0x001418    program     static                          
         ___else_lbl00004   0x001422    program     static                          
           ___if_lbl00003   0x001424    program     static                          
       ___return_lbl00000   0x001436    program     static                          
                  OpenADC   0x00144e    program     extern C:\MCC18\src\pmc_common\ADC\adcopen.c
                     fabs   0x0014bc    program     extern C:\MCC18\src\traditional\stdclib\fabs.c
                SetDCPWM2   0x001522    program     extern C:\MCC18\src\pmc_common\PWM\pw2setdc.c
                SetDCPWM1   0x001580    program     extern C:\MCC18\src\pmc_common\PWM\pw1setdc.c
               OpenTimer2   0x0015de    program     extern C:\MCC18\src\pmc_common\Timers\t2open.c
                 OpenPWM1   0x001614    program     extern C:\MCC18\src\pmc_common\PWM\pw1open.c
         OpenPWM1ConfigIO   0x001640    program     extern C:\MCC18\src\pmc_common\PWM\pw1open.c
               SetChanADC   0x001644    program     extern C:\MCC18\src\pmc_common\ADC\adcsetch.c
                 FXD1616U   0x001672    program     extern C:\MCC18\src\traditional\math\fxd1616u.c
                     loop   0x00167c    program     static                          
                  endloop   0x001698    program     static                          
       ___return_lbl00000   0x00169c    program     static                          
                 _startup   0x00169e    program     extern C:\MCC18\src\traditional\startup\c018i.c
                     loop   0x0016ae    program     static                          
       ___return_lbl00001   0x0016b8    program     static                          
                 FXD0808U   0x0016ba    program     extern C:\MCC18\src\traditional\math\fxd0808u.c
                     loop   0x0016c2    program     static                          
                  endloop   0x0016d0    program     static                          
       ___return_lbl00000   0x0016d4    program     static                          
            __zero_memory   0x0016d6    program     extern C:\MCC18\src\traditional\proc\p18F4520.asm
               clear_loop   0x0016dc    program     static C:\MCC18\src\traditional\proc\p18F4520.asm
                  BusyADC   0x0016e4    program     extern C:\MCC18\src\pmc_common\ADC\adcbusy.c
               ConvertADC   0x0016ee    program     extern C:\MCC18\src\pmc_common\ADC\adcconv.c
              sspcon1copy   0x000000       data     extern C:\Users\Pelle Gunnerfeldt\Desktop\Automan\PIC Projects\Motor Fader v6.2 18F4520 - Touch Test\main_touch_test.c
                  address   0x000001       data     extern C:\Users\Pelle Gunnerfeldt\Desktop\Automan\PIC Projects\Motor Fader v6.2 18F4520 - Touch Test\main_touch_test.c
                     data   0x000002       data     extern C:\Users\Pelle Gunnerfeldt\Desktop\Automan\PIC Projects\Motor Fader v6.2 18F4520 - Touch Test\main_touch_test.c
                    rxbuf   0x000003       data     extern C:\Users\Pelle Gunnerfeldt\Desktop\Automan\PIC Projects\Motor Fader v6.2 18F4520 - Touch Test\main_touch_test.c
                    txbuf   0x000005       data     extern C:\Users\Pelle Gunnerfeldt\Desktop\Automan\PIC Projects\Motor Fader v6.2 18F4520 - Touch Test\main_touch_test.c
                  rxcount   0x000007       data     extern C:\Users\Pelle Gunnerfeldt\Desktop\Automan\PIC Projects\Motor Fader v6.2 18F4520 - Touch Test\main_touch_test.c
                  txcount   0x000008       data     extern C:\Users\Pelle Gunnerfeldt\Desktop\Automan\PIC Projects\Motor Fader v6.2 18F4520 - Touch Test\main_touch_test.c
                      PWM   0x000009       data     extern C:\Users\Pelle Gunnerfeldt\Desktop\Automan\PIC Projects\Motor Fader v6.2 18F4520 - Touch Test\main_touch_test.c
                   indata   0x00000b       data     extern C:\Users\Pelle Gunnerfeldt\Desktop\Automan\PIC Projects\Motor Fader v6.2 18F4520 - Touch Test\main_touch_test.c
               lastpError   0x00000d       data     extern C:\Users\Pelle Gunnerfeldt\Desktop\Automan\PIC Projects\Motor Fader v6.2 18F4520 - Touch Test\main_touch_test.c
               lastiError   0x000011       data     extern C:\Users\Pelle Gunnerfeldt\Desktop\Automan\PIC Projects\Motor Fader v6.2 18F4520 - Touch Test\main_touch_test.c
                   pError   0x000015       data     extern C:\Users\Pelle Gunnerfeldt\Desktop\Automan\PIC Projects\Motor Fader v6.2 18F4520 - Touch Test\main_touch_test.c
                   iError   0x000019       data     extern C:\Users\Pelle Gunnerfeldt\Desktop\Automan\PIC Projects\Motor Fader v6.2 18F4520 - Touch Test\main_touch_test.c
                   dError   0x00001d       data     extern C:\Users\Pelle Gunnerfeldt\Desktop\Automan\PIC Projects\Motor Fader v6.2 18F4520 - Touch Test\main_touch_test.c
                       pK   0x000021       data     extern C:\Users\Pelle Gunnerfeldt\Desktop\Automan\PIC Projects\Motor Fader v6.2 18F4520 - Touch Test\main_touch_test.c
                       iK   0x000025       data     extern C:\Users\Pelle Gunnerfeldt\Desktop\Automan\PIC Projects\Motor Fader v6.2 18F4520 - Touch Test\main_touch_test.c
                       dK   0x000029       data     extern C:\Users\Pelle Gunnerfeldt\Desktop\Automan\PIC Projects\Motor Fader v6.2 18F4520 - Touch Test\main_touch_test.c
                     gain   0x00002d       data     extern C:\Users\Pelle Gunnerfeldt\Desktop\Automan\PIC Projects\Motor Fader v6.2 18F4520 - Touch Test\main_touch_test.c
            time_interval   0x000031       data     extern C:\Users\Pelle Gunnerfeldt\Desktop\Automan\PIC Projects\Motor Fader v6.2 18F4520 - Touch Test\main_touch_test.c
                  derTime   0x000035       data     extern C:\Users\Pelle Gunnerfeldt\Desktop\Automan\PIC Projects\Motor Fader v6.2 18F4520 - Touch Test\main_touch_test.c
                  intTime   0x000039       data     extern C:\Users\Pelle Gunnerfeldt\Desktop\Automan\PIC Projects\Motor Fader v6.2 18F4520 - Touch Test\main_touch_test.c
                      tol   0x00003d       data     extern C:\Users\Pelle Gunnerfeldt\Desktop\Automan\PIC Projects\Motor Fader v6.2 18F4520 - Touch Test\main_touch_test.c
               motorstart   0x00003f       data     extern C:\Users\Pelle Gunnerfeldt\Desktop\Automan\PIC Projects\Motor Fader v6.2 18F4520 - Touch Test\main_touch_test.c
                    speed   0x000041       data     extern C:\Users\Pelle Gunnerfeldt\Desktop\Automan\PIC Projects\Motor Fader v6.2 18F4520 - Touch Test\main_touch_test.c
                   fspeed   0x000043       data     extern C:\Users\Pelle Gunnerfeldt\Desktop\Automan\PIC Projects\Motor Fader v6.2 18F4520 - Touch Test\main_touch_test.c
               iError_max   0x000047       data     extern C:\Users\Pelle Gunnerfeldt\Desktop\Automan\PIC Projects\Motor Fader v6.2 18F4520 - Touch Test\main_touch_test.c
                    touch   0x000049       data     extern C:\Users\Pelle Gunnerfeldt\Desktop\Automan\PIC Projects\Motor Fader v6.2 18F4520 - Touch Test\main_touch_test.c
                touch_rel   0x00004a       data     extern C:\Users\Pelle Gunnerfeldt\Desktop\Automan\PIC Projects\Motor Fader v6.2 18F4520 - Touch Test\main_touch_test.c
              touch_press   0x00004c       data     extern C:\Users\Pelle Gunnerfeldt\Desktop\Automan\PIC Projects\Motor Fader v6.2 18F4520 - Touch Test\main_touch_test.c
            acc_fader_pos   0x00004e       data     extern C:\Users\Pelle Gunnerfeldt\Desktop\Automan\PIC Projects\Motor Fader v6.2 18F4520 - Touch Test\main_touch_test.c
               DIG_TOGGLE   0x000052       data     extern C:\Users\Pelle Gunnerfeldt\Desktop\Automan\PIC Projects\Motor Fader v6.2 18F4520 - Touch Test\main_touch_test.c
                    DIGIT   0x000053       data     extern C:\Users\Pelle Gunnerfeldt\Desktop\Automan\PIC Projects\Motor Fader v6.2 18F4520 - Touch Test\main_touch_test.c
                fader_adc   0x000054       data     extern C:\Users\Pelle Gunnerfeldt\Desktop\Automan\PIC Projects\Motor Fader v6.2 18F4520 - Touch Test\main_touch_test.c
                  __REMB3   0x000055       data     extern C:\MCC18\src\traditional\math\aarg.asm
                 __AARGB7   0x000055       data     extern C:\MCC18\src\traditional\math\aarg.asm
                  __REMB2   0x000056       data     extern C:\MCC18\src\traditional\math\aarg.asm
                 __AARGB6   0x000056       data     extern C:\MCC18\src\traditional\math\aarg.asm
                 __AARGB5   0x000057       data     extern C:\MCC18\src\traditional\math\aarg.asm
                  __REMB1   0x000057       data     extern C:\MCC18\src\traditional\math\aarg.asm
                  __REMB0   0x000058       data     extern C:\MCC18\src\traditional\math\aarg.asm
                 __AARGB4   0x000058       data     extern C:\MCC18\src\traditional\math\aarg.asm
                 __AARGB3   0x000059       data     extern C:\MCC18\src\traditional\math\aarg.asm
                 __AARGB2   0x00005a       data     extern C:\MCC18\src\traditional\math\aarg.asm
                 __AARGB1   0x00005b       data     extern C:\MCC18\src\traditional\math\aarg.asm
                 __AARGB0   0x00005c       data     extern C:\MCC18\src\traditional\math\aarg.asm
                   __AEXP   0x00005d       data     extern C:\MCC18\src\traditional\math\aarg.asm
                 __BARGB3   0x00005e       data     extern C:\MCC18\src\traditional\math\barg.asm
                 __BARGB2   0x00005f       data     extern C:\MCC18\src\traditional\math\barg.asm
                 __BARGB1   0x000060       data     extern C:\MCC18\src\traditional\math\barg.asm
                 __BARGB0   0x000061       data     extern C:\MCC18\src\traditional\math\barg.asm
                   __BEXP   0x000062       data     extern C:\MCC18\src\traditional\math\barg.asm
                     SIGN   0x000063       data     extern C:\MCC18\src\traditional\math\cmath18.asm
            __FPFLAGSbits   0x000064       data     extern C:\MCC18\src\traditional\math\cmath18.asm
                __FPFLAGS   0x000064       data     extern C:\MCC18\src\traditional\math\cmath18.asm
                 __TEMPB3   0x000065       data     extern C:\MCC18\src\traditional\math\temparg.asm
                 __TEMPB2   0x000066       data     extern C:\MCC18\src\traditional\math\temparg.asm
                 __TEMPB1   0x000067       data     extern C:\MCC18\src\traditional\math\temparg.asm
                 __TEMPB0   0x000068       data     extern C:\MCC18\src\traditional\math\temparg.asm
                   __TEMP   0x000068       data     extern C:\MCC18\src\traditional\math\temparg.asm
                  __tmp_0   0x000069       data     static C:\MCC18\src\pmc_common\ADC\adcopen.c
                  __tmp_0   0x000069       data     static C:\MCC18\src\traditional\stdclib\fabs.c
                  __tmp_0   0x000069       data     static C:\MCC18\src\pmc_common\ADC\adcsetch.c
                  __tmp_0   0x000069       data     static C:\MCC18\src\pmc_common\PWM\pw2setdc.c
                  __tmp_0   0x000069       data     static C:\Users\Pelle Gunnerfeldt\Desktop\Automan\PIC Projects\Motor Fader v6.2 18F4520 - Touch Test\main_touch_test.c
                  __tmp_0   0x000069       data     static C:\MCC18\src\pmc_common\PWM\pw1setdc.c
                  PWMflag   0x000080       data     extern C:\Users\Pelle Gunnerfeldt\Desktop\Automan\PIC Projects\Motor Fader v6.2 18F4520 - Touch Test\main_touch_test.c
                  I2Cflag   0x000081       data     extern C:\Users\Pelle Gunnerfeldt\Desktop\Automan\PIC Projects\Motor Fader v6.2 18F4520 - Touch Test\main_touch_test.c
                   MANUAL   0x000082       data     extern C:\Users\Pelle Gunnerfeldt\Desktop\Automan\PIC Projects\Motor Fader v6.2 18F4520 - Touch Test\main_touch_test.c
                     AUTO   0x000083       data     extern C:\Users\Pelle Gunnerfeldt\Desktop\Automan\PIC Projects\Motor Fader v6.2 18F4520 - Touch Test\main_touch_test.c
                    TOUCH   0x000084       data     extern C:\Users\Pelle Gunnerfeldt\Desktop\Automan\PIC Projects\Motor Fader v6.2 18F4520 - Touch Test\main_touch_test.c
                    WRITE   0x000085       data     extern C:\Users\Pelle Gunnerfeldt\Desktop\Automan\PIC Projects\Motor Fader v6.2 18F4520 - Touch Test\main_touch_test.c
                     MUTE   0x000086       data     extern C:\Users\Pelle Gunnerfeldt\Desktop\Automan\PIC Projects\Motor Fader v6.2 18F4520 - Touch Test\main_touch_test.c
             MOTOR_ENABLE   0x000087       data     extern C:\Users\Pelle Gunnerfeldt\Desktop\Automan\PIC Projects\Motor Fader v6.2 18F4520 - Touch Test\main_touch_test.c
               ERROR_MASK   0x000088       data     extern C:\Users\Pelle Gunnerfeldt\Desktop\Automan\PIC Projects\Motor Fader v6.2 18F4520 - Touch Test\main_touch_test.c
              ERROR_CHECK   0x000089       data     extern C:\Users\Pelle Gunnerfeldt\Desktop\Automan\PIC Projects\Motor Fader v6.2 18F4520 - Touch Test\main_touch_test.c
              FADERSTATUS   0x00008a       data     extern C:\Users\Pelle Gunnerfeldt\Desktop\Automan\PIC Projects\Motor Fader v6.2 18F4520 - Touch Test\main_touch_test.c
          touch_sensivity   0x00008b       data     extern C:\Users\Pelle Gunnerfeldt\Desktop\Automan\PIC Projects\Motor Fader v6.2 18F4520 - Touch Test\main_touch_test.c
[...]
                   PWMCnt   0x0000ab       data     extern C:\Users\Pelle Gunnerfeldt\Desktop\Automan\PIC Projects\Motor Fader v6.2 18F4520 - Touch Test\main_touch_test.c
                 SEGMENTA   0x0000ac       data     extern C:\Users\Pelle Gunnerfeldt\Desktop\Automan\PIC Projects\Motor Fader v6.2 18F4520 - Touch Test\main_touch_test.c
                 SEGMENTB   0x0000b6       data     extern C:\Users\Pelle Gunnerfeldt\Desktop\Automan\PIC Projects\Motor Fader v6.2 18F4520 - Touch Test\main_touch_test.c
               CHANNEL_NO   0x0000c0       data     extern C:\Users\Pelle Gunnerfeldt\Desktop\Automan\PIC Projects\Motor Fader v6.2 18F4520 - Touch Test\main_touch_test.c
                     prom   0x0000c1       data     static C:\MCC18\src\traditional\startup\c018i.c
                curr_byte   0x0000c4       data     static C:\MCC18\src\traditional\startup\c018i.c
               curr_entry   0x0000c6       data     static C:\MCC18\src\traditional\startup\c018i.c
                 data_ptr   0x0000c8       data     static C:\MCC18\src\traditional\startup\c018i.c
                PORTAbits   0x000f80       data     extern C:\MCC18\src\traditional\proc\p18F4520.asm
                    PORTA   0x000f80       data     extern C:\MCC18\src\traditional\proc\p18F4520.asm
                PORTBbits   0x000f81       data     extern C:\MCC18\src\traditional\proc\p18F4520.asm
                    PORTB   0x000f81       data     extern C:\MCC18\src\traditional\proc\p18F4520.asm
                    PORTC   0x000f82       data     extern C:\MCC18\src\traditional\proc\p18F4520.asm
                PORTCbits   0x000f82       data     extern C:\MCC18\src\traditional\proc\p18F4520.asm
                    PORTD   0x000f83       data     extern C:\MCC18\src\traditional\proc\p18F4520.asm
                PORTDbits   0x000f83       data     extern C:\MCC18\src\traditional\proc\p18F4520.asm
                    PORTE   0x000f84       data     extern C:\MCC18\src\traditional\proc\p18F4520.asm
                PORTEbits   0x000f84       data     extern C:\MCC18\src\traditional\proc\p18F4520.asm
                     LATA   0x000f89       data     extern C:\MCC18\src\traditional\proc\p18F4520.asm
                 LATAbits   0x000f89       data     extern C:\MCC18\src\traditional\proc\p18F4520.asm
                 LATBbits   0x000f8a       data     extern C:\MCC18\src\traditional\proc\p18F4520.asm
                     LATB   0x000f8a       data     extern C:\MCC18\src\traditional\proc\p18F4520.asm
                 LATCbits   0x000f8b       data     extern C:\MCC18\src\traditional\proc\p18F4520.asm
                     LATC   0x000f8b       data     extern C:\MCC18\src\traditional\proc\p18F4520.asm
                 LATDbits   0x000f8c       data     extern C:\MCC18\src\traditional\proc\p18F4520.asm
                     LATD   0x000f8c       data     extern C:\MCC18\src\traditional\proc\p18F4520.asm
                 LATEbits   0x000f8d       data     extern C:\MCC18\src\traditional\proc\p18F4520.asm
                     LATE   0x000f8d       data     extern C:\MCC18\src\traditional\proc\p18F4520.asm
                 DDRAbits   0x000f92       data     extern C:\MCC18\src\traditional\proc\p18F4520.asm
                     DDRA   0x000f92       data     extern C:\MCC18\src\traditional\proc\p18F4520.asm
                    TRISA   0x000f92       data     extern C:\MCC18\src\traditional\proc\p18F4520.asm
                TRISAbits   0x000f92       data     extern C:\MCC18\src\traditional\proc\p18F4520.asm
                 DDRBbits   0x000f93       data     extern C:\MCC18\src\traditional\proc\p18F4520.asm
                     DDRB   0x000f93       data     extern C:\MCC18\src\traditional\proc\p18F4520.asm
                    TRISB   0x000f93       data     extern C:\MCC18\src\traditional\proc\p18F4520.asm
                TRISBbits   0x000f93       data     extern C:\MCC18\src\traditional\proc\p18F4520.asm
                     DDRC   0x000f94       data     extern C:\MCC18\src\traditional\proc\p18F4520.asm
                    TRISC   0x000f94       data     extern C:\MCC18\src\traditional\proc\p18F4520.asm
                 DDRCbits   0x000f94       data     extern C:\MCC18\src\traditional\proc\p18F4520.asm
                TRISCbits   0x000f94       data     extern C:\MCC18\src\traditional\proc\p18F4520.asm
                TRISDbits   0x000f95       data     extern C:\MCC18\src\traditional\proc\p18F4520.asm
                    TRISD   0x000f95       data     extern C:\MCC18\src\traditional\proc\p18F4520.asm
                 DDRDbits   0x000f95       data     extern C:\MCC18\src\traditional\proc\p18F4520.asm
                     DDRD   0x000f95       data     extern C:\MCC18\src\traditional\proc\p18F4520.asm
                    TRISE   0x000f96       data     extern C:\MCC18\src\traditional\proc\p18F4520.asm
                 DDREbits   0x000f96       data     extern C:\MCC18\src\traditional\proc\p18F4520.asm
                     DDRE   0x000f96       data     extern C:\MCC18\src\traditional\proc\p18F4520.asm
                TRISEbits   0x000f96       data     extern C:\MCC18\src\traditional\proc\p18F4520.asm
                  OSCTUNE   0x000f9b       data     extern C:\MCC18\src\traditional\proc\p18F4520.asm
              OSCTUNEbits   0x000f9b       data     extern C:\MCC18\src\traditional\proc\p18F4520.asm
                 PIE1bits   0x000f9d       data     extern C:\MCC18\src\traditional\proc\p18F4520.asm
                     PIE1   0x000f9d       data     extern C:\MCC18\src\traditional\proc\p18F4520.asm
                     PIR1   0x000f9e       data     extern C:\MCC18\src\traditional\proc\p18F4520.asm
                 PIR1bits   0x000f9e       data     extern C:\MCC18\src\traditional\proc\p18F4520.asm
                     IPR1   0x000f9f       data     extern C:\MCC18\src\traditional\proc\p18F4520.asm
                 IPR1bits   0x000f9f       data     extern C:\MCC18\src\traditional\proc\p18F4520.asm
                     PIE2   0x000fa0       data     extern C:\MCC18\src\traditional\proc\p18F4520.asm
                 PIE2bits   0x000fa0       data     extern C:\MCC18\src\traditional\proc\p18F4520.asm
                 PIR2bits   0x000fa1       data     extern C:\MCC18\src\traditional\proc\p18F4520.asm
                     PIR2   0x000fa1       data     extern C:\MCC18\src\traditional\proc\p18F4520.asm
                     IPR2   0x000fa2       data     extern C:\MCC18\src\traditional\proc\p18F4520.asm
                 IPR2bits   0x000fa2       data     extern C:\MCC18\src\traditional\proc\p18F4520.asm
               EECON1bits   0x000fa6       data     extern C:\MCC18\src\traditional\proc\p18F4520.asm
                   EECON1   0x000fa6       data     extern C:\MCC18\src\traditional\proc\p18F4520.asm
                   EECON2   0x000fa7       data     extern C:\MCC18\src\traditional\proc\p18F4520.asm
                   EEDATA   0x000fa8       data     extern C:\MCC18\src\traditional\proc\p18F4520.asm
                    EEADR   0x000fa9       data     extern C:\MCC18\src\traditional\proc\p18F4520.asm
                    RCSTA   0x000fab       data     extern C:\MCC18\src\traditional\proc\p18F4520.asm
                RCSTAbits   0x000fab       data     extern C:\MCC18\src\traditional\proc\p18F4520.asm
                    TXSTA   0x000fac       data     extern C:\MCC18\src\traditional\proc\p18F4520.asm
                TXSTAbits   0x000fac       data     extern C:\MCC18\src\traditional\proc\p18F4520.asm
                    TXREG   0x000fad       data     extern C:\MCC18\src\traditional\proc\p18F4520.asm
                    RCREG   0x000fae       data     extern C:\MCC18\src\traditional\proc\p18F4520.asm
                    SPBRG   0x000faf       data     extern C:\MCC18\src\traditional\proc\p18F4520.asm
                   SPBRGH   0x000fb0       data     extern C:\MCC18\src\traditional\proc\p18F4520.asm
                    T3CON   0x000fb1       data     extern C:\MCC18\src\traditional\proc\p18F4520.asm
                T3CONbits   0x000fb1       data     extern C:\MCC18\src\traditional\proc\p18F4520.asm
                    TMR3L   0x000fb2       data     extern C:\MCC18\src\traditional\proc\p18F4520.asm
                    TMR3H   0x000fb3       data     extern C:\MCC18\src\traditional\proc\p18F4520.asm
                    CMCON   0x000fb4       data     extern C:\MCC18\src\traditional\proc\p18F4520.asm
                CMCONbits   0x000fb4       data     extern C:\MCC18\src\traditional\proc\p18F4520.asm
                   CVRCON   0x000fb5       data     extern C:\MCC18\src\traditional\proc\p18F4520.asm
               CVRCONbits   0x000fb5       data     extern C:\MCC18\src\traditional\proc\p18F4520.asm
                  ECCP1AS   0x000fb6       data     extern C:\MCC18\src\traditional\proc\p18F4520.asm
              ECCP1ASbits   0x000fb6       data     extern C:\MCC18\src\traditional\proc\p18F4520.asm
                  PWM1CON   0x000fb7       data     extern C:\MCC18\src\traditional\proc\p18F4520.asm
              PWM1CONbits   0x000fb7       data     extern C:\MCC18\src\traditional\proc\p18F4520.asm
                  BAUDCON   0x000fb8       data     extern C:\MCC18\src\traditional\proc\p18F4520.asm
              BAUDCONbits   0x000fb8       data     extern C:\MCC18\src\traditional\proc\p18F4520.asm
                  BAUDCTL   0x000fb8       data     extern C:\MCC18\src\traditional\proc\p18F4520.asm
              BAUDCTLbits   0x000fb8       data     extern C:\MCC18\src\traditional\proc\p18F4520.asm
                  CCP2CON   0x000fba       data     extern C:\MCC18\src\traditional\proc\p18F4520.asm
              CCP2CONbits   0x000fba       data     extern C:\MCC18\src\traditional\proc\p18F4520.asm
                   CCPR2L   0x000fbb       data     extern C:\MCC18\src\traditional\proc\p18F4520.asm
                    CCPR2   0x000fbb       data     extern C:\MCC18\src\traditional\proc\p18F4520.asm
                   CCPR2H   0x000fbc       data     extern C:\MCC18\src\traditional\proc\p18F4520.asm
              CCP1CONbits   0x000fbd       data     extern C:\MCC18\src\traditional\proc\p18F4520.asm
                  CCP1CON   0x000fbd       data     extern C:\MCC18\src\traditional\proc\p18F4520.asm
                   CCPR1L   0x000fbe       data     extern C:\MCC18\src\traditional\proc\p18F4520.asm
                    CCPR1   0x000fbe       data     extern C:\MCC18\src\traditional\proc\p18F4520.asm
                   CCPR1H   0x000fbf       data     extern C:\MCC18\src\traditional\proc\p18F4520.asm
                   ADCON2   0x000fc0       data     extern C:\MCC18\src\traditional\proc\p18F4520.asm
               ADCON2bits   0x000fc0       data     extern C:\MCC18\src\traditional\proc\p18F4520.asm
                   ADCON1   0x000fc1       data     extern C:\MCC18\src\traditional\proc\p18F4520.asm
               ADCON1bits   0x000fc1       data     extern C:\MCC18\src\traditional\proc\p18F4520.asm
                   ADCON0   0x000fc2       data     extern C:\MCC18\src\traditional\proc\p18F4520.asm
               ADCON0bits   0x000fc2       data     extern C:\MCC18\src\traditional\proc\p18F4520.asm
                    ADRES   0x000fc3       data     extern C:\MCC18\src\traditional\proc\p18F4520.asm
                   ADRESL   0x000fc3       data     extern C:\MCC18\src\traditional\proc\p18F4520.asm
                   ADRESH   0x000fc4       data     extern C:\MCC18\src\traditional\proc\p18F4520.asm
                  SSPCON2   0x000fc5       data     extern C:\MCC18\src\traditional\proc\p18F4520.asm
              SSPCON2bits   0x000fc5       data     extern C:\MCC18\src\traditional\proc\p18F4520.asm
                  SSPCON1   0x000fc6       data     extern C:\MCC18\src\traditional\proc\p18F4520.asm
              SSPCON1bits   0x000fc6       data     extern C:\MCC18\src\traditional\proc\p18F4520.asm
                  SSPSTAT   0x000fc7       data     extern C:\MCC18\src\traditional\proc\p18F4520.asm
              SSPSTATbits   0x000fc7       data     extern C:\MCC18\src\traditional\proc\p18F4520.asm
                   SSPADD   0x000fc8       data     extern C:\MCC18\src\traditional\proc\p18F4520.asm
                   SSPBUF   0x000fc9       data     extern C:\MCC18\src\traditional\proc\p18F4520.asm
                    T2CON   0x000fca       data     extern C:\MCC18\src\traditional\proc\p18F4520.asm
                T2CONbits   0x000fca       data     extern C:\MCC18\src\traditional\proc\p18F4520.asm
                      PR2   0x000fcb       data     extern C:\MCC18\src\traditional\proc\p18F4520.asm
                     TMR2   0x000fcc       data     extern C:\MCC18\src\traditional\proc\p18F4520.asm
                T1CONbits   0x000fcd       data     extern C:\MCC18\src\traditional\proc\p18F4520.asm
                    T1CON   0x000fcd       data     extern C:\MCC18\src\traditional\proc\p18F4520.asm
                    TMR1L   0x000fce       data     extern C:\MCC18\src\traditional\proc\p18F4520.asm
                    TMR1H   0x000fcf       data     extern C:\MCC18\src\traditional\proc\p18F4520.asm
                 RCONbits   0x000fd0       data     extern C:\MCC18\src\traditional\proc\p18F4520.asm
                     RCON   0x000fd0       data     extern C:\MCC18\src\traditional\proc\p18F4520.asm
               WDTCONbits   0x000fd1       data     extern C:\MCC18\src\traditional\proc\p18F4520.asm
                   WDTCON   0x000fd1       data     extern C:\MCC18\src\traditional\proc\p18F4520.asm
               LVDCONbits   0x000fd2       data     extern C:\MCC18\src\traditional\proc\p18F4520.asm
                   LVDCON   0x000fd2       data     extern C:\MCC18\src\traditional\proc\p18F4520.asm
              HLVDCONbits   0x000fd2       data     extern C:\MCC18\src\traditional\proc\p18F4520.asm
                  HLVDCON   0x000fd2       data     extern C:\MCC18\src\traditional\proc\p18F4520.asm
                   OSCCON   0x000fd3       data     extern C:\MCC18\src\traditional\proc\p18F4520.asm
               OSCCONbits   0x000fd3       data     extern C:\MCC18\src\traditional\proc\p18F4520.asm
                    T0CON   0x000fd5       data     extern C:\MCC18\src\traditional\proc\p18F4520.asm
                T0CONbits   0x000fd5       data     extern C:\MCC18\src\traditional\proc\p18F4520.asm
                    TMR0L   0x000fd6       data     extern C:\MCC18\src\traditional\proc\p18F4520.asm
                    TMR0H   0x000fd7       data     extern C:\MCC18\src\traditional\proc\p18F4520.asm
                   STATUS   0x000fd8       data     extern C:\MCC18\src\traditional\proc\p18F4520.asm
               STATUSbits   0x000fd8       data     extern C:\MCC18\src\traditional\proc\p18F4520.asm
                     FSR2   0x000fd9       data     extern C:\MCC18\src\traditional\proc\p18F4520.asm
                    FSR2L   0x000fd9       data     extern C:\MCC18\src\traditional\proc\p18F4520.asm
                    FSR2H   0x000fda       data     extern C:\MCC18\src\traditional\proc\p18F4520.asm
                   PLUSW2   0x000fdb       data     extern C:\MCC18\src\traditional\proc\p18F4520.asm
                  PREINC2   0x000fdc       data     extern C:\MCC18\src\traditional\proc\p18F4520.asm
                 POSTDEC2   0x000fdd       data     extern C:\MCC18\src\traditional\proc\p18F4520.asm
                 POSTINC2   0x000fde       data     extern C:\MCC18\src\traditional\proc\p18F4520.asm
                    INDF2   0x000fdf       data     extern C:\MCC18\src\traditional\proc\p18F4520.asm
                      BSR   0x000fe0       data     extern C:\MCC18\src\traditional\proc\p18F4520.asm
                    FSR1L   0x000fe1       data     extern C:\MCC18\src\traditional\proc\p18F4520.asm
                     FSR1   0x000fe1       data     extern C:\MCC18\src\traditional\proc\p18F4520.asm
                    FSR1H   0x000fe2       data     extern C:\MCC18\src\traditional\proc\p18F4520.asm
                   PLUSW1   0x000fe3       data     extern C:\MCC18\src\traditional\proc\p18F4520.asm
                  PREINC1   0x000fe4       data     extern C:\MCC18\src\traditional\proc\p18F4520.asm
                 POSTDEC1   0x000fe5       data     extern C:\MCC18\src\traditional\proc\p18F4520.asm
                 POSTINC1   0x000fe6       data     extern C:\MCC18\src\traditional\proc\p18F4520.asm
                    INDF1   0x000fe7       data     extern C:\MCC18\src\traditional\proc\p18F4520.asm
                        W   0x000fe8       data     extern C:\MCC18\src\traditional\proc\p18F4520.asm
                     WREG   0x000fe8       data     extern C:\MCC18\src\traditional\proc\p18F4520.asm
                     FSR0   0x000fe9       data     extern C:\MCC18\src\traditional\proc\p18F4520.asm
                    FSR0L   0x000fe9       data     extern C:\MCC18\src\traditional\proc\p18F4520.asm
                    FSR0H   0x000fea       data     extern C:\MCC18\src\traditional\proc\p18F4520.asm
                   PLUSW0   0x000feb       data     extern C:\MCC18\src\traditional\proc\p18F4520.asm
                  PREINC0   0x000fec       data     extern C:\MCC18\src\traditional\proc\p18F4520.asm
                 POSTDEC0   0x000fed       data     extern C:\MCC18\src\traditional\proc\p18F4520.asm
                 POSTINC0   0x000fee       data     extern C:\MCC18\src\traditional\proc\p18F4520.asm
                    INDF0   0x000fef       data     extern C:\MCC18\src\traditional\proc\p18F4520.asm
              INTCON3bits   0x000ff0       data     extern C:\MCC18\src\traditional\proc\p18F4520.asm
                  INTCON3   0x000ff0       data     extern C:\MCC18\src\traditional\proc\p18F4520.asm
              INTCON2bits   0x000ff1       data     extern C:\MCC18\src\traditional\proc\p18F4520.asm
                  INTCON2   0x000ff1       data     extern C:\MCC18\src\traditional\proc\p18F4520.asm
               INTCONbits   0x000ff2       data     extern C:\MCC18\src\traditional\proc\p18F4520.asm
                   INTCON   0x000ff2       data     extern C:\MCC18\src\traditional\proc\p18F4520.asm
                    PRODL   0x000ff3       data     extern C:\MCC18\src\traditional\proc\p18F4520.asm
                     PROD   0x000ff3       data     extern C:\MCC18\src\traditional\proc\p18F4520.asm
                    PRODH   0x000ff4       data     extern C:\MCC18\src\traditional\proc\p18F4520.asm
                   TABLAT   0x000ff5       data     extern C:\MCC18\src\traditional\proc\p18F4520.asm
                  TBLPTRL   0x000ff6       data     extern C:\MCC18\src\traditional\proc\p18F4520.asm
                   TBLPTR   0x000ff6       data     extern C:\MCC18\src\traditional\proc\p18F4520.asm
                  TBLPTRH   0x000ff7       data     extern C:\MCC18\src\traditional\proc\p18F4520.asm
                  TBLPTRU   0x000ff8       data     extern C:\MCC18\src\traditional\proc\p18F4520.asm
                       PC   0x000ff9       data     extern C:\MCC18\src\traditional\proc\p18F4520.asm
                      PCL   0x000ff9       data     extern C:\MCC18\src\traditional\proc\p18F4520.asm
                   PCLATH   0x000ffa       data     extern C:\MCC18\src\traditional\proc\p18F4520.asm
                   PCLATU   0x000ffb       data     extern C:\MCC18\src\traditional\proc\p18F4520.asm
                   STKPTR   0x000ffc       data     extern C:\MCC18\src\traditional\proc\p18F4520.asm
               STKPTRbits   0x000ffc       data     extern C:\MCC18\src\traditional\proc\p18F4520.asm
                      TOS   0x000ffd       data     extern C:\MCC18\src\traditional\proc\p18F4520.asm
                     TOSL   0x000ffd       data     extern C:\MCC18\src\traditional\proc\p18F4520.asm
                     TOSH   0x000ffe       data     extern C:\MCC18\src\traditional\proc\p18F4520.asm
                     TOSU   0x000fff       data     extern C:\MCC18\src\traditional\proc\p18F4520.asm


