MPLINK 4.48, Linker
Linker Map File - Created Tue Jan 21 10:48:20 2014

                                 Section Info
                  Section       Type    Address   Location Size(Bytes)
                ---------  ---------  ---------  ---------  ---------
               _entry_scn       code   0x000000    program   0x000006
                   .cinit    romdata   0x000006    program   0x00000e
             .code_main.o       code   0x000014    program   0x000d5e
               _cinit_scn       code   0x000d72    program   0x00009e
          .code_fxm3232.o       code   0x000e10    program   0x000070
          .code_adcopen.o       code   0x000e80    program   0x00006e
         .code_fxd3232u.o       code   0x000eee    program   0x000048
           .code_t0open.o       code   0x000f36    program   0x000038
                    .code       code   0x000f6e    program   0x000020
             _startup_scn       code   0x000f8e    program   0x00001c
          .code_adcbusy.o       code   0x000faa    program   0x00000a
          .code_adcconv.o       code   0x000fb4    program   0x000004
           .code___init.o       code   0x000fb8    program   0x000002
        .romdata___init.o    romdata   0x000fba    program   0x000000
         .romdata_c018i.o    romdata   0x000fba    program   0x000000
        .romdata_t0open.o    romdata   0x000fba    program   0x000000
        .idata_t0open.o_i    romdata   0x000fba    program   0x000000
       .romdata_adcopen.o    romdata   0x000fba    program   0x000000
          .idata_main.o_i    romdata   0x000fba    program   0x000015
       .romdata_fxm3232.o    romdata   0x000fba    program   0x000000
          .romdata_main.o    romdata   0x000fba    program   0x000000
      .romdata_fxd3232u.o    romdata   0x000fba    program   0x000000
       .romdata_adcconv.o    romdata   0x000fba    program   0x000000
       .romdata_adcbusy.o    romdata   0x000fba    program   0x000000
       .idata_fxm3232.o_i    romdata   0x000fcf    program   0x000000
       .idata_adcopen.o_i    romdata   0x000fcf    program   0x000000
      .idata_fxd3232u.o_i    romdata   0x000fcf    program   0x000000
       .idata_adcconv.o_i    romdata   0x000fcf    program   0x000000
        .idata___init.o_i    romdata   0x000fcf    program   0x000000
       .idata_adcbusy.o_i    romdata   0x000fcf    program   0x000000
         .idata_c018i.o_i    romdata   0x000fcf    program   0x000000
            .code_c018i.o       code   0x000fd0    program   0x000000
    .config_300003_main.o    romdata   0x300003    program   0x000001
          volatile_access      udata   0x000000       data   0x000053
                MATH_DATA      udata   0x000053       data   0x000010
                 .tmpdata      udata   0x000063       data   0x000006
YourHighPriorityISRCode_tmp      udata   0x000069       data   0x000004
            .udata_main.o      udata   0x000100       data   0x000085
            .idata_main.o      idata   0x000185       data   0x000015
           .udata_c018i.o      udata   0x00019a       data   0x00000a
          .idata___init.o      idata   0x0001a4       data   0x000000
          .udata___init.o      udata   0x0001a4       data   0x000000
          .idata_t0open.o      idata   0x0001a4       data   0x000000
          .udata_t0open.o      udata   0x0001a4       data   0x000000
         .idata_adcopen.o      idata   0x0001a4       data   0x000000
         .udata_adcopen.o      udata   0x0001a4       data   0x000000
         .idata_fxm3232.o      idata   0x0001a4       data   0x000000
         .udata_fxm3232.o      udata   0x0001a4       data   0x000000
        .idata_fxd3232u.o      idata   0x0001a4       data   0x000000
        .udata_fxd3232u.o      udata   0x0001a4       data   0x000000
         .idata_adcconv.o      idata   0x0001a4       data   0x000000
         .udata_adcconv.o      udata   0x0001a4       data   0x000000
         .idata_adcbusy.o      idata   0x0001a4       data   0x000000
         .udata_adcbusy.o      udata   0x0001a4       data   0x000000
           .idata_c018i.o      idata   0x0001a4       data   0x000000
                   .stack      udata   0x000500       data   0x000100
            SFR_UNBANKED0      udata   0x000f80       data   0x000080



                              Program Memory Usage 
                               Start         End      
                           ---------   ---------      
                            0x000000    0x000fce      
                            0x300003    0x300003      
            4048 out of 33048 program addresses used, program memory utilization is 12%



                              Symbols - Sorted by Name
                     Name    Address   Location    Storage File                     
                ---------  ---------  ---------  --------- ---------                
                  BusyADC   0x000faa    program     extern E:\c18v3.46\pic18-lt\cxx-framework\src\pmc_common\ADC\adcbusy.c
               ConvertADC   0x000fb4    program     extern E:\c18v3.46\pic18-lt\cxx-framework\src\pmc_common\ADC\adcconv.c
                 FXD3232U   0x000eee    program     extern E:\c18v3.46\pic18-lt\cxx-framework\src\traditional\math\fxd3232u.c
                  FXM3232   0x000e10    program     extern E:\c18v3.46\pic18-lt\cxx-framework\src\traditional\math\fxm3232.c
                     Init   0x000162    program     extern C:\Users\KBV\Desktop\Docus\Automan\Automation Project\Firmware\18F4520 IO card\Peters SSL PCB 18F4520\main.c
                  OpenADC   0x000e80    program     extern E:\c18v3.46\pic18-lt\cxx-framework\src\pmc_common\ADC\adcopen.c
               OpenTimer0   0x000f36    program     extern E:\c18v3.46\pic18-lt\cxx-framework\src\pmc_common\Timers\t0open.c
                  PGtoVCA   0x000832    program     extern C:\Users\KBV\Desktop\Docus\Automan\Automation Project\Firmware\18F4520 IO card\Peters SSL PCB 18F4520\main.c
                 Read_ADC   0x000c6e    program     extern C:\Users\KBV\Desktop\Docus\Automan\Automation Project\Firmware\18F4520 IO card\Peters SSL PCB 18F4520\main.c
            Read_Switches   0x0006f0    program     extern C:\Users\KBV\Desktop\Docus\Automan\Automation Project\Firmware\18F4520 IO card\Peters SSL PCB 18F4520\main.c
              Set_Get_VCA   0x000540    program     extern C:\Users\KBV\Desktop\Docus\Automan\Automation Project\Firmware\18F4520 IO card\Peters SSL PCB 18F4520\main.c
           Set_Mutes_Leds   0x000410    program     extern C:\Users\KBV\Desktop\Docus\Automan\Automation Project\Firmware\18F4520 IO card\Peters SSL PCB 18F4520\main.c
                Start_ADC   0x000c6a    program     extern C:\Users\KBV\Desktop\Docus\Automan\Automation Project\Firmware\18F4520 IO card\Peters SSL PCB 18F4520\main.c
                  VCAtoPG   0x000a4e    program     extern C:\Users\KBV\Desktop\Docus\Automan\Automation Project\Firmware\18F4520 IO card\Peters SSL PCB 18F4520\main.c
  YourHighPriorityISRCode   0x000014    program     extern C:\Users\KBV\Desktop\Docus\Automan\Automation Project\Firmware\18F4520 IO card\Peters SSL PCB 18F4520\main.c
   YourLowPriorityISRCode   0x00013c    program     extern C:\Users\KBV\Desktop\Docus\Automan\Automation Project\Firmware\18F4520 IO card\Peters SSL PCB 18F4520\main.c
       ___return_lbl00000   0x000f34    program     static                          
       ___return_lbl00000   0x000e7e    program     static                          
       ___return_lbl00000   0x000004    program     static                          
       ___return_lbl00001   0x000fa8    program     static                          
       ___return_lbl00002   0x000e0e    program     static                          
               __config_0   0x300003    program     static C:\Users\KBV\Desktop\Docus\Automan\Automation Project\Firmware\18F4520 IO card\Peters SSL PCB 18F4520\main.c
                   __init   0x000fb8    program     extern E:\c18v3.46\pic18-lt\cxx-framework\src\traditional\stdclib\__init.c
            __zero_memory   0x000f6e    program     extern E:\c18v3.46\pic18-lt\cxx-framework\src\traditional\proc\p18f4520.asm
                _do_cinit   0x000d72    program     extern E:\c18v3.46\pic18-lt\cxx-framework\src\traditional\startup\c018i.c
                   _entry   0x000000    program     extern E:\c18v3.46\pic18-lt\cxx-framework\src\traditional\startup\c018i.c
                   _false   0x000f30    program     static                          
                 _startup   0x000f8e    program     extern E:\c18v3.46\pic18-lt\cxx-framework\src\traditional\startup\c018i.c
                compare_l   0x000f84    program     static E:\c18v3.46\pic18-lt\cxx-framework\src\traditional\proc\p18f4520.asm
                copy_loop   0x000de4    program     static                          
            copy_one_byte   0x000dea    program     static                          
                     done   0x000e0e    program     static                          
             done_copying   0x000df8    program     static                          
                     loop   0x000efc    program     static                          
                     loop   0x000f9e    program     static                          
                   loop_h   0x000f7c    program     static E:\c18v3.46\pic18-lt\cxx-framework\src\traditional\proc\p18f4520.asm
                   loop_l   0x000f86    program     static E:\c18v3.46\pic18-lt\cxx-framework\src\traditional\proc\p18f4520.asm
                     main   0x0001d4    program     extern C:\Users\KBV\Desktop\Docus\Automan\Automation Project\Firmware\18F4520 IO card\Peters SSL PCB 18F4520\main.c
                     test   0x000d8c    program     static                          
               zero_block   0x000f7c    program     static E:\c18v3.46\pic18-lt\cxx-framework\src\traditional\proc\p18f4520.asm
                   ADCON0   0x000fc2       data     extern E:\c18v3.46\pic18-lt\cxx-framework\src\traditional\proc\p18f4520.asm
               ADCON0bits   0x000fc2       data     extern E:\c18v3.46\pic18-lt\cxx-framework\src\traditional\proc\p18f4520.asm
                   ADCON1   0x000fc1       data     extern E:\c18v3.46\pic18-lt\cxx-framework\src\traditional\proc\p18f4520.asm
               ADCON1bits   0x000fc1       data     extern E:\c18v3.46\pic18-lt\cxx-framework\src\traditional\proc\p18f4520.asm
                   ADCON2   0x000fc0       data     extern E:\c18v3.46\pic18-lt\cxx-framework\src\traditional\proc\p18f4520.asm
               ADCON2bits   0x000fc0       data     extern E:\c18v3.46\pic18-lt\cxx-framework\src\traditional\proc\p18f4520.asm
                    ADRES   0x000fc3       data     extern E:\c18v3.46\pic18-lt\cxx-framework\src\traditional\proc\p18f4520.asm
                   ADRESH   0x000fc4       data     extern E:\c18v3.46\pic18-lt\cxx-framework\src\traditional\proc\p18f4520.asm
                   ADRESL   0x000fc3       data     extern E:\c18v3.46\pic18-lt\cxx-framework\src\traditional\proc\p18f4520.asm
                     AUTO   0x00018d       data     extern C:\Users\KBV\Desktop\Docus\Automan\Automation Project\Firmware\18F4520 IO card\Peters SSL PCB 18F4520\main.c
                  BAUDCON   0x000fb8       data     extern E:\c18v3.46\pic18-lt\cxx-framework\src\traditional\proc\p18f4520.asm
              BAUDCONbits   0x000fb8       data     extern E:\c18v3.46\pic18-lt\cxx-framework\src\traditional\proc\p18f4520.asm
                  BAUDCTL   0x000fb8       data     extern E:\c18v3.46\pic18-lt\cxx-framework\src\traditional\proc\p18f4520.asm
              BAUDCTLbits   0x000fb8       data     extern E:\c18v3.46\pic18-lt\cxx-framework\src\traditional\proc\p18f4520.asm
                      BSR   0x000fe0       data     extern E:\c18v3.46\pic18-lt\cxx-framework\src\traditional\proc\p18f4520.asm
                 BlinkCnt   0x000188       data     extern C:\Users\KBV\Desktop\Docus\Automan\Automation Project\Firmware\18F4520 IO card\Peters SSL PCB 18F4520\main.c
                 BlinkLED   0x00018a       data     extern C:\Users\KBV\Desktop\Docus\Automan\Automation Project\Firmware\18F4520 IO card\Peters SSL PCB 18F4520\main.c
                  CCP1CON   0x000fbd       data     extern E:\c18v3.46\pic18-lt\cxx-framework\src\traditional\proc\p18f4520.asm
              CCP1CONbits   0x000fbd       data     extern E:\c18v3.46\pic18-lt\cxx-framework\src\traditional\proc\p18f4520.asm
                  CCP2CON   0x000fba       data     extern E:\c18v3.46\pic18-lt\cxx-framework\src\traditional\proc\p18f4520.asm
              CCP2CONbits   0x000fba       data     extern E:\c18v3.46\pic18-lt\cxx-framework\src\traditional\proc\p18f4520.asm
                    CCPR1   0x000fbe       data     extern E:\c18v3.46\pic18-lt\cxx-framework\src\traditional\proc\p18f4520.asm
                   CCPR1H   0x000fbf       data     extern E:\c18v3.46\pic18-lt\cxx-framework\src\traditional\proc\p18f4520.asm
                   CCPR1L   0x000fbe       data     extern E:\c18v3.46\pic18-lt\cxx-framework\src\traditional\proc\p18f4520.asm
                    CCPR2   0x000fbb       data     extern E:\c18v3.46\pic18-lt\cxx-framework\src\traditional\proc\p18f4520.asm
                   CCPR2H   0x000fbc       data     extern E:\c18v3.46\pic18-lt\cxx-framework\src\traditional\proc\p18f4520.asm
                   CCPR2L   0x000fbb       data     extern E:\c18v3.46\pic18-lt\cxx-framework\src\traditional\proc\p18f4520.asm
                    CMCON   0x000fb4       data     extern E:\c18v3.46\pic18-lt\cxx-framework\src\traditional\proc\p18f4520.asm
                CMCONbits   0x000fb4       data     extern E:\c18v3.46\pic18-lt\cxx-framework\src\traditional\proc\p18f4520.asm
                   CVRCON   0x000fb5       data     extern E:\c18v3.46\pic18-lt\cxx-framework\src\traditional\proc\p18f4520.asm
               CVRCONbits   0x000fb5       data     extern E:\c18v3.46\pic18-lt\cxx-framework\src\traditional\proc\p18f4520.asm
                  DACaddr   0x00017c       data     extern C:\Users\KBV\Desktop\Docus\Automan\Automation Project\Firmware\18F4520 IO card\Peters SSL PCB 18F4520\main.c
                   DACcnt   0x00016e       data     extern C:\Users\KBV\Desktop\Docus\Automan\Automation Project\Firmware\18F4520 IO card\Peters SSL PCB 18F4520\main.c
                   DAClog   0x000175       data     extern C:\Users\KBV\Desktop\Docus\Automan\Automation Project\Firmware\18F4520 IO card\Peters SSL PCB 18F4520\main.c
                   DACval   0x000178       data     extern C:\Users\KBV\Desktop\Docus\Automan\Automation Project\Firmware\18F4520 IO card\Peters SSL PCB 18F4520\main.c
                  DACword   0x00017a       data     extern C:\Users\KBV\Desktop\Docus\Automan\Automation Project\Firmware\18F4520 IO card\Peters SSL PCB 18F4520\main.c
                     DDRA   0x000f92       data     extern E:\c18v3.46\pic18-lt\cxx-framework\src\traditional\proc\p18f4520.asm
                 DDRAbits   0x000f92       data     extern E:\c18v3.46\pic18-lt\cxx-framework\src\traditional\proc\p18f4520.asm
                     DDRB   0x000f93       data     extern E:\c18v3.46\pic18-lt\cxx-framework\src\traditional\proc\p18f4520.asm
                 DDRBbits   0x000f93       data     extern E:\c18v3.46\pic18-lt\cxx-framework\src\traditional\proc\p18f4520.asm
                     DDRC   0x000f94       data     extern E:\c18v3.46\pic18-lt\cxx-framework\src\traditional\proc\p18f4520.asm
                 DDRCbits   0x000f94       data     extern E:\c18v3.46\pic18-lt\cxx-framework\src\traditional\proc\p18f4520.asm
                     DDRD   0x000f95       data     extern E:\c18v3.46\pic18-lt\cxx-framework\src\traditional\proc\p18f4520.asm
                 DDRDbits   0x000f95       data     extern E:\c18v3.46\pic18-lt\cxx-framework\src\traditional\proc\p18f4520.asm
                     DDRE   0x000f96       data     extern E:\c18v3.46\pic18-lt\cxx-framework\src\traditional\proc\p18f4520.asm
                 DDREbits   0x000f96       data     extern E:\c18v3.46\pic18-lt\cxx-framework\src\traditional\proc\p18f4520.asm
                  ECCP1AS   0x000fb6       data     extern E:\c18v3.46\pic18-lt\cxx-framework\src\traditional\proc\p18f4520.asm
              ECCP1ASbits   0x000fb6       data     extern E:\c18v3.46\pic18-lt\cxx-framework\src\traditional\proc\p18f4520.asm
                 ECCP1DEL   0x000fb7       data     extern E:\c18v3.46\pic18-lt\cxx-framework\src\traditional\proc\p18f4520.asm
             ECCP1DELbits   0x000fb7       data     extern E:\c18v3.46\pic18-lt\cxx-framework\src\traditional\proc\p18f4520.asm
                   ECCPAS   0x000fb6       data     extern E:\c18v3.46\pic18-lt\cxx-framework\src\traditional\proc\p18f4520.asm
               ECCPASbits   0x000fb6       data     extern E:\c18v3.46\pic18-lt\cxx-framework\src\traditional\proc\p18f4520.asm
                    EEADR   0x000fa9       data     extern E:\c18v3.46\pic18-lt\cxx-framework\src\traditional\proc\p18f4520.asm
                   EECON1   0x000fa6       data     extern E:\c18v3.46\pic18-lt\cxx-framework\src\traditional\proc\p18f4520.asm
               EECON1bits   0x000fa6       data     extern E:\c18v3.46\pic18-lt\cxx-framework\src\traditional\proc\p18f4520.asm
                   EECON2   0x000fa7       data     extern E:\c18v3.46\pic18-lt\cxx-framework\src\traditional\proc\p18f4520.asm
                   EEDATA   0x000fa8       data     extern E:\c18v3.46\pic18-lt\cxx-framework\src\traditional\proc\p18f4520.asm
                     FSR0   0x000fe9       data     extern E:\c18v3.46\pic18-lt\cxx-framework\src\traditional\proc\p18f4520.asm
                    FSR0H   0x000fea       data     extern E:\c18v3.46\pic18-lt\cxx-framework\src\traditional\proc\p18f4520.asm
                    FSR0L   0x000fe9       data     extern E:\c18v3.46\pic18-lt\cxx-framework\src\traditional\proc\p18f4520.asm
                     FSR1   0x000fe1       data     extern E:\c18v3.46\pic18-lt\cxx-framework\src\traditional\proc\p18f4520.asm
                    FSR1H   0x000fe2       data     extern E:\c18v3.46\pic18-lt\cxx-framework\src\traditional\proc\p18f4520.asm
                    FSR1L   0x000fe1       data     extern E:\c18v3.46\pic18-lt\cxx-framework\src\traditional\proc\p18f4520.asm
                     FSR2   0x000fd9       data     extern E:\c18v3.46\pic18-lt\cxx-framework\src\traditional\proc\p18f4520.asm
                    FSR2H   0x000fda       data     extern E:\c18v3.46\pic18-lt\cxx-framework\src\traditional\proc\p18f4520.asm
                    FSR2L   0x000fd9       data     extern E:\c18v3.46\pic18-lt\cxx-framework\src\traditional\proc\p18f4520.asm
                  HLVDCON   0x000fd2       data     extern E:\c18v3.46\pic18-lt\cxx-framework\src\traditional\proc\p18f4520.asm
              HLVDCONbits   0x000fd2       data     extern E:\c18v3.46\pic18-lt\cxx-framework\src\traditional\proc\p18f4520.asm
                    INDF0   0x000fef       data     extern E:\c18v3.46\pic18-lt\cxx-framework\src\traditional\proc\p18f4520.asm
                    INDF1   0x000fe7       data     extern E:\c18v3.46\pic18-lt\cxx-framework\src\traditional\proc\p18f4520.asm
                    INDF2   0x000fdf       data     extern E:\c18v3.46\pic18-lt\cxx-framework\src\traditional\proc\p18f4520.asm
                   INTCON   0x000ff2       data     extern E:\c18v3.46\pic18-lt\cxx-framework\src\traditional\proc\p18f4520.asm
                  INTCON2   0x000ff1       data     extern E:\c18v3.46\pic18-lt\cxx-framework\src\traditional\proc\p18f4520.asm
              INTCON2bits   0x000ff1       data     extern E:\c18v3.46\pic18-lt\cxx-framework\src\traditional\proc\p18f4520.asm
                  INTCON3   0x000ff0       data     extern E:\c18v3.46\pic18-lt\cxx-framework\src\traditional\proc\p18f4520.asm
              INTCON3bits   0x000ff0       data     extern E:\c18v3.46\pic18-lt\cxx-framework\src\traditional\proc\p18f4520.asm
               INTCONbits   0x000ff2       data     extern E:\c18v3.46\pic18-lt\cxx-framework\src\traditional\proc\p18f4520.asm
                 INbuffer   0x000013       data     extern C:\Users\KBV\Desktop\Docus\Automan\Automation Project\Firmware\18F4520 IO card\Peters SSL PCB 18F4520\main.c
                   INdata   0x000003       data     extern C:\Users\KBV\Desktop\Docus\Automan\Automation Project\Firmware\18F4520 IO card\Peters SSL PCB 18F4520\main.c
                     IPR1   0x000f9f       data     extern E:\c18v3.46\pic18-lt\cxx-framework\src\traditional\proc\p18f4520.asm
                 IPR1bits   0x000f9f       data     extern E:\c18v3.46\pic18-lt\cxx-framework\src\traditional\proc\p18f4520.asm
                     IPR2   0x000fa2       data     extern E:\c18v3.46\pic18-lt\cxx-framework\src\traditional\proc\p18f4520.asm
                 IPR2bits   0x000fa2       data     extern E:\c18v3.46\pic18-lt\cxx-framework\src\traditional\proc\p18f4520.asm
                     LATA   0x000f89       data     extern E:\c18v3.46\pic18-lt\cxx-framework\src\traditional\proc\p18f4520.asm
                 LATAbits   0x000f89       data     extern E:\c18v3.46\pic18-lt\cxx-framework\src\traditional\proc\p18f4520.asm
                     LATB   0x000f8a       data     extern E:\c18v3.46\pic18-lt\cxx-framework\src\traditional\proc\p18f4520.asm
                 LATBbits   0x000f8a       data     extern E:\c18v3.46\pic18-lt\cxx-framework\src\traditional\proc\p18f4520.asm
                     LATC   0x000f8b       data     extern E:\c18v3.46\pic18-lt\cxx-framework\src\traditional\proc\p18f4520.asm
                 LATCbits   0x000f8b       data     extern E:\c18v3.46\pic18-lt\cxx-framework\src\traditional\proc\p18f4520.asm
                     LATD   0x000f8c       data     extern E:\c18v3.46\pic18-lt\cxx-framework\src\traditional\proc\p18f4520.asm
                 LATDbits   0x000f8c       data     extern E:\c18v3.46\pic18-lt\cxx-framework\src\traditional\proc\p18f4520.asm
                     LATE   0x000f8d       data     extern E:\c18v3.46\pic18-lt\cxx-framework\src\traditional\proc\p18f4520.asm
                 LATEbits   0x000f8d       data     extern E:\c18v3.46\pic18-lt\cxx-framework\src\traditional\proc\p18f4520.asm
                 LED_byte   0x000184       data     extern C:\Users\KBV\Desktop\Docus\Automan\Automation Project\Firmware\18F4520 IO card\Peters SSL PCB 18F4520\main.c
                   LEDcnt   0x000171       data     extern C:\Users\KBV\Desktop\Docus\Automan\Automation Project\Firmware\18F4520 IO card\Peters SSL PCB 18F4520\main.c
                  LEDword   0x000170       data     extern C:\Users\KBV\Desktop\Docus\Automan\Automation Project\Firmware\18F4520 IO card\Peters SSL PCB 18F4520\main.c
                   LVDCON   0x000fd2       data     extern E:\c18v3.46\pic18-lt\cxx-framework\src\traditional\proc\p18f4520.asm
               LVDCONbits   0x000fd2       data     extern E:\c18v3.46\pic18-lt\cxx-framework\src\traditional\proc\p18f4520.asm
            LocalMuteBits   0x000185       data     extern C:\Users\KBV\Desktop\Docus\Automan\Automation Project\Firmware\18F4520 IO card\Peters SSL PCB 18F4520\main.c
                   Ltimer   0x00013d       data     extern C:\Users\KBV\Desktop\Docus\Automan\Automation Project\Firmware\18F4520 IO card\Peters SSL PCB 18F4520\main.c
                   MANUAL   0x00018c       data     extern C:\Users\KBV\Desktop\Docus\Automan\Automation Project\Firmware\18F4520 IO card\Peters SSL PCB 18F4520\main.c
                      MUX   0x000149       data     extern C:\Users\KBV\Desktop\Docus\Automan\Automation Project\Firmware\18F4520 IO card\Peters SSL PCB 18F4520\main.c
                   OSCCON   0x000fd3       data     extern E:\c18v3.46\pic18-lt\cxx-framework\src\traditional\proc\p18f4520.asm
               OSCCONbits   0x000fd3       data     extern E:\c18v3.46\pic18-lt\cxx-framework\src\traditional\proc\p18f4520.asm
                  OSCTUNE   0x000f9b       data     extern E:\c18v3.46\pic18-lt\cxx-framework\src\traditional\proc\p18f4520.asm
              OSCTUNEbits   0x000f9b       data     extern E:\c18v3.46\pic18-lt\cxx-framework\src\traditional\proc\p18f4520.asm
                  OUTdata   0x000023       data     extern C:\Users\KBV\Desktop\Docus\Automan\Automation Project\Firmware\18F4520 IO card\Peters SSL PCB 18F4520\main.c
                       PC   0x000ff9       data     extern E:\c18v3.46\pic18-lt\cxx-framework\src\traditional\proc\p18f4520.asm
                      PCL   0x000ff9       data     extern E:\c18v3.46\pic18-lt\cxx-framework\src\traditional\proc\p18f4520.asm
                   PCLATH   0x000ffa       data     extern E:\c18v3.46\pic18-lt\cxx-framework\src\traditional\proc\p18f4520.asm
                   PCLATU   0x000ffb       data     extern E:\c18v3.46\pic18-lt\cxx-framework\src\traditional\proc\p18f4520.asm
                     PIE1   0x000f9d       data     extern E:\c18v3.46\pic18-lt\cxx-framework\src\traditional\proc\p18f4520.asm
                 PIE1bits   0x000f9d       data     extern E:\c18v3.46\pic18-lt\cxx-framework\src\traditional\proc\p18f4520.asm
                     PIE2   0x000fa0       data     extern E:\c18v3.46\pic18-lt\cxx-framework\src\traditional\proc\p18f4520.asm
                 PIE2bits   0x000fa0       data     extern E:\c18v3.46\pic18-lt\cxx-framework\src\traditional\proc\p18f4520.asm
                     PIR1   0x000f9e       data     extern E:\c18v3.46\pic18-lt\cxx-framework\src\traditional\proc\p18f4520.asm
                 PIR1bits   0x000f9e       data     extern E:\c18v3.46\pic18-lt\cxx-framework\src\traditional\proc\p18f4520.asm
                     PIR2   0x000fa1       data     extern E:\c18v3.46\pic18-lt\cxx-framework\src\traditional\proc\p18f4520.asm
                 PIR2bits   0x000fa1       data     extern E:\c18v3.46\pic18-lt\cxx-framework\src\traditional\proc\p18f4520.asm
                   PLUSW0   0x000feb       data     extern E:\c18v3.46\pic18-lt\cxx-framework\src\traditional\proc\p18f4520.asm
                   PLUSW1   0x000fe3       data     extern E:\c18v3.46\pic18-lt\cxx-framework\src\traditional\proc\p18f4520.asm
                   PLUSW2   0x000fdb       data     extern E:\c18v3.46\pic18-lt\cxx-framework\src\traditional\proc\p18f4520.asm
                    PORTA   0x000f80       data     extern E:\c18v3.46\pic18-lt\cxx-framework\src\traditional\proc\p18f4520.asm
                PORTAbits   0x000f80       data     extern E:\c18v3.46\pic18-lt\cxx-framework\src\traditional\proc\p18f4520.asm
                    PORTB   0x000f81       data     extern E:\c18v3.46\pic18-lt\cxx-framework\src\traditional\proc\p18f4520.asm
                PORTBbits   0x000f81       data     extern E:\c18v3.46\pic18-lt\cxx-framework\src\traditional\proc\p18f4520.asm
                    PORTC   0x000f82       data     extern E:\c18v3.46\pic18-lt\cxx-framework\src\traditional\proc\p18f4520.asm
                PORTCbits   0x000f82       data     extern E:\c18v3.46\pic18-lt\cxx-framework\src\traditional\proc\p18f4520.asm
                    PORTD   0x000f83       data     extern E:\c18v3.46\pic18-lt\cxx-framework\src\traditional\proc\p18f4520.asm
                PORTDbits   0x000f83       data     extern E:\c18v3.46\pic18-lt\cxx-framework\src\traditional\proc\p18f4520.asm
                    PORTE   0x000f84       data     extern E:\c18v3.46\pic18-lt\cxx-framework\src\traditional\proc\p18f4520.asm
                PORTEbits   0x000f84       data     extern E:\c18v3.46\pic18-lt\cxx-framework\src\traditional\proc\p18f4520.asm
                 POSTDEC0   0x000fed       data     extern E:\c18v3.46\pic18-lt\cxx-framework\src\traditional\proc\p18f4520.asm
                 POSTDEC1   0x000fe5       data     extern E:\c18v3.46\pic18-lt\cxx-framework\src\traditional\proc\p18f4520.asm
                 POSTDEC2   0x000fdd       data     extern E:\c18v3.46\pic18-lt\cxx-framework\src\traditional\proc\p18f4520.asm
                 POSTINC0   0x000fee       data     extern E:\c18v3.46\pic18-lt\cxx-framework\src\traditional\proc\p18f4520.asm
                 POSTINC1   0x000fe6       data     extern E:\c18v3.46\pic18-lt\cxx-framework\src\traditional\proc\p18f4520.asm
                 POSTINC2   0x000fde       data     extern E:\c18v3.46\pic18-lt\cxx-framework\src\traditional\proc\p18f4520.asm
                      PR2   0x000fcb       data     extern E:\c18v3.46\pic18-lt\cxx-framework\src\traditional\proc\p18f4520.asm
                  PREINC0   0x000fec       data     extern E:\c18v3.46\pic18-lt\cxx-framework\src\traditional\proc\p18f4520.asm
                  PREINC1   0x000fe4       data     extern E:\c18v3.46\pic18-lt\cxx-framework\src\traditional\proc\p18f4520.asm
                  PREINC2   0x000fdc       data     extern E:\c18v3.46\pic18-lt\cxx-framework\src\traditional\proc\p18f4520.asm
                     PROD   0x000ff3       data     extern E:\c18v3.46\pic18-lt\cxx-framework\src\traditional\proc\p18f4520.asm
                    PRODH   0x000ff4       data     extern E:\c18v3.46\pic18-lt\cxx-framework\src\traditional\proc\p18f4520.asm
                    PRODL   0x000ff3       data     extern E:\c18v3.46\pic18-lt\cxx-framework\src\traditional\proc\p18f4520.asm
                  PWM1CON   0x000fb7       data     extern E:\c18v3.46\pic18-lt\cxx-framework\src\traditional\proc\p18f4520.asm
              PWM1CONbits   0x000fb7       data     extern E:\c18v3.46\pic18-lt\cxx-framework\src\traditional\proc\p18f4520.asm
         ParallelPortflag   0x000198       data     extern C:\Users\KBV\Desktop\Docus\Automan\Automation Project\Firmware\18F4520 IO card\Peters SSL PCB 18F4520\main.c
             Q_Frame_Flag   0x000199       data     extern C:\Users\KBV\Desktop\Docus\Automan\Automation Project\Firmware\18F4520 IO card\Peters SSL PCB 18F4520\main.c
                     RCON   0x000fd0       data     extern E:\c18v3.46\pic18-lt\cxx-framework\src\traditional\proc\p18f4520.asm
                 RCONbits   0x000fd0       data     extern E:\c18v3.46\pic18-lt\cxx-framework\src\traditional\proc\p18f4520.asm
                    RCREG   0x000fae       data     extern E:\c18v3.46\pic18-lt\cxx-framework\src\traditional\proc\p18f4520.asm
                    RCSTA   0x000fab       data     extern E:\c18v3.46\pic18-lt\cxx-framework\src\traditional\proc\p18f4520.asm
                RCSTAbits   0x000fab       data     extern E:\c18v3.46\pic18-lt\cxx-framework\src\traditional\proc\p18f4520.asm
                     SIGN   0x000061       data     extern E:\c18v3.46\pic18-lt\cxx-framework\src\traditional\math\cmath18.asm
                    SPBRG   0x000faf       data     extern E:\c18v3.46\pic18-lt\cxx-framework\src\traditional\proc\p18f4520.asm
                   SPBRGH   0x000fb0       data     extern E:\c18v3.46\pic18-lt\cxx-framework\src\traditional\proc\p18f4520.asm
                   SSPADD   0x000fc8       data     extern E:\c18v3.46\pic18-lt\cxx-framework\src\traditional\proc\p18f4520.asm
                   SSPBUF   0x000fc9       data     extern E:\c18v3.46\pic18-lt\cxx-framework\src\traditional\proc\p18f4520.asm
                  SSPCON1   0x000fc6       data     extern E:\c18v3.46\pic18-lt\cxx-framework\src\traditional\proc\p18f4520.asm
              SSPCON1bits   0x000fc6       data     extern E:\c18v3.46\pic18-lt\cxx-framework\src\traditional\proc\p18f4520.asm
                  SSPCON2   0x000fc5       data     extern E:\c18v3.46\pic18-lt\cxx-framework\src\traditional\proc\p18f4520.asm
              SSPCON2bits   0x000fc5       data     extern E:\c18v3.46\pic18-lt\cxx-framework\src\traditional\proc\p18f4520.asm
                  SSPSTAT   0x000fc7       data     extern E:\c18v3.46\pic18-lt\cxx-framework\src\traditional\proc\p18f4520.asm
              SSPSTATbits   0x000fc7       data     extern E:\c18v3.46\pic18-lt\cxx-framework\src\traditional\proc\p18f4520.asm
                   STATUS   0x000fd8       data     extern E:\c18v3.46\pic18-lt\cxx-framework\src\traditional\proc\p18f4520.asm
               STATUSbits   0x000fd8       data     extern E:\c18v3.46\pic18-lt\cxx-framework\src\traditional\proc\p18f4520.asm
                   STKPTR   0x000ffc       data     extern E:\c18v3.46\pic18-lt\cxx-framework\src\traditional\proc\p18f4520.asm
               STKPTRbits   0x000ffc       data     extern E:\c18v3.46\pic18-lt\cxx-framework\src\traditional\proc\p18f4520.asm
                    SWcnt   0x000173       data     extern C:\Users\KBV\Desktop\Docus\Automan\Automation Project\Firmware\18F4520 IO card\Peters SSL PCB 18F4520\main.c
                  ShiftIn   0x00013c       data     extern C:\Users\KBV\Desktop\Docus\Automan\Automation Project\Firmware\18F4520 IO card\Peters SSL PCB 18F4520\main.c
                 ShiftOut   0x000137       data     extern C:\Users\KBV\Desktop\Docus\Automan\Automation Project\Firmware\18F4520 IO card\Peters SSL PCB 18F4520\main.c
         StoredSwitchBits   0x000187       data     extern C:\Users\KBV\Desktop\Docus\Automan\Automation Project\Firmware\18F4520 IO card\Peters SSL PCB 18F4520\main.c
               SwitchBits   0x000186       data     extern C:\Users\KBV\Desktop\Docus\Automan\Automation Project\Firmware\18F4520 IO card\Peters SSL PCB 18F4520\main.c
                    T0CON   0x000fd5       data     extern E:\c18v3.46\pic18-lt\cxx-framework\src\traditional\proc\p18f4520.asm
                T0CONbits   0x000fd5       data     extern E:\c18v3.46\pic18-lt\cxx-framework\src\traditional\proc\p18f4520.asm
                    T1CON   0x000fcd       data     extern E:\c18v3.46\pic18-lt\cxx-framework\src\traditional\proc\p18f4520.asm
                T1CONbits   0x000fcd       data     extern E:\c18v3.46\pic18-lt\cxx-framework\src\traditional\proc\p18f4520.asm
                    T2CON   0x000fca       data     extern E:\c18v3.46\pic18-lt\cxx-framework\src\traditional\proc\p18f4520.asm
                T2CONbits   0x000fca       data     extern E:\c18v3.46\pic18-lt\cxx-framework\src\traditional\proc\p18f4520.asm
                    T3CON   0x000fb1       data     extern E:\c18v3.46\pic18-lt\cxx-framework\src\traditional\proc\p18f4520.asm
                T3CONbits   0x000fb1       data     extern E:\c18v3.46\pic18-lt\cxx-framework\src\traditional\proc\p18f4520.asm
                   TABLAT   0x000ff5       data     extern E:\c18v3.46\pic18-lt\cxx-framework\src\traditional\proc\p18f4520.asm
                   TBLPTR   0x000ff6       data     extern E:\c18v3.46\pic18-lt\cxx-framework\src\traditional\proc\p18f4520.asm
                  TBLPTRH   0x000ff7       data     extern E:\c18v3.46\pic18-lt\cxx-framework\src\traditional\proc\p18f4520.asm
                  TBLPTRL   0x000ff6       data     extern E:\c18v3.46\pic18-lt\cxx-framework\src\traditional\proc\p18f4520.asm
                  TBLPTRU   0x000ff8       data     extern E:\c18v3.46\pic18-lt\cxx-framework\src\traditional\proc\p18f4520.asm
                    TEST2   0x000195       data     extern C:\Users\KBV\Desktop\Docus\Automan\Automation Project\Firmware\18F4520 IO card\Peters SSL PCB 18F4520\main.c
                TICK_RATE   0x000190       data     extern C:\Users\KBV\Desktop\Docus\Automan\Automation Project\Firmware\18F4520 IO card\Peters SSL PCB 18F4520\main.c
                    TMR0H   0x000fd7       data     extern E:\c18v3.46\pic18-lt\cxx-framework\src\traditional\proc\p18f4520.asm
                    TMR0L   0x000fd6       data     extern E:\c18v3.46\pic18-lt\cxx-framework\src\traditional\proc\p18f4520.asm
                    TMR1H   0x000fcf       data     extern E:\c18v3.46\pic18-lt\cxx-framework\src\traditional\proc\p18f4520.asm
                    TMR1L   0x000fce       data     extern E:\c18v3.46\pic18-lt\cxx-framework\src\traditional\proc\p18f4520.asm
                     TMR2   0x000fcc       data     extern E:\c18v3.46\pic18-lt\cxx-framework\src\traditional\proc\p18f4520.asm
                    TMR3H   0x000fb3       data     extern E:\c18v3.46\pic18-lt\cxx-framework\src\traditional\proc\p18f4520.asm
                    TMR3L   0x000fb2       data     extern E:\c18v3.46\pic18-lt\cxx-framework\src\traditional\proc\p18f4520.asm
                      TOS   0x000ffd       data     extern E:\c18v3.46\pic18-lt\cxx-framework\src\traditional\proc\p18f4520.asm
                     TOSH   0x000ffe       data     extern E:\c18v3.46\pic18-lt\cxx-framework\src\traditional\proc\p18f4520.asm
                     TOSL   0x000ffd       data     extern E:\c18v3.46\pic18-lt\cxx-framework\src\traditional\proc\p18f4520.asm
                     TOSU   0x000fff       data     extern E:\c18v3.46\pic18-lt\cxx-framework\src\traditional\proc\p18f4520.asm
                    TOUCH   0x00018e       data     extern C:\Users\KBV\Desktop\Docus\Automan\Automation Project\Firmware\18F4520 IO card\Peters SSL PCB 18F4520\main.c
                    TRISA   0x000f92       data     extern E:\c18v3.46\pic18-lt\cxx-framework\src\traditional\proc\p18f4520.asm
                TRISAbits   0x000f92       data     extern E:\c18v3.46\pic18-lt\cxx-framework\src\traditional\proc\p18f4520.asm
                    TRISB   0x000f93       data     extern E:\c18v3.46\pic18-lt\cxx-framework\src\traditional\proc\p18f4520.asm
                TRISBbits   0x000f93       data     extern E:\c18v3.46\pic18-lt\cxx-framework\src\traditional\proc\p18f4520.asm
                    TRISC   0x000f94       data     extern E:\c18v3.46\pic18-lt\cxx-framework\src\traditional\proc\p18f4520.asm
                TRISCbits   0x000f94       data     extern E:\c18v3.46\pic18-lt\cxx-framework\src\traditional\proc\p18f4520.asm
                    TRISD   0x000f95       data     extern E:\c18v3.46\pic18-lt\cxx-framework\src\traditional\proc\p18f4520.asm
                TRISDbits   0x000f95       data     extern E:\c18v3.46\pic18-lt\cxx-framework\src\traditional\proc\p18f4520.asm
                    TRISE   0x000f96       data     extern E:\c18v3.46\pic18-lt\cxx-framework\src\traditional\proc\p18f4520.asm
                TRISEbits   0x000f96       data     extern E:\c18v3.46\pic18-lt\cxx-framework\src\traditional\proc\p18f4520.asm
                    TXREG   0x000fad       data     extern E:\c18v3.46\pic18-lt\cxx-framework\src\traditional\proc\p18f4520.asm
                    TXSTA   0x000fac       data     extern E:\c18v3.46\pic18-lt\cxx-framework\src\traditional\proc\p18f4520.asm
                TXSTAbits   0x000fac       data     extern E:\c18v3.46\pic18-lt\cxx-framework\src\traditional\proc\p18f4520.asm
              VCAPassThru   0x000122       data     extern C:\Users\KBV\Desktop\Docus\Automan\Automation Project\Firmware\18F4520 IO card\Peters SSL PCB 18F4520\main.c
                 VCAinOld   0x000110       data     extern C:\Users\KBV\Desktop\Docus\Automan\Automation Project\Firmware\18F4520 IO card\Peters SSL PCB 18F4520\main.c
                   VCAout   0x000033       data     extern C:\Users\KBV\Desktop\Docus\Automan\Automation Project\Firmware\18F4520 IO card\Peters SSL PCB 18F4520\main.c
                VCAoutOld   0x000043       data     extern C:\Users\KBV\Desktop\Docus\Automan\Automation Project\Firmware\18F4520 IO card\Peters SSL PCB 18F4520\main.c
               VCAoutStep   0x000100       data     extern C:\Users\KBV\Desktop\Docus\Automan\Automation Project\Firmware\18F4520 IO card\Peters SSL PCB 18F4520\main.c
                        W   0x000fe8       data     extern E:\c18v3.46\pic18-lt\cxx-framework\src\traditional\proc\p18f4520.asm
                   WDTCON   0x000fd1       data     extern E:\c18v3.46\pic18-lt\cxx-framework\src\traditional\proc\p18f4520.asm
               WDTCONbits   0x000fd1       data     extern E:\c18v3.46\pic18-lt\cxx-framework\src\traditional\proc\p18f4520.asm
                     WREG   0x000fe8       data     extern E:\c18v3.46\pic18-lt\cxx-framework\src\traditional\proc\p18f4520.asm
                    WRITE   0x00018f       data     extern C:\Users\KBV\Desktop\Docus\Automan\Automation Project\Firmware\18F4520 IO card\Peters SSL PCB 18F4520\main.c
                     Wcnt   0x00015a       data     extern C:\Users\KBV\Desktop\Docus\Automan\Automation Project\Firmware\18F4520 IO card\Peters SSL PCB 18F4520\main.c
           WriteToDACflag   0x000197       data     extern C:\Users\KBV\Desktop\Docus\Automan\Automation Project\Firmware\18F4520 IO card\Peters SSL PCB 18F4520\main.c
                 __AARGB0   0x00005a       data     extern E:\c18v3.46\pic18-lt\cxx-framework\src\traditional\math\aarg.asm
                 __AARGB1   0x000059       data     extern E:\c18v3.46\pic18-lt\cxx-framework\src\traditional\math\aarg.asm
                 __AARGB2   0x000058       data     extern E:\c18v3.46\pic18-lt\cxx-framework\src\traditional\math\aarg.asm
                 __AARGB3   0x000057       data     extern E:\c18v3.46\pic18-lt\cxx-framework\src\traditional\math\aarg.asm
                 __AARGB4   0x000056       data     extern E:\c18v3.46\pic18-lt\cxx-framework\src\traditional\math\aarg.asm
                 __AARGB5   0x000055       data     extern E:\c18v3.46\pic18-lt\cxx-framework\src\traditional\math\aarg.asm
                 __AARGB6   0x000054       data     extern E:\c18v3.46\pic18-lt\cxx-framework\src\traditional\math\aarg.asm
                 __AARGB7   0x000053       data     extern E:\c18v3.46\pic18-lt\cxx-framework\src\traditional\math\aarg.asm
                   __AEXP   0x00005b       data     extern E:\c18v3.46\pic18-lt\cxx-framework\src\traditional\math\aarg.asm
                 __BARGB0   0x00005f       data     extern E:\c18v3.46\pic18-lt\cxx-framework\src\traditional\math\barg.asm
                 __BARGB1   0x00005e       data     extern E:\c18v3.46\pic18-lt\cxx-framework\src\traditional\math\barg.asm
                 __BARGB2   0x00005d       data     extern E:\c18v3.46\pic18-lt\cxx-framework\src\traditional\math\barg.asm
                 __BARGB3   0x00005c       data     extern E:\c18v3.46\pic18-lt\cxx-framework\src\traditional\math\barg.asm
                   __BEXP   0x000060       data     extern E:\c18v3.46\pic18-lt\cxx-framework\src\traditional\math\barg.asm
                __FPFLAGS   0x000062       data     extern E:\c18v3.46\pic18-lt\cxx-framework\src\traditional\math\cmath18.asm
            __FPFLAGSbits   0x000062       data     extern E:\c18v3.46\pic18-lt\cxx-framework\src\traditional\math\cmath18.asm
                  __REMB0   0x000056       data     extern E:\c18v3.46\pic18-lt\cxx-framework\src\traditional\math\aarg.asm
                  __REMB1   0x000055       data     extern E:\c18v3.46\pic18-lt\cxx-framework\src\traditional\math\aarg.asm
                  __REMB2   0x000054       data     extern E:\c18v3.46\pic18-lt\cxx-framework\src\traditional\math\aarg.asm
                  __REMB3   0x000053       data     extern E:\c18v3.46\pic18-lt\cxx-framework\src\traditional\math\aarg.asm
                  __tmp_0   0x000063       data     static E:\c18v3.46\pic18-lt\cxx-framework\src\pmc_common\ADC\adcopen.c
                  __tmp_0   0x000063       data     static C:\Users\KBV\Desktop\Docus\Automan\Automation Project\Firmware\18F4520 IO card\Peters SSL PCB 18F4520\main.c
                  __tmp_1   0x000069       data     static C:\Users\KBV\Desktop\Docus\Automan\Automation Project\Firmware\18F4520 IO card\Peters SSL PCB 18F4520\main.c
                      adc   0x000132       data     extern C:\Users\KBV\Desktop\Docus\Automan\Automation Project\Firmware\18F4520 IO card\Peters SSL PCB 18F4520\main.c
                   adcLSB   0x000135       data     extern C:\Users\KBV\Desktop\Docus\Automan\Automation Project\Firmware\18F4520 IO card\Peters SSL PCB 18F4520\main.c
                   adcMSB   0x000134       data     extern C:\Users\KBV\Desktop\Docus\Automan\Automation Project\Firmware\18F4520 IO card\Peters SSL PCB 18F4520\main.c
                   adcchn   0x00018b       data     extern C:\Users\KBV\Desktop\Docus\Automan\Automation Project\Firmware\18F4520 IO card\Peters SSL PCB 18F4520\main.c
                 blinkcnt   0x000152       data     extern C:\Users\KBV\Desktop\Docus\Automan\Automation Project\Firmware\18F4520 IO card\Peters SSL PCB 18F4520\main.c
                 clk_flag   0x000192       data     extern C:\Users\KBV\Desktop\Docus\Automan\Automation Project\Firmware\18F4520 IO card\Peters SSL PCB 18F4520\main.c
                  clk_flg   0x000191       data     extern C:\Users\KBV\Desktop\Docus\Automan\Automation Project\Firmware\18F4520 IO card\Peters SSL PCB 18F4520\main.c
                      cnt   0x000156       data     extern C:\Users\KBV\Desktop\Docus\Automan\Automation Project\Firmware\18F4520 IO card\Peters SSL PCB 18F4520\main.c
                     cnt1   0x000162       data     extern C:\Users\KBV\Desktop\Docus\Automan\Automation Project\Firmware\18F4520 IO card\Peters SSL PCB 18F4520\main.c
                     cnt2   0x000166       data     extern C:\Users\KBV\Desktop\Docus\Automan\Automation Project\Firmware\18F4520 IO card\Peters SSL PCB 18F4520\main.c
                     cnt3   0x00016a       data     extern C:\Users\KBV\Desktop\Docus\Automan\Automation Project\Firmware\18F4520 IO card\Peters SSL PCB 18F4520\main.c
                curr_byte   0x00019d       data     static E:\c18v3.46\pic18-lt\cxx-framework\src\traditional\startup\c018i.c
               curr_entry   0x00019f       data     static E:\c18v3.46\pic18-lt\cxx-framework\src\traditional\startup\c018i.c
                 data_ptr   0x0001a1       data     static E:\c18v3.46\pic18-lt\cxx-framework\src\traditional\startup\c018i.c
                   doOnce   0x000193       data     extern C:\Users\KBV\Desktop\Docus\Automan\Automation Project\Firmware\18F4520 IO card\Peters SSL PCB 18F4520\main.c
                    error   0x000136       data     extern C:\Users\KBV\Desktop\Docus\Automan\Automation Project\Firmware\18F4520 IO card\Peters SSL PCB 18F4520\main.c
                   hi_adc   0x000182       data     extern C:\Users\KBV\Desktop\Docus\Automan\Automation Project\Firmware\18F4520 IO card\Peters SSL PCB 18F4520\main.c
                   lo_adc   0x000180       data     extern C:\Users\KBV\Desktop\Docus\Automan\Automation Project\Firmware\18F4520 IO card\Peters SSL PCB 18F4520\main.c
                     prom   0x00019a       data     static E:\c18v3.46\pic18-lt\cxx-framework\src\traditional\startup\c018i.c
                shiftData   0x000000       data     extern C:\Users\KBV\Desktop\Docus\Automan\Automation Project\Firmware\18F4520 IO card\Peters SSL PCB 18F4520\main.c
              status_bits   0x000120       data     extern C:\Users\KBV\Desktop\Docus\Automan\Automation Project\Firmware\18F4520 IO card\Peters SSL PCB 18F4520\main.c
                       sw   0x000141       data     extern C:\Users\KBV\Desktop\Docus\Automan\Automation Project\Firmware\18F4520 IO card\Peters SSL PCB 18F4520\main.c
                     test   0x000194       data     extern C:\Users\KBV\Desktop\Docus\Automan\Automation Project\Firmware\18F4520 IO card\Peters SSL PCB 18F4520\main.c
                   vca_in   0x00017e       data     extern C:\Users\KBV\Desktop\Docus\Automan\Automation Project\Firmware\18F4520 IO card\Peters SSL PCB 18F4520\main.c
                    wCntr   0x00015e       data     extern C:\Users\KBV\Desktop\Docus\Automan\Automation Project\Firmware\18F4520 IO card\Peters SSL PCB 18F4520\main.c



                              Symbols - Sorted by Address
                     Name    Address   Location    Storage File                     
                ---------  ---------  ---------  --------- ---------                
                   _entry   0x000000    program     extern E:\c18v3.46\pic18-lt\cxx-framework\src\traditional\startup\c018i.c
       ___return_lbl00000   0x000004    program     static                          
  YourHighPriorityISRCode   0x000014    program     extern C:\Users\KBV\Desktop\Docus\Automan\Automation Project\Firmware\18F4520 IO card\Peters SSL PCB 18F4520\main.c
   YourLowPriorityISRCode   0x00013c    program     extern C:\Users\KBV\Desktop\Docus\Automan\Automation Project\Firmware\18F4520 IO card\Peters SSL PCB 18F4520\main.c
                     Init   0x000162    program     extern C:\Users\KBV\Desktop\Docus\Automan\Automation Project\Firmware\18F4520 IO card\Peters SSL PCB 18F4520\main.c
                     main   0x0001d4    program     extern C:\Users\KBV\Desktop\Docus\Automan\Automation Project\Firmware\18F4520 IO card\Peters SSL PCB 18F4520\main.c
           Set_Mutes_Leds   0x000410    program     extern C:\Users\KBV\Desktop\Docus\Automan\Automation Project\Firmware\18F4520 IO card\Peters SSL PCB 18F4520\main.c
              Set_Get_VCA   0x000540    program     extern C:\Users\KBV\Desktop\Docus\Automan\Automation Project\Firmware\18F4520 IO card\Peters SSL PCB 18F4520\main.c
            Read_Switches   0x0006f0    program     extern C:\Users\KBV\Desktop\Docus\Automan\Automation Project\Firmware\18F4520 IO card\Peters SSL PCB 18F4520\main.c
                  PGtoVCA   0x000832    program     extern C:\Users\KBV\Desktop\Docus\Automan\Automation Project\Firmware\18F4520 IO card\Peters SSL PCB 18F4520\main.c
                  VCAtoPG   0x000a4e    program     extern C:\Users\KBV\Desktop\Docus\Automan\Automation Project\Firmware\18F4520 IO card\Peters SSL PCB 18F4520\main.c
                Start_ADC   0x000c6a    program     extern C:\Users\KBV\Desktop\Docus\Automan\Automation Project\Firmware\18F4520 IO card\Peters SSL PCB 18F4520\main.c
                 Read_ADC   0x000c6e    program     extern C:\Users\KBV\Desktop\Docus\Automan\Automation Project\Firmware\18F4520 IO card\Peters SSL PCB 18F4520\main.c
                _do_cinit   0x000d72    program     extern E:\c18v3.46\pic18-lt\cxx-framework\src\traditional\startup\c018i.c
                     test   0x000d8c    program     static                          
                copy_loop   0x000de4    program     static                          
            copy_one_byte   0x000dea    program     static                          
             done_copying   0x000df8    program     static                          
       ___return_lbl00002   0x000e0e    program     static                          
                     done   0x000e0e    program     static                          
                  FXM3232   0x000e10    program     extern E:\c18v3.46\pic18-lt\cxx-framework\src\traditional\math\fxm3232.c
       ___return_lbl00000   0x000e7e    program     static                          
                  OpenADC   0x000e80    program     extern E:\c18v3.46\pic18-lt\cxx-framework\src\pmc_common\ADC\adcopen.c
                 FXD3232U   0x000eee    program     extern E:\c18v3.46\pic18-lt\cxx-framework\src\traditional\math\fxd3232u.c
                     loop   0x000efc    program     static                          
                   _false   0x000f30    program     static                          
       ___return_lbl00000   0x000f34    program     static                          
               OpenTimer0   0x000f36    program     extern E:\c18v3.46\pic18-lt\cxx-framework\src\pmc_common\Timers\t0open.c
            __zero_memory   0x000f6e    program     extern E:\c18v3.46\pic18-lt\cxx-framework\src\traditional\proc\p18f4520.asm
                   loop_h   0x000f7c    program     static E:\c18v3.46\pic18-lt\cxx-framework\src\traditional\proc\p18f4520.asm
               zero_block   0x000f7c    program     static E:\c18v3.46\pic18-lt\cxx-framework\src\traditional\proc\p18f4520.asm
                compare_l   0x000f84    program     static E:\c18v3.46\pic18-lt\cxx-framework\src\traditional\proc\p18f4520.asm
                   loop_l   0x000f86    program     static E:\c18v3.46\pic18-lt\cxx-framework\src\traditional\proc\p18f4520.asm
                 _startup   0x000f8e    program     extern E:\c18v3.46\pic18-lt\cxx-framework\src\traditional\startup\c018i.c
                     loop   0x000f9e    program     static                          
       ___return_lbl00001   0x000fa8    program     static                          
                  BusyADC   0x000faa    program     extern E:\c18v3.46\pic18-lt\cxx-framework\src\pmc_common\ADC\adcbusy.c
               ConvertADC   0x000fb4    program     extern E:\c18v3.46\pic18-lt\cxx-framework\src\pmc_common\ADC\adcconv.c
                   __init   0x000fb8    program     extern E:\c18v3.46\pic18-lt\cxx-framework\src\traditional\stdclib\__init.c
               __config_0   0x300003    program     static C:\Users\KBV\Desktop\Docus\Automan\Automation Project\Firmware\18F4520 IO card\Peters SSL PCB 18F4520\main.c
                shiftData   0x000000       data     extern C:\Users\KBV\Desktop\Docus\Automan\Automation Project\Firmware\18F4520 IO card\Peters SSL PCB 18F4520\main.c
                   INdata   0x000003       data     extern C:\Users\KBV\Desktop\Docus\Automan\Automation Project\Firmware\18F4520 IO card\Peters SSL PCB 18F4520\main.c
                 INbuffer   0x000013       data     extern C:\Users\KBV\Desktop\Docus\Automan\Automation Project\Firmware\18F4520 IO card\Peters SSL PCB 18F4520\main.c
                  OUTdata   0x000023       data     extern C:\Users\KBV\Desktop\Docus\Automan\Automation Project\Firmware\18F4520 IO card\Peters SSL PCB 18F4520\main.c
                   VCAout   0x000033       data     extern C:\Users\KBV\Desktop\Docus\Automan\Automation Project\Firmware\18F4520 IO card\Peters SSL PCB 18F4520\main.c
                VCAoutOld   0x000043       data     extern C:\Users\KBV\Desktop\Docus\Automan\Automation Project\Firmware\18F4520 IO card\Peters SSL PCB 18F4520\main.c
                  __REMB3   0x000053       data     extern E:\c18v3.46\pic18-lt\cxx-framework\src\traditional\math\aarg.asm
                 __AARGB7   0x000053       data     extern E:\c18v3.46\pic18-lt\cxx-framework\src\traditional\math\aarg.asm
                 __AARGB6   0x000054       data     extern E:\c18v3.46\pic18-lt\cxx-framework\src\traditional\math\aarg.asm
                  __REMB2   0x000054       data     extern E:\c18v3.46\pic18-lt\cxx-framework\src\traditional\math\aarg.asm
                  __REMB1   0x000055       data     extern E:\c18v3.46\pic18-lt\cxx-framework\src\traditional\math\aarg.asm
                 __AARGB5   0x000055       data     extern E:\c18v3.46\pic18-lt\cxx-framework\src\traditional\math\aarg.asm
                  __REMB0   0x000056       data     extern E:\c18v3.46\pic18-lt\cxx-framework\src\traditional\math\aarg.asm
                 __AARGB4   0x000056       data     extern E:\c18v3.46\pic18-lt\cxx-framework\src\traditional\math\aarg.asm
                 __AARGB3   0x000057       data     extern E:\c18v3.46\pic18-lt\cxx-framework\src\traditional\math\aarg.asm
                 __AARGB2   0x000058       data     extern E:\c18v3.46\pic18-lt\cxx-framework\src\traditional\math\aarg.asm
                 __AARGB1   0x000059       data     extern E:\c18v3.46\pic18-lt\cxx-framework\src\traditional\math\aarg.asm
                 __AARGB0   0x00005a       data     extern E:\c18v3.46\pic18-lt\cxx-framework\src\traditional\math\aarg.asm
                   __AEXP   0x00005b       data     extern E:\c18v3.46\pic18-lt\cxx-framework\src\traditional\math\aarg.asm
                 __BARGB3   0x00005c       data     extern E:\c18v3.46\pic18-lt\cxx-framework\src\traditional\math\barg.asm
                 __BARGB2   0x00005d       data     extern E:\c18v3.46\pic18-lt\cxx-framework\src\traditional\math\barg.asm
                 __BARGB1   0x00005e       data     extern E:\c18v3.46\pic18-lt\cxx-framework\src\traditional\math\barg.asm
                 __BARGB0   0x00005f       data     extern E:\c18v3.46\pic18-lt\cxx-framework\src\traditional\math\barg.asm
                   __BEXP   0x000060       data     extern E:\c18v3.46\pic18-lt\cxx-framework\src\traditional\math\barg.asm
                     SIGN   0x000061       data     extern E:\c18v3.46\pic18-lt\cxx-framework\src\traditional\math\cmath18.asm
            __FPFLAGSbits   0x000062       data     extern E:\c18v3.46\pic18-lt\cxx-framework\src\traditional\math\cmath18.asm
                __FPFLAGS   0x000062       data     extern E:\c18v3.46\pic18-lt\cxx-framework\src\traditional\math\cmath18.asm
                  __tmp_0   0x000063       data     static C:\Users\KBV\Desktop\Docus\Automan\Automation Project\Firmware\18F4520 IO card\Peters SSL PCB 18F4520\main.c
                  __tmp_0   0x000063       data     static E:\c18v3.46\pic18-lt\cxx-framework\src\pmc_common\ADC\adcopen.c
                  __tmp_1   0x000069       data     static C:\Users\KBV\Desktop\Docus\Automan\Automation Project\Firmware\18F4520 IO card\Peters SSL PCB 18F4520\main.c
               VCAoutStep   0x000100       data     extern C:\Users\KBV\Desktop\Docus\Automan\Automation Project\Firmware\18F4520 IO card\Peters SSL PCB 18F4520\main.c
                 VCAinOld   0x000110       data     extern C:\Users\KBV\Desktop\Docus\Automan\Automation Project\Firmware\18F4520 IO card\Peters SSL PCB 18F4520\main.c
              status_bits   0x000120       data     extern C:\Users\KBV\Desktop\Docus\Automan\Automation Project\Firmware\18F4520 IO card\Peters SSL PCB 18F4520\main.c
              VCAPassThru   0x000122       data     extern C:\Users\KBV\Desktop\Docus\Automan\Automation Project\Firmware\18F4520 IO card\Peters SSL PCB 18F4520\main.c
                      adc   0x000132       data     extern C:\Users\KBV\Desktop\Docus\Automan\Automation Project\Firmware\18F4520 IO card\Peters SSL PCB 18F4520\main.c
                   adcMSB   0x000134       data     extern C:\Users\KBV\Desktop\Docus\Automan\Automation Project\Firmware\18F4520 IO card\Peters SSL PCB 18F4520\main.c
                   adcLSB   0x000135       data     extern C:\Users\KBV\Desktop\Docus\Automan\Automation Project\Firmware\18F4520 IO card\Peters SSL PCB 18F4520\main.c
                    error   0x000136       data     extern C:\Users\KBV\Desktop\Docus\Automan\Automation Project\Firmware\18F4520 IO card\Peters SSL PCB 18F4520\main.c
                 ShiftOut   0x000137       data     extern C:\Users\KBV\Desktop\Docus\Automan\Automation Project\Firmware\18F4520 IO card\Peters SSL PCB 18F4520\main.c
                  ShiftIn   0x00013c       data     extern C:\Users\KBV\Desktop\Docus\Automan\Automation Project\Firmware\18F4520 IO card\Peters SSL PCB 18F4520\main.c
                   Ltimer   0x00013d       data     extern C:\Users\KBV\Desktop\Docus\Automan\Automation Project\Firmware\18F4520 IO card\Peters SSL PCB 18F4520\main.c
                       sw   0x000141       data     extern C:\Users\KBV\Desktop\Docus\Automan\Automation Project\Firmware\18F4520 IO card\Peters SSL PCB 18F4520\main.c
                      MUX   0x000149       data     extern C:\Users\KBV\Desktop\Docus\Automan\Automation Project\Firmware\18F4520 IO card\Peters SSL PCB 18F4520\main.c
                 blinkcnt   0x000152       data     extern C:\Users\KBV\Desktop\Docus\Automan\Automation Project\Firmware\18F4520 IO card\Peters SSL PCB 18F4520\main.c
                      cnt   0x000156       data     extern C:\Users\KBV\Desktop\Docus\Automan\Automation Project\Firmware\18F4520 IO card\Peters SSL PCB 18F4520\main.c
                     Wcnt   0x00015a       data     extern C:\Users\KBV\Desktop\Docus\Automan\Automation Project\Firmware\18F4520 IO card\Peters SSL PCB 18F4520\main.c
                    wCntr   0x00015e       data     extern C:\Users\KBV\Desktop\Docus\Automan\Automation Project\Firmware\18F4520 IO card\Peters SSL PCB 18F4520\main.c
                     cnt1   0x000162       data     extern C:\Users\KBV\Desktop\Docus\Automan\Automation Project\Firmware\18F4520 IO card\Peters SSL PCB 18F4520\main.c
                     cnt2   0x000166       data     extern C:\Users\KBV\Desktop\Docus\Automan\Automation Project\Firmware\18F4520 IO card\Peters SSL PCB 18F4520\main.c
                     cnt3   0x00016a       data     extern C:\Users\KBV\Desktop\Docus\Automan\Automation Project\Firmware\18F4520 IO card\Peters SSL PCB 18F4520\main.c
                   DACcnt   0x00016e       data     extern C:\Users\KBV\Desktop\Docus\Automan\Automation Project\Firmware\18F4520 IO card\Peters SSL PCB 18F4520\main.c
                  LEDword   0x000170       data     extern C:\Users\KBV\Desktop\Docus\Automan\Automation Project\Firmware\18F4520 IO card\Peters SSL PCB 18F4520\main.c
                   LEDcnt   0x000171       data     extern C:\Users\KBV\Desktop\Docus\Automan\Automation Project\Firmware\18F4520 IO card\Peters SSL PCB 18F4520\main.c
                    SWcnt   0x000173       data     extern C:\Users\KBV\Desktop\Docus\Automan\Automation Project\Firmware\18F4520 IO card\Peters SSL PCB 18F4520\main.c
                   DAClog   0x000175       data     extern C:\Users\KBV\Desktop\Docus\Automan\Automation Project\Firmware\18F4520 IO card\Peters SSL PCB 18F4520\main.c
                   DACval   0x000178       data     extern C:\Users\KBV\Desktop\Docus\Automan\Automation Project\Firmware\18F4520 IO card\Peters SSL PCB 18F4520\main.c
                  DACword   0x00017a       data     extern C:\Users\KBV\Desktop\Docus\Automan\Automation Project\Firmware\18F4520 IO card\Peters SSL PCB 18F4520\main.c
                  DACaddr   0x00017c       data     extern C:\Users\KBV\Desktop\Docus\Automan\Automation Project\Firmware\18F4520 IO card\Peters SSL PCB 18F4520\main.c
                   vca_in   0x00017e       data     extern C:\Users\KBV\Desktop\Docus\Automan\Automation Project\Firmware\18F4520 IO card\Peters SSL PCB 18F4520\main.c
                   lo_adc   0x000180       data     extern C:\Users\KBV\Desktop\Docus\Automan\Automation Project\Firmware\18F4520 IO card\Peters SSL PCB 18F4520\main.c
                   hi_adc   0x000182       data     extern C:\Users\KBV\Desktop\Docus\Automan\Automation Project\Firmware\18F4520 IO card\Peters SSL PCB 18F4520\main.c
                 LED_byte   0x000184       data     extern C:\Users\KBV\Desktop\Docus\Automan\Automation Project\Firmware\18F4520 IO card\Peters SSL PCB 18F4520\main.c
            LocalMuteBits   0x000185       data     extern C:\Users\KBV\Desktop\Docus\Automan\Automation Project\Firmware\18F4520 IO card\Peters SSL PCB 18F4520\main.c
               SwitchBits   0x000186       data     extern C:\Users\KBV\Desktop\Docus\Automan\Automation Project\Firmware\18F4520 IO card\Peters SSL PCB 18F4520\main.c
         StoredSwitchBits   0x000187       data     extern C:\Users\KBV\Desktop\Docus\Automan\Automation Project\Firmware\18F4520 IO card\Peters SSL PCB 18F4520\main.c
                 BlinkCnt   0x000188       data     extern C:\Users\KBV\Desktop\Docus\Automan\Automation Project\Firmware\18F4520 IO card\Peters SSL PCB 18F4520\main.c
                 BlinkLED   0x00018a       data     extern C:\Users\KBV\Desktop\Docus\Automan\Automation Project\Firmware\18F4520 IO card\Peters SSL PCB 18F4520\main.c
                   adcchn   0x00018b       data     extern C:\Users\KBV\Desktop\Docus\Automan\Automation Project\Firmware\18F4520 IO card\Peters SSL PCB 18F4520\main.c
                   MANUAL   0x00018c       data     extern C:\Users\KBV\Desktop\Docus\Automan\Automation Project\Firmware\18F4520 IO card\Peters SSL PCB 18F4520\main.c
                     AUTO   0x00018d       data     extern C:\Users\KBV\Desktop\Docus\Automan\Automation Project\Firmware\18F4520 IO card\Peters SSL PCB 18F4520\main.c
                    TOUCH   0x00018e       data     extern C:\Users\KBV\Desktop\Docus\Automan\Automation Project\Firmware\18F4520 IO card\Peters SSL PCB 18F4520\main.c
                    WRITE   0x00018f       data     extern C:\Users\KBV\Desktop\Docus\Automan\Automation Project\Firmware\18F4520 IO card\Peters SSL PCB 18F4520\main.c
                TICK_RATE   0x000190       data     extern C:\Users\KBV\Desktop\Docus\Automan\Automation Project\Firmware\18F4520 IO card\Peters SSL PCB 18F4520\main.c
                  clk_flg   0x000191       data     extern C:\Users\KBV\Desktop\Docus\Automan\Automation Project\Firmware\18F4520 IO card\Peters SSL PCB 18F4520\main.c
                 clk_flag   0x000192       data     extern C:\Users\KBV\Desktop\Docus\Automan\Automation Project\Firmware\18F4520 IO card\Peters SSL PCB 18F4520\main.c
                   doOnce   0x000193       data     extern C:\Users\KBV\Desktop\Docus\Automan\Automation Project\Firmware\18F4520 IO card\Peters SSL PCB 18F4520\main.c
                     test   0x000194       data     extern C:\Users\KBV\Desktop\Docus\Automan\Automation Project\Firmware\18F4520 IO card\Peters SSL PCB 18F4520\main.c
                    TEST2   0x000195       data     extern C:\Users\KBV\Desktop\Docus\Automan\Automation Project\Firmware\18F4520 IO card\Peters SSL PCB 18F4520\main.c
           WriteToDACflag   0x000197       data     extern C:\Users\KBV\Desktop\Docus\Automan\Automation Project\Firmware\18F4520 IO card\Peters SSL PCB 18F4520\main.c
         ParallelPortflag   0x000198       data     extern C:\Users\KBV\Desktop\Docus\Automan\Automation Project\Firmware\18F4520 IO card\Peters SSL PCB 18F4520\main.c
             Q_Frame_Flag   0x000199       data     extern C:\Users\KBV\Desktop\Docus\Automan\Automation Project\Firmware\18F4520 IO card\Peters SSL PCB 18F4520\main.c
                     prom   0x00019a       data     static E:\c18v3.46\pic18-lt\cxx-framework\src\traditional\startup\c018i.c
                curr_byte   0x00019d       data     static E:\c18v3.46\pic18-lt\cxx-framework\src\traditional\startup\c018i.c
               curr_entry   0x00019f       data     static E:\c18v3.46\pic18-lt\cxx-framework\src\traditional\startup\c018i.c
                 data_ptr   0x0001a1       data     static E:\c18v3.46\pic18-lt\cxx-framework\src\traditional\startup\c018i.c
                PORTAbits   0x000f80       data     extern E:\c18v3.46\pic18-lt\cxx-framework\src\traditional\proc\p18f4520.asm
                    PORTA   0x000f80       data     extern E:\c18v3.46\pic18-lt\cxx-framework\src\traditional\proc\p18f4520.asm
                PORTBbits   0x000f81       data     extern E:\c18v3.46\pic18-lt\cxx-framework\src\traditional\proc\p18f4520.asm
                    PORTB   0x000f81       data     extern E:\c18v3.46\pic18-lt\cxx-framework\src\traditional\proc\p18f4520.asm
                PORTCbits   0x000f82       data     extern E:\c18v3.46\pic18-lt\cxx-framework\src\traditional\proc\p18f4520.asm
                    PORTC   0x000f82       data     extern E:\c18v3.46\pic18-lt\cxx-framework\src\traditional\proc\p18f4520.asm
                PORTDbits   0x000f83       data     extern E:\c18v3.46\pic18-lt\cxx-framework\src\traditional\proc\p18f4520.asm
                    PORTD   0x000f83       data     extern E:\c18v3.46\pic18-lt\cxx-framework\src\traditional\proc\p18f4520.asm
                PORTEbits   0x000f84       data     extern E:\c18v3.46\pic18-lt\cxx-framework\src\traditional\proc\p18f4520.asm
                    PORTE   0x000f84       data     extern E:\c18v3.46\pic18-lt\cxx-framework\src\traditional\proc\p18f4520.asm
                     LATA   0x000f89       data     extern E:\c18v3.46\pic18-lt\cxx-framework\src\traditional\proc\p18f4520.asm
                 LATAbits   0x000f89       data     extern E:\c18v3.46\pic18-lt\cxx-framework\src\traditional\proc\p18f4520.asm
                 LATBbits   0x000f8a       data     extern E:\c18v3.46\pic18-lt\cxx-framework\src\traditional\proc\p18f4520.asm
                     LATB   0x000f8a       data     extern E:\c18v3.46\pic18-lt\cxx-framework\src\traditional\proc\p18f4520.asm
                 LATCbits   0x000f8b       data     extern E:\c18v3.46\pic18-lt\cxx-framework\src\traditional\proc\p18f4520.asm
                     LATC   0x000f8b       data     extern E:\c18v3.46\pic18-lt\cxx-framework\src\traditional\proc\p18f4520.asm
                 LATDbits   0x000f8c       data     extern E:\c18v3.46\pic18-lt\cxx-framework\src\traditional\proc\p18f4520.asm
                     LATD   0x000f8c       data     extern E:\c18v3.46\pic18-lt\cxx-framework\src\traditional\proc\p18f4520.asm
                 LATEbits   0x000f8d       data     extern E:\c18v3.46\pic18-lt\cxx-framework\src\traditional\proc\p18f4520.asm
                     LATE   0x000f8d       data     extern E:\c18v3.46\pic18-lt\cxx-framework\src\traditional\proc\p18f4520.asm
                 DDRAbits   0x000f92       data     extern E:\c18v3.46\pic18-lt\cxx-framework\src\traditional\proc\p18f4520.asm
                     DDRA   0x000f92       data     extern E:\c18v3.46\pic18-lt\cxx-framework\src\traditional\proc\p18f4520.asm
                    TRISA   0x000f92       data     extern E:\c18v3.46\pic18-lt\cxx-framework\src\traditional\proc\p18f4520.asm
                TRISAbits   0x000f92       data     extern E:\c18v3.46\pic18-lt\cxx-framework\src\traditional\proc\p18f4520.asm
                TRISBbits   0x000f93       data     extern E:\c18v3.46\pic18-lt\cxx-framework\src\traditional\proc\p18f4520.asm
                     DDRB   0x000f93       data     extern E:\c18v3.46\pic18-lt\cxx-framework\src\traditional\proc\p18f4520.asm
                    TRISB   0x000f93       data     extern E:\c18v3.46\pic18-lt\cxx-framework\src\traditional\proc\p18f4520.asm
                 DDRBbits   0x000f93       data     extern E:\c18v3.46\pic18-lt\cxx-framework\src\traditional\proc\p18f4520.asm
                    TRISC   0x000f94       data     extern E:\c18v3.46\pic18-lt\cxx-framework\src\traditional\proc\p18f4520.asm
                TRISCbits   0x000f94       data     extern E:\c18v3.46\pic18-lt\cxx-framework\src\traditional\proc\p18f4520.asm
                     DDRC   0x000f94       data     extern E:\c18v3.46\pic18-lt\cxx-framework\src\traditional\proc\p18f4520.asm
                 DDRCbits   0x000f94       data     extern E:\c18v3.46\pic18-lt\cxx-framework\src\traditional\proc\p18f4520.asm
                 DDRDbits   0x000f95       data     extern E:\c18v3.46\pic18-lt\cxx-framework\src\traditional\proc\p18f4520.asm
                     DDRD   0x000f95       data     extern E:\c18v3.46\pic18-lt\cxx-framework\src\traditional\proc\p18f4520.asm
                TRISDbits   0x000f95       data     extern E:\c18v3.46\pic18-lt\cxx-framework\src\traditional\proc\p18f4520.asm
                    TRISD   0x000f95       data     extern E:\c18v3.46\pic18-lt\cxx-framework\src\traditional\proc\p18f4520.asm
                TRISEbits   0x000f96       data     extern E:\c18v3.46\pic18-lt\cxx-framework\src\traditional\proc\p18f4520.asm
                    TRISE   0x000f96       data     extern E:\c18v3.46\pic18-lt\cxx-framework\src\traditional\proc\p18f4520.asm
                     DDRE   0x000f96       data     extern E:\c18v3.46\pic18-lt\cxx-framework\src\traditional\proc\p18f4520.asm
                 DDREbits   0x000f96       data     extern E:\c18v3.46\pic18-lt\cxx-framework\src\traditional\proc\p18f4520.asm
              OSCTUNEbits   0x000f9b       data     extern E:\c18v3.46\pic18-lt\cxx-framework\src\traditional\proc\p18f4520.asm
                  OSCTUNE   0x000f9b       data     extern E:\c18v3.46\pic18-lt\cxx-framework\src\traditional\proc\p18f4520.asm
                 PIE1bits   0x000f9d       data     extern E:\c18v3.46\pic18-lt\cxx-framework\src\traditional\proc\p18f4520.asm
                     PIE1   0x000f9d       data     extern E:\c18v3.46\pic18-lt\cxx-framework\src\traditional\proc\p18f4520.asm
                 PIR1bits   0x000f9e       data     extern E:\c18v3.46\pic18-lt\cxx-framework\src\traditional\proc\p18f4520.asm
                     PIR1   0x000f9e       data     extern E:\c18v3.46\pic18-lt\cxx-framework\src\traditional\proc\p18f4520.asm
                     IPR1   0x000f9f       data     extern E:\c18v3.46\pic18-lt\cxx-framework\src\traditional\proc\p18f4520.asm
                 IPR1bits   0x000f9f       data     extern E:\c18v3.46\pic18-lt\cxx-framework\src\traditional\proc\p18f4520.asm
                 PIE2bits   0x000fa0       data     extern E:\c18v3.46\pic18-lt\cxx-framework\src\traditional\proc\p18f4520.asm
                     PIE2   0x000fa0       data     extern E:\c18v3.46\pic18-lt\cxx-framework\src\traditional\proc\p18f4520.asm
                 PIR2bits   0x000fa1       data     extern E:\c18v3.46\pic18-lt\cxx-framework\src\traditional\proc\p18f4520.asm
                     PIR2   0x000fa1       data     extern E:\c18v3.46\pic18-lt\cxx-framework\src\traditional\proc\p18f4520.asm
                     IPR2   0x000fa2       data     extern E:\c18v3.46\pic18-lt\cxx-framework\src\traditional\proc\p18f4520.asm
                 IPR2bits   0x000fa2       data     extern E:\c18v3.46\pic18-lt\cxx-framework\src\traditional\proc\p18f4520.asm
                   EECON1   0x000fa6       data     extern E:\c18v3.46\pic18-lt\cxx-framework\src\traditional\proc\p18f4520.asm
               EECON1bits   0x000fa6       data     extern E:\c18v3.46\pic18-lt\cxx-framework\src\traditional\proc\p18f4520.asm
                   EECON2   0x000fa7       data     extern E:\c18v3.46\pic18-lt\cxx-framework\src\traditional\proc\p18f4520.asm
                   EEDATA   0x000fa8       data     extern E:\c18v3.46\pic18-lt\cxx-framework\src\traditional\proc\p18f4520.asm
                    EEADR   0x000fa9       data     extern E:\c18v3.46\pic18-lt\cxx-framework\src\traditional\proc\p18f4520.asm
                    RCSTA   0x000fab       data     extern E:\c18v3.46\pic18-lt\cxx-framework\src\traditional\proc\p18f4520.asm
                RCSTAbits   0x000fab       data     extern E:\c18v3.46\pic18-lt\cxx-framework\src\traditional\proc\p18f4520.asm
                    TXSTA   0x000fac       data     extern E:\c18v3.46\pic18-lt\cxx-framework\src\traditional\proc\p18f4520.asm
                TXSTAbits   0x000fac       data     extern E:\c18v3.46\pic18-lt\cxx-framework\src\traditional\proc\p18f4520.asm
                    TXREG   0x000fad       data     extern E:\c18v3.46\pic18-lt\cxx-framework\src\traditional\proc\p18f4520.asm
                    RCREG   0x000fae       data     extern E:\c18v3.46\pic18-lt\cxx-framework\src\traditional\proc\p18f4520.asm
                    SPBRG   0x000faf       data     extern E:\c18v3.46\pic18-lt\cxx-framework\src\traditional\proc\p18f4520.asm
                   SPBRGH   0x000fb0       data     extern E:\c18v3.46\pic18-lt\cxx-framework\src\traditional\proc\p18f4520.asm
                T3CONbits   0x000fb1       data     extern E:\c18v3.46\pic18-lt\cxx-framework\src\traditional\proc\p18f4520.asm
                    T3CON   0x000fb1       data     extern E:\c18v3.46\pic18-lt\cxx-framework\src\traditional\proc\p18f4520.asm
                    TMR3L   0x000fb2       data     extern E:\c18v3.46\pic18-lt\cxx-framework\src\traditional\proc\p18f4520.asm
                    TMR3H   0x000fb3       data     extern E:\c18v3.46\pic18-lt\cxx-framework\src\traditional\proc\p18f4520.asm
                CMCONbits   0x000fb4       data     extern E:\c18v3.46\pic18-lt\cxx-framework\src\traditional\proc\p18f4520.asm
                    CMCON   0x000fb4       data     extern E:\c18v3.46\pic18-lt\cxx-framework\src\traditional\proc\p18f4520.asm
                   CVRCON   0x000fb5       data     extern E:\c18v3.46\pic18-lt\cxx-framework\src\traditional\proc\p18f4520.asm
               CVRCONbits   0x000fb5       data     extern E:\c18v3.46\pic18-lt\cxx-framework\src\traditional\proc\p18f4520.asm
              ECCP1ASbits   0x000fb6       data     extern E:\c18v3.46\pic18-lt\cxx-framework\src\traditional\proc\p18f4520.asm
               ECCPASbits   0x000fb6       data     extern E:\c18v3.46\pic18-lt\cxx-framework\src\traditional\proc\p18f4520.asm
                  ECCP1AS   0x000fb6       data     extern E:\c18v3.46\pic18-lt\cxx-framework\src\traditional\proc\p18f4520.asm
                   ECCPAS   0x000fb6       data     extern E:\c18v3.46\pic18-lt\cxx-framework\src\traditional\proc\p18f4520.asm
                  PWM1CON   0x000fb7       data     extern E:\c18v3.46\pic18-lt\cxx-framework\src\traditional\proc\p18f4520.asm
             ECCP1DELbits   0x000fb7       data     extern E:\c18v3.46\pic18-lt\cxx-framework\src\traditional\proc\p18f4520.asm
                 ECCP1DEL   0x000fb7       data     extern E:\c18v3.46\pic18-lt\cxx-framework\src\traditional\proc\p18f4520.asm
              PWM1CONbits   0x000fb7       data     extern E:\c18v3.46\pic18-lt\cxx-framework\src\traditional\proc\p18f4520.asm
              BAUDCTLbits   0x000fb8       data     extern E:\c18v3.46\pic18-lt\cxx-framework\src\traditional\proc\p18f4520.asm
                  BAUDCON   0x000fb8       data     extern E:\c18v3.46\pic18-lt\cxx-framework\src\traditional\proc\p18f4520.asm
                  BAUDCTL   0x000fb8       data     extern E:\c18v3.46\pic18-lt\cxx-framework\src\traditional\proc\p18f4520.asm
              BAUDCONbits   0x000fb8       data     extern E:\c18v3.46\pic18-lt\cxx-framework\src\traditional\proc\p18f4520.asm
                  CCP2CON   0x000fba       data     extern E:\c18v3.46\pic18-lt\cxx-framework\src\traditional\proc\p18f4520.asm
              CCP2CONbits   0x000fba       data     extern E:\c18v3.46\pic18-lt\cxx-framework\src\traditional\proc\p18f4520.asm
                   CCPR2L   0x000fbb       data     extern E:\c18v3.46\pic18-lt\cxx-framework\src\traditional\proc\p18f4520.asm
                    CCPR2   0x000fbb       data     extern E:\c18v3.46\pic18-lt\cxx-framework\src\traditional\proc\p18f4520.asm
                   CCPR2H   0x000fbc       data     extern E:\c18v3.46\pic18-lt\cxx-framework\src\traditional\proc\p18f4520.asm
                  CCP1CON   0x000fbd       data     extern E:\c18v3.46\pic18-lt\cxx-framework\src\traditional\proc\p18f4520.asm
              CCP1CONbits   0x000fbd       data     extern E:\c18v3.46\pic18-lt\cxx-framework\src\traditional\proc\p18f4520.asm
                    CCPR1   0x000fbe       data     extern E:\c18v3.46\pic18-lt\cxx-framework\src\traditional\proc\p18f4520.asm
                   CCPR1L   0x000fbe       data     extern E:\c18v3.46\pic18-lt\cxx-framework\src\traditional\proc\p18f4520.asm
                   CCPR1H   0x000fbf       data     extern E:\c18v3.46\pic18-lt\cxx-framework\src\traditional\proc\p18f4520.asm
               ADCON2bits   0x000fc0       data     extern E:\c18v3.46\pic18-lt\cxx-framework\src\traditional\proc\p18f4520.asm
                   ADCON2   0x000fc0       data     extern E:\c18v3.46\pic18-lt\cxx-framework\src\traditional\proc\p18f4520.asm
                   ADCON1   0x000fc1       data     extern E:\c18v3.46\pic18-lt\cxx-framework\src\traditional\proc\p18f4520.asm
               ADCON1bits   0x000fc1       data     extern E:\c18v3.46\pic18-lt\cxx-framework\src\traditional\proc\p18f4520.asm
                   ADCON0   0x000fc2       data     extern E:\c18v3.46\pic18-lt\cxx-framework\src\traditional\proc\p18f4520.asm
               ADCON0bits   0x000fc2       data     extern E:\c18v3.46\pic18-lt\cxx-framework\src\traditional\proc\p18f4520.asm
                    ADRES   0x000fc3       data     extern E:\c18v3.46\pic18-lt\cxx-framework\src\traditional\proc\p18f4520.asm
                   ADRESL   0x000fc3       data     extern E:\c18v3.46\pic18-lt\cxx-framework\src\traditional\proc\p18f4520.asm
                   ADRESH   0x000fc4       data     extern E:\c18v3.46\pic18-lt\cxx-framework\src\traditional\proc\p18f4520.asm
                  SSPCON2   0x000fc5       data     extern E:\c18v3.46\pic18-lt\cxx-framework\src\traditional\proc\p18f4520.asm
              SSPCON2bits   0x000fc5       data     extern E:\c18v3.46\pic18-lt\cxx-framework\src\traditional\proc\p18f4520.asm
                  SSPCON1   0x000fc6       data     extern E:\c18v3.46\pic18-lt\cxx-framework\src\traditional\proc\p18f4520.asm
              SSPCON1bits   0x000fc6       data     extern E:\c18v3.46\pic18-lt\cxx-framework\src\traditional\proc\p18f4520.asm
                  SSPSTAT   0x000fc7       data     extern E:\c18v3.46\pic18-lt\cxx-framework\src\traditional\proc\p18f4520.asm
              SSPSTATbits   0x000fc7       data     extern E:\c18v3.46\pic18-lt\cxx-framework\src\traditional\proc\p18f4520.asm
                   SSPADD   0x000fc8       data     extern E:\c18v3.46\pic18-lt\cxx-framework\src\traditional\proc\p18f4520.asm
                   SSPBUF   0x000fc9       data     extern E:\c18v3.46\pic18-lt\cxx-framework\src\traditional\proc\p18f4520.asm
                T2CONbits   0x000fca       data     extern E:\c18v3.46\pic18-lt\cxx-framework\src\traditional\proc\p18f4520.asm
                    T2CON   0x000fca       data     extern E:\c18v3.46\pic18-lt\cxx-framework\src\traditional\proc\p18f4520.asm
                      PR2   0x000fcb       data     extern E:\c18v3.46\pic18-lt\cxx-framework\src\traditional\proc\p18f4520.asm
                     TMR2   0x000fcc       data     extern E:\c18v3.46\pic18-lt\cxx-framework\src\traditional\proc\p18f4520.asm
                T1CONbits   0x000fcd       data     extern E:\c18v3.46\pic18-lt\cxx-framework\src\traditional\proc\p18f4520.asm
                    T1CON   0x000fcd       data     extern E:\c18v3.46\pic18-lt\cxx-framework\src\traditional\proc\p18f4520.asm
                    TMR1L   0x000fce       data     extern E:\c18v3.46\pic18-lt\cxx-framework\src\traditional\proc\p18f4520.asm
                    TMR1H   0x000fcf       data     extern E:\c18v3.46\pic18-lt\cxx-framework\src\traditional\proc\p18f4520.asm
                     RCON   0x000fd0       data     extern E:\c18v3.46\pic18-lt\cxx-framework\src\traditional\proc\p18f4520.asm
                 RCONbits   0x000fd0       data     extern E:\c18v3.46\pic18-lt\cxx-framework\src\traditional\proc\p18f4520.asm
               WDTCONbits   0x000fd1       data     extern E:\c18v3.46\pic18-lt\cxx-framework\src\traditional\proc\p18f4520.asm
                   WDTCON   0x000fd1       data     extern E:\c18v3.46\pic18-lt\cxx-framework\src\traditional\proc\p18f4520.asm
                  HLVDCON   0x000fd2       data     extern E:\c18v3.46\pic18-lt\cxx-framework\src\traditional\proc\p18f4520.asm
              HLVDCONbits   0x000fd2       data     extern E:\c18v3.46\pic18-lt\cxx-framework\src\traditional\proc\p18f4520.asm
                   LVDCON   0x000fd2       data     extern E:\c18v3.46\pic18-lt\cxx-framework\src\traditional\proc\p18f4520.asm
               LVDCONbits   0x000fd2       data     extern E:\c18v3.46\pic18-lt\cxx-framework\src\traditional\proc\p18f4520.asm
                   OSCCON   0x000fd3       data     extern E:\c18v3.46\pic18-lt\cxx-framework\src\traditional\proc\p18f4520.asm
               OSCCONbits   0x000fd3       data     extern E:\c18v3.46\pic18-lt\cxx-framework\src\traditional\proc\p18f4520.asm
                    T0CON   0x000fd5       data     extern E:\c18v3.46\pic18-lt\cxx-framework\src\traditional\proc\p18f4520.asm
                T0CONbits   0x000fd5       data     extern E:\c18v3.46\pic18-lt\cxx-framework\src\traditional\proc\p18f4520.asm
                    TMR0L   0x000fd6       data     extern E:\c18v3.46\pic18-lt\cxx-framework\src\traditional\proc\p18f4520.asm
                    TMR0H   0x000fd7       data     extern E:\c18v3.46\pic18-lt\cxx-framework\src\traditional\proc\p18f4520.asm
                   STATUS   0x000fd8       data     extern E:\c18v3.46\pic18-lt\cxx-framework\src\traditional\proc\p18f4520.asm
               STATUSbits   0x000fd8       data     extern E:\c18v3.46\pic18-lt\cxx-framework\src\traditional\proc\p18f4520.asm
                    FSR2L   0x000fd9       data     extern E:\c18v3.46\pic18-lt\cxx-framework\src\traditional\proc\p18f4520.asm
                     FSR2   0x000fd9       data     extern E:\c18v3.46\pic18-lt\cxx-framework\src\traditional\proc\p18f4520.asm
                    FSR2H   0x000fda       data     extern E:\c18v3.46\pic18-lt\cxx-framework\src\traditional\proc\p18f4520.asm
                   PLUSW2   0x000fdb       data     extern E:\c18v3.46\pic18-lt\cxx-framework\src\traditional\proc\p18f4520.asm
                  PREINC2   0x000fdc       data     extern E:\c18v3.46\pic18-lt\cxx-framework\src\traditional\proc\p18f4520.asm
                 POSTDEC2   0x000fdd       data     extern E:\c18v3.46\pic18-lt\cxx-framework\src\traditional\proc\p18f4520.asm
                 POSTINC2   0x000fde       data     extern E:\c18v3.46\pic18-lt\cxx-framework\src\traditional\proc\p18f4520.asm
                    INDF2   0x000fdf       data     extern E:\c18v3.46\pic18-lt\cxx-framework\src\traditional\proc\p18f4520.asm
                      BSR   0x000fe0       data     extern E:\c18v3.46\pic18-lt\cxx-framework\src\traditional\proc\p18f4520.asm
                    FSR1L   0x000fe1       data     extern E:\c18v3.46\pic18-lt\cxx-framework\src\traditional\proc\p18f4520.asm
                     FSR1   0x000fe1       data     extern E:\c18v3.46\pic18-lt\cxx-framework\src\traditional\proc\p18f4520.asm
                    FSR1H   0x000fe2       data     extern E:\c18v3.46\pic18-lt\cxx-framework\src\traditional\proc\p18f4520.asm
                   PLUSW1   0x000fe3       data     extern E:\c18v3.46\pic18-lt\cxx-framework\src\traditional\proc\p18f4520.asm
                  PREINC1   0x000fe4       data     extern E:\c18v3.46\pic18-lt\cxx-framework\src\traditional\proc\p18f4520.asm
                 POSTDEC1   0x000fe5       data     extern E:\c18v3.46\pic18-lt\cxx-framework\src\traditional\proc\p18f4520.asm
                 POSTINC1   0x000fe6       data     extern E:\c18v3.46\pic18-lt\cxx-framework\src\traditional\proc\p18f4520.asm
                    INDF1   0x000fe7       data     extern E:\c18v3.46\pic18-lt\cxx-framework\src\traditional\proc\p18f4520.asm
                        W   0x000fe8       data     extern E:\c18v3.46\pic18-lt\cxx-framework\src\traditional\proc\p18f4520.asm
                     WREG   0x000fe8       data     extern E:\c18v3.46\pic18-lt\cxx-framework\src\traditional\proc\p18f4520.asm
                     FSR0   0x000fe9       data     extern E:\c18v3.46\pic18-lt\cxx-framework\src\traditional\proc\p18f4520.asm
                    FSR0L   0x000fe9       data     extern E:\c18v3.46\pic18-lt\cxx-framework\src\traditional\proc\p18f4520.asm
                    FSR0H   0x000fea       data     extern E:\c18v3.46\pic18-lt\cxx-framework\src\traditional\proc\p18f4520.asm
                   PLUSW0   0x000feb       data     extern E:\c18v3.46\pic18-lt\cxx-framework\src\traditional\proc\p18f4520.asm
                  PREINC0   0x000fec       data     extern E:\c18v3.46\pic18-lt\cxx-framework\src\traditional\proc\p18f4520.asm
                 POSTDEC0   0x000fed       data     extern E:\c18v3.46\pic18-lt\cxx-framework\src\traditional\proc\p18f4520.asm
                 POSTINC0   0x000fee       data     extern E:\c18v3.46\pic18-lt\cxx-framework\src\traditional\proc\p18f4520.asm
                    INDF0   0x000fef       data     extern E:\c18v3.46\pic18-lt\cxx-framework\src\traditional\proc\p18f4520.asm
              INTCON3bits   0x000ff0       data     extern E:\c18v3.46\pic18-lt\cxx-framework\src\traditional\proc\p18f4520.asm
                  INTCON3   0x000ff0       data     extern E:\c18v3.46\pic18-lt\cxx-framework\src\traditional\proc\p18f4520.asm
              INTCON2bits   0x000ff1       data     extern E:\c18v3.46\pic18-lt\cxx-framework\src\traditional\proc\p18f4520.asm
                  INTCON2   0x000ff1       data     extern E:\c18v3.46\pic18-lt\cxx-framework\src\traditional\proc\p18f4520.asm
               INTCONbits   0x000ff2       data     extern E:\c18v3.46\pic18-lt\cxx-framework\src\traditional\proc\p18f4520.asm
                   INTCON   0x000ff2       data     extern E:\c18v3.46\pic18-lt\cxx-framework\src\traditional\proc\p18f4520.asm
                     PROD   0x000ff3       data     extern E:\c18v3.46\pic18-lt\cxx-framework\src\traditional\proc\p18f4520.asm
                    PRODL   0x000ff3       data     extern E:\c18v3.46\pic18-lt\cxx-framework\src\traditional\proc\p18f4520.asm
                    PRODH   0x000ff4       data     extern E:\c18v3.46\pic18-lt\cxx-framework\src\traditional\proc\p18f4520.asm
                   TABLAT   0x000ff5       data     extern E:\c18v3.46\pic18-lt\cxx-framework\src\traditional\proc\p18f4520.asm
                  TBLPTRL   0x000ff6       data     extern E:\c18v3.46\pic18-lt\cxx-framework\src\traditional\proc\p18f4520.asm
                   TBLPTR   0x000ff6       data     extern E:\c18v3.46\pic18-lt\cxx-framework\src\traditional\proc\p18f4520.asm
                  TBLPTRH   0x000ff7       data     extern E:\c18v3.46\pic18-lt\cxx-framework\src\traditional\proc\p18f4520.asm
                  TBLPTRU   0x000ff8       data     extern E:\c18v3.46\pic18-lt\cxx-framework\src\traditional\proc\p18f4520.asm
                      PCL   0x000ff9       data     extern E:\c18v3.46\pic18-lt\cxx-framework\src\traditional\proc\p18f4520.asm
                       PC   0x000ff9       data     extern E:\c18v3.46\pic18-lt\cxx-framework\src\traditional\proc\p18f4520.asm
                   PCLATH   0x000ffa       data     extern E:\c18v3.46\pic18-lt\cxx-framework\src\traditional\proc\p18f4520.asm
                   PCLATU   0x000ffb       data     extern E:\c18v3.46\pic18-lt\cxx-framework\src\traditional\proc\p18f4520.asm
                   STKPTR   0x000ffc       data     extern E:\c18v3.46\pic18-lt\cxx-framework\src\traditional\proc\p18f4520.asm
               STKPTRbits   0x000ffc       data     extern E:\c18v3.46\pic18-lt\cxx-framework\src\traditional\proc\p18f4520.asm
                      TOS   0x000ffd       data     extern E:\c18v3.46\pic18-lt\cxx-framework\src\traditional\proc\p18f4520.asm
                     TOSL   0x000ffd       data     extern E:\c18v3.46\pic18-lt\cxx-framework\src\traditional\proc\p18f4520.asm
                     TOSH   0x000ffe       data     extern E:\c18v3.46\pic18-lt\cxx-framework\src\traditional\proc\p18f4520.asm
                     TOSU   0x000fff       data     extern E:\c18v3.46\pic18-lt\cxx-framework\src\traditional\proc\p18f4520.asm


