MPLINK 4.37, Linker
Linker Map File - Created Mon Mar 12 11:35:06 2012

                                 Section Info
                  Section       Type    Address   Location Size(Bytes)
                ---------  ---------  ---------  ---------  ---------
               _entry_scn       code   0x000000    program   0x000006
                   .cinit    romdata   0x000006    program   0x00000e
             .code_main.o       code   0x000014    program   0x000290
               _cinit_scn       code   0x0002a4    program   0x00009e
            .code_uopen.o       code   0x000342    program   0x00008a
            .code_uread.o       code   0x0003cc    program   0x00003e
                    .code       code   0x00040a    program   0x000020
             _startup_scn       code   0x00042a    program   0x00001c
          .idata_main.o_i    romdata   0x000446    program   0x000013
  _RESET_INTERRUPT_VECTOR       code   0x000800    program   0x000006
           .code___init.o       code   0x000806    program   0x000002
   _HIGH_INTERRUPT_VECTOR       code   0x000808    program   0x000006
        .romdata___init.o    romdata   0x00080e    program   0x000000
        .idata___init.o_i    romdata   0x00080e    program   0x000000
            .code_udefs.o       code   0x00080e    program   0x000000
         .romdata_udefs.o    romdata   0x00080e    program   0x000000
         .idata_udefs.o_i    romdata   0x00080e    program   0x000000
         .romdata_uread.o    romdata   0x00080e    program   0x000000
         .idata_uread.o_i    romdata   0x00080e    program   0x000000
         .romdata_uopen.o    romdata   0x00080e    program   0x000000
         .idata_uopen.o_i    romdata   0x00080e    program   0x000000
          .romdata_main.o    romdata   0x00080e    program   0x000000
            .code_c018i.o       code   0x00080e    program   0x000000
         .romdata_c018i.o    romdata   0x00080e    program   0x000000
         .idata_c018i.o_i    romdata   0x00080e    program   0x000000
    _LOW_INTERRUPT_VECTOR       code   0x000818    program   0x000006
                MATH_DATA      udata   0x000000       data   0x000002
                 .tmpdata      udata   0x000002       data   0x000002
            .udata_main.o      udata   0x000080       data   0x00001c
            .idata_main.o      idata   0x00009c       data   0x000013
           .udata_c018i.o      udata   0x0000af       data   0x00000a
           .udata_udefs.o      udata   0x0000b9       data   0x000001
           .idata_c018i.o      idata   0x0000ba       data   0x000000
           .udata_uopen.o      udata   0x0000ba       data   0x000000
           .idata_uopen.o      idata   0x0000ba       data   0x000000
           .udata_uread.o      udata   0x0000ba       data   0x000000
           .idata_uread.o      idata   0x0000ba       data   0x000000
           .idata_udefs.o      idata   0x0000ba       data   0x000000
          .udata___init.o      udata   0x0000ba       data   0x000000
          .idata___init.o      idata   0x0000ba       data   0x000000
                   .stack      udata   0x000500       data   0x000100
            SFR_UNBANKED0      udata   0x000f80       data   0x000080



                              Program Memory Usage 
                               Start         End      
                           ---------   ---------      
                            0x000000    0x000458      
                            0x000800    0x00080d      
                            0x000818    0x00081d      
            1133 out of 33048 program addresses used, program memory utilization is 3%



                              Symbols - Sorted by Name
                     Name    Address   Location    Storage File                     
                ---------  ---------  ---------  --------- ---------                
         InitializeSystem   0x0001f0    program     static C:\Documents and Settings\Pelle\My Documents\PIC Code Jan 2010\MTC reader 18F2520\main.c
                OpenUSART   0x000342    program     extern C:\MCC18\src\pmc_common\USART\uopen.c
                ReadUSART   0x0003cc    program     extern C:\MCC18\src\pmc_common\USART\uread.c
                 Read_MTC   0x00002a    program     extern C:\Documents and Settings\Pelle\My Documents\PIC Code Jan 2010\MTC reader 18F2520\main.c
      Scan_Parallell_Port   0x000214    program     extern C:\Documents and Settings\Pelle\My Documents\PIC Code Jan 2010\MTC reader 18F2520\main.c
       ___return_lbl00000   0x000004    program     static                          
       ___return_lbl00000   0x000804    program     static                          
       ___return_lbl00001   0x000444    program     static                          
       ___return_lbl00002   0x000340    program     static                          
                   __init   0x000806    program     extern C:\MCC18\src\traditional\stdclib\__init.c
            __zero_memory   0x00040a    program     extern C:\MCC18\src\traditional\proc\p18F4520.asm
                _do_cinit   0x0002a4    program     extern C:\MCC18\src\traditional\startup\c018i.c
                   _entry   0x000000    program     extern C:\MCC18\src\traditional\startup\c018i.c
                _high_ISR   0x000808    program     extern C:\Documents and Settings\Pelle\My Documents\PIC Code Jan 2010\MTC reader 18F2520\main.c
                 _low_ISR   0x000818    program     extern C:\Documents and Settings\Pelle\My Documents\PIC Code Jan 2010\MTC reader 18F2520\main.c
                   _reset   0x000800    program     extern C:\Documents and Settings\Pelle\My Documents\PIC Code Jan 2010\MTC reader 18F2520\main.c
                 _startup   0x00042a    program     extern C:\MCC18\src\traditional\startup\c018i.c
                compare_l   0x000420    program     static C:\MCC18\src\traditional\proc\p18F4520.asm
                copy_loop   0x000316    program     static                          
            copy_one_byte   0x00031c    program     static                          
                     done   0x000340    program     static                          
             done_copying   0x00032a    program     static                          
                     loop   0x00043a    program     static                          
                   loop_h   0x000418    program     static C:\MCC18\src\traditional\proc\p18F4520.asm
                   loop_l   0x000422    program     static C:\MCC18\src\traditional\proc\p18F4520.asm
                     main   0x000014    program     extern C:\Documents and Settings\Pelle\My Documents\PIC Code Jan 2010\MTC reader 18F2520\main.c
                     test   0x0002be    program     static                          
               zero_block   0x000418    program     static C:\MCC18\src\traditional\proc\p18F4520.asm
                   ADCON0   0x000fc2       data     extern C:\MCC18\src\traditional\proc\p18F4520.asm
               ADCON0bits   0x000fc2       data     extern C:\MCC18\src\traditional\proc\p18F4520.asm
                   ADCON1   0x000fc1       data     extern C:\MCC18\src\traditional\proc\p18F4520.asm
               ADCON1bits   0x000fc1       data     extern C:\MCC18\src\traditional\proc\p18F4520.asm
                   ADCON2   0x000fc0       data     extern C:\MCC18\src\traditional\proc\p18F4520.asm
               ADCON2bits   0x000fc0       data     extern C:\MCC18\src\traditional\proc\p18F4520.asm
                    ADRES   0x000fc3       data     extern C:\MCC18\src\traditional\proc\p18F4520.asm
                   ADRESH   0x000fc4       data     extern C:\MCC18\src\traditional\proc\p18F4520.asm
                   ADRESL   0x000fc3       data     extern C:\MCC18\src\traditional\proc\p18F4520.asm
                  BAUDCON   0x000fb8       data     extern C:\MCC18\src\traditional\proc\p18F4520.asm
              BAUDCONbits   0x000fb8       data     extern C:\MCC18\src\traditional\proc\p18F4520.asm
                  BAUDCTL   0x000fb8       data     extern C:\MCC18\src\traditional\proc\p18F4520.asm
              BAUDCTLbits   0x000fb8       data     extern C:\MCC18\src\traditional\proc\p18F4520.asm
                      BSR   0x000fe0       data     extern C:\MCC18\src\traditional\proc\p18F4520.asm
                  CCP1CON   0x000fbd       data     extern C:\MCC18\src\traditional\proc\p18F4520.asm
              CCP1CONbits   0x000fbd       data     extern C:\MCC18\src\traditional\proc\p18F4520.asm
                  CCP2CON   0x000fba       data     extern C:\MCC18\src\traditional\proc\p18F4520.asm
              CCP2CONbits   0x000fba       data     extern C:\MCC18\src\traditional\proc\p18F4520.asm
                    CCPR1   0x000fbe       data     extern C:\MCC18\src\traditional\proc\p18F4520.asm
                   CCPR1H   0x000fbf       data     extern C:\MCC18\src\traditional\proc\p18F4520.asm
                   CCPR1L   0x000fbe       data     extern C:\MCC18\src\traditional\proc\p18F4520.asm
                    CCPR2   0x000fbb       data     extern C:\MCC18\src\traditional\proc\p18F4520.asm
                   CCPR2H   0x000fbc       data     extern C:\MCC18\src\traditional\proc\p18F4520.asm
                   CCPR2L   0x000fbb       data     extern C:\MCC18\src\traditional\proc\p18F4520.asm
                    CMCON   0x000fb4       data     extern C:\MCC18\src\traditional\proc\p18F4520.asm
                CMCONbits   0x000fb4       data     extern C:\MCC18\src\traditional\proc\p18F4520.asm
                   CVRCON   0x000fb5       data     extern C:\MCC18\src\traditional\proc\p18F4520.asm
               CVRCONbits   0x000fb5       data     extern C:\MCC18\src\traditional\proc\p18F4520.asm
                     DDRA   0x000f92       data     extern C:\MCC18\src\traditional\proc\p18F4520.asm
                 DDRAbits   0x000f92       data     extern C:\MCC18\src\traditional\proc\p18F4520.asm
                     DDRB   0x000f93       data     extern C:\MCC18\src\traditional\proc\p18F4520.asm
                 DDRBbits   0x000f93       data     extern C:\MCC18\src\traditional\proc\p18F4520.asm
                     DDRC   0x000f94       data     extern C:\MCC18\src\traditional\proc\p18F4520.asm
                 DDRCbits   0x000f94       data     extern C:\MCC18\src\traditional\proc\p18F4520.asm
                     DDRD   0x000f95       data     extern C:\MCC18\src\traditional\proc\p18F4520.asm
                 DDRDbits   0x000f95       data     extern C:\MCC18\src\traditional\proc\p18F4520.asm
                     DDRE   0x000f96       data     extern C:\MCC18\src\traditional\proc\p18F4520.asm
                 DDREbits   0x000f96       data     extern C:\MCC18\src\traditional\proc\p18F4520.asm
                  ECCP1AS   0x000fb6       data     extern C:\MCC18\src\traditional\proc\p18F4520.asm
              ECCP1ASbits   0x000fb6       data     extern C:\MCC18\src\traditional\proc\p18F4520.asm
                    EEADR   0x000fa9       data     extern C:\MCC18\src\traditional\proc\p18F4520.asm
                   EECON1   0x000fa6       data     extern C:\MCC18\src\traditional\proc\p18F4520.asm
               EECON1bits   0x000fa6       data     extern C:\MCC18\src\traditional\proc\p18F4520.asm
                   EECON2   0x000fa7       data     extern C:\MCC18\src\traditional\proc\p18F4520.asm
                   EEDATA   0x000fa8       data     extern C:\MCC18\src\traditional\proc\p18F4520.asm
                     FSR0   0x000fe9       data     extern C:\MCC18\src\traditional\proc\p18F4520.asm
                    FSR0H   0x000fea       data     extern C:\MCC18\src\traditional\proc\p18F4520.asm
                    FSR0L   0x000fe9       data     extern C:\MCC18\src\traditional\proc\p18F4520.asm
                     FSR1   0x000fe1       data     extern C:\MCC18\src\traditional\proc\p18F4520.asm
                    FSR1H   0x000fe2       data     extern C:\MCC18\src\traditional\proc\p18F4520.asm
                    FSR1L   0x000fe1       data     extern C:\MCC18\src\traditional\proc\p18F4520.asm
                     FSR2   0x000fd9       data     extern C:\MCC18\src\traditional\proc\p18F4520.asm
                    FSR2H   0x000fda       data     extern C:\MCC18\src\traditional\proc\p18F4520.asm
                    FSR2L   0x000fd9       data     extern C:\MCC18\src\traditional\proc\p18F4520.asm
                  HLVDCON   0x000fd2       data     extern C:\MCC18\src\traditional\proc\p18F4520.asm
              HLVDCONbits   0x000fd2       data     extern C:\MCC18\src\traditional\proc\p18F4520.asm
                    INDF0   0x000fef       data     extern C:\MCC18\src\traditional\proc\p18F4520.asm
                    INDF1   0x000fe7       data     extern C:\MCC18\src\traditional\proc\p18F4520.asm
                    INDF2   0x000fdf       data     extern C:\MCC18\src\traditional\proc\p18F4520.asm
                   INTCON   0x000ff2       data     extern C:\MCC18\src\traditional\proc\p18F4520.asm
                  INTCON2   0x000ff1       data     extern C:\MCC18\src\traditional\proc\p18F4520.asm
              INTCON2bits   0x000ff1       data     extern C:\MCC18\src\traditional\proc\p18F4520.asm
                  INTCON3   0x000ff0       data     extern C:\MCC18\src\traditional\proc\p18F4520.asm
              INTCON3bits   0x000ff0       data     extern C:\MCC18\src\traditional\proc\p18F4520.asm
               INTCONbits   0x000ff2       data     extern C:\MCC18\src\traditional\proc\p18F4520.asm
                     IPR1   0x000f9f       data     extern C:\MCC18\src\traditional\proc\p18F4520.asm
                 IPR1bits   0x000f9f       data     extern C:\MCC18\src\traditional\proc\p18F4520.asm
                     IPR2   0x000fa2       data     extern C:\MCC18\src\traditional\proc\p18F4520.asm
                 IPR2bits   0x000fa2       data     extern C:\MCC18\src\traditional\proc\p18F4520.asm
                     LATA   0x000f89       data     extern C:\MCC18\src\traditional\proc\p18F4520.asm
                 LATAbits   0x000f89       data     extern C:\MCC18\src\traditional\proc\p18F4520.asm
                     LATB   0x000f8a       data     extern C:\MCC18\src\traditional\proc\p18F4520.asm
                 LATBbits   0x000f8a       data     extern C:\MCC18\src\traditional\proc\p18F4520.asm
                     LATC   0x000f8b       data     extern C:\MCC18\src\traditional\proc\p18F4520.asm
                 LATCbits   0x000f8b       data     extern C:\MCC18\src\traditional\proc\p18F4520.asm
                     LATD   0x000f8c       data     extern C:\MCC18\src\traditional\proc\p18F4520.asm
                 LATDbits   0x000f8c       data     extern C:\MCC18\src\traditional\proc\p18F4520.asm
                     LATE   0x000f8d       data     extern C:\MCC18\src\traditional\proc\p18F4520.asm
                 LATEbits   0x000f8d       data     extern C:\MCC18\src\traditional\proc\p18F4520.asm
                   LVDCON   0x000fd2       data     extern C:\MCC18\src\traditional\proc\p18F4520.asm
               LVDCONbits   0x000fd2       data     extern C:\MCC18\src\traditional\proc\p18F4520.asm
                  MTC_fps   0x00008b       data     extern C:\Documents and Settings\Pelle\My Documents\PIC Code Jan 2010\MTC reader 18F2520\main.c
              MTC_fps_max   0x00008c       data     extern C:\Documents and Settings\Pelle\My Documents\PIC Code Jan 2010\MTC reader 18F2520\main.c
                MTC_frame   0x0000a7       data     extern C:\Documents and Settings\Pelle\My Documents\PIC Code Jan 2010\MTC reader 18F2520\main.c
             MTC_frame_ls   0x000083       data     extern C:\Documents and Settings\Pelle\My Documents\PIC Code Jan 2010\MTC reader 18F2520\main.c
             MTC_frame_ms   0x000084       data     extern C:\Documents and Settings\Pelle\My Documents\PIC Code Jan 2010\MTC reader 18F2520\main.c
           MTC_frame_temp   0x00008d       data     extern C:\Documents and Settings\Pelle\My Documents\PIC Code Jan 2010\MTC reader 18F2520\main.c
            MTC_full_byte   0x0000ab       data     extern C:\Documents and Settings\Pelle\My Documents\PIC Code Jan 2010\MTC reader 18F2520\main.c
                 MTC_hour   0x0000aa       data     extern C:\Documents and Settings\Pelle\My Documents\PIC Code Jan 2010\MTC reader 18F2520\main.c
              MTC_hour_ls   0x000089       data     extern C:\Documents and Settings\Pelle\My Documents\PIC Code Jan 2010\MTC reader 18F2520\main.c
              MTC_hour_ms   0x00008a       data     extern C:\Documents and Settings\Pelle\My Documents\PIC Code Jan 2010\MTC reader 18F2520\main.c
            MTC_hour_temp   0x000090       data     extern C:\Documents and Settings\Pelle\My Documents\PIC Code Jan 2010\MTC reader 18F2520\main.c
                   MTC_in   0x000080       data     extern C:\Documents and Settings\Pelle\My Documents\PIC Code Jan 2010\MTC reader 18F2520\main.c
               MTC_locked   0x0000a4       data     extern C:\Documents and Settings\Pelle\My Documents\PIC Code Jan 2010\MTC reader 18F2520\main.c
              MTC_message   0x000082       data     extern C:\Documents and Settings\Pelle\My Documents\PIC Code Jan 2010\MTC reader 18F2520\main.c
               MTC_min_ls   0x000087       data     extern C:\Documents and Settings\Pelle\My Documents\PIC Code Jan 2010\MTC reader 18F2520\main.c
               MTC_min_ms   0x000088       data     extern C:\Documents and Settings\Pelle\My Documents\PIC Code Jan 2010\MTC reader 18F2520\main.c
               MTC_minute   0x0000a9       data     extern C:\Documents and Settings\Pelle\My Documents\PIC Code Jan 2010\MTC reader 18F2520\main.c
          MTC_minute_temp   0x00008f       data     extern C:\Documents and Settings\Pelle\My Documents\PIC Code Jan 2010\MTC reader 18F2520\main.c
               MTC_sec_ls   0x000085       data     extern C:\Documents and Settings\Pelle\My Documents\PIC Code Jan 2010\MTC reader 18F2520\main.c
               MTC_sec_ms   0x000086       data     extern C:\Documents and Settings\Pelle\My Documents\PIC Code Jan 2010\MTC reader 18F2520\main.c
               MTC_second   0x0000a8       data     extern C:\Documents and Settings\Pelle\My Documents\PIC Code Jan 2010\MTC reader 18F2520\main.c
          MTC_second_temp   0x00008e       data     extern C:\Documents and Settings\Pelle\My Documents\PIC Code Jan 2010\MTC reader 18F2520\main.c
                MTC_start   0x0000a3       data     extern C:\Documents and Settings\Pelle\My Documents\PIC Code Jan 2010\MTC reader 18F2520\main.c
             MTC_subframe   0x0000a6       data     extern C:\Documents and Settings\Pelle\My Documents\PIC Code Jan 2010\MTC reader 18F2520\main.c
        MTC_subframe_tick   0x0000a5       data     extern C:\Documents and Settings\Pelle\My Documents\PIC Code Jan 2010\MTC reader 18F2520\main.c
               MTC_toggle   0x0000ac       data     extern C:\Documents and Settings\Pelle\My Documents\PIC Code Jan 2010\MTC reader 18F2520\main.c
                 MTC_type   0x000081       data     extern C:\Documents and Settings\Pelle\My Documents\PIC Code Jan 2010\MTC reader 18F2520\main.c
                   OSCCON   0x000fd3       data     extern C:\MCC18\src\traditional\proc\p18F4520.asm
               OSCCONbits   0x000fd3       data     extern C:\MCC18\src\traditional\proc\p18F4520.asm
                  OSCTUNE   0x000f9b       data     extern C:\MCC18\src\traditional\proc\p18F4520.asm
              OSCTUNEbits   0x000f9b       data     extern C:\MCC18\src\traditional\proc\p18F4520.asm
                       PC   0x000ff9       data     extern C:\MCC18\src\traditional\proc\p18F4520.asm
                      PCL   0x000ff9       data     extern C:\MCC18\src\traditional\proc\p18F4520.asm
                   PCLATH   0x000ffa       data     extern C:\MCC18\src\traditional\proc\p18F4520.asm
                   PCLATU   0x000ffb       data     extern C:\MCC18\src\traditional\proc\p18F4520.asm
                     PIE1   0x000f9d       data     extern C:\MCC18\src\traditional\proc\p18F4520.asm
                 PIE1bits   0x000f9d       data     extern C:\MCC18\src\traditional\proc\p18F4520.asm
                     PIE2   0x000fa0       data     extern C:\MCC18\src\traditional\proc\p18F4520.asm
                 PIE2bits   0x000fa0       data     extern C:\MCC18\src\traditional\proc\p18F4520.asm
                     PIR1   0x000f9e       data     extern C:\MCC18\src\traditional\proc\p18F4520.asm
                 PIR1bits   0x000f9e       data     extern C:\MCC18\src\traditional\proc\p18F4520.asm
                     PIR2   0x000fa1       data     extern C:\MCC18\src\traditional\proc\p18F4520.asm
                 PIR2bits   0x000fa1       data     extern C:\MCC18\src\traditional\proc\p18F4520.asm
                   PLUSW0   0x000feb       data     extern C:\MCC18\src\traditional\proc\p18F4520.asm
                   PLUSW1   0x000fe3       data     extern C:\MCC18\src\traditional\proc\p18F4520.asm
                   PLUSW2   0x000fdb       data     extern C:\MCC18\src\traditional\proc\p18F4520.asm
                    PORTA   0x000f80       data     extern C:\MCC18\src\traditional\proc\p18F4520.asm
                PORTAbits   0x000f80       data     extern C:\MCC18\src\traditional\proc\p18F4520.asm
                    PORTB   0x000f81       data     extern C:\MCC18\src\traditional\proc\p18F4520.asm
                PORTBbits   0x000f81       data     extern C:\MCC18\src\traditional\proc\p18F4520.asm
                    PORTC   0x000f82       data     extern C:\MCC18\src\traditional\proc\p18F4520.asm
                PORTCbits   0x000f82       data     extern C:\MCC18\src\traditional\proc\p18F4520.asm
                    PORTD   0x000f83       data     extern C:\MCC18\src\traditional\proc\p18F4520.asm
                PORTDbits   0x000f83       data     extern C:\MCC18\src\traditional\proc\p18F4520.asm
                    PORTE   0x000f84       data     extern C:\MCC18\src\traditional\proc\p18F4520.asm
                PORTEbits   0x000f84       data     extern C:\MCC18\src\traditional\proc\p18F4520.asm
                 POSTDEC0   0x000fed       data     extern C:\MCC18\src\traditional\proc\p18F4520.asm
                 POSTDEC1   0x000fe5       data     extern C:\MCC18\src\traditional\proc\p18F4520.asm
                 POSTDEC2   0x000fdd       data     extern C:\MCC18\src\traditional\proc\p18F4520.asm
                 POSTINC0   0x000fee       data     extern C:\MCC18\src\traditional\proc\p18F4520.asm
                 POSTINC1   0x000fe6       data     extern C:\MCC18\src\traditional\proc\p18F4520.asm
                 POSTINC2   0x000fde       data     extern C:\MCC18\src\traditional\proc\p18F4520.asm
                      PR2   0x000fcb       data     extern C:\MCC18\src\traditional\proc\p18F4520.asm
                  PREINC0   0x000fec       data     extern C:\MCC18\src\traditional\proc\p18F4520.asm
                  PREINC1   0x000fe4       data     extern C:\MCC18\src\traditional\proc\p18F4520.asm
                  PREINC2   0x000fdc       data     extern C:\MCC18\src\traditional\proc\p18F4520.asm
                     PROD   0x000ff3       data     extern C:\MCC18\src\traditional\proc\p18F4520.asm
                    PRODH   0x000ff4       data     extern C:\MCC18\src\traditional\proc\p18F4520.asm
                    PRODL   0x000ff3       data     extern C:\MCC18\src\traditional\proc\p18F4520.asm
                  PWM1CON   0x000fb7       data     extern C:\MCC18\src\traditional\proc\p18F4520.asm
              PWM1CONbits   0x000fb7       data     extern C:\MCC18\src\traditional\proc\p18F4520.asm
                     RCON   0x000fd0       data     extern C:\MCC18\src\traditional\proc\p18F4520.asm
                 RCONbits   0x000fd0       data     extern C:\MCC18\src\traditional\proc\p18F4520.asm
                    RCREG   0x000fae       data     extern C:\MCC18\src\traditional\proc\p18F4520.asm
                    RCSTA   0x000fab       data     extern C:\MCC18\src\traditional\proc\p18F4520.asm
                RCSTAbits   0x000fab       data     extern C:\MCC18\src\traditional\proc\p18F4520.asm
                     SIGN   0x000000       data     extern C:\MCC18\src\traditional\math\cmath18.asm
                    SPBRG   0x000faf       data     extern C:\MCC18\src\traditional\proc\p18F4520.asm
                   SPBRGH   0x000fb0       data     extern C:\MCC18\src\traditional\proc\p18F4520.asm
                   SSPADD   0x000fc8       data     extern C:\MCC18\src\traditional\proc\p18F4520.asm
                   SSPBUF   0x000fc9       data     extern C:\MCC18\src\traditional\proc\p18F4520.asm
                  SSPCON1   0x000fc6       data     extern C:\MCC18\src\traditional\proc\p18F4520.asm
              SSPCON1bits   0x000fc6       data     extern C:\MCC18\src\traditional\proc\p18F4520.asm
                  SSPCON2   0x000fc5       data     extern C:\MCC18\src\traditional\proc\p18F4520.asm
              SSPCON2bits   0x000fc5       data     extern C:\MCC18\src\traditional\proc\p18F4520.asm
                  SSPSTAT   0x000fc7       data     extern C:\MCC18\src\traditional\proc\p18F4520.asm
              SSPSTATbits   0x000fc7       data     extern C:\MCC18\src\traditional\proc\p18F4520.asm
                   STATUS   0x000fd8       data     extern C:\MCC18\src\traditional\proc\p18F4520.asm
               STATUSbits   0x000fd8       data     extern C:\MCC18\src\traditional\proc\p18F4520.asm
                   STKPTR   0x000ffc       data     extern C:\MCC18\src\traditional\proc\p18F4520.asm
               STKPTRbits   0x000ffc       data     extern C:\MCC18\src\traditional\proc\p18F4520.asm
                    T0CON   0x000fd5       data     extern C:\MCC18\src\traditional\proc\p18F4520.asm
                T0CONbits   0x000fd5       data     extern C:\MCC18\src\traditional\proc\p18F4520.asm
                    T1CON   0x000fcd       data     extern C:\MCC18\src\traditional\proc\p18F4520.asm
                T1CONbits   0x000fcd       data     extern C:\MCC18\src\traditional\proc\p18F4520.asm
                    T2CON   0x000fca       data     extern C:\MCC18\src\traditional\proc\p18F4520.asm
                T2CONbits   0x000fca       data     extern C:\MCC18\src\traditional\proc\p18F4520.asm
                    T3CON   0x000fb1       data     extern C:\MCC18\src\traditional\proc\p18F4520.asm
                T3CONbits   0x000fb1       data     extern C:\MCC18\src\traditional\proc\p18F4520.asm
                   TABLAT   0x000ff5       data     extern C:\MCC18\src\traditional\proc\p18F4520.asm
                   TBLPTR   0x000ff6       data     extern C:\MCC18\src\traditional\proc\p18F4520.asm
                  TBLPTRH   0x000ff7       data     extern C:\MCC18\src\traditional\proc\p18F4520.asm
                  TBLPTRL   0x000ff6       data     extern C:\MCC18\src\traditional\proc\p18F4520.asm
                  TBLPTRU   0x000ff8       data     extern C:\MCC18\src\traditional\proc\p18F4520.asm
                    TMR0H   0x000fd7       data     extern C:\MCC18\src\traditional\proc\p18F4520.asm
                    TMR0L   0x000fd6       data     extern C:\MCC18\src\traditional\proc\p18F4520.asm
                    TMR1H   0x000fcf       data     extern C:\MCC18\src\traditional\proc\p18F4520.asm
                    TMR1L   0x000fce       data     extern C:\MCC18\src\traditional\proc\p18F4520.asm
                     TMR2   0x000fcc       data     extern C:\MCC18\src\traditional\proc\p18F4520.asm
                    TMR3H   0x000fb3       data     extern C:\MCC18\src\traditional\proc\p18F4520.asm
                    TMR3L   0x000fb2       data     extern C:\MCC18\src\traditional\proc\p18F4520.asm
                      TOS   0x000ffd       data     extern C:\MCC18\src\traditional\proc\p18F4520.asm
                     TOSH   0x000ffe       data     extern C:\MCC18\src\traditional\proc\p18F4520.asm
                     TOSL   0x000ffd       data     extern C:\MCC18\src\traditional\proc\p18F4520.asm
                     TOSU   0x000fff       data     extern C:\MCC18\src\traditional\proc\p18F4520.asm
                    TRISA   0x000f92       data     extern C:\MCC18\src\traditional\proc\p18F4520.asm
                TRISAbits   0x000f92       data     extern C:\MCC18\src\traditional\proc\p18F4520.asm
                    TRISB   0x000f93       data     extern C:\MCC18\src\traditional\proc\p18F4520.asm
                TRISBbits   0x000f93       data     extern C:\MCC18\src\traditional\proc\p18F4520.asm
                    TRISC   0x000f94       data     extern C:\MCC18\src\traditional\proc\p18F4520.asm
                TRISCbits   0x000f94       data     extern C:\MCC18\src\traditional\proc\p18F4520.asm
                    TRISD   0x000f95       data     extern C:\MCC18\src\traditional\proc\p18F4520.asm
                TRISDbits   0x000f95       data     extern C:\MCC18\src\traditional\proc\p18F4520.asm
                    TRISE   0x000f96       data     extern C:\MCC18\src\traditional\proc\p18F4520.asm
                TRISEbits   0x000f96       data     extern C:\MCC18\src\traditional\proc\p18F4520.asm
                    TXREG   0x000fad       data     extern C:\MCC18\src\traditional\proc\p18F4520.asm
                    TXSTA   0x000fac       data     extern C:\MCC18\src\traditional\proc\p18F4520.asm
                TXSTAbits   0x000fac       data     extern C:\MCC18\src\traditional\proc\p18F4520.asm
             USART_Status   0x0000b9       data     extern C:\MCC18\src\pmc_common\USART\udefs.c
                        W   0x000fe8       data     extern C:\MCC18\src\traditional\proc\p18F4520.asm
                   WDTCON   0x000fd1       data     extern C:\MCC18\src\traditional\proc\p18F4520.asm
               WDTCONbits   0x000fd1       data     extern C:\MCC18\src\traditional\proc\p18F4520.asm
                     WREG   0x000fe8       data     extern C:\MCC18\src\traditional\proc\p18F4520.asm
                __FPFLAGS   0x000001       data     extern C:\MCC18\src\traditional\math\cmath18.asm
            __FPFLAGSbits   0x000001       data     extern C:\MCC18\src\traditional\math\cmath18.asm
                  __tmp_0   0x000002       data     static C:\MCC18\src\pmc_common\USART\uopen.c
                 clk_flag   0x0000ae       data     extern C:\Documents and Settings\Pelle\My Documents\PIC Code Jan 2010\MTC reader 18F2520\main.c
                      cnt   0x00009b       data     extern C:\Documents and Settings\Pelle\My Documents\PIC Code Jan 2010\MTC reader 18F2520\main.c
                curr_byte   0x0000b2       data     static C:\MCC18\src\traditional\startup\c018i.c
               curr_entry   0x0000b4       data     static C:\MCC18\src\traditional\startup\c018i.c
                 data_ptr   0x0000b6       data     static C:\MCC18\src\traditional\startup\c018i.c
                     loop   0x000097       data     extern C:\Documents and Settings\Pelle\My Documents\PIC Code Jan 2010\MTC reader 18F2520\main.c
               midi_count   0x0000ad       data     extern C:\Documents and Settings\Pelle\My Documents\PIC Code Jan 2010\MTC reader 18F2520\main.c
                  mtcCntr   0x00009c       data     extern C:\Documents and Settings\Pelle\My Documents\PIC Code Jan 2010\MTC reader 18F2520\main.c
                 mtcCntr2   0x0000a0       data     extern C:\Documents and Settings\Pelle\My Documents\PIC Code Jan 2010\MTC reader 18F2520\main.c
                   mtcOut   0x000091       data     extern C:\Documents and Settings\Pelle\My Documents\PIC Code Jan 2010\MTC reader 18F2520\main.c
                     prom   0x0000af       data     static C:\MCC18\src\traditional\startup\c018i.c
              status_byte   0x0000a2       data     extern C:\Documents and Settings\Pelle\My Documents\PIC Code Jan 2010\MTC reader 18F2520\main.c



                              Symbols - Sorted by Address
                     Name    Address   Location    Storage File                     
                ---------  ---------  ---------  --------- ---------                
                   _entry   0x000000    program     extern C:\MCC18\src\traditional\startup\c018i.c
       ___return_lbl00000   0x000004    program     static                          
                     main   0x000014    program     extern C:\Documents and Settings\Pelle\My Documents\PIC Code Jan 2010\MTC reader 18F2520\main.c
                 Read_MTC   0x00002a    program     extern C:\Documents and Settings\Pelle\My Documents\PIC Code Jan 2010\MTC reader 18F2520\main.c
         InitializeSystem   0x0001f0    program     static C:\Documents and Settings\Pelle\My Documents\PIC Code Jan 2010\MTC reader 18F2520\main.c
      Scan_Parallell_Port   0x000214    program     extern C:\Documents and Settings\Pelle\My Documents\PIC Code Jan 2010\MTC reader 18F2520\main.c
                _do_cinit   0x0002a4    program     extern C:\MCC18\src\traditional\startup\c018i.c
                     test   0x0002be    program     static                          
                copy_loop   0x000316    program     static                          
            copy_one_byte   0x00031c    program     static                          
             done_copying   0x00032a    program     static                          
       ___return_lbl00002   0x000340    program     static                          
                     done   0x000340    program     static                          
                OpenUSART   0x000342    program     extern C:\MCC18\src\pmc_common\USART\uopen.c
                ReadUSART   0x0003cc    program     extern C:\MCC18\src\pmc_common\USART\uread.c
            __zero_memory   0x00040a    program     extern C:\MCC18\src\traditional\proc\p18F4520.asm
               zero_block   0x000418    program     static C:\MCC18\src\traditional\proc\p18F4520.asm
                   loop_h   0x000418    program     static C:\MCC18\src\traditional\proc\p18F4520.asm
                compare_l   0x000420    program     static C:\MCC18\src\traditional\proc\p18F4520.asm
                   loop_l   0x000422    program     static C:\MCC18\src\traditional\proc\p18F4520.asm
                 _startup   0x00042a    program     extern C:\MCC18\src\traditional\startup\c018i.c
                     loop   0x00043a    program     static                          
       ___return_lbl00001   0x000444    program     static                          
                   _reset   0x000800    program     extern C:\Documents and Settings\Pelle\My Documents\PIC Code Jan 2010\MTC reader 18F2520\main.c
       ___return_lbl00000   0x000804    program     static                          
                   __init   0x000806    program     extern C:\MCC18\src\traditional\stdclib\__init.c
                _high_ISR   0x000808    program     extern C:\Documents and Settings\Pelle\My Documents\PIC Code Jan 2010\MTC reader 18F2520\main.c
                 _low_ISR   0x000818    program     extern C:\Documents and Settings\Pelle\My Documents\PIC Code Jan 2010\MTC reader 18F2520\main.c
                     SIGN   0x000000       data     extern C:\MCC18\src\traditional\math\cmath18.asm
                __FPFLAGS   0x000001       data     extern C:\MCC18\src\traditional\math\cmath18.asm
            __FPFLAGSbits   0x000001       data     extern C:\MCC18\src\traditional\math\cmath18.asm
                  __tmp_0   0x000002       data     static C:\MCC18\src\pmc_common\USART\uopen.c
                   MTC_in   0x000080       data     extern C:\Documents and Settings\Pelle\My Documents\PIC Code Jan 2010\MTC reader 18F2520\main.c
                 MTC_type   0x000081       data     extern C:\Documents and Settings\Pelle\My Documents\PIC Code Jan 2010\MTC reader 18F2520\main.c
              MTC_message   0x000082       data     extern C:\Documents and Settings\Pelle\My Documents\PIC Code Jan 2010\MTC reader 18F2520\main.c
             MTC_frame_ls   0x000083       data     extern C:\Documents and Settings\Pelle\My Documents\PIC Code Jan 2010\MTC reader 18F2520\main.c
             MTC_frame_ms   0x000084       data     extern C:\Documents and Settings\Pelle\My Documents\PIC Code Jan 2010\MTC reader 18F2520\main.c
               MTC_sec_ls   0x000085       data     extern C:\Documents and Settings\Pelle\My Documents\PIC Code Jan 2010\MTC reader 18F2520\main.c
               MTC_sec_ms   0x000086       data     extern C:\Documents and Settings\Pelle\My Documents\PIC Code Jan 2010\MTC reader 18F2520\main.c
               MTC_min_ls   0x000087       data     extern C:\Documents and Settings\Pelle\My Documents\PIC Code Jan 2010\MTC reader 18F2520\main.c
               MTC_min_ms   0x000088       data     extern C:\Documents and Settings\Pelle\My Documents\PIC Code Jan 2010\MTC reader 18F2520\main.c
              MTC_hour_ls   0x000089       data     extern C:\Documents and Settings\Pelle\My Documents\PIC Code Jan 2010\MTC reader 18F2520\main.c
              MTC_hour_ms   0x00008a       data     extern C:\Documents and Settings\Pelle\My Documents\PIC Code Jan 2010\MTC reader 18F2520\main.c
                  MTC_fps   0x00008b       data     extern C:\Documents and Settings\Pelle\My Documents\PIC Code Jan 2010\MTC reader 18F2520\main.c
              MTC_fps_max   0x00008c       data     extern C:\Documents and Settings\Pelle\My Documents\PIC Code Jan 2010\MTC reader 18F2520\main.c
           MTC_frame_temp   0x00008d       data     extern C:\Documents and Settings\Pelle\My Documents\PIC Code Jan 2010\MTC reader 18F2520\main.c
          MTC_second_temp   0x00008e       data     extern C:\Documents and Settings\Pelle\My Documents\PIC Code Jan 2010\MTC reader 18F2520\main.c
          MTC_minute_temp   0x00008f       data     extern C:\Documents and Settings\Pelle\My Documents\PIC Code Jan 2010\MTC reader 18F2520\main.c
            MTC_hour_temp   0x000090       data     extern C:\Documents and Settings\Pelle\My Documents\PIC Code Jan 2010\MTC reader 18F2520\main.c
                   mtcOut   0x000091       data     extern C:\Documents and Settings\Pelle\My Documents\PIC Code Jan 2010\MTC reader 18F2520\main.c
                     loop   0x000097       data     extern C:\Documents and Settings\Pelle\My Documents\PIC Code Jan 2010\MTC reader 18F2520\main.c
                      cnt   0x00009b       data     extern C:\Documents and Settings\Pelle\My Documents\PIC Code Jan 2010\MTC reader 18F2520\main.c
                  mtcCntr   0x00009c       data     extern C:\Documents and Settings\Pelle\My Documents\PIC Code Jan 2010\MTC reader 18F2520\main.c
                 mtcCntr2   0x0000a0       data     extern C:\Documents and Settings\Pelle\My Documents\PIC Code Jan 2010\MTC reader 18F2520\main.c
              status_byte   0x0000a2       data     extern C:\Documents and Settings\Pelle\My Documents\PIC Code Jan 2010\MTC reader 18F2520\main.c
                MTC_start   0x0000a3       data     extern C:\Documents and Settings\Pelle\My Documents\PIC Code Jan 2010\MTC reader 18F2520\main.c
               MTC_locked   0x0000a4       data     extern C:\Documents and Settings\Pelle\My Documents\PIC Code Jan 2010\MTC reader 18F2520\main.c
        MTC_subframe_tick   0x0000a5       data     extern C:\Documents and Settings\Pelle\My Documents\PIC Code Jan 2010\MTC reader 18F2520\main.c
             MTC_subframe   0x0000a6       data     extern C:\Documents and Settings\Pelle\My Documents\PIC Code Jan 2010\MTC reader 18F2520\main.c
                MTC_frame   0x0000a7       data     extern C:\Documents and Settings\Pelle\My Documents\PIC Code Jan 2010\MTC reader 18F2520\main.c
               MTC_second   0x0000a8       data     extern C:\Documents and Settings\Pelle\My Documents\PIC Code Jan 2010\MTC reader 18F2520\main.c
               MTC_minute   0x0000a9       data     extern C:\Documents and Settings\Pelle\My Documents\PIC Code Jan 2010\MTC reader 18F2520\main.c
                 MTC_hour   0x0000aa       data     extern C:\Documents and Settings\Pelle\My Documents\PIC Code Jan 2010\MTC reader 18F2520\main.c
            MTC_full_byte   0x0000ab       data     extern C:\Documents and Settings\Pelle\My Documents\PIC Code Jan 2010\MTC reader 18F2520\main.c
               MTC_toggle   0x0000ac       data     extern C:\Documents and Settings\Pelle\My Documents\PIC Code Jan 2010\MTC reader 18F2520\main.c
               midi_count   0x0000ad       data     extern C:\Documents and Settings\Pelle\My Documents\PIC Code Jan 2010\MTC reader 18F2520\main.c
                 clk_flag   0x0000ae       data     extern C:\Documents and Settings\Pelle\My Documents\PIC Code Jan 2010\MTC reader 18F2520\main.c
                     prom   0x0000af       data     static C:\MCC18\src\traditional\startup\c018i.c
                curr_byte   0x0000b2       data     static C:\MCC18\src\traditional\startup\c018i.c
               curr_entry   0x0000b4       data     static C:\MCC18\src\traditional\startup\c018i.c
                 data_ptr   0x0000b6       data     static C:\MCC18\src\traditional\startup\c018i.c
             USART_Status   0x0000b9       data     extern C:\MCC18\src\pmc_common\USART\udefs.c
                PORTAbits   0x000f80       data     extern C:\MCC18\src\traditional\proc\p18F4520.asm
                    PORTA   0x000f80       data     extern C:\MCC18\src\traditional\proc\p18F4520.asm
                PORTBbits   0x000f81       data     extern C:\MCC18\src\traditional\proc\p18F4520.asm
                    PORTB   0x000f81       data     extern C:\MCC18\src\traditional\proc\p18F4520.asm
                PORTCbits   0x000f82       data     extern C:\MCC18\src\traditional\proc\p18F4520.asm
                    PORTC   0x000f82       data     extern C:\MCC18\src\traditional\proc\p18F4520.asm
                PORTDbits   0x000f83       data     extern C:\MCC18\src\traditional\proc\p18F4520.asm
                    PORTD   0x000f83       data     extern C:\MCC18\src\traditional\proc\p18F4520.asm
                    PORTE   0x000f84       data     extern C:\MCC18\src\traditional\proc\p18F4520.asm
                PORTEbits   0x000f84       data     extern C:\MCC18\src\traditional\proc\p18F4520.asm
                     LATA   0x000f89       data     extern C:\MCC18\src\traditional\proc\p18F4520.asm
                 LATAbits   0x000f89       data     extern C:\MCC18\src\traditional\proc\p18F4520.asm
                 LATBbits   0x000f8a       data     extern C:\MCC18\src\traditional\proc\p18F4520.asm
                     LATB   0x000f8a       data     extern C:\MCC18\src\traditional\proc\p18F4520.asm
                 LATCbits   0x000f8b       data     extern C:\MCC18\src\traditional\proc\p18F4520.asm
                     LATC   0x000f8b       data     extern C:\MCC18\src\traditional\proc\p18F4520.asm
                 LATDbits   0x000f8c       data     extern C:\MCC18\src\traditional\proc\p18F4520.asm
                     LATD   0x000f8c       data     extern C:\MCC18\src\traditional\proc\p18F4520.asm
                 LATEbits   0x000f8d       data     extern C:\MCC18\src\traditional\proc\p18F4520.asm
                     LATE   0x000f8d       data     extern C:\MCC18\src\traditional\proc\p18F4520.asm
                    TRISA   0x000f92       data     extern C:\MCC18\src\traditional\proc\p18F4520.asm
                TRISAbits   0x000f92       data     extern C:\MCC18\src\traditional\proc\p18F4520.asm
                     DDRA   0x000f92       data     extern C:\MCC18\src\traditional\proc\p18F4520.asm
                 DDRAbits   0x000f92       data     extern C:\MCC18\src\traditional\proc\p18F4520.asm
                    TRISB   0x000f93       data     extern C:\MCC18\src\traditional\proc\p18F4520.asm
                TRISBbits   0x000f93       data     extern C:\MCC18\src\traditional\proc\p18F4520.asm
                 DDRBbits   0x000f93       data     extern C:\MCC18\src\traditional\proc\p18F4520.asm
                     DDRB   0x000f93       data     extern C:\MCC18\src\traditional\proc\p18F4520.asm
                 DDRCbits   0x000f94       data     extern C:\MCC18\src\traditional\proc\p18F4520.asm
                     DDRC   0x000f94       data     extern C:\MCC18\src\traditional\proc\p18F4520.asm
                    TRISC   0x000f94       data     extern C:\MCC18\src\traditional\proc\p18F4520.asm
                TRISCbits   0x000f94       data     extern C:\MCC18\src\traditional\proc\p18F4520.asm
                    TRISD   0x000f95       data     extern C:\MCC18\src\traditional\proc\p18F4520.asm
                TRISDbits   0x000f95       data     extern C:\MCC18\src\traditional\proc\p18F4520.asm
                     DDRD   0x000f95       data     extern C:\MCC18\src\traditional\proc\p18F4520.asm
                 DDRDbits   0x000f95       data     extern C:\MCC18\src\traditional\proc\p18F4520.asm
                    TRISE   0x000f96       data     extern C:\MCC18\src\traditional\proc\p18F4520.asm
                TRISEbits   0x000f96       data     extern C:\MCC18\src\traditional\proc\p18F4520.asm
                     DDRE   0x000f96       data     extern C:\MCC18\src\traditional\proc\p18F4520.asm
                 DDREbits   0x000f96       data     extern C:\MCC18\src\traditional\proc\p18F4520.asm
                  OSCTUNE   0x000f9b       data     extern C:\MCC18\src\traditional\proc\p18F4520.asm
              OSCTUNEbits   0x000f9b       data     extern C:\MCC18\src\traditional\proc\p18F4520.asm
                 PIE1bits   0x000f9d       data     extern C:\MCC18\src\traditional\proc\p18F4520.asm
                     PIE1   0x000f9d       data     extern C:\MCC18\src\traditional\proc\p18F4520.asm
                 PIR1bits   0x000f9e       data     extern C:\MCC18\src\traditional\proc\p18F4520.asm
                     PIR1   0x000f9e       data     extern C:\MCC18\src\traditional\proc\p18F4520.asm
                     IPR1   0x000f9f       data     extern C:\MCC18\src\traditional\proc\p18F4520.asm
                 IPR1bits   0x000f9f       data     extern C:\MCC18\src\traditional\proc\p18F4520.asm
                     PIE2   0x000fa0       data     extern C:\MCC18\src\traditional\proc\p18F4520.asm
                 PIE2bits   0x000fa0       data     extern C:\MCC18\src\traditional\proc\p18F4520.asm
                 PIR2bits   0x000fa1       data     extern C:\MCC18\src\traditional\proc\p18F4520.asm
                     PIR2   0x000fa1       data     extern C:\MCC18\src\traditional\proc\p18F4520.asm
                 IPR2bits   0x000fa2       data     extern C:\MCC18\src\traditional\proc\p18F4520.asm
                     IPR2   0x000fa2       data     extern C:\MCC18\src\traditional\proc\p18F4520.asm
               EECON1bits   0x000fa6       data     extern C:\MCC18\src\traditional\proc\p18F4520.asm
                   EECON1   0x000fa6       data     extern C:\MCC18\src\traditional\proc\p18F4520.asm
                   EECON2   0x000fa7       data     extern C:\MCC18\src\traditional\proc\p18F4520.asm
                   EEDATA   0x000fa8       data     extern C:\MCC18\src\traditional\proc\p18F4520.asm
                    EEADR   0x000fa9       data     extern C:\MCC18\src\traditional\proc\p18F4520.asm
                RCSTAbits   0x000fab       data     extern C:\MCC18\src\traditional\proc\p18F4520.asm
                    RCSTA   0x000fab       data     extern C:\MCC18\src\traditional\proc\p18F4520.asm
                TXSTAbits   0x000fac       data     extern C:\MCC18\src\traditional\proc\p18F4520.asm
                    TXSTA   0x000fac       data     extern C:\MCC18\src\traditional\proc\p18F4520.asm
                    TXREG   0x000fad       data     extern C:\MCC18\src\traditional\proc\p18F4520.asm
                    RCREG   0x000fae       data     extern C:\MCC18\src\traditional\proc\p18F4520.asm
                    SPBRG   0x000faf       data     extern C:\MCC18\src\traditional\proc\p18F4520.asm
                   SPBRGH   0x000fb0       data     extern C:\MCC18\src\traditional\proc\p18F4520.asm
                T3CONbits   0x000fb1       data     extern C:\MCC18\src\traditional\proc\p18F4520.asm
                    T3CON   0x000fb1       data     extern C:\MCC18\src\traditional\proc\p18F4520.asm
                    TMR3L   0x000fb2       data     extern C:\MCC18\src\traditional\proc\p18F4520.asm
                    TMR3H   0x000fb3       data     extern C:\MCC18\src\traditional\proc\p18F4520.asm
                    CMCON   0x000fb4       data     extern C:\MCC18\src\traditional\proc\p18F4520.asm
                CMCONbits   0x000fb4       data     extern C:\MCC18\src\traditional\proc\p18F4520.asm
                   CVRCON   0x000fb5       data     extern C:\MCC18\src\traditional\proc\p18F4520.asm
               CVRCONbits   0x000fb5       data     extern C:\MCC18\src\traditional\proc\p18F4520.asm
              ECCP1ASbits   0x000fb6       data     extern C:\MCC18\src\traditional\proc\p18F4520.asm
                  ECCP1AS   0x000fb6       data     extern C:\MCC18\src\traditional\proc\p18F4520.asm
                  PWM1CON   0x000fb7       data     extern C:\MCC18\src\traditional\proc\p18F4520.asm
              PWM1CONbits   0x000fb7       data     extern C:\MCC18\src\traditional\proc\p18F4520.asm
                  BAUDCON   0x000fb8       data     extern C:\MCC18\src\traditional\proc\p18F4520.asm
              BAUDCONbits   0x000fb8       data     extern C:\MCC18\src\traditional\proc\p18F4520.asm
                  BAUDCTL   0x000fb8       data     extern C:\MCC18\src\traditional\proc\p18F4520.asm
              BAUDCTLbits   0x000fb8       data     extern C:\MCC18\src\traditional\proc\p18F4520.asm
                  CCP2CON   0x000fba       data     extern C:\MCC18\src\traditional\proc\p18F4520.asm
              CCP2CONbits   0x000fba       data     extern C:\MCC18\src\traditional\proc\p18F4520.asm
                   CCPR2L   0x000fbb       data     extern C:\MCC18\src\traditional\proc\p18F4520.asm
                    CCPR2   0x000fbb       data     extern C:\MCC18\src\traditional\proc\p18F4520.asm
                   CCPR2H   0x000fbc       data     extern C:\MCC18\src\traditional\proc\p18F4520.asm
              CCP1CONbits   0x000fbd       data     extern C:\MCC18\src\traditional\proc\p18F4520.asm
                  CCP1CON   0x000fbd       data     extern C:\MCC18\src\traditional\proc\p18F4520.asm
                   CCPR1L   0x000fbe       data     extern C:\MCC18\src\traditional\proc\p18F4520.asm
                    CCPR1   0x000fbe       data     extern C:\MCC18\src\traditional\proc\p18F4520.asm
                   CCPR1H   0x000fbf       data     extern C:\MCC18\src\traditional\proc\p18F4520.asm
               ADCON2bits   0x000fc0       data     extern C:\MCC18\src\traditional\proc\p18F4520.asm
                   ADCON2   0x000fc0       data     extern C:\MCC18\src\traditional\proc\p18F4520.asm
               ADCON1bits   0x000fc1       data     extern C:\MCC18\src\traditional\proc\p18F4520.asm
                   ADCON1   0x000fc1       data     extern C:\MCC18\src\traditional\proc\p18F4520.asm
                   ADCON0   0x000fc2       data     extern C:\MCC18\src\traditional\proc\p18F4520.asm
               ADCON0bits   0x000fc2       data     extern C:\MCC18\src\traditional\proc\p18F4520.asm
                    ADRES   0x000fc3       data     extern C:\MCC18\src\traditional\proc\p18F4520.asm
                   ADRESL   0x000fc3       data     extern C:\MCC18\src\traditional\proc\p18F4520.asm
                   ADRESH   0x000fc4       data     extern C:\MCC18\src\traditional\proc\p18F4520.asm
                  SSPCON2   0x000fc5       data     extern C:\MCC18\src\traditional\proc\p18F4520.asm
              SSPCON2bits   0x000fc5       data     extern C:\MCC18\src\traditional\proc\p18F4520.asm
                  SSPCON1   0x000fc6       data     extern C:\MCC18\src\traditional\proc\p18F4520.asm
              SSPCON1bits   0x000fc6       data     extern C:\MCC18\src\traditional\proc\p18F4520.asm
              SSPSTATbits   0x000fc7       data     extern C:\MCC18\src\traditional\proc\p18F4520.asm
                  SSPSTAT   0x000fc7       data     extern C:\MCC18\src\traditional\proc\p18F4520.asm
                   SSPADD   0x000fc8       data     extern C:\MCC18\src\traditional\proc\p18F4520.asm
                   SSPBUF   0x000fc9       data     extern C:\MCC18\src\traditional\proc\p18F4520.asm
                T2CONbits   0x000fca       data     extern C:\MCC18\src\traditional\proc\p18F4520.asm
                    T2CON   0x000fca       data     extern C:\MCC18\src\traditional\proc\p18F4520.asm
                      PR2   0x000fcb       data     extern C:\MCC18\src\traditional\proc\p18F4520.asm
                     TMR2   0x000fcc       data     extern C:\MCC18\src\traditional\proc\p18F4520.asm
                    T1CON   0x000fcd       data     extern C:\MCC18\src\traditional\proc\p18F4520.asm
                T1CONbits   0x000fcd       data     extern C:\MCC18\src\traditional\proc\p18F4520.asm
                    TMR1L   0x000fce       data     extern C:\MCC18\src\traditional\proc\p18F4520.asm
                    TMR1H   0x000fcf       data     extern C:\MCC18\src\traditional\proc\p18F4520.asm
                 RCONbits   0x000fd0       data     extern C:\MCC18\src\traditional\proc\p18F4520.asm
                     RCON   0x000fd0       data     extern C:\MCC18\src\traditional\proc\p18F4520.asm
                   WDTCON   0x000fd1       data     extern C:\MCC18\src\traditional\proc\p18F4520.asm
               WDTCONbits   0x000fd1       data     extern C:\MCC18\src\traditional\proc\p18F4520.asm
               LVDCONbits   0x000fd2       data     extern C:\MCC18\src\traditional\proc\p18F4520.asm
                   LVDCON   0x000fd2       data     extern C:\MCC18\src\traditional\proc\p18F4520.asm
              HLVDCONbits   0x000fd2       data     extern C:\MCC18\src\traditional\proc\p18F4520.asm
                  HLVDCON   0x000fd2       data     extern C:\MCC18\src\traditional\proc\p18F4520.asm
               OSCCONbits   0x000fd3       data     extern C:\MCC18\src\traditional\proc\p18F4520.asm
                   OSCCON   0x000fd3       data     extern C:\MCC18\src\traditional\proc\p18F4520.asm
                    T0CON   0x000fd5       data     extern C:\MCC18\src\traditional\proc\p18F4520.asm
                T0CONbits   0x000fd5       data     extern C:\MCC18\src\traditional\proc\p18F4520.asm
                    TMR0L   0x000fd6       data     extern C:\MCC18\src\traditional\proc\p18F4520.asm
                    TMR0H   0x000fd7       data     extern C:\MCC18\src\traditional\proc\p18F4520.asm
                   STATUS   0x000fd8       data     extern C:\MCC18\src\traditional\proc\p18F4520.asm
               STATUSbits   0x000fd8       data     extern C:\MCC18\src\traditional\proc\p18F4520.asm
                     FSR2   0x000fd9       data     extern C:\MCC18\src\traditional\proc\p18F4520.asm
                    FSR2L   0x000fd9       data     extern C:\MCC18\src\traditional\proc\p18F4520.asm
                    FSR2H   0x000fda       data     extern C:\MCC18\src\traditional\proc\p18F4520.asm
                   PLUSW2   0x000fdb       data     extern C:\MCC18\src\traditional\proc\p18F4520.asm
                  PREINC2   0x000fdc       data     extern C:\MCC18\src\traditional\proc\p18F4520.asm
                 POSTDEC2   0x000fdd       data     extern C:\MCC18\src\traditional\proc\p18F4520.asm
                 POSTINC2   0x000fde       data     extern C:\MCC18\src\traditional\proc\p18F4520.asm
                    INDF2   0x000fdf       data     extern C:\MCC18\src\traditional\proc\p18F4520.asm
                      BSR   0x000fe0       data     extern C:\MCC18\src\traditional\proc\p18F4520.asm
                     FSR1   0x000fe1       data     extern C:\MCC18\src\traditional\proc\p18F4520.asm
                    FSR1L   0x000fe1       data     extern C:\MCC18\src\traditional\proc\p18F4520.asm
                    FSR1H   0x000fe2       data     extern C:\MCC18\src\traditional\proc\p18F4520.asm
                   PLUSW1   0x000fe3       data     extern C:\MCC18\src\traditional\proc\p18F4520.asm
                  PREINC1   0x000fe4       data     extern C:\MCC18\src\traditional\proc\p18F4520.asm
                 POSTDEC1   0x000fe5       data     extern C:\MCC18\src\traditional\proc\p18F4520.asm
                 POSTINC1   0x000fe6       data     extern C:\MCC18\src\traditional\proc\p18F4520.asm
                    INDF1   0x000fe7       data     extern C:\MCC18\src\traditional\proc\p18F4520.asm
                     WREG   0x000fe8       data     extern C:\MCC18\src\traditional\proc\p18F4520.asm
                        W   0x000fe8       data     extern C:\MCC18\src\traditional\proc\p18F4520.asm
                    FSR0L   0x000fe9       data     extern C:\MCC18\src\traditional\proc\p18F4520.asm
                     FSR0   0x000fe9       data     extern C:\MCC18\src\traditional\proc\p18F4520.asm
                    FSR0H   0x000fea       data     extern C:\MCC18\src\traditional\proc\p18F4520.asm
                   PLUSW0   0x000feb       data     extern C:\MCC18\src\traditional\proc\p18F4520.asm
                  PREINC0   0x000fec       data     extern C:\MCC18\src\traditional\proc\p18F4520.asm
                 POSTDEC0   0x000fed       data     extern C:\MCC18\src\traditional\proc\p18F4520.asm
                 POSTINC0   0x000fee       data     extern C:\MCC18\src\traditional\proc\p18F4520.asm
                    INDF0   0x000fef       data     extern C:\MCC18\src\traditional\proc\p18F4520.asm
              INTCON3bits   0x000ff0       data     extern C:\MCC18\src\traditional\proc\p18F4520.asm
                  INTCON3   0x000ff0       data     extern C:\MCC18\src\traditional\proc\p18F4520.asm
                  INTCON2   0x000ff1       data     extern C:\MCC18\src\traditional\proc\p18F4520.asm
              INTCON2bits   0x000ff1       data     extern C:\MCC18\src\traditional\proc\p18F4520.asm
                   INTCON   0x000ff2       data     extern C:\MCC18\src\traditional\proc\p18F4520.asm
               INTCONbits   0x000ff2       data     extern C:\MCC18\src\traditional\proc\p18F4520.asm
                    PRODL   0x000ff3       data     extern C:\MCC18\src\traditional\proc\p18F4520.asm
                     PROD   0x000ff3       data     extern C:\MCC18\src\traditional\proc\p18F4520.asm
                    PRODH   0x000ff4       data     extern C:\MCC18\src\traditional\proc\p18F4520.asm
                   TABLAT   0x000ff5       data     extern C:\MCC18\src\traditional\proc\p18F4520.asm
                   TBLPTR   0x000ff6       data     extern C:\MCC18\src\traditional\proc\p18F4520.asm
                  TBLPTRL   0x000ff6       data     extern C:\MCC18\src\traditional\proc\p18F4520.asm
                  TBLPTRH   0x000ff7       data     extern C:\MCC18\src\traditional\proc\p18F4520.asm
                  TBLPTRU   0x000ff8       data     extern C:\MCC18\src\traditional\proc\p18F4520.asm
                      PCL   0x000ff9       data     extern C:\MCC18\src\traditional\proc\p18F4520.asm
                       PC   0x000ff9       data     extern C:\MCC18\src\traditional\proc\p18F4520.asm
                   PCLATH   0x000ffa       data     extern C:\MCC18\src\traditional\proc\p18F4520.asm
                   PCLATU   0x000ffb       data     extern C:\MCC18\src\traditional\proc\p18F4520.asm
                   STKPTR   0x000ffc       data     extern C:\MCC18\src\traditional\proc\p18F4520.asm
               STKPTRbits   0x000ffc       data     extern C:\MCC18\src\traditional\proc\p18F4520.asm
                      TOS   0x000ffd       data     extern C:\MCC18\src\traditional\proc\p18F4520.asm
                     TOSL   0x000ffd       data     extern C:\MCC18\src\traditional\proc\p18F4520.asm
                     TOSH   0x000ffe       data     extern C:\MCC18\src\traditional\proc\p18F4520.asm
                     TOSU   0x000fff       data     extern C:\MCC18\src\traditional\proc\p18F4520.asm


