MPLINK 4.37, Linker
Linker Map File - Created Fri Apr 06 08:35:33 2012

                                 Section Info
                  Section       Type    Address   Location Size(Bytes)
                ---------  ---------  ---------  ---------  ---------
               _entry_scn       code   0x000000    program   0x000006
REMAPPED_HIGH_INTERRUPT_VECTOR       code   0x000008    program   0x000006
REMAPPED_LOW_INTERRUPT_VECTOR       code   0x000018    program   0x000006
                   .cinit    romdata   0x00102a    program   0x00000e
       .code_usb_device.o       code   0x001038    program   0x00108e
             .code_main.o       code   0x0020c6    program   0x0007fc
               _cinit_scn       code   0x0028c2    program   0x00009e
.romdata_usb_descriptors.o    romdata   0x002960    program   0x00009d
        .idata___init.o_i    romdata   0x0029fd    program   0x000000
        .romdata___init.o    romdata   0x0029fd    program   0x000000
         .romdata_c018i.o    romdata   0x0029fd    program   0x000000
          .romdata_main.o    romdata   0x0029fd    program   0x000000
.romdata_usb_function_generic.o    romdata   0x0029fd    program   0x000000
.idata_usb_function_generic.o_i    romdata   0x0029fd    program   0x000000
    .romdata_usb_device.o    romdata   0x0029fd    program   0x000000
    .idata_usb_device.o_i    romdata   0x0029fd    program   0x000000
.idata_usb_descriptors.o_i    romdata   0x0029fd    program   0x000000
         .idata_c018i.o_i    romdata   0x0029fd    program   0x000000
.code_usb_function_generic.o       code   0x0029fe    program   0x000000
                   STRING       code   0x0029fe    program   0x000034
            .code_c018i.o       code   0x0029fe    program   0x000000
  .code_usb_descriptors.o       code   0x0029fe    program   0x000000
                    .code       code   0x002a32    program   0x000020
             _startup_scn       code   0x002a52    program   0x00001c
           .code___init.o       code   0x002a6e    program   0x000002
          .idata_main.o_i    romdata   0x002a70    program   0x00000b
    .config_300000_main.o    romdata   0x300000    program   0x000001
    .config_300001_main.o    romdata   0x300001    program   0x000001
    .config_300002_main.o    romdata   0x300002    program   0x000001
    .config_300003_main.o    romdata   0x300003    program   0x000001
    .config_300005_main.o    romdata   0x300005    program   0x000001
    .config_300006_main.o    romdata   0x300006    program   0x000001
    .config_300008_main.o    romdata   0x300008    program   0x000001
    .config_300009_main.o    romdata   0x300009    program   0x000001
    .config_30000a_main.o    romdata   0x30000a    program   0x000001
    .config_30000b_main.o    romdata   0x30000b    program   0x000001
    .config_30000c_main.o    romdata   0x30000c    program   0x000001
    .config_30000d_main.o    romdata   0x30000d    program   0x000001
                MATH_DATA      udata   0x000000       data   0x00000b
                 .tmpdata      udata   0x00000b       data   0x000003
      .udata_usb_device.o      udata   0x000060       data   0x000036
            .udata_main.o      udata   0x000096       data   0x00000b
            .idata_main.o      idata   0x0000a1       data   0x00000b
           .udata_c018i.o      udata   0x0000ac       data   0x00000a
                   .stack      udata   0x000300       data   0x000100
                  USB_BDT      udata   0x000400       data   0x000050
            USB_VARIABLES      udata   0x000500       data   0x000021
           USB_VARIABLES2      udata   0x000600       data   0x0000ff
           USB_VARIABLES3      udata   0x000700       data   0x0000ff
      .idata_usb_device.o      idata   0x0007ff       data   0x000000
.udata_usb_function_generic.o      udata   0x0007ff       data   0x000000
.idata_usb_function_generic.o      idata   0x0007ff       data   0x000000
 .idata_usb_descriptors.o      idata   0x0007ff       data   0x000000
 .udata_usb_descriptors.o      udata   0x0007ff       data   0x000000
          .udata___init.o      udata   0x0007ff       data   0x000000
          .idata___init.o      idata   0x0007ff       data   0x000000
           .idata_c018i.o      idata   0x0007ff       data   0x000000
            SFR_UNBANKED0      udata   0x000f62       data   0x00009e



                              Program Memory Usage 
                               Start         End      
                           ---------   ---------      
                            0x000000    0x000005      
                            0x000008    0x00000d      
                            0x000018    0x00001d      
                            0x00102a    0x0029fc      
                            0x0029fe    0x002a7a      
                            0x300000    0x300003      
                            0x300005    0x300006      
                            0x300008    0x30000d      
            6766 out of 33048 program addresses used, program memory utilization is 20%



                              Symbols - Sorted by Name
                     Name    Address   Location    Storage File                     
                ---------  ---------  ---------  --------- ---------                
                ErrorCode   0x002798    program     extern C:\Documents and Settings\Pelle\My Documents\PIC Code Jan 2010\USB Interface 18F4550\main.c
         InitializeSystem   0x0021e2    program     static C:\Documents and Settings\Pelle\My Documents\PIC Code Jan 2010\USB Interface 18F4550\main.c
         NoLatencyShuffle   0x002324    program     extern C:\Documents and Settings\Pelle\My Documents\PIC Code Jan 2010\USB Interface 18F4550\main.c
                ProcessIO   0x002210    program     extern C:\Documents and Settings\Pelle\My Documents\PIC Code Jan 2010\USB Interface 18F4550\main.c
            Read_MTC_Comm   0x002466    program     extern C:\Documents and Settings\Pelle\My Documents\PIC Code Jan 2010\USB Interface 18F4550\main.c
        Remapped_High_ISR   0x000008    program     extern C:\Documents and Settings\Pelle\My Documents\PIC Code Jan 2010\USB Interface 18F4550\main.c
         Remapped_Low_ISR   0x000018    program     extern C:\Documents and Settings\Pelle\My Documents\PIC Code Jan 2010\USB Interface 18F4550\main.c
       USBCBCheckOtherReq   0x0027ea    program     extern C:\Documents and Settings\Pelle\My Documents\PIC Code Jan 2010\USB Interface 18F4550\main.c
        USBCBErrorHandler   0x0027e8    program     extern C:\Documents and Settings\Pelle\My Documents\PIC Code Jan 2010\USB Interface 18F4550\main.c
              USBCBInitEP   0x0027ee    program     extern C:\Documents and Settings\Pelle\My Documents\PIC Code Jan 2010\USB Interface 18F4550\main.c
          USBCBSendResume   0x002810    program     extern C:\Documents and Settings\Pelle\My Documents\PIC Code Jan 2010\USB Interface 18F4550\main.c
    USBCBStdSetDscHandler   0x0027ec    program     extern C:\Documents and Settings\Pelle\My Documents\PIC Code Jan 2010\USB Interface 18F4550\main.c
             USBCBSuspend   0x0027e2    program     extern C:\Documents and Settings\Pelle\My Documents\PIC Code Jan 2010\USB Interface 18F4550\main.c
     USBCBWakeFromSuspend   0x0027e4    program     extern C:\Documents and Settings\Pelle\My Documents\PIC Code Jan 2010\USB Interface 18F4550\main.c
        USBCB_SOF_Handler   0x0027e6    program     extern C:\Documents and Settings\Pelle\My Documents\PIC Code Jan 2010\USB Interface 18F4550\main.c
              USBCancelIO   0x001fda    program     extern C:\Documents and Settings\Pelle\My Documents\Microchip\USB\usb_device.c
       USBCheckStdRequest   0x001502    program     extern C:\Documents and Settings\Pelle\My Documents\Microchip\USB\usb_device.c
     USBConfigureEndpoint   0x001cc8    program     extern C:\Documents and Settings\Pelle\My Documents\Microchip\USB\usb_device.c
         USBCtrlEPService   0x001296    program     extern C:\Documents and Settings\Pelle\My Documents\Microchip\USB\usb_device.c
 USBCtrlEPServiceComplete   0x00185a    program     extern C:\Documents and Settings\Pelle\My Documents\Microchip\USB\usb_device.c
      USBCtrlTrfInHandler   0x001402    program     extern C:\Documents and Settings\Pelle\My Documents\Microchip\USB\usb_device.c
     USBCtrlTrfOutHandler   0x0013b6    program     extern C:\Documents and Settings\Pelle\My Documents\Microchip\USB\usb_device.c
      USBCtrlTrfRxService   0x001b1a    program     extern C:\Documents and Settings\Pelle\My Documents\Microchip\USB\usb_device.c
   USBCtrlTrfSetupHandler   0x001370    program     extern C:\Documents and Settings\Pelle\My Documents\Microchip\USB\usb_device.c
      USBCtrlTrfTxService   0x001a04    program     extern C:\Documents and Settings\Pelle\My Documents\Microchip\USB\usb_device.c
          USBDeviceAttach   0x002098    program     extern C:\Documents and Settings\Pelle\My Documents\Microchip\USB\usb_device.c
          USBDeviceDetach   0x00208a    program     extern C:\Documents and Settings\Pelle\My Documents\Microchip\USB\usb_device.c
            USBDeviceInit   0x001038    program     extern C:\Documents and Settings\Pelle\My Documents\Microchip\USB\usb_device.c
           USBDeviceTasks   0x0010d4    program     extern C:\Documents and Settings\Pelle\My Documents\Microchip\USB\usb_device.c
        USBEnableEndpoint   0x001d9c    program     extern C:\Documents and Settings\Pelle\My Documents\Microchip\USB\usb_device.c
USBPrepareForNextSetupTrf   0x00149c    program     extern C:\Documents and Settings\Pelle\My Documents\Microchip\USB\usb_device.c
         USBStallEndpoint   0x001e08    program     extern C:\Documents and Settings\Pelle\My Documents\Microchip\USB\usb_device.c
          USBStallHandler   0x001216    program     extern C:\Documents and Settings\Pelle\My Documents\Microchip\USB\usb_device.c
  USBStdFeatureReqHandler   0x0015ca    program     extern C:\Documents and Settings\Pelle\My Documents\Microchip\USB\usb_device.c
      USBStdGetDscHandler   0x0016e4    program     extern C:\Documents and Settings\Pelle\My Documents\Microchip\USB\usb_device.c
   USBStdGetStatusHandler   0x001798    program     extern C:\Documents and Settings\Pelle\My Documents\Microchip\USB\usb_device.c
      USBStdSetCfgHandler   0x001c56    program     extern C:\Documents and Settings\Pelle\My Documents\Microchip\USB\usb_device.c
               USBSuspend   0x001248    program     extern C:\Documents and Settings\Pelle\My Documents\Microchip\USB\usb_device.c
     USBTransferOnePacket   0x001ee8    program     extern C:\Documents and Settings\Pelle\My Documents\Microchip\USB\usb_device.c
       USBWakeFromSuspend   0x00126c    program     extern C:\Documents and Settings\Pelle\My Documents\Microchip\USB\usb_device.c
               USB_CD_Ptr   0x0029f5    program     extern C:\Documents and Settings\Pelle\My Documents\PIC Code Jan 2010\USB Interface 18F4550\usb_descriptors.c
               USB_SD_Ptr   0x0029f7    program     extern C:\Documents and Settings\Pelle\My Documents\PIC Code Jan 2010\USB Interface 18F4550\usb_descriptors.c
USER_USB_CALLBACK_EVENT_HANDLER   0x00282c    program     extern C:\Documents and Settings\Pelle\My Documents\PIC Code Jan 2010\USB Interface 18F4550\main.c
                 UserInit   0x002206    program     extern C:\Documents and Settings\Pelle\My Documents\PIC Code Jan 2010\USB Interface 18F4550\main.c
  YourHighPriorityISRCode   0x0020c6    program     extern C:\Documents and Settings\Pelle\My Documents\PIC Code Jan 2010\USB Interface 18F4550\main.c
   YourLowPriorityISRCode   0x00215c    program     extern C:\Documents and Settings\Pelle\My Documents\PIC Code Jan 2010\USB Interface 18F4550\main.c
              _2jContinue   0x002a1e    program     static C:\MCC18\src\traditional\stdclib\memset.asm
                   _3jEnd   0x002a28    program     static C:\MCC18\src\traditional\stdclib\memset.asm
     ___case_114_lbl00107   0x0028b0    program     static                          
     ___case_115_lbl00103   0x0028a0    program     static                          
     ___case_116_lbl00105   0x0028a8    program     static                          
     ___case_117_lbl00104   0x0028a4    program     static                          
       ___case_1_lbl00100   0x002894    program     static                          
       ___case_2_lbl00101   0x002898    program     static                          
       ___case_3_lbl00102   0x00289c    program     static                          
   ___case_65535_lbl00106   0x0028ac    program     static                          
      ___default_lbl00108   0x0028b4    program     static                          
       ___return_lbl00000   0x00000c    program     static                          
       ___return_lbl00000   0x000004    program     static                          
       ___return_lbl00001   0x00001c    program     static                          
       ___return_lbl00001   0x002a6c    program     static                          
       ___return_lbl00002   0x00295e    program     static                          
       ___return_lbl00098   0x0028ba    program     static                          
   ___switchexit_lbl00099   0x0028b6    program     static                          
               __config_0   0x300000    program     static C:\Documents and Settings\Pelle\My Documents\PIC Code Jan 2010\USB Interface 18F4550\main.c
               __config_1   0x300001    program     static C:\Documents and Settings\Pelle\My Documents\PIC Code Jan 2010\USB Interface 18F4550\main.c
              __config_10   0x30000c    program     static C:\Documents and Settings\Pelle\My Documents\PIC Code Jan 2010\USB Interface 18F4550\main.c
              __config_11   0x30000d    program     static C:\Documents and Settings\Pelle\My Documents\PIC Code Jan 2010\USB Interface 18F4550\main.c
               __config_2   0x300002    program     static C:\Documents and Settings\Pelle\My Documents\PIC Code Jan 2010\USB Interface 18F4550\main.c
               __config_3   0x300003    program     static C:\Documents and Settings\Pelle\My Documents\PIC Code Jan 2010\USB Interface 18F4550\main.c
               __config_4   0x300005    program     static C:\Documents and Settings\Pelle\My Documents\PIC Code Jan 2010\USB Interface 18F4550\main.c
               __config_5   0x300006    program     static C:\Documents and Settings\Pelle\My Documents\PIC Code Jan 2010\USB Interface 18F4550\main.c
               __config_6   0x300008    program     static C:\Documents and Settings\Pelle\My Documents\PIC Code Jan 2010\USB Interface 18F4550\main.c
               __config_7   0x300009    program     static C:\Documents and Settings\Pelle\My Documents\PIC Code Jan 2010\USB Interface 18F4550\main.c
               __config_8   0x30000a    program     static C:\Documents and Settings\Pelle\My Documents\PIC Code Jan 2010\USB Interface 18F4550\main.c
               __config_9   0x30000b    program     static C:\Documents and Settings\Pelle\My Documents\PIC Code Jan 2010\USB Interface 18F4550\main.c
                   __init   0x002a6e    program     extern C:\MCC18\src\traditional\stdclib\__init.c
              __tmplbl_11   0x002848    program     static                          
              __tmplbl_12   0x002854    program     static                          
              __tmplbl_13   0x00285e    program     static                          
              __tmplbl_14   0x002868    program     static                          
              __tmplbl_15   0x002872    program     static                          
              __tmplbl_16   0x00287c    program     static                          
              __tmplbl_17   0x002886    program     static                          
              __tmplbl_18   0x002890    program     static                          
            __zero_memory   0x002a32    program     extern C:\MCC18\src\traditional\proc\p18F4550.asm
                _do_cinit   0x0028c2    program     extern C:\MCC18\src\traditional\startup\c018i.c
                   _entry   0x000000    program     extern C:\MCC18\src\traditional\startup\c018i.c
                 _startup   0x002a52    program     extern C:\MCC18\src\traditional\startup\c018i.c
                compare_l   0x002a48    program     static C:\MCC18\src\traditional\proc\p18F4550.asm
        configDescriptor1   0x002972    program     extern C:\Documents and Settings\Pelle\My Documents\PIC Code Jan 2010\USB Interface 18F4550\usb_descriptors.c
                copy_loop   0x002934    program     static                          
            copy_one_byte   0x00293a    program     static                          
                data_comm   0x002518    program     extern C:\Documents and Settings\Pelle\My Documents\PIC Code Jan 2010\USB Interface 18F4550\main.c
               device_dsc   0x002960    program     extern C:\Documents and Settings\Pelle\My Documents\PIC Code Jan 2010\USB Interface 18F4550\usb_descriptors.c
                     done   0x00295e    program     static                          
             done_copying   0x002948    program     static                          
                     jEnd   0x002a30    program     static C:\MCC18\src\traditional\stdclib\memset.asm
                    jLoop   0x002a12    program     static C:\MCC18\src\traditional\stdclib\memset.asm
                     loop   0x002a62    program     static                          
                   loop_h   0x002a40    program     static C:\MCC18\src\traditional\proc\p18F4550.asm
                   loop_l   0x002a4a    program     static C:\MCC18\src\traditional\proc\p18F4550.asm
                     main   0x002186    program     extern C:\Documents and Settings\Pelle\My Documents\PIC Code Jan 2010\USB Interface 18F4550\main.c
                   memset   0x0029fe    program     extern C:\MCC18\src\traditional\stdclib\memset.asm
               read_clock   0x002744    program     extern C:\Documents and Settings\Pelle\My Documents\PIC Code Jan 2010\USB Interface 18F4550\main.c
                    sd000   0x002999    program     extern C:\Documents and Settings\Pelle\My Documents\PIC Code Jan 2010\USB Interface 18F4550\usb_descriptors.c
                    sd001   0x00299d    program     extern C:\Documents and Settings\Pelle\My Documents\PIC Code Jan 2010\USB Interface 18F4550\usb_descriptors.c
                    sd002   0x0029b9    program     extern C:\Documents and Settings\Pelle\My Documents\PIC Code Jan 2010\USB Interface 18F4550\usb_descriptors.c
                     test   0x0028dc    program     static                          
              write_clock   0x0026f0    program     extern C:\Documents and Settings\Pelle\My Documents\PIC Code Jan 2010\USB Interface 18F4550\main.c
               zero_block   0x002a40    program     static C:\MCC18\src\traditional\proc\p18F4550.asm
                   ADCON0   0x000fc2       data     extern C:\MCC18\src\traditional\proc\p18F4550.asm
               ADCON0bits   0x000fc2       data     extern C:\MCC18\src\traditional\proc\p18F4550.asm
                   ADCON1   0x000fc1       data     extern C:\MCC18\src\traditional\proc\p18F4550.asm
               ADCON1bits   0x000fc1       data     extern C:\MCC18\src\traditional\proc\p18F4550.asm
                   ADCON2   0x000fc0       data     extern C:\MCC18\src\traditional\proc\p18F4550.asm
               ADCON2bits   0x000fc0       data     extern C:\MCC18\src\traditional\proc\p18F4550.asm
                    ADRES   0x000fc3       data     extern C:\MCC18\src\traditional\proc\p18F4550.asm
                   ADRESH   0x000fc4       data     extern C:\MCC18\src\traditional\proc\p18F4550.asm
                   ADRESL   0x000fc3       data     extern C:\MCC18\src\traditional\proc\p18F4550.asm
                  BAUDCON   0x000fb8       data     extern C:\MCC18\src\traditional\proc\p18F4550.asm
              BAUDCONbits   0x000fb8       data     extern C:\MCC18\src\traditional\proc\p18F4550.asm
                      BDT   0x000400       data     extern C:\Documents and Settings\Pelle\My Documents\Microchip\USB\usb_device.c
                      BSR   0x000fe0       data     extern C:\MCC18\src\traditional\proc\p18F4550.asm
       BothEP0OutUOWNsSet   0x000089       data     extern C:\Documents and Settings\Pelle\My Documents\Microchip\USB\usb_device.c
                   CCP1AS   0x000fb6       data     extern C:\MCC18\src\traditional\proc\p18F4550.asm
               CCP1ASbits   0x000fb6       data     extern C:\MCC18\src\traditional\proc\p18F4550.asm
                  CCP1CON   0x000fbd       data     extern C:\MCC18\src\traditional\proc\p18F4550.asm
              CCP1CONbits   0x000fbd       data     extern C:\MCC18\src\traditional\proc\p18F4550.asm
                  CCP1DEL   0x000fb7       data     extern C:\MCC18\src\traditional\proc\p18F4550.asm
              CCP1DELbits   0x000fb7       data     extern C:\MCC18\src\traditional\proc\p18F4550.asm
                  CCP2CON   0x000fba       data     extern C:\MCC18\src\traditional\proc\p18F4550.asm
              CCP2CONbits   0x000fba       data     extern C:\MCC18\src\traditional\proc\p18F4550.asm
                    CCPR1   0x000fbe       data     extern C:\MCC18\src\traditional\proc\p18F4550.asm
                   CCPR1H   0x000fbf       data     extern C:\MCC18\src\traditional\proc\p18F4550.asm
                   CCPR1L   0x000fbe       data     extern C:\MCC18\src\traditional\proc\p18F4550.asm
                    CCPR2   0x000fbb       data     extern C:\MCC18\src\traditional\proc\p18F4550.asm
                   CCPR2H   0x000fbc       data     extern C:\MCC18\src\traditional\proc\p18F4550.asm
                   CCPR2L   0x000fbb       data     extern C:\MCC18\src\traditional\proc\p18F4550.asm
                    CMCON   0x000fb4       data     extern C:\MCC18\src\traditional\proc\p18F4550.asm
                CMCONbits   0x000fb4       data     extern C:\MCC18\src\traditional\proc\p18F4550.asm
                   CVRCON   0x000fb5       data     extern C:\MCC18\src\traditional\proc\p18F4550.asm
               CVRCONbits   0x000fb5       data     extern C:\MCC18\src\traditional\proc\p18F4550.asm
                 CommTick   0x0000a9       data     extern C:\Documents and Settings\Pelle\My Documents\PIC Code Jan 2010\USB Interface 18F4550\main.c
              CtrlTrfData   0x000448       data     extern C:\Documents and Settings\Pelle\My Documents\Microchip\USB\usb_device.c
                     DDRA   0x000f92       data     extern C:\MCC18\src\traditional\proc\p18F4550.asm
                 DDRAbits   0x000f92       data     extern C:\MCC18\src\traditional\proc\p18F4550.asm
                     DDRB   0x000f93       data     extern C:\MCC18\src\traditional\proc\p18F4550.asm
                 DDRBbits   0x000f93       data     extern C:\MCC18\src\traditional\proc\p18F4550.asm
                     DDRC   0x000f94       data     extern C:\MCC18\src\traditional\proc\p18F4550.asm
                 DDRCbits   0x000f94       data     extern C:\MCC18\src\traditional\proc\p18F4550.asm
                     DDRD   0x000f95       data     extern C:\MCC18\src\traditional\proc\p18F4550.asm
                 DDRDbits   0x000f95       data     extern C:\MCC18\src\traditional\proc\p18F4550.asm
                     DDRE   0x000f96       data     extern C:\MCC18\src\traditional\proc\p18F4550.asm
                 DDREbits   0x000f96       data     extern C:\MCC18\src\traditional\proc\p18F4550.asm
                  ECCP1AS   0x000fb6       data     extern C:\MCC18\src\traditional\proc\p18F4550.asm
              ECCP1ASbits   0x000fb6       data     extern C:\MCC18\src\traditional\proc\p18F4550.asm
                 ECCP1CON   0x000fbd       data     extern C:\MCC18\src\traditional\proc\p18F4550.asm
             ECCP1CONbits   0x000fbd       data     extern C:\MCC18\src\traditional\proc\p18F4550.asm
                 ECCP1DEL   0x000fb7       data     extern C:\MCC18\src\traditional\proc\p18F4550.asm
             ECCP1DELbits   0x000fb7       data     extern C:\MCC18\src\traditional\proc\p18F4550.asm
                    EEADR   0x000fa9       data     extern C:\MCC18\src\traditional\proc\p18F4550.asm
                   EECON1   0x000fa6       data     extern C:\MCC18\src\traditional\proc\p18F4550.asm
               EECON1bits   0x000fa6       data     extern C:\MCC18\src\traditional\proc\p18F4550.asm
                   EECON2   0x000fa7       data     extern C:\MCC18\src\traditional\proc\p18F4550.asm
                   EEDATA   0x000fa8       data     extern C:\MCC18\src\traditional\proc\p18F4550.asm
             EP1OUTHandle   0x00009d       data     extern C:\Documents and Settings\Pelle\My Documents\PIC Code Jan 2010\USB Interface 18F4550\main.c
                     FSR0   0x000fe9       data     extern C:\MCC18\src\traditional\proc\p18F4550.asm
                    FSR0H   0x000fea       data     extern C:\MCC18\src\traditional\proc\p18F4550.asm
                    FSR0L   0x000fe9       data     extern C:\MCC18\src\traditional\proc\p18F4550.asm
                     FSR1   0x000fe1       data     extern C:\MCC18\src\traditional\proc\p18F4550.asm
                    FSR1H   0x000fe2       data     extern C:\MCC18\src\traditional\proc\p18F4550.asm
                    FSR1L   0x000fe1       data     extern C:\MCC18\src\traditional\proc\p18F4550.asm
                     FSR2   0x000fd9       data     extern C:\MCC18\src\traditional\proc\p18F4550.asm
                    FSR2H   0x000fda       data     extern C:\MCC18\src\traditional\proc\p18F4550.asm
                    FSR2L   0x000fd9       data     extern C:\MCC18\src\traditional\proc\p18F4550.asm
                  HLVDCON   0x000fd2       data     extern C:\MCC18\src\traditional\proc\p18F4550.asm
              HLVDCONbits   0x000fd2       data     extern C:\MCC18\src\traditional\proc\p18F4550.asm
                    INDF0   0x000fef       data     extern C:\MCC18\src\traditional\proc\p18F4550.asm
                    INDF1   0x000fe7       data     extern C:\MCC18\src\traditional\proc\p18F4550.asm
                    INDF2   0x000fdf       data     extern C:\MCC18\src\traditional\proc\p18F4550.asm
                   INTCON   0x000ff2       data     extern C:\MCC18\src\traditional\proc\p18F4550.asm
                  INTCON2   0x000ff1       data     extern C:\MCC18\src\traditional\proc\p18F4550.asm
              INTCON2bits   0x000ff1       data     extern C:\MCC18\src\traditional\proc\p18F4550.asm
                  INTCON3   0x000ff0       data     extern C:\MCC18\src\traditional\proc\p18F4550.asm
              INTCON3bits   0x000ff0       data     extern C:\MCC18\src\traditional\proc\p18F4550.asm
               INTCONbits   0x000ff2       data     extern C:\MCC18\src\traditional\proc\p18F4550.asm
                     IPR1   0x000f9f       data     extern C:\MCC18\src\traditional\proc\p18F4550.asm
                 IPR1bits   0x000f9f       data     extern C:\MCC18\src\traditional\proc\p18F4550.asm
                     IPR2   0x000fa2       data     extern C:\MCC18\src\traditional\proc\p18F4550.asm
                 IPR2bits   0x000fa2       data     extern C:\MCC18\src\traditional\proc\p18F4550.asm
                     LATA   0x000f89       data     extern C:\MCC18\src\traditional\proc\p18F4550.asm
                 LATAbits   0x000f89       data     extern C:\MCC18\src\traditional\proc\p18F4550.asm
                     LATB   0x000f8a       data     extern C:\MCC18\src\traditional\proc\p18F4550.asm
                 LATBbits   0x000f8a       data     extern C:\MCC18\src\traditional\proc\p18F4550.asm
                     LATC   0x000f8b       data     extern C:\MCC18\src\traditional\proc\p18F4550.asm
                 LATCbits   0x000f8b       data     extern C:\MCC18\src\traditional\proc\p18F4550.asm
                     LATD   0x000f8c       data     extern C:\MCC18\src\traditional\proc\p18F4550.asm
                 LATDbits   0x000f8c       data     extern C:\MCC18\src\traditional\proc\p18F4550.asm
                     LATE   0x000f8d       data     extern C:\MCC18\src\traditional\proc\p18F4550.asm
                 LATEbits   0x000f8d       data     extern C:\MCC18\src\traditional\proc\p18F4550.asm
                   LVDCON   0x000fd2       data     extern C:\MCC18\src\traditional\proc\p18F4550.asm
               LVDCONbits   0x000fd2       data     extern C:\MCC18\src\traditional\proc\p18F4550.asm
            MTC_fake_Cntr   0x0000a6       data     extern C:\Documents and Settings\Pelle\My Documents\PIC Code Jan 2010\USB Interface 18F4550\main.c
                   OSCCON   0x000fd3       data     extern C:\MCC18\src\traditional\proc\p18F4550.asm
               OSCCONbits   0x000fd3       data     extern C:\MCC18\src\traditional\proc\p18F4550.asm
                  OSCTUNE   0x000f9b       data     extern C:\MCC18\src\traditional\proc\p18F4550.asm
              OSCTUNEbits   0x000f9b       data     extern C:\MCC18\src\traditional\proc\p18F4550.asm
                       PC   0x000ff9       data     extern C:\MCC18\src\traditional\proc\p18F4550.asm
                      PCL   0x000ff9       data     extern C:\MCC18\src\traditional\proc\p18F4550.asm
                   PCLATH   0x000ffa       data     extern C:\MCC18\src\traditional\proc\p18F4550.asm
                   PCLATU   0x000ffb       data     extern C:\MCC18\src\traditional\proc\p18F4550.asm
                     PIE1   0x000f9d       data     extern C:\MCC18\src\traditional\proc\p18F4550.asm
                 PIE1bits   0x000f9d       data     extern C:\MCC18\src\traditional\proc\p18F4550.asm
                     PIE2   0x000fa0       data     extern C:\MCC18\src\traditional\proc\p18F4550.asm
                 PIE2bits   0x000fa0       data     extern C:\MCC18\src\traditional\proc\p18F4550.asm
                     PIR1   0x000f9e       data     extern C:\MCC18\src\traditional\proc\p18F4550.asm
                 PIR1bits   0x000f9e       data     extern C:\MCC18\src\traditional\proc\p18F4550.asm
                     PIR2   0x000fa1       data     extern C:\MCC18\src\traditional\proc\p18F4550.asm
                 PIR2bits   0x000fa1       data     extern C:\MCC18\src\traditional\proc\p18F4550.asm
                   PLUSW0   0x000feb       data     extern C:\MCC18\src\traditional\proc\p18F4550.asm
                   PLUSW1   0x000fe3       data     extern C:\MCC18\src\traditional\proc\p18F4550.asm
                   PLUSW2   0x000fdb       data     extern C:\MCC18\src\traditional\proc\p18F4550.asm
                    PORTA   0x000f80       data     extern C:\MCC18\src\traditional\proc\p18F4550.asm
                PORTAbits   0x000f80       data     extern C:\MCC18\src\traditional\proc\p18F4550.asm
                    PORTB   0x000f81       data     extern C:\MCC18\src\traditional\proc\p18F4550.asm
                PORTBbits   0x000f81       data     extern C:\MCC18\src\traditional\proc\p18F4550.asm
                    PORTC   0x000f82       data     extern C:\MCC18\src\traditional\proc\p18F4550.asm
                PORTCbits   0x000f82       data     extern C:\MCC18\src\traditional\proc\p18F4550.asm
                    PORTD   0x000f83       data     extern C:\MCC18\src\traditional\proc\p18F4550.asm
                PORTDbits   0x000f83       data     extern C:\MCC18\src\traditional\proc\p18F4550.asm
                    PORTE   0x000f84       data     extern C:\MCC18\src\traditional\proc\p18F4550.asm
                PORTEbits   0x000f84       data     extern C:\MCC18\src\traditional\proc\p18F4550.asm
                 POSTDEC0   0x000fed       data     extern C:\MCC18\src\traditional\proc\p18F4550.asm
                 POSTDEC1   0x000fe5       data     extern C:\MCC18\src\traditional\proc\p18F4550.asm
                 POSTDEC2   0x000fdd       data     extern C:\MCC18\src\traditional\proc\p18F4550.asm
                 POSTINC0   0x000fee       data     extern C:\MCC18\src\traditional\proc\p18F4550.asm
                 POSTINC1   0x000fe6       data     extern C:\MCC18\src\traditional\proc\p18F4550.asm
                 POSTINC2   0x000fde       data     extern C:\MCC18\src\traditional\proc\p18F4550.asm
                      PR2   0x000fcb       data     extern C:\MCC18\src\traditional\proc\p18F4550.asm
                  PREINC0   0x000fec       data     extern C:\MCC18\src\traditional\proc\p18F4550.asm
                  PREINC1   0x000fe4       data     extern C:\MCC18\src\traditional\proc\p18F4550.asm
                  PREINC2   0x000fdc       data     extern C:\MCC18\src\traditional\proc\p18F4550.asm
                     PROD   0x000ff3       data     extern C:\MCC18\src\traditional\proc\p18F4550.asm
                    PRODH   0x000ff4       data     extern C:\MCC18\src\traditional\proc\p18F4550.asm
                    PRODL   0x000ff3       data     extern C:\MCC18\src\traditional\proc\p18F4550.asm
             PacketInCntr   0x0000a2       data     extern C:\Documents and Settings\Pelle\My Documents\PIC Code Jan 2010\USB Interface 18F4550\main.c
              PacketsCntr   0x0000a8       data     extern C:\Documents and Settings\Pelle\My Documents\PIC Code Jan 2010\USB Interface 18F4550\main.c
                   Port_B   0x00051e       data     extern C:\Documents and Settings\Pelle\My Documents\PIC Code Jan 2010\USB Interface 18F4550\main.c
                     RCON   0x000fd0       data     extern C:\MCC18\src\traditional\proc\p18F4550.asm
                 RCONbits   0x000fd0       data     extern C:\MCC18\src\traditional\proc\p18F4550.asm
                    RCREG   0x000fae       data     extern C:\MCC18\src\traditional\proc\p18F4550.asm
                    RCSTA   0x000fab       data     extern C:\MCC18\src\traditional\proc\p18F4550.asm
                RCSTAbits   0x000fab       data     extern C:\MCC18\src\traditional\proc\p18F4550.asm
             RemoteWakeup   0x000087       data     extern C:\Documents and Settings\Pelle\My Documents\Microchip\USB\usb_device.c
                     SIGN   0x000009       data     extern C:\MCC18\src\traditional\math\cmath18.asm
                    SPBRG   0x000faf       data     extern C:\MCC18\src\traditional\proc\p18F4550.asm
                   SPBRGH   0x000fb0       data     extern C:\MCC18\src\traditional\proc\p18F4550.asm
                   SPPCFG   0x000f63       data     extern C:\MCC18\src\traditional\proc\p18F4550.asm
               SPPCFGbits   0x000f63       data     extern C:\MCC18\src\traditional\proc\p18F4550.asm
                   SPPCON   0x000f65       data     extern C:\MCC18\src\traditional\proc\p18F4550.asm
               SPPCONbits   0x000f65       data     extern C:\MCC18\src\traditional\proc\p18F4550.asm
                  SPPDATA   0x000f62       data     extern C:\MCC18\src\traditional\proc\p18F4550.asm
                   SPPEPS   0x000f64       data     extern C:\MCC18\src\traditional\proc\p18F4550.asm
               SPPEPSbits   0x000f64       data     extern C:\MCC18\src\traditional\proc\p18F4550.asm
                   SSPADD   0x000fc8       data     extern C:\MCC18\src\traditional\proc\p18F4550.asm
                   SSPBUF   0x000fc9       data     extern C:\MCC18\src\traditional\proc\p18F4550.asm
                  SSPCON1   0x000fc6       data     extern C:\MCC18\src\traditional\proc\p18F4550.asm
              SSPCON1bits   0x000fc6       data     extern C:\MCC18\src\traditional\proc\p18F4550.asm
                  SSPCON2   0x000fc5       data     extern C:\MCC18\src\traditional\proc\p18F4550.asm
              SSPCON2bits   0x000fc5       data     extern C:\MCC18\src\traditional\proc\p18F4550.asm
                  SSPSTAT   0x000fc7       data     extern C:\MCC18\src\traditional\proc\p18F4550.asm
              SSPSTATbits   0x000fc7       data     extern C:\MCC18\src\traditional\proc\p18F4550.asm
                   STATUS   0x000fd8       data     extern C:\MCC18\src\traditional\proc\p18F4550.asm
               STATUSbits   0x000fd8       data     extern C:\MCC18\src\traditional\proc\p18F4550.asm
                   STKPTR   0x000ffc       data     extern C:\MCC18\src\traditional\proc\p18F4550.asm
               STKPTRbits   0x000ffc       data     extern C:\MCC18\src\traditional\proc\p18F4550.asm
                 SetupPkt   0x000440       data     extern C:\Documents and Settings\Pelle\My Documents\Microchip\USB\usb_device.c
                    T0CON   0x000fd5       data     extern C:\MCC18\src\traditional\proc\p18F4550.asm
                T0CONbits   0x000fd5       data     extern C:\MCC18\src\traditional\proc\p18F4550.asm
                    T1CON   0x000fcd       data     extern C:\MCC18\src\traditional\proc\p18F4550.asm
                T1CONbits   0x000fcd       data     extern C:\MCC18\src\traditional\proc\p18F4550.asm
                    T2CON   0x000fca       data     extern C:\MCC18\src\traditional\proc\p18F4550.asm
                T2CONbits   0x000fca       data     extern C:\MCC18\src\traditional\proc\p18F4550.asm
                    T3CON   0x000fb1       data     extern C:\MCC18\src\traditional\proc\p18F4550.asm
                T3CONbits   0x000fb1       data     extern C:\MCC18\src\traditional\proc\p18F4550.asm
                   TABLAT   0x000ff5       data     extern C:\MCC18\src\traditional\proc\p18F4550.asm
                   TBLPTR   0x000ff6       data     extern C:\MCC18\src\traditional\proc\p18F4550.asm
                  TBLPTRH   0x000ff7       data     extern C:\MCC18\src\traditional\proc\p18F4550.asm
                  TBLPTRL   0x000ff6       data     extern C:\MCC18\src\traditional\proc\p18F4550.asm
                  TBLPTRU   0x000ff8       data     extern C:\MCC18\src\traditional\proc\p18F4550.asm
                    TMR0H   0x000fd7       data     extern C:\MCC18\src\traditional\proc\p18F4550.asm
                    TMR0L   0x000fd6       data     extern C:\MCC18\src\traditional\proc\p18F4550.asm
                    TMR1H   0x000fcf       data     extern C:\MCC18\src\traditional\proc\p18F4550.asm
                    TMR1L   0x000fce       data     extern C:\MCC18\src\traditional\proc\p18F4550.asm
                     TMR2   0x000fcc       data     extern C:\MCC18\src\traditional\proc\p18F4550.asm
                    TMR3H   0x000fb3       data     extern C:\MCC18\src\traditional\proc\p18F4550.asm
                    TMR3L   0x000fb2       data     extern C:\MCC18\src\traditional\proc\p18F4550.asm
                      TOS   0x000ffd       data     extern C:\MCC18\src\traditional\proc\p18F4550.asm
                     TOSH   0x000ffe       data     extern C:\MCC18\src\traditional\proc\p18F4550.asm
                     TOSL   0x000ffd       data     extern C:\MCC18\src\traditional\proc\p18F4550.asm
                     TOSU   0x000fff       data     extern C:\MCC18\src\traditional\proc\p18F4550.asm
                    TRISA   0x000f92       data     extern C:\MCC18\src\traditional\proc\p18F4550.asm
                TRISAbits   0x000f92       data     extern C:\MCC18\src\traditional\proc\p18F4550.asm
                    TRISB   0x000f93       data     extern C:\MCC18\src\traditional\proc\p18F4550.asm
                TRISBbits   0x000f93       data     extern C:\MCC18\src\traditional\proc\p18F4550.asm
                    TRISC   0x000f94       data     extern C:\MCC18\src\traditional\proc\p18F4550.asm
                TRISCbits   0x000f94       data     extern C:\MCC18\src\traditional\proc\p18F4550.asm
                    TRISD   0x000f95       data     extern C:\MCC18\src\traditional\proc\p18F4550.asm
                TRISDbits   0x000f95       data     extern C:\MCC18\src\traditional\proc\p18F4550.asm
                    TRISE   0x000f96       data     extern C:\MCC18\src\traditional\proc\p18F4550.asm
                TRISEbits   0x000f96       data     extern C:\MCC18\src\traditional\proc\p18F4550.asm
                    TXREG   0x000fad       data     extern C:\MCC18\src\traditional\proc\p18F4550.asm
                    TXSTA   0x000fac       data     extern C:\MCC18\src\traditional\proc\p18F4550.asm
                TXSTAbits   0x000fac       data     extern C:\MCC18\src\traditional\proc\p18F4550.asm
                    UADDR   0x000f6e       data     extern C:\MCC18\src\traditional\proc\p18F4550.asm
                UADDRbits   0x000f6e       data     extern C:\MCC18\src\traditional\proc\p18F4550.asm
                     UCFG   0x000f6f       data     extern C:\MCC18\src\traditional\proc\p18F4550.asm
                 UCFGbits   0x000f6f       data     extern C:\MCC18\src\traditional\proc\p18F4550.asm
                     UCON   0x000f6d       data     extern C:\MCC18\src\traditional\proc\p18F4550.asm
                 UCONbits   0x000f6d       data     extern C:\MCC18\src\traditional\proc\p18F4550.asm
                     UEIE   0x000f6b       data     extern C:\MCC18\src\traditional\proc\p18F4550.asm
                 UEIEbits   0x000f6b       data     extern C:\MCC18\src\traditional\proc\p18F4550.asm
                     UEIR   0x000f6a       data     extern C:\MCC18\src\traditional\proc\p18F4550.asm
                 UEIRbits   0x000f6a       data     extern C:\MCC18\src\traditional\proc\p18F4550.asm
                     UEP0   0x000f70       data     extern C:\MCC18\src\traditional\proc\p18F4550.asm
                 UEP0bits   0x000f70       data     extern C:\MCC18\src\traditional\proc\p18F4550.asm
                     UEP1   0x000f71       data     extern C:\MCC18\src\traditional\proc\p18F4550.asm
                    UEP10   0x000f7a       data     extern C:\MCC18\src\traditional\proc\p18F4550.asm
                UEP10bits   0x000f7a       data     extern C:\MCC18\src\traditional\proc\p18F4550.asm
                    UEP11   0x000f7b       data     extern C:\MCC18\src\traditional\proc\p18F4550.asm
                UEP11bits   0x000f7b       data     extern C:\MCC18\src\traditional\proc\p18F4550.asm
                    UEP12   0x000f7c       data     extern C:\MCC18\src\traditional\proc\p18F4550.asm
                UEP12bits   0x000f7c       data     extern C:\MCC18\src\traditional\proc\p18F4550.asm
                    UEP13   0x000f7d       data     extern C:\MCC18\src\traditional\proc\p18F4550.asm
                UEP13bits   0x000f7d       data     extern C:\MCC18\src\traditional\proc\p18F4550.asm
                    UEP14   0x000f7e       data     extern C:\MCC18\src\traditional\proc\p18F4550.asm
                UEP14bits   0x000f7e       data     extern C:\MCC18\src\traditional\proc\p18F4550.asm
                    UEP15   0x000f7f       data     extern C:\MCC18\src\traditional\proc\p18F4550.asm
                UEP15bits   0x000f7f       data     extern C:\MCC18\src\traditional\proc\p18F4550.asm
                 UEP1bits   0x000f71       data     extern C:\MCC18\src\traditional\proc\p18F4550.asm
                     UEP2   0x000f72       data     extern C:\MCC18\src\traditional\proc\p18F4550.asm
                 UEP2bits   0x000f72       data     extern C:\MCC18\src\traditional\proc\p18F4550.asm
                     UEP3   0x000f73       data     extern C:\MCC18\src\traditional\proc\p18F4550.asm
                 UEP3bits   0x000f73       data     extern C:\MCC18\src\traditional\proc\p18F4550.asm
                     UEP4   0x000f74       data     extern C:\MCC18\src\traditional\proc\p18F4550.asm
                 UEP4bits   0x000f74       data     extern C:\MCC18\src\traditional\proc\p18F4550.asm
                     UEP5   0x000f75       data     extern C:\MCC18\src\traditional\proc\p18F4550.asm
                 UEP5bits   0x000f75       data     extern C:\MCC18\src\traditional\proc\p18F4550.asm
                     UEP6   0x000f76       data     extern C:\MCC18\src\traditional\proc\p18F4550.asm
                 UEP6bits   0x000f76       data     extern C:\MCC18\src\traditional\proc\p18F4550.asm
                     UEP7   0x000f77       data     extern C:\MCC18\src\traditional\proc\p18F4550.asm
                 UEP7bits   0x000f77       data     extern C:\MCC18\src\traditional\proc\p18F4550.asm
                     UEP8   0x000f78       data     extern C:\MCC18\src\traditional\proc\p18F4550.asm
                 UEP8bits   0x000f78       data     extern C:\MCC18\src\traditional\proc\p18F4550.asm
                     UEP9   0x000f79       data     extern C:\MCC18\src\traditional\proc\p18F4550.asm
                 UEP9bits   0x000f79       data     extern C:\MCC18\src\traditional\proc\p18F4550.asm
                     UFRM   0x000f66       data     extern C:\MCC18\src\traditional\proc\p18F4550.asm
                    UFRMH   0x000f67       data     extern C:\MCC18\src\traditional\proc\p18F4550.asm
                UFRMHbits   0x000f67       data     extern C:\MCC18\src\traditional\proc\p18F4550.asm
                    UFRML   0x000f66       data     extern C:\MCC18\src\traditional\proc\p18F4550.asm
                UFRMLbits   0x000f66       data     extern C:\MCC18\src\traditional\proc\p18F4550.asm
                      UIE   0x000f69       data     extern C:\MCC18\src\traditional\proc\p18F4550.asm
                  UIEbits   0x000f69       data     extern C:\MCC18\src\traditional\proc\p18F4550.asm
                      UIR   0x000f68       data     extern C:\MCC18\src\traditional\proc\p18F4550.asm
                  UIRbits   0x000f68       data     extern C:\MCC18\src\traditional\proc\p18F4550.asm
   USBActiveConfiguration   0x000061       data     extern C:\Documents and Settings\Pelle\My Documents\Microchip\USB\usb_device.c
    USBAlternateInterface   0x000062       data     extern C:\Documents and Settings\Pelle\My Documents\Microchip\USB\usb_device.c
           USBDeviceState   0x000060       data     extern C:\Documents and Settings\Pelle\My Documents\Microchip\USB\usb_device.c
       USBGenericInHandle   0x000099       data     extern C:\Documents and Settings\Pelle\My Documents\PIC Code Jan 2010\USB Interface 18F4550\main.c
      USBGenericOutHandle   0x000097       data     extern C:\Documents and Settings\Pelle\My Documents\PIC Code Jan 2010\USB Interface 18F4550\main.c
                USBInData   0x000090       data     extern C:\Documents and Settings\Pelle\My Documents\Microchip\USB\usb_device.c
       USBInMaxPacketSize   0x00008a       data     extern C:\Documents and Settings\Pelle\My Documents\Microchip\USB\usb_device.c
           USBIntInHandle   0x00009b       data     extern C:\Documents and Settings\Pelle\My Documents\PIC Code Jan 2010\USB Interface 18F4550\main.c
            USB_DONE_FLAG   0x0000aa       data     extern C:\Documents and Settings\Pelle\My Documents\PIC Code Jan 2010\USB Interface 18F4550\main.c
       USB_HANDLE_counter   0x0000ab       data     extern C:\Documents and Settings\Pelle\My Documents\PIC Code Jan 2010\USB Interface 18F4550\main.c
                USBdataIN   0x000700       data     extern C:\Documents and Settings\Pelle\My Documents\PIC Code Jan 2010\USB Interface 18F4550\main.c
               USBdataOUT   0x000600       data     extern C:\Documents and Settings\Pelle\My Documents\PIC Code Jan 2010\USB Interface 18F4550\main.c
            USBoutTimeOut   0x0000a1       data     extern C:\Documents and Settings\Pelle\My Documents\PIC Code Jan 2010\USB Interface 18F4550\main.c
                    USTAT   0x000f6c       data     extern C:\MCC18\src\traditional\proc\p18F4550.asm
                USTATbits   0x000f6c       data     extern C:\MCC18\src\traditional\proc\p18F4550.asm
                USTATcopy   0x000088       data     extern C:\Documents and Settings\Pelle\My Documents\Microchip\USB\usb_device.c
                   WDTCON   0x000fd1       data     extern C:\MCC18\src\traditional\proc\p18F4550.asm
               WDTCONbits   0x000fd1       data     extern C:\MCC18\src\traditional\proc\p18F4550.asm
                     WREG   0x000fe8       data     extern C:\MCC18\src\traditional\proc\p18F4550.asm
                 __AARGB0   0x000007       data     extern C:\MCC18\src\traditional\math\aarg.asm
                 __AARGB1   0x000006       data     extern C:\MCC18\src\traditional\math\aarg.asm
                 __AARGB2   0x000005       data     extern C:\MCC18\src\traditional\math\aarg.asm
                 __AARGB3   0x000004       data     extern C:\MCC18\src\traditional\math\aarg.asm
                 __AARGB4   0x000003       data     extern C:\MCC18\src\traditional\math\aarg.asm
                 __AARGB5   0x000002       data     extern C:\MCC18\src\traditional\math\aarg.asm
                 __AARGB6   0x000001       data     extern C:\MCC18\src\traditional\math\aarg.asm
                 __AARGB7   0x000000       data     extern C:\MCC18\src\traditional\math\aarg.asm
                   __AEXP   0x000008       data     extern C:\MCC18\src\traditional\math\aarg.asm
                __FPFLAGS   0x00000a       data     extern C:\MCC18\src\traditional\math\cmath18.asm
            __FPFLAGSbits   0x00000a       data     extern C:\MCC18\src\traditional\math\cmath18.asm
                  __REMB0   0x000003       data     extern C:\MCC18\src\traditional\math\aarg.asm
                  __REMB1   0x000002       data     extern C:\MCC18\src\traditional\math\aarg.asm
                  __REMB2   0x000001       data     extern C:\MCC18\src\traditional\math\aarg.asm
                  __REMB3   0x000000       data     extern C:\MCC18\src\traditional\math\aarg.asm
                  __tmp_0   0x00000b       data     static C:\Documents and Settings\Pelle\My Documents\PIC Code Jan 2010\USB Interface 18F4550\main.c
                  __tmp_0   0x00000b       data     static C:\Documents and Settings\Pelle\My Documents\Microchip\USB\usb_device.c
                    bCntr   0x00051c       data     extern C:\Documents and Settings\Pelle\My Documents\PIC Code Jan 2010\USB Interface 18F4550\main.c
         blinkStatusValid   0x000096       data     extern C:\Documents and Settings\Pelle\My Documents\PIC Code Jan 2010\USB Interface 18F4550\main.c
        bus_transfer_flag   0x0000a3       data     extern C:\Documents and Settings\Pelle\My Documents\PIC Code Jan 2010\USB Interface 18F4550\main.c
                      cnt   0x00051a       data     extern C:\Documents and Settings\Pelle\My Documents\PIC Code Jan 2010\USB Interface 18F4550\main.c
                     cnt2   0x000520       data     extern C:\Documents and Settings\Pelle\My Documents\PIC Code Jan 2010\USB Interface 18F4550\main.c
                  command   0x00051f       data     extern C:\Documents and Settings\Pelle\My Documents\PIC Code Jan 2010\USB Interface 18F4550\main.c
     controlTransferState   0x000078       data     extern C:\Documents and Settings\Pelle\My Documents\Microchip\USB\usb_device.c
                curr_byte   0x0000af       data     static C:\MCC18\src\traditional\startup\c018i.c
               curr_entry   0x0000b1       data     static C:\MCC18\src\traditional\startup\c018i.c
               data_index   0x0000a7       data     extern C:\Documents and Settings\Pelle\My Documents\PIC Code Jan 2010\USB Interface 18F4550\main.c
                 data_ptr   0x0000b3       data     static C:\MCC18\src\traditional\startup\c018i.c
              delay_count   0x00009f       data     static C:\Documents and Settings\Pelle\My Documents\PIC Code Jan 2010\USB Interface 18F4550\main.c
                  inPipes   0x000079       data     extern C:\Documents and Settings\Pelle\My Documents\Microchip\USB\usb_device.c
                mtc_array   0x000510       data     extern C:\Documents and Settings\Pelle\My Documents\PIC Code Jan 2010\USB Interface 18F4550\main.c
                 outPipes   0x00007e       data     extern C:\Documents and Settings\Pelle\My Documents\Microchip\USB\usb_device.c
   pBDTEntryEP0OutCurrent   0x000063       data     extern C:\Documents and Settings\Pelle\My Documents\Microchip\USB\usb_device.c
      pBDTEntryEP0OutNext   0x000065       data     extern C:\Documents and Settings\Pelle\My Documents\Microchip\USB\usb_device.c
              pBDTEntryIn   0x00006f       data     extern C:\Documents and Settings\Pelle\My Documents\Microchip\USB\usb_device.c
             pBDTEntryOut   0x000067       data     extern C:\Documents and Settings\Pelle\My Documents\Microchip\USB\usb_device.c
                     pDst   0x000085       data     extern C:\Documents and Settings\Pelle\My Documents\Microchip\USB\usb_device.c
                     prom   0x0000ac       data     static C:\MCC18\src\traditional\startup\c018i.c
        shortPacketStatus   0x000077       data     extern C:\Documents and Settings\Pelle\My Documents\Microchip\USB\usb_device.c
                 tempData   0x000500       data     extern C:\Documents and Settings\Pelle\My Documents\PIC Code Jan 2010\USB Interface 18F4550\main.c
                timerCntr   0x0000a4       data     extern C:\Documents and Settings\Pelle\My Documents\PIC Code Jan 2010\USB Interface 18F4550\main.c
                 usb_Cntr   0x00051d       data     extern C:\Documents and Settings\Pelle\My Documents\PIC Code Jan 2010\USB Interface 18F4550\main.c
                    wCntr   0x000516       data     extern C:\Documents and Settings\Pelle\My Documents\PIC Code Jan 2010\USB Interface 18F4550\main.c



                              Symbols - Sorted by Address
                     Name    Address   Location    Storage File                     
                ---------  ---------  ---------  --------- ---------                
                   _entry   0x000000    program     extern C:\MCC18\src\traditional\startup\c018i.c
       ___return_lbl00000   0x000004    program     static                          
        Remapped_High_ISR   0x000008    program     extern C:\Documents and Settings\Pelle\My Documents\PIC Code Jan 2010\USB Interface 18F4550\main.c
       ___return_lbl00000   0x00000c    program     static                          
         Remapped_Low_ISR   0x000018    program     extern C:\Documents and Settings\Pelle\My Documents\PIC Code Jan 2010\USB Interface 18F4550\main.c
       ___return_lbl00001   0x00001c    program     static                          
            USBDeviceInit   0x001038    program     extern C:\Documents and Settings\Pelle\My Documents\Microchip\USB\usb_device.c
           USBDeviceTasks   0x0010d4    program     extern C:\Documents and Settings\Pelle\My Documents\Microchip\USB\usb_device.c
          USBStallHandler   0x001216    program     extern C:\Documents and Settings\Pelle\My Documents\Microchip\USB\usb_device.c
               USBSuspend   0x001248    program     extern C:\Documents and Settings\Pelle\My Documents\Microchip\USB\usb_device.c
       USBWakeFromSuspend   0x00126c    program     extern C:\Documents and Settings\Pelle\My Documents\Microchip\USB\usb_device.c
         USBCtrlEPService   0x001296    program     extern C:\Documents and Settings\Pelle\My Documents\Microchip\USB\usb_device.c
   USBCtrlTrfSetupHandler   0x001370    program     extern C:\Documents and Settings\Pelle\My Documents\Microchip\USB\usb_device.c
     USBCtrlTrfOutHandler   0x0013b6    program     extern C:\Documents and Settings\Pelle\My Documents\Microchip\USB\usb_device.c
      USBCtrlTrfInHandler   0x001402    program     extern C:\Documents and Settings\Pelle\My Documents\Microchip\USB\usb_device.c
USBPrepareForNextSetupTrf   0x00149c    program     extern C:\Documents and Settings\Pelle\My Documents\Microchip\USB\usb_device.c
       USBCheckStdRequest   0x001502    program     extern C:\Documents and Settings\Pelle\My Documents\Microchip\USB\usb_device.c
  USBStdFeatureReqHandler   0x0015ca    program     extern C:\Documents and Settings\Pelle\My Documents\Microchip\USB\usb_device.c
      USBStdGetDscHandler   0x0016e4    program     extern C:\Documents and Settings\Pelle\My Documents\Microchip\USB\usb_device.c
   USBStdGetStatusHandler   0x001798    program     extern C:\Documents and Settings\Pelle\My Documents\Microchip\USB\usb_device.c
 USBCtrlEPServiceComplete   0x00185a    program     extern C:\Documents and Settings\Pelle\My Documents\Microchip\USB\usb_device.c
      USBCtrlTrfTxService   0x001a04    program     extern C:\Documents and Settings\Pelle\My Documents\Microchip\USB\usb_device.c
      USBCtrlTrfRxService   0x001b1a    program     extern C:\Documents and Settings\Pelle\My Documents\Microchip\USB\usb_device.c
      USBStdSetCfgHandler   0x001c56    program     extern C:\Documents and Settings\Pelle\My Documents\Microchip\USB\usb_device.c
     USBConfigureEndpoint   0x001cc8    program     extern C:\Documents and Settings\Pelle\My Documents\Microchip\USB\usb_device.c
        USBEnableEndpoint   0x001d9c    program     extern C:\Documents and Settings\Pelle\My Documents\Microchip\USB\usb_device.c
         USBStallEndpoint   0x001e08    program     extern C:\Documents and Settings\Pelle\My Documents\Microchip\USB\usb_device.c
     USBTransferOnePacket   0x001ee8    program     extern C:\Documents and Settings\Pelle\My Documents\Microchip\USB\usb_device.c
              USBCancelIO   0x001fda    program     extern C:\Documents and Settings\Pelle\My Documents\Microchip\USB\usb_device.c
          USBDeviceDetach   0x00208a    program     extern C:\Documents and Settings\Pelle\My Documents\Microchip\USB\usb_device.c
          USBDeviceAttach   0x002098    program     extern C:\Documents and Settings\Pelle\My Documents\Microchip\USB\usb_device.c
  YourHighPriorityISRCode   0x0020c6    program     extern C:\Documents and Settings\Pelle\My Documents\PIC Code Jan 2010\USB Interface 18F4550\main.c
   YourLowPriorityISRCode   0x00215c    program     extern C:\Documents and Settings\Pelle\My Documents\PIC Code Jan 2010\USB Interface 18F4550\main.c
                     main   0x002186    program     extern C:\Documents and Settings\Pelle\My Documents\PIC Code Jan 2010\USB Interface 18F4550\main.c
         InitializeSystem   0x0021e2    program     static C:\Documents and Settings\Pelle\My Documents\PIC Code Jan 2010\USB Interface 18F4550\main.c
                 UserInit   0x002206    program     extern C:\Documents and Settings\Pelle\My Documents\PIC Code Jan 2010\USB Interface 18F4550\main.c
                ProcessIO   0x002210    program     extern C:\Documents and Settings\Pelle\My Documents\PIC Code Jan 2010\USB Interface 18F4550\main.c
         NoLatencyShuffle   0x002324    program     extern C:\Documents and Settings\Pelle\My Documents\PIC Code Jan 2010\USB Interface 18F4550\main.c
            Read_MTC_Comm   0x002466    program     extern C:\Documents and Settings\Pelle\My Documents\PIC Code Jan 2010\USB Interface 18F4550\main.c
                data_comm   0x002518    program     extern C:\Documents and Settings\Pelle\My Documents\PIC Code Jan 2010\USB Interface 18F4550\main.c
              write_clock   0x0026f0    program     extern C:\Documents and Settings\Pelle\My Documents\PIC Code Jan 2010\USB Interface 18F4550\main.c
               read_clock   0x002744    program     extern C:\Documents and Settings\Pelle\My Documents\PIC Code Jan 2010\USB Interface 18F4550\main.c
                ErrorCode   0x002798    program     extern C:\Documents and Settings\Pelle\My Documents\PIC Code Jan 2010\USB Interface 18F4550\main.c
             USBCBSuspend   0x0027e2    program     extern C:\Documents and Settings\Pelle\My Documents\PIC Code Jan 2010\USB Interface 18F4550\main.c
     USBCBWakeFromSuspend   0x0027e4    program     extern C:\Documents and Settings\Pelle\My Documents\PIC Code Jan 2010\USB Interface 18F4550\main.c
        USBCB_SOF_Handler   0x0027e6    program     extern C:\Documents and Settings\Pelle\My Documents\PIC Code Jan 2010\USB Interface 18F4550\main.c
        USBCBErrorHandler   0x0027e8    program     extern C:\Documents and Settings\Pelle\My Documents\PIC Code Jan 2010\USB Interface 18F4550\main.c
       USBCBCheckOtherReq   0x0027ea    program     extern C:\Documents and Settings\Pelle\My Documents\PIC Code Jan 2010\USB Interface 18F4550\main.c
    USBCBStdSetDscHandler   0x0027ec    program     extern C:\Documents and Settings\Pelle\My Documents\PIC Code Jan 2010\USB Interface 18F4550\main.c
              USBCBInitEP   0x0027ee    program     extern C:\Documents and Settings\Pelle\My Documents\PIC Code Jan 2010\USB Interface 18F4550\main.c
          USBCBSendResume   0x002810    program     extern C:\Documents and Settings\Pelle\My Documents\PIC Code Jan 2010\USB Interface 18F4550\main.c
USER_USB_CALLBACK_EVENT_HANDLER   0x00282c    program     extern C:\Documents and Settings\Pelle\My Documents\PIC Code Jan 2010\USB Interface 18F4550\main.c
              __tmplbl_11   0x002848    program     static                          
              __tmplbl_12   0x002854    program     static                          
              __tmplbl_13   0x00285e    program     static                          
              __tmplbl_14   0x002868    program     static                          
              __tmplbl_15   0x002872    program     static                          
              __tmplbl_16   0x00287c    program     static                          
              __tmplbl_17   0x002886    program     static                          
              __tmplbl_18   0x002890    program     static                          
       ___case_1_lbl00100   0x002894    program     static                          
       ___case_2_lbl00101   0x002898    program     static                          
       ___case_3_lbl00102   0x00289c    program     static                          
     ___case_115_lbl00103   0x0028a0    program     static                          
     ___case_117_lbl00104   0x0028a4    program     static                          
     ___case_116_lbl00105   0x0028a8    program     static                          
   ___case_65535_lbl00106   0x0028ac    program     static                          
     ___case_114_lbl00107   0x0028b0    program     static                          
      ___default_lbl00108   0x0028b4    program     static                          
   ___switchexit_lbl00099   0x0028b6    program     static                          
       ___return_lbl00098   0x0028ba    program     static                          
                _do_cinit   0x0028c2    program     extern C:\MCC18\src\traditional\startup\c018i.c
                     test   0x0028dc    program     static                          
                copy_loop   0x002934    program     static                          
            copy_one_byte   0x00293a    program     static                          
             done_copying   0x002948    program     static                          
                     done   0x00295e    program     static                          
       ___return_lbl00002   0x00295e    program     static                          
               device_dsc   0x002960    program     extern C:\Documents and Settings\Pelle\My Documents\PIC Code Jan 2010\USB Interface 18F4550\usb_descriptors.c
        configDescriptor1   0x002972    program     extern C:\Documents and Settings\Pelle\My Documents\PIC Code Jan 2010\USB Interface 18F4550\usb_descriptors.c
                    sd000   0x002999    program     extern C:\Documents and Settings\Pelle\My Documents\PIC Code Jan 2010\USB Interface 18F4550\usb_descriptors.c
                    sd001   0x00299d    program     extern C:\Documents and Settings\Pelle\My Documents\PIC Code Jan 2010\USB Interface 18F4550\usb_descriptors.c
                    sd002   0x0029b9    program     extern C:\Documents and Settings\Pelle\My Documents\PIC Code Jan 2010\USB Interface 18F4550\usb_descriptors.c
               USB_CD_Ptr   0x0029f5    program     extern C:\Documents and Settings\Pelle\My Documents\PIC Code Jan 2010\USB Interface 18F4550\usb_descriptors.c
               USB_SD_Ptr   0x0029f7    program     extern C:\Documents and Settings\Pelle\My Documents\PIC Code Jan 2010\USB Interface 18F4550\usb_descriptors.c
                   memset   0x0029fe    program     extern C:\MCC18\src\traditional\stdclib\memset.asm
                    jLoop   0x002a12    program     static C:\MCC18\src\traditional\stdclib\memset.asm
              _2jContinue   0x002a1e    program     static C:\MCC18\src\traditional\stdclib\memset.asm
                   _3jEnd   0x002a28    program     static C:\MCC18\src\traditional\stdclib\memset.asm
                     jEnd   0x002a30    program     static C:\MCC18\src\traditional\stdclib\memset.asm
            __zero_memory   0x002a32    program     extern C:\MCC18\src\traditional\proc\p18F4550.asm
                   loop_h   0x002a40    program     static C:\MCC18\src\traditional\proc\p18F4550.asm
               zero_block   0x002a40    program     static C:\MCC18\src\traditional\proc\p18F4550.asm
                compare_l   0x002a48    program     static C:\MCC18\src\traditional\proc\p18F4550.asm
                   loop_l   0x002a4a    program     static C:\MCC18\src\traditional\proc\p18F4550.asm
                 _startup   0x002a52    program     extern C:\MCC18\src\traditional\startup\c018i.c
                     loop   0x002a62    program     static                          
       ___return_lbl00001   0x002a6c    program     static                          
                   __init   0x002a6e    program     extern C:\MCC18\src\traditional\stdclib\__init.c
               __config_0   0x300000    program     static C:\Documents and Settings\Pelle\My Documents\PIC Code Jan 2010\USB Interface 18F4550\main.c
               __config_1   0x300001    program     static C:\Documents and Settings\Pelle\My Documents\PIC Code Jan 2010\USB Interface 18F4550\main.c
               __config_2   0x300002    program     static C:\Documents and Settings\Pelle\My Documents\PIC Code Jan 2010\USB Interface 18F4550\main.c
               __config_3   0x300003    program     static C:\Documents and Settings\Pelle\My Documents\PIC Code Jan 2010\USB Interface 18F4550\main.c
               __config_4   0x300005    program     static C:\Documents and Settings\Pelle\My Documents\PIC Code Jan 2010\USB Interface 18F4550\main.c
               __config_5   0x300006    program     static C:\Documents and Settings\Pelle\My Documents\PIC Code Jan 2010\USB Interface 18F4550\main.c
               __config_6   0x300008    program     static C:\Documents and Settings\Pelle\My Documents\PIC Code Jan 2010\USB Interface 18F4550\main.c
               __config_7   0x300009    program     static C:\Documents and Settings\Pelle\My Documents\PIC Code Jan 2010\USB Interface 18F4550\main.c
               __config_8   0x30000a    program     static C:\Documents and Settings\Pelle\My Documents\PIC Code Jan 2010\USB Interface 18F4550\main.c
               __config_9   0x30000b    program     static C:\Documents and Settings\Pelle\My Documents\PIC Code Jan 2010\USB Interface 18F4550\main.c
              __config_10   0x30000c    program     static C:\Documents and Settings\Pelle\My Documents\PIC Code Jan 2010\USB Interface 18F4550\main.c
              __config_11   0x30000d    program     static C:\Documents and Settings\Pelle\My Documents\PIC Code Jan 2010\USB Interface 18F4550\main.c
                 __AARGB7   0x000000       data     extern C:\MCC18\src\traditional\math\aarg.asm
                  __REMB3   0x000000       data     extern C:\MCC18\src\traditional\math\aarg.asm
                  __REMB2   0x000001       data     extern C:\MCC18\src\traditional\math\aarg.asm
                 __AARGB6   0x000001       data     extern C:\MCC18\src\traditional\math\aarg.asm
                  __REMB1   0x000002       data     extern C:\MCC18\src\traditional\math\aarg.asm
                 __AARGB5   0x000002       data     extern C:\MCC18\src\traditional\math\aarg.asm
                  __REMB0   0x000003       data     extern C:\MCC18\src\traditional\math\aarg.asm
                 __AARGB4   0x000003       data     extern C:\MCC18\src\traditional\math\aarg.asm
                 __AARGB3   0x000004       data     extern C:\MCC18\src\traditional\math\aarg.asm
                 __AARGB2   0x000005       data     extern C:\MCC18\src\traditional\math\aarg.asm
                 __AARGB1   0x000006       data     extern C:\MCC18\src\traditional\math\aarg.asm
                 __AARGB0   0x000007       data     extern C:\MCC18\src\traditional\math\aarg.asm
                   __AEXP   0x000008       data     extern C:\MCC18\src\traditional\math\aarg.asm
                     SIGN   0x000009       data     extern C:\MCC18\src\traditional\math\cmath18.asm
            __FPFLAGSbits   0x00000a       data     extern C:\MCC18\src\traditional\math\cmath18.asm
                __FPFLAGS   0x00000a       data     extern C:\MCC18\src\traditional\math\cmath18.asm
                  __tmp_0   0x00000b       data     static C:\Documents and Settings\Pelle\My Documents\Microchip\USB\usb_device.c
                  __tmp_0   0x00000b       data     static C:\Documents and Settings\Pelle\My Documents\PIC Code Jan 2010\USB Interface 18F4550\main.c
           USBDeviceState   0x000060       data     extern C:\Documents and Settings\Pelle\My Documents\Microchip\USB\usb_device.c
   USBActiveConfiguration   0x000061       data     extern C:\Documents and Settings\Pelle\My Documents\Microchip\USB\usb_device.c
    USBAlternateInterface   0x000062       data     extern C:\Documents and Settings\Pelle\My Documents\Microchip\USB\usb_device.c
   pBDTEntryEP0OutCurrent   0x000063       data     extern C:\Documents and Settings\Pelle\My Documents\Microchip\USB\usb_device.c
      pBDTEntryEP0OutNext   0x000065       data     extern C:\Documents and Settings\Pelle\My Documents\Microchip\USB\usb_device.c
             pBDTEntryOut   0x000067       data     extern C:\Documents and Settings\Pelle\My Documents\Microchip\USB\usb_device.c
              pBDTEntryIn   0x00006f       data     extern C:\Documents and Settings\Pelle\My Documents\Microchip\USB\usb_device.c
        shortPacketStatus   0x000077       data     extern C:\Documents and Settings\Pelle\My Documents\Microchip\USB\usb_device.c
     controlTransferState   0x000078       data     extern C:\Documents and Settings\Pelle\My Documents\Microchip\USB\usb_device.c
                  inPipes   0x000079       data     extern C:\Documents and Settings\Pelle\My Documents\Microchip\USB\usb_device.c
                 outPipes   0x00007e       data     extern C:\Documents and Settings\Pelle\My Documents\Microchip\USB\usb_device.c
                     pDst   0x000085       data     extern C:\Documents and Settings\Pelle\My Documents\Microchip\USB\usb_device.c
             RemoteWakeup   0x000087       data     extern C:\Documents and Settings\Pelle\My Documents\Microchip\USB\usb_device.c
                USTATcopy   0x000088       data     extern C:\Documents and Settings\Pelle\My Documents\Microchip\USB\usb_device.c
       BothEP0OutUOWNsSet   0x000089       data     extern C:\Documents and Settings\Pelle\My Documents\Microchip\USB\usb_device.c
       USBInMaxPacketSize   0x00008a       data     extern C:\Documents and Settings\Pelle\My Documents\Microchip\USB\usb_device.c
                USBInData   0x000090       data     extern C:\Documents and Settings\Pelle\My Documents\Microchip\USB\usb_device.c
         blinkStatusValid   0x000096       data     extern C:\Documents and Settings\Pelle\My Documents\PIC Code Jan 2010\USB Interface 18F4550\main.c
      USBGenericOutHandle   0x000097       data     extern C:\Documents and Settings\Pelle\My Documents\PIC Code Jan 2010\USB Interface 18F4550\main.c
       USBGenericInHandle   0x000099       data     extern C:\Documents and Settings\Pelle\My Documents\PIC Code Jan 2010\USB Interface 18F4550\main.c
           USBIntInHandle   0x00009b       data     extern C:\Documents and Settings\Pelle\My Documents\PIC Code Jan 2010\USB Interface 18F4550\main.c
             EP1OUTHandle   0x00009d       data     extern C:\Documents and Settings\Pelle\My Documents\PIC Code Jan 2010\USB Interface 18F4550\main.c
              delay_count   0x00009f       data     static C:\Documents and Settings\Pelle\My Documents\PIC Code Jan 2010\USB Interface 18F4550\main.c
            USBoutTimeOut   0x0000a1       data     extern C:\Documents and Settings\Pelle\My Documents\PIC Code Jan 2010\USB Interface 18F4550\main.c
             PacketInCntr   0x0000a2       data     extern C:\Documents and Settings\Pelle\My Documents\PIC Code Jan 2010\USB Interface 18F4550\main.c
        bus_transfer_flag   0x0000a3       data     extern C:\Documents and Settings\Pelle\My Documents\PIC Code Jan 2010\USB Interface 18F4550\main.c
                timerCntr   0x0000a4       data     extern C:\Documents and Settings\Pelle\My Documents\PIC Code Jan 2010\USB Interface 18F4550\main.c
            MTC_fake_Cntr   0x0000a6       data     extern C:\Documents and Settings\Pelle\My Documents\PIC Code Jan 2010\USB Interface 18F4550\main.c
               data_index   0x0000a7       data     extern C:\Documents and Settings\Pelle\My Documents\PIC Code Jan 2010\USB Interface 18F4550\main.c
              PacketsCntr   0x0000a8       data     extern C:\Documents and Settings\Pelle\My Documents\PIC Code Jan 2010\USB Interface 18F4550\main.c
                 CommTick   0x0000a9       data     extern C:\Documents and Settings\Pelle\My Documents\PIC Code Jan 2010\USB Interface 18F4550\main.c
            USB_DONE_FLAG   0x0000aa       data     extern C:\Documents and Settings\Pelle\My Documents\PIC Code Jan 2010\USB Interface 18F4550\main.c
       USB_HANDLE_counter   0x0000ab       data     extern C:\Documents and Settings\Pelle\My Documents\PIC Code Jan 2010\USB Interface 18F4550\main.c
                     prom   0x0000ac       data     static C:\MCC18\src\traditional\startup\c018i.c
                curr_byte   0x0000af       data     static C:\MCC18\src\traditional\startup\c018i.c
               curr_entry   0x0000b1       data     static C:\MCC18\src\traditional\startup\c018i.c
                 data_ptr   0x0000b3       data     static C:\MCC18\src\traditional\startup\c018i.c
                      BDT   0x000400       data     extern C:\Documents and Settings\Pelle\My Documents\Microchip\USB\usb_device.c
                 SetupPkt   0x000440       data     extern C:\Documents and Settings\Pelle\My Documents\Microchip\USB\usb_device.c
              CtrlTrfData   0x000448       data     extern C:\Documents and Settings\Pelle\My Documents\Microchip\USB\usb_device.c
                 tempData   0x000500       data     extern C:\Documents and Settings\Pelle\My Documents\PIC Code Jan 2010\USB Interface 18F4550\main.c
                mtc_array   0x000510       data     extern C:\Documents and Settings\Pelle\My Documents\PIC Code Jan 2010\USB Interface 18F4550\main.c
                    wCntr   0x000516       data     extern C:\Documents and Settings\Pelle\My Documents\PIC Code Jan 2010\USB Interface 18F4550\main.c
                      cnt   0x00051a       data     extern C:\Documents and Settings\Pelle\My Documents\PIC Code Jan 2010\USB Interface 18F4550\main.c
                    bCntr   0x00051c       data     extern C:\Documents and Settings\Pelle\My Documents\PIC Code Jan 2010\USB Interface 18F4550\main.c
                 usb_Cntr   0x00051d       data     extern C:\Documents and Settings\Pelle\My Documents\PIC Code Jan 2010\USB Interface 18F4550\main.c
                   Port_B   0x00051e       data     extern C:\Documents and Settings\Pelle\My Documents\PIC Code Jan 2010\USB Interface 18F4550\main.c
                  command   0x00051f       data     extern C:\Documents and Settings\Pelle\My Documents\PIC Code Jan 2010\USB Interface 18F4550\main.c
                     cnt2   0x000520       data     extern C:\Documents and Settings\Pelle\My Documents\PIC Code Jan 2010\USB Interface 18F4550\main.c
               USBdataOUT   0x000600       data     extern C:\Documents and Settings\Pelle\My Documents\PIC Code Jan 2010\USB Interface 18F4550\main.c
                USBdataIN   0x000700       data     extern C:\Documents and Settings\Pelle\My Documents\PIC Code Jan 2010\USB Interface 18F4550\main.c
                  SPPDATA   0x000f62       data     extern C:\MCC18\src\traditional\proc\p18F4550.asm
               SPPCFGbits   0x000f63       data     extern C:\MCC18\src\traditional\proc\p18F4550.asm
                   SPPCFG   0x000f63       data     extern C:\MCC18\src\traditional\proc\p18F4550.asm
                   SPPEPS   0x000f64       data     extern C:\MCC18\src\traditional\proc\p18F4550.asm
               SPPEPSbits   0x000f64       data     extern C:\MCC18\src\traditional\proc\p18F4550.asm
               SPPCONbits   0x000f65       data     extern C:\MCC18\src\traditional\proc\p18F4550.asm
                   SPPCON   0x000f65       data     extern C:\MCC18\src\traditional\proc\p18F4550.asm
                UFRMLbits   0x000f66       data     extern C:\MCC18\src\traditional\proc\p18F4550.asm
                    UFRML   0x000f66       data     extern C:\MCC18\src\traditional\proc\p18F4550.asm
                     UFRM   0x000f66       data     extern C:\MCC18\src\traditional\proc\p18F4550.asm
                    UFRMH   0x000f67       data     extern C:\MCC18\src\traditional\proc\p18F4550.asm
                UFRMHbits   0x000f67       data     extern C:\MCC18\src\traditional\proc\p18F4550.asm
                      UIR   0x000f68       data     extern C:\MCC18\src\traditional\proc\p18F4550.asm
                  UIRbits   0x000f68       data     extern C:\MCC18\src\traditional\proc\p18F4550.asm
                      UIE   0x000f69       data     extern C:\MCC18\src\traditional\proc\p18F4550.asm
                  UIEbits   0x000f69       data     extern C:\MCC18\src\traditional\proc\p18F4550.asm
                 UEIRbits   0x000f6a       data     extern C:\MCC18\src\traditional\proc\p18F4550.asm
                     UEIR   0x000f6a       data     extern C:\MCC18\src\traditional\proc\p18F4550.asm
                 UEIEbits   0x000f6b       data     extern C:\MCC18\src\traditional\proc\p18F4550.asm
                     UEIE   0x000f6b       data     extern C:\MCC18\src\traditional\proc\p18F4550.asm
                USTATbits   0x000f6c       data     extern C:\MCC18\src\traditional\proc\p18F4550.asm
                    USTAT   0x000f6c       data     extern C:\MCC18\src\traditional\proc\p18F4550.asm
                 UCONbits   0x000f6d       data     extern C:\MCC18\src\traditional\proc\p18F4550.asm
                     UCON   0x000f6d       data     extern C:\MCC18\src\traditional\proc\p18F4550.asm
                UADDRbits   0x000f6e       data     extern C:\MCC18\src\traditional\proc\p18F4550.asm
                    UADDR   0x000f6e       data     extern C:\MCC18\src\traditional\proc\p18F4550.asm
                 UCFGbits   0x000f6f       data     extern C:\MCC18\src\traditional\proc\p18F4550.asm
                     UCFG   0x000f6f       data     extern C:\MCC18\src\traditional\proc\p18F4550.asm
                     UEP0   0x000f70       data     extern C:\MCC18\src\traditional\proc\p18F4550.asm
                 UEP0bits   0x000f70       data     extern C:\MCC18\src\traditional\proc\p18F4550.asm
                     UEP1   0x000f71       data     extern C:\MCC18\src\traditional\proc\p18F4550.asm
                 UEP1bits   0x000f71       data     extern C:\MCC18\src\traditional\proc\p18F4550.asm
                     UEP2   0x000f72       data     extern C:\MCC18\src\traditional\proc\p18F4550.asm
                 UEP2bits   0x000f72       data     extern C:\MCC18\src\traditional\proc\p18F4550.asm
                 UEP3bits   0x000f73       data     extern C:\MCC18\src\traditional\proc\p18F4550.asm
                     UEP3   0x000f73       data     extern C:\MCC18\src\traditional\proc\p18F4550.asm
                 UEP4bits   0x000f74       data     extern C:\MCC18\src\traditional\proc\p18F4550.asm
                     UEP4   0x000f74       data     extern C:\MCC18\src\traditional\proc\p18F4550.asm
[...]
                UEP12bits   0x000f7c       data     extern C:\MCC18\src\traditional\proc\p18F4550.asm
                    UEP12   0x000f7c       data     extern C:\MCC18\src\traditional\proc\p18F4550.asm
                UEP13bits   0x000f7d       data     extern C:\MCC18\src\traditional\proc\p18F4550.asm
                    UEP13   0x000f7d       data     extern C:\MCC18\src\traditional\proc\p18F4550.asm
                UEP14bits   0x000f7e       data     extern C:\MCC18\src\traditional\proc\p18F4550.asm
                    UEP14   0x000f7e       data     extern C:\MCC18\src\traditional\proc\p18F4550.asm
                UEP15bits   0x000f7f       data     extern C:\MCC18\src\traditional\proc\p18F4550.asm
                    UEP15   0x000f7f       data     extern C:\MCC18\src\traditional\proc\p18F4550.asm
                    PORTA   0x000f80       data     extern C:\MCC18\src\traditional\proc\p18F4550.asm
                PORTAbits   0x000f80       data     extern C:\MCC18\src\traditional\proc\p18F4550.asm
                    PORTB   0x000f81       data     extern C:\MCC18\src\traditional\proc\p18F4550.asm
                PORTBbits   0x000f81       data     extern C:\MCC18\src\traditional\proc\p18F4550.asm
                    PORTC   0x000f82       data     extern C:\MCC18\src\traditional\proc\p18F4550.asm
                PORTCbits   0x000f82       data     extern C:\MCC18\src\traditional\proc\p18F4550.asm
                PORTDbits   0x000f83       data     extern C:\MCC18\src\traditional\proc\p18F4550.asm
                    PORTD   0x000f83       data     extern C:\MCC18\src\traditional\proc\p18F4550.asm
                PORTEbits   0x000f84       data     extern C:\MCC18\src\traditional\proc\p18F4550.asm
                    PORTE   0x000f84       data     extern C:\MCC18\src\traditional\proc\p18F4550.asm
                     LATA   0x000f89       data     extern C:\MCC18\src\traditional\proc\p18F4550.asm
                 LATAbits   0x000f89       data     extern C:\MCC18\src\traditional\proc\p18F4550.asm
                     LATB   0x000f8a       data     extern C:\MCC18\src\traditional\proc\p18F4550.asm
                 LATBbits   0x000f8a       data     extern C:\MCC18\src\traditional\proc\p18F4550.asm
                     LATC   0x000f8b       data     extern C:\MCC18\src\traditional\proc\p18F4550.asm
                 LATCbits   0x000f8b       data     extern C:\MCC18\src\traditional\proc\p18F4550.asm
                     LATD   0x000f8c       data     extern C:\MCC18\src\traditional\proc\p18F4550.asm
                 LATDbits   0x000f8c       data     extern C:\MCC18\src\traditional\proc\p18F4550.asm
                 LATEbits   0x000f8d       data     extern C:\MCC18\src\traditional\proc\p18F4550.asm
                     LATE   0x000f8d       data     extern C:\MCC18\src\traditional\proc\p18F4550.asm
                    TRISA   0x000f92       data     extern C:\MCC18\src\traditional\proc\p18F4550.asm
                TRISAbits   0x000f92       data     extern C:\MCC18\src\traditional\proc\p18F4550.asm
                     DDRA   0x000f92       data     extern C:\MCC18\src\traditional\proc\p18F4550.asm
                 DDRAbits   0x000f92       data     extern C:\MCC18\src\traditional\proc\p18F4550.asm
                    TRISB   0x000f93       data     extern C:\MCC18\src\traditional\proc\p18F4550.asm
                TRISBbits   0x000f93       data     extern C:\MCC18\src\traditional\proc\p18F4550.asm
                     DDRB   0x000f93       data     extern C:\MCC18\src\traditional\proc\p18F4550.asm
                 DDRBbits   0x000f93       data     extern C:\MCC18\src\traditional\proc\p18F4550.asm
                     DDRC   0x000f94       data     extern C:\MCC18\src\traditional\proc\p18F4550.asm
                 DDRCbits   0x000f94       data     extern C:\MCC18\src\traditional\proc\p18F4550.asm
                TRISCbits   0x000f94       data     extern C:\MCC18\src\traditional\proc\p18F4550.asm
                    TRISC   0x000f94       data     extern C:\MCC18\src\traditional\proc\p18F4550.asm
                     DDRD   0x000f95       data     extern C:\MCC18\src\traditional\proc\p18F4550.asm
                 DDRDbits   0x000f95       data     extern C:\MCC18\src\traditional\proc\p18F4550.asm
                TRISDbits   0x000f95       data     extern C:\MCC18\src\traditional\proc\p18F4550.asm
                    TRISD   0x000f95       data     extern C:\MCC18\src\traditional\proc\p18F4550.asm
                TRISEbits   0x000f96       data     extern C:\MCC18\src\traditional\proc\p18F4550.asm
                    TRISE   0x000f96       data     extern C:\MCC18\src\traditional\proc\p18F4550.asm
                     DDRE   0x000f96       data     extern C:\MCC18\src\traditional\proc\p18F4550.asm
                 DDREbits   0x000f96       data     extern C:\MCC18\src\traditional\proc\p18F4550.asm
              OSCTUNEbits   0x000f9b       data     extern C:\MCC18\src\traditional\proc\p18F4550.asm
                  OSCTUNE   0x000f9b       data     extern C:\MCC18\src\traditional\proc\p18F4550.asm
                     PIE1   0x000f9d       data     extern C:\MCC18\src\traditional\proc\p18F4550.asm
                 PIE1bits   0x000f9d       data     extern C:\MCC18\src\traditional\proc\p18F4550.asm
                     PIR1   0x000f9e       data     extern C:\MCC18\src\traditional\proc\p18F4550.asm
                 PIR1bits   0x000f9e       data     extern C:\MCC18\src\traditional\proc\p18F4550.asm
                 IPR1bits   0x000f9f       data     extern C:\MCC18\src\traditional\proc\p18F4550.asm
                     IPR1   0x000f9f       data     extern C:\MCC18\src\traditional\proc\p18F4550.asm
                     PIE2   0x000fa0       data     extern C:\MCC18\src\traditional\proc\p18F4550.asm
                 PIE2bits   0x000fa0       data     extern C:\MCC18\src\traditional\proc\p18F4550.asm
                 PIR2bits   0x000fa1       data     extern C:\MCC18\src\traditional\proc\p18F4550.asm
                     PIR2   0x000fa1       data     extern C:\MCC18\src\traditional\proc\p18F4550.asm
                     IPR2   0x000fa2       data     extern C:\MCC18\src\traditional\proc\p18F4550.asm
                 IPR2bits   0x000fa2       data     extern C:\MCC18\src\traditional\proc\p18F4550.asm
                   EECON1   0x000fa6       data     extern C:\MCC18\src\traditional\proc\p18F4550.asm
               EECON1bits   0x000fa6       data     extern C:\MCC18\src\traditional\proc\p18F4550.asm
                   EECON2   0x000fa7       data     extern C:\MCC18\src\traditional\proc\p18F4550.asm
                   EEDATA   0x000fa8       data     extern C:\MCC18\src\traditional\proc\p18F4550.asm
                    EEADR   0x000fa9       data     extern C:\MCC18\src\traditional\proc\p18F4550.asm
                    RCSTA   0x000fab       data     extern C:\MCC18\src\traditional\proc\p18F4550.asm
                RCSTAbits   0x000fab       data     extern C:\MCC18\src\traditional\proc\p18F4550.asm
                TXSTAbits   0x000fac       data     extern C:\MCC18\src\traditional\proc\p18F4550.asm
                    TXSTA   0x000fac       data     extern C:\MCC18\src\traditional\proc\p18F4550.asm
                    TXREG   0x000fad       data     extern C:\MCC18\src\traditional\proc\p18F4550.asm
                    RCREG   0x000fae       data     extern C:\MCC18\src\traditional\proc\p18F4550.asm
                    SPBRG   0x000faf       data     extern C:\MCC18\src\traditional\proc\p18F4550.asm
                   SPBRGH   0x000fb0       data     extern C:\MCC18\src\traditional\proc\p18F4550.asm
                    T3CON   0x000fb1       data     extern C:\MCC18\src\traditional\proc\p18F4550.asm
                T3CONbits   0x000fb1       data     extern C:\MCC18\src\traditional\proc\p18F4550.asm
                    TMR3L   0x000fb2       data     extern C:\MCC18\src\traditional\proc\p18F4550.asm
                    TMR3H   0x000fb3       data     extern C:\MCC18\src\traditional\proc\p18F4550.asm
                    CMCON   0x000fb4       data     extern C:\MCC18\src\traditional\proc\p18F4550.asm
                CMCONbits   0x000fb4       data     extern C:\MCC18\src\traditional\proc\p18F4550.asm
               CVRCONbits   0x000fb5       data     extern C:\MCC18\src\traditional\proc\p18F4550.asm
                   CVRCON   0x000fb5       data     extern C:\MCC18\src\traditional\proc\p18F4550.asm
              ECCP1ASbits   0x000fb6       data     extern C:\MCC18\src\traditional\proc\p18F4550.asm
                  ECCP1AS   0x000fb6       data     extern C:\MCC18\src\traditional\proc\p18F4550.asm
                   CCP1AS   0x000fb6       data     extern C:\MCC18\src\traditional\proc\p18F4550.asm
               CCP1ASbits   0x000fb6       data     extern C:\MCC18\src\traditional\proc\p18F4550.asm
                  CCP1DEL   0x000fb7       data     extern C:\MCC18\src\traditional\proc\p18F4550.asm
              CCP1DELbits   0x000fb7       data     extern C:\MCC18\src\traditional\proc\p18F4550.asm
             ECCP1DELbits   0x000fb7       data     extern C:\MCC18\src\traditional\proc\p18F4550.asm
                 ECCP1DEL   0x000fb7       data     extern C:\MCC18\src\traditional\proc\p18F4550.asm
              BAUDCONbits   0x000fb8       data     extern C:\MCC18\src\traditional\proc\p18F4550.asm
                  BAUDCON   0x000fb8       data     extern C:\MCC18\src\traditional\proc\p18F4550.asm
                  CCP2CON   0x000fba       data     extern C:\MCC18\src\traditional\proc\p18F4550.asm
              CCP2CONbits   0x000fba       data     extern C:\MCC18\src\traditional\proc\p18F4550.asm
                    CCPR2   0x000fbb       data     extern C:\MCC18\src\traditional\proc\p18F4550.asm
                   CCPR2L   0x000fbb       data     extern C:\MCC18\src\traditional\proc\p18F4550.asm
                   CCPR2H   0x000fbc       data     extern C:\MCC18\src\traditional\proc\p18F4550.asm
                  CCP1CON   0x000fbd       data     extern C:\MCC18\src\traditional\proc\p18F4550.asm
              CCP1CONbits   0x000fbd       data     extern C:\MCC18\src\traditional\proc\p18F4550.asm
                 ECCP1CON   0x000fbd       data     extern C:\MCC18\src\traditional\proc\p18F4550.asm
             ECCP1CONbits   0x000fbd       data     extern C:\MCC18\src\traditional\proc\p18F4550.asm
                    CCPR1   0x000fbe       data     extern C:\MCC18\src\traditional\proc\p18F4550.asm
                   CCPR1L   0x000fbe       data     extern C:\MCC18\src\traditional\proc\p18F4550.asm
                   CCPR1H   0x000fbf       data     extern C:\MCC18\src\traditional\proc\p18F4550.asm
                   ADCON2   0x000fc0       data     extern C:\MCC18\src\traditional\proc\p18F4550.asm
               ADCON2bits   0x000fc0       data     extern C:\MCC18\src\traditional\proc\p18F4550.asm
               ADCON1bits   0x000fc1       data     extern C:\MCC18\src\traditional\proc\p18F4550.asm
                   ADCON1   0x000fc1       data     extern C:\MCC18\src\traditional\proc\p18F4550.asm
                   ADCON0   0x000fc2       data     extern C:\MCC18\src\traditional\proc\p18F4550.asm
               ADCON0bits   0x000fc2       data     extern C:\MCC18\src\traditional\proc\p18F4550.asm
                    ADRES   0x000fc3       data     extern C:\MCC18\src\traditional\proc\p18F4550.asm
                   ADRESL   0x000fc3       data     extern C:\MCC18\src\traditional\proc\p18F4550.asm
                   ADRESH   0x000fc4       data     extern C:\MCC18\src\traditional\proc\p18F4550.asm
                  SSPCON2   0x000fc5       data     extern C:\MCC18\src\traditional\proc\p18F4550.asm
              SSPCON2bits   0x000fc5       data     extern C:\MCC18\src\traditional\proc\p18F4550.asm
                  SSPCON1   0x000fc6       data     extern C:\MCC18\src\traditional\proc\p18F4550.asm
              SSPCON1bits   0x000fc6       data     extern C:\MCC18\src\traditional\proc\p18F4550.asm
              SSPSTATbits   0x000fc7       data     extern C:\MCC18\src\traditional\proc\p18F4550.asm
                  SSPSTAT   0x000fc7       data     extern C:\MCC18\src\traditional\proc\p18F4550.asm
                   SSPADD   0x000fc8       data     extern C:\MCC18\src\traditional\proc\p18F4550.asm
                   SSPBUF   0x000fc9       data     extern C:\MCC18\src\traditional\proc\p18F4550.asm
                T2CONbits   0x000fca       data     extern C:\MCC18\src\traditional\proc\p18F4550.asm
                    T2CON   0x000fca       data     extern C:\MCC18\src\traditional\proc\p18F4550.asm
                      PR2   0x000fcb       data     extern C:\MCC18\src\traditional\proc\p18F4550.asm
                     TMR2   0x000fcc       data     extern C:\MCC18\src\traditional\proc\p18F4550.asm
                T1CONbits   0x000fcd       data     extern C:\MCC18\src\traditional\proc\p18F4550.asm
                    T1CON   0x000fcd       data     extern C:\MCC18\src\traditional\proc\p18F4550.asm
                    TMR1L   0x000fce       data     extern C:\MCC18\src\traditional\proc\p18F4550.asm
                    TMR1H   0x000fcf       data     extern C:\MCC18\src\traditional\proc\p18F4550.asm
                     RCON   0x000fd0       data     extern C:\MCC18\src\traditional\proc\p18F4550.asm
                 RCONbits   0x000fd0       data     extern C:\MCC18\src\traditional\proc\p18F4550.asm
               WDTCONbits   0x000fd1       data     extern C:\MCC18\src\traditional\proc\p18F4550.asm
                   WDTCON   0x000fd1       data     extern C:\MCC18\src\traditional\proc\p18F4550.asm
                  HLVDCON   0x000fd2       data     extern C:\MCC18\src\traditional\proc\p18F4550.asm
              HLVDCONbits   0x000fd2       data     extern C:\MCC18\src\traditional\proc\p18F4550.asm
                   LVDCON   0x000fd2       data     extern C:\MCC18\src\traditional\proc\p18F4550.asm
               LVDCONbits   0x000fd2       data     extern C:\MCC18\src\traditional\proc\p18F4550.asm
                   OSCCON   0x000fd3       data     extern C:\MCC18\src\traditional\proc\p18F4550.asm
               OSCCONbits   0x000fd3       data     extern C:\MCC18\src\traditional\proc\p18F4550.asm
                T0CONbits   0x000fd5       data     extern C:\MCC18\src\traditional\proc\p18F4550.asm
                    T0CON   0x000fd5       data     extern C:\MCC18\src\traditional\proc\p18F4550.asm
                    TMR0L   0x000fd6       data     extern C:\MCC18\src\traditional\proc\p18F4550.asm
                    TMR0H   0x000fd7       data     extern C:\MCC18\src\traditional\proc\p18F4550.asm
                   STATUS   0x000fd8       data     extern C:\MCC18\src\traditional\proc\p18F4550.asm
               STATUSbits   0x000fd8       data     extern C:\MCC18\src\traditional\proc\p18F4550.asm
                     FSR2   0x000fd9       data     extern C:\MCC18\src\traditional\proc\p18F4550.asm
                    FSR2L   0x000fd9       data     extern C:\MCC18\src\traditional\proc\p18F4550.asm
                    FSR2H   0x000fda       data     extern C:\MCC18\src\traditional\proc\p18F4550.asm
                   PLUSW2   0x000fdb       data     extern C:\MCC18\src\traditional\proc\p18F4550.asm
                  PREINC2   0x000fdc       data     extern C:\MCC18\src\traditional\proc\p18F4550.asm
                 POSTDEC2   0x000fdd       data     extern C:\MCC18\src\traditional\proc\p18F4550.asm
                 POSTINC2   0x000fde       data     extern C:\MCC18\src\traditional\proc\p18F4550.asm
                    INDF2   0x000fdf       data     extern C:\MCC18\src\traditional\proc\p18F4550.asm
                      BSR   0x000fe0       data     extern C:\MCC18\src\traditional\proc\p18F4550.asm
                    FSR1L   0x000fe1       data     extern C:\MCC18\src\traditional\proc\p18F4550.asm
                     FSR1   0x000fe1       data     extern C:\MCC18\src\traditional\proc\p18F4550.asm
                    FSR1H   0x000fe2       data     extern C:\MCC18\src\traditional\proc\p18F4550.asm
                   PLUSW1   0x000fe3       data     extern C:\MCC18\src\traditional\proc\p18F4550.asm
                  PREINC1   0x000fe4       data     extern C:\MCC18\src\traditional\proc\p18F4550.asm
                 POSTDEC1   0x000fe5       data     extern C:\MCC18\src\traditional\proc\p18F4550.asm
                 POSTINC1   0x000fe6       data     extern C:\MCC18\src\traditional\proc\p18F4550.asm
                    INDF1   0x000fe7       data     extern C:\MCC18\src\traditional\proc\p18F4550.asm
                     WREG   0x000fe8       data     extern C:\MCC18\src\traditional\proc\p18F4550.asm
                    FSR0L   0x000fe9       data     extern C:\MCC18\src\traditional\proc\p18F4550.asm
                     FSR0   0x000fe9       data     extern C:\MCC18\src\traditional\proc\p18F4550.asm
                    FSR0H   0x000fea       data     extern C:\MCC18\src\traditional\proc\p18F4550.asm
                   PLUSW0   0x000feb       data     extern C:\MCC18\src\traditional\proc\p18F4550.asm
                  PREINC0   0x000fec       data     extern C:\MCC18\src\traditional\proc\p18F4550.asm
                 POSTDEC0   0x000fed       data     extern C:\MCC18\src\traditional\proc\p18F4550.asm
                 POSTINC0   0x000fee       data     extern C:\MCC18\src\traditional\proc\p18F4550.asm
                    INDF0   0x000fef       data     extern C:\MCC18\src\traditional\proc\p18F4550.asm
              INTCON3bits   0x000ff0       data     extern C:\MCC18\src\traditional\proc\p18F4550.asm
                  INTCON3   0x000ff0       data     extern C:\MCC18\src\traditional\proc\p18F4550.asm
              INTCON2bits   0x000ff1       data     extern C:\MCC18\src\traditional\proc\p18F4550.asm
                  INTCON2   0x000ff1       data     extern C:\MCC18\src\traditional\proc\p18F4550.asm
                   INTCON   0x000ff2       data     extern C:\MCC18\src\traditional\proc\p18F4550.asm
               INTCONbits   0x000ff2       data     extern C:\MCC18\src\traditional\proc\p18F4550.asm
                     PROD   0x000ff3       data     extern C:\MCC18\src\traditional\proc\p18F4550.asm
                    PRODL   0x000ff3       data     extern C:\MCC18\src\traditional\proc\p18F4550.asm
                    PRODH   0x000ff4       data     extern C:\MCC18\src\traditional\proc\p18F4550.asm
                   TABLAT   0x000ff5       data     extern C:\MCC18\src\traditional\proc\p18F4550.asm
                  TBLPTRL   0x000ff6       data     extern C:\MCC18\src\traditional\proc\p18F4550.asm
                   TBLPTR   0x000ff6       data     extern C:\MCC18\src\traditional\proc\p18F4550.asm
                  TBLPTRH   0x000ff7       data     extern C:\MCC18\src\traditional\proc\p18F4550.asm
                  TBLPTRU   0x000ff8       data     extern C:\MCC18\src\traditional\proc\p18F4550.asm
                       PC   0x000ff9       data     extern C:\MCC18\src\traditional\proc\p18F4550.asm
                      PCL   0x000ff9       data     extern C:\MCC18\src\traditional\proc\p18F4550.asm
                   PCLATH   0x000ffa       data     extern C:\MCC18\src\traditional\proc\p18F4550.asm
                   PCLATU   0x000ffb       data     extern C:\MCC18\src\traditional\proc\p18F4550.asm
               STKPTRbits   0x000ffc       data     extern C:\MCC18\src\traditional\proc\p18F4550.asm
                   STKPTR   0x000ffc       data     extern C:\MCC18\src\traditional\proc\p18F4550.asm
                      TOS   0x000ffd       data     extern C:\MCC18\src\traditional\proc\p18F4550.asm
                     TOSL   0x000ffd       data     extern C:\MCC18\src\traditional\proc\p18F4550.asm
                     TOSH   0x000ffe       data     extern C:\MCC18\src\traditional\proc\p18F4550.asm
                     TOSU   0x000fff       data     extern C:\MCC18\src\traditional\proc\p18F4550.asm


