MPLINK 5.00, LINKER
Linker Map File - Created Mon Oct 19 13:17:33 2015

                                 Section Info
                  Section       Type    Address   Location Size(Bytes)
                ---------  ---------  ---------  ---------  ---------
               _entry_scn       code   0x000000    program   0x000006
    HIGH_INTERRUPT_VECTOR       code   0x000008    program   0x000006
     LOW_INTERRUPT_VECTOR       code   0x000018    program   0x000006
    REMAPPED_RESET_VECTOR       code   0x001000    program   0x000006
      AppSignatureSection    romdata   0x001006    program   0x000002
REMAPPED_HIGH_INTERRUPT_VECTOR       code   0x001008    program   0x000006
AppVersionAndSignatureSection    romdata   0x001016    program   0x000002
REMAPPED_LOW_INTERRUPT_VECTOR       code   0x001018    program   0x000006
                   .cinit    romdata   0x00102a    program   0x00000e
.code_main v5.1.(TR code based on 4.0).o       code   0x001038    program   0x001642
       .code_usb_device.o       code   0x00267a    program   0x001250
.romdata_main v5.1.(TR code based on 4.0).o    romdata   0x0038ca    program   0x0000f8
 .code_usb_function_hid.o       code   0x0039c2    program   0x0000c2
.romdata_usb_descriptors.o    romdata   0x003a84    program   0x0000ab
         .idata_uopen.o_i    romdata   0x003b2f    program   0x000000
        .romdata_t1open.o    romdata   0x003b2f    program   0x000000
        .idata_t2open.o_i    romdata   0x003b2f    program   0x000000
         .romdata_uopen.o    romdata   0x003b2f    program   0x000000
         .idata_uread.o_i    romdata   0x003b2f    program   0x000000
        .romdata_t2open.o    romdata   0x003b2f    program   0x000000
         .romdata_uread.o    romdata   0x003b2f    program   0x000000
         .idata_udefs.o_i    romdata   0x003b2f    program   0x000000
         .romdata_udefs.o    romdata   0x003b2f    program   0x000000
        .idata___init.o_i    romdata   0x003b2f    program   0x000000
        .romdata___init.o    romdata   0x003b2f    program   0x000000
        .idata_t1open.o_i    romdata   0x003b2f    program   0x000000
       .romdata_fxm3232.o    romdata   0x003b2f    program   0x000000
       .idata_fxm3232.o_i    romdata   0x003b2f    program   0x000000
         .idata_c018i.o_i    romdata   0x003b2f    program   0x000000
         .romdata_c018i.o    romdata   0x003b2f    program   0x000000
.idata_usb_descriptors.o_i    romdata   0x003b2f    program   0x000000
.idata_usb_function_hid.o_i    romdata   0x003b2f    program   0x000000
.romdata_usb_function_hid.o    romdata   0x003b2f    program   0x000000
    .idata_usb_device.o_i    romdata   0x003b2f    program   0x000000
    .romdata_usb_device.o    romdata   0x003b2f    program   0x000000
  .code_usb_descriptors.o       code   0x003b30    program   0x000000
            .code_udefs.o       code   0x003b30    program   0x000000
            .code_c018i.o       code   0x003b30    program   0x000000
               _cinit_scn       code   0x003b30    program   0x00009e
            .code_uopen.o       code   0x003bce    program   0x00008a
          .code_fxm3232.o       code   0x003c58    program   0x000070
           .code_t1open.o       code   0x003cc8    program   0x000042
            .code_uread.o       code   0x003d0a    program   0x00003e
           .code_t2open.o       code   0x003d48    program   0x000036
                   STRING       code   0x003d7e    program   0x000034
                    .code       code   0x003db2    program   0x000020
             _startup_scn       code   0x003dd2    program   0x00001c
           .code___init.o       code   0x003dee    program   0x000002
.idata_main v5.1.(TR code based on 4.0).o_i    romdata   0x003df0    program   0x000045
.config_300000_main v5.1.(TR code based on 4.0).o    romdata   0x300000    program   0x000001
.config_300001_main v5.1.(TR code based on 4.0).o    romdata   0x300001    program   0x000001
.config_300002_main v5.1.(TR code based on 4.0).o    romdata   0x300002    program   0x000001
.config_300003_main v5.1.(TR code based on 4.0).o    romdata   0x300003    program   0x000001
.config_300005_main v5.1.(TR code based on 4.0).o    romdata   0x300005    program   0x000001
.config_300006_main v5.1.(TR code based on 4.0).o    romdata   0x300006    program   0x000001
.config_300008_main v5.1.(TR code based on 4.0).o    romdata   0x300008    program   0x000001
.config_300009_main v5.1.(TR code based on 4.0).o    romdata   0x300009    program   0x000001
.config_30000a_main v5.1.(TR code based on 4.0).o    romdata   0x30000a    program   0x000001
.config_30000b_main v5.1.(TR code based on 4.0).o    romdata   0x30000b    program   0x000001
.config_30000c_main v5.1.(TR code based on 4.0).o    romdata   0x30000c    program   0x000001
.config_30000d_main v5.1.(TR code based on 4.0).o    romdata   0x30000d    program   0x000001
                MATH_DATA      udata   0x000000       data   0x000010
                 .tmpdata      udata   0x000010       data   0x000006
.idata_main v5.1.(TR code based on 4.0).o      idata   0x000060       data   0x000045
.udata_main v5.1.(TR code based on 4.0).o      udata   0x0000a5       data   0x00003a
                     grp1      udata   0x0000df       data   0x000014
           .udata_c018i.o      udata   0x0000f3       data   0x00000a
.udata_usb_function_hid.o      udata   0x0000fd       data   0x000002
           .udata_udefs.o      udata   0x0000ff       data   0x000001
      .udata_usb_device.o      udata   0x000100       data   0x00002e
           .idata_udefs.o      idata   0x00012e       data   0x000000
           .idata_uread.o      idata   0x00012e       data   0x000000
           .udata_uread.o      udata   0x00012e       data   0x000000
           .idata_uopen.o      idata   0x00012e       data   0x000000
           .udata_uopen.o      udata   0x00012e       data   0x000000
          .idata_t2open.o      idata   0x00012e       data   0x000000
          .udata_t2open.o      udata   0x00012e       data   0x000000
          .idata_t1open.o      idata   0x00012e       data   0x000000
          .udata_t1open.o      udata   0x00012e       data   0x000000
         .idata_fxm3232.o      idata   0x00012e       data   0x000000
         .udata_fxm3232.o      udata   0x00012e       data   0x000000
          .udata___init.o      udata   0x00012e       data   0x000000
               USB_BUFFER      udata   0x00012e       data   0x000000
          .idata___init.o      idata   0x00012e       data   0x000000
           .idata_c018i.o      idata   0x00012e       data   0x000000
 .udata_usb_descriptors.o      udata   0x00012e       data   0x000000
      .idata_usb_device.o      idata   0x00012e       data   0x000000
.idata_usb_function_hid.o      idata   0x00012e       data   0x000000
 .idata_usb_descriptors.o      idata   0x00012e       data   0x000000
                   .stack      udata   0x000300       data   0x000100
                  USB_BDT      udata   0x000400       data   0x000030
                 USB_VARS      udata   0x000430       data   0x000280
            SFR_UNBANKED0      udata   0x000f62       data   0x00009e



                              Program Memory Usage 
                               Start         End      
                           ---------   ---------      
                            0x000000    0x000005      
                            0x000008    0x00000d      
                            0x000018    0x00001d      
                            0x001000    0x00100d      
                            0x001016    0x00101d      
                            0x00102a    0x003b2e      
                            0x003b30    0x003e34      
                            0x300000    0x300003      
                            0x300005    0x300006      
                            0x300008    0x30000d      
            11838 out of 33048 program addresses used, program memory utilization is 35%



                              Symbols - Sorted by Name
                     Name    Address   Location    Storage File                     
                ---------  ---------  ---------  --------- ---------                
                 AUTOcomm   0x001f16    program     extern C:\Users\KBV\Desktop\Docus\Automan\Automation Project\Firmware\18F4550 BackPlane USB\2013-11-05\main v5.1.(TR code based on 4.0).c
              Address_MUX   0x001c46    program     extern C:\Users\KBV\Desktop\Docus\Automan\Automation Project\Firmware\18F4550 BackPlane USB\2013-11-05\main v5.1.(TR code based on 4.0).c
               AppVersion   0x001016    program     extern C:\Users\KBV\Desktop\Docus\Automan\Automation Project\Firmware\18F4550 BackPlane USB\2013-11-05\main v5.1.(TR code based on 4.0).c
                  EX08cmd   0x001e32    program     extern C:\Users\KBV\Desktop\Docus\Automan\Automation Project\Firmware\18F4550 BackPlane USB\2013-11-05\main v5.1.(TR code based on 4.0).c
                 EXI2Ccmd   0x001d62    program     extern C:\Users\KBV\Desktop\Docus\Automan\Automation Project\Firmware\18F4550 BackPlane USB\2013-11-05\main v5.1.(TR code based on 4.0).c
                  FXM3232   0x003c58    program     extern E:\c18v3.46\pic18-lt\cxx-framework\src\traditional\math\fxm3232.c
                 High_ISR   0x000008    program     extern C:\Users\KBV\Desktop\Docus\Automan\Automation Project\Firmware\18F4550 BackPlane USB\2013-11-05\main v5.1.(TR code based on 4.0).c
         InitializeSystem   0x001804    program     static C:\Users\KBV\Desktop\Docus\Automan\Automation Project\Firmware\18F4550 BackPlane USB\2013-11-05\main v5.1.(TR code based on 4.0).c
                  Low_ISR   0x000018    program     extern C:\Users\KBV\Desktop\Docus\Automan\Automation Project\Firmware\18F4550 BackPlane USB\2013-11-05\main v5.1.(TR code based on 4.0).c
              MTC_machine   0x00156c    program     extern C:\Users\KBV\Desktop\Docus\Automan\Automation Project\Firmware\18F4550 BackPlane USB\2013-11-05\main v5.1.(TR code based on 4.0).c
               OpenTimer1   0x003cc8    program     extern E:\c18v3.46\pic18-lt\cxx-framework\src\pmc_common\Timers\t1open.c
               OpenTimer2   0x003d48    program     extern E:\c18v3.46\pic18-lt\cxx-framework\src\pmc_common\Timers\t2open.c
                OpenUSART   0x003bce    program     extern E:\c18v3.46\pic18-lt\cxx-framework\src\pmc_common\USART\uopen.c
                ProcessIO   0x0018f4    program     extern C:\Users\KBV\Desktop\Docus\Automan\Automation Project\Firmware\18F4550 BackPlane USB\2013-11-05\main v5.1.(TR code based on 4.0).c
                ReadUSART   0x003d0a    program     extern E:\c18v3.46\pic18-lt\cxx-framework\src\pmc_common\USART\uread.c
        Remapped_High_ISR   0x001008    program     extern C:\Users\KBV\Desktop\Docus\Automan\Automation Project\Firmware\18F4550 BackPlane USB\2013-11-05\main v5.1.(TR code based on 4.0).c
         Remapped_Low_ISR   0x001018    program     extern C:\Users\KBV\Desktop\Docus\Automan\Automation Project\Firmware\18F4550 BackPlane USB\2013-11-05\main v5.1.(TR code based on 4.0).c
     SignaturePlaceholder   0x001006    program     extern C:\Users\KBV\Desktop\Docus\Automan\Automation Project\Firmware\18F4550 BackPlane USB\2013-11-05\main v5.1.(TR code based on 4.0).c
                   TRcomm   0x0021c0    program     extern C:\Users\KBV\Desktop\Docus\Automan\Automation Project\Firmware\18F4550 BackPlane USB\2013-11-05\main v5.1.(TR code based on 4.0).c
       USBCBCheckOtherReq   0x001c72    program     extern C:\Users\KBV\Desktop\Docus\Automan\Automation Project\Firmware\18F4550 BackPlane USB\2013-11-05\main v5.1.(TR code based on 4.0).c
        USBCBErrorHandler   0x001c70    program     extern C:\Users\KBV\Desktop\Docus\Automan\Automation Project\Firmware\18F4550 BackPlane USB\2013-11-05\main v5.1.(TR code based on 4.0).c
              USBCBInitEP   0x001c78    program     extern C:\Users\KBV\Desktop\Docus\Automan\Automation Project\Firmware\18F4550 BackPlane USB\2013-11-05\main v5.1.(TR code based on 4.0).c
          USBCBSendResume   0x001c8a    program     extern C:\Users\KBV\Desktop\Docus\Automan\Automation Project\Firmware\18F4550 BackPlane USB\2013-11-05\main v5.1.(TR code based on 4.0).c
    USBCBStdSetDscHandler   0x001c76    program     extern C:\Users\KBV\Desktop\Docus\Automan\Automation Project\Firmware\18F4550 BackPlane USB\2013-11-05\main v5.1.(TR code based on 4.0).c
             USBCBSuspend   0x001c6a    program     extern C:\Users\KBV\Desktop\Docus\Automan\Automation Project\Firmware\18F4550 BackPlane USB\2013-11-05\main v5.1.(TR code based on 4.0).c
     USBCBWakeFromSuspend   0x001c6c    program     extern C:\Users\KBV\Desktop\Docus\Automan\Automation Project\Firmware\18F4550 BackPlane USB\2013-11-05\main v5.1.(TR code based on 4.0).c
        USBCB_SOF_Handler   0x001c6e    program     extern C:\Users\KBV\Desktop\Docus\Automan\Automation Project\Firmware\18F4550 BackPlane USB\2013-11-05\main v5.1.(TR code based on 4.0).c
              USBCancelIO   0x002b56    program     extern C:\microchip_solutions\Microchip\USB\usb_device.c
       USBCheckHIDRequest   0x0039c2    program     extern C:\microchip_solutions\Microchip\USB\HID Device Driver\usb_function_hid.c
       USBCheckStdRequest   0x00359c    program     static C:\microchip_solutions\Microchip\USB\usb_device.c
     USBConfigureEndpoint   0x002d24    program     static C:\microchip_solutions\Microchip\USB\usb_device.c
  USBCtrlEPAllowDataStage   0x002ca8    program     extern C:\microchip_solutions\Microchip\USB\usb_device.c
USBCtrlEPAllowStatusStage   0x002c06    program     extern C:\microchip_solutions\Microchip\USB\usb_device.c
         USBCtrlEPService   0x003376    program     static C:\microchip_solutions\Microchip\USB\usb_device.c
 USBCtrlEPServiceComplete   0x002dd0    program     static C:\microchip_solutions\Microchip\USB\usb_device.c
      USBCtrlTrfInHandler   0x0034ee    program     static C:\microchip_solutions\Microchip\USB\usb_device.c
     USBCtrlTrfOutHandler   0x0034a4    program     static C:\microchip_solutions\Microchip\USB\usb_device.c
      USBCtrlTrfRxService   0x002f50    program     static C:\microchip_solutions\Microchip\USB\usb_device.c
   USBCtrlTrfSetupHandler   0x003446    program     static C:\microchip_solutions\Microchip\USB\usb_device.c
      USBCtrlTrfTxService   0x002e92    program     static C:\microchip_solutions\Microchip\USB\usb_device.c
            USBDeviceInit   0x00267a    program     extern C:\microchip_solutions\Microchip\USB\usb_device.c
           USBDeviceTasks   0x002792    program     extern C:\microchip_solutions\Microchip\USB\usb_device.c
        USBEnableEndpoint   0x00291a    program     extern C:\microchip_solutions\Microchip\USB\usb_device.c
         USBStallEndpoint   0x002a7a    program     extern C:\microchip_solutions\Microchip\USB\usb_device.c
          USBStallHandler   0x0032ec    program     static C:\microchip_solutions\Microchip\USB\usb_device.c
  USBStdFeatureReqHandler   0x00365a    program     static C:\microchip_solutions\Microchip\USB\usb_device.c
      USBStdGetDscHandler   0x003170    program     static C:\microchip_solutions\Microchip\USB\usb_device.c
   USBStdGetStatusHandler   0x00322a    program     static C:\microchip_solutions\Microchip\USB\usb_device.c
      USBStdSetCfgHandler   0x00308e    program     static C:\microchip_solutions\Microchip\USB\usb_device.c
               USBSuspend   0x00331e    program     static C:\microchip_solutions\Microchip\USB\usb_device.c
     USBTransferOnePacket   0x002988    program     extern C:\microchip_solutions\Microchip\USB\usb_device.c
       USBWakeFromSuspend   0x003348    program     static C:\microchip_solutions\Microchip\USB\usb_device.c
               USB_CD_Ptr   0x003b27    program     extern C:\Users\KBV\Desktop\Docus\Automan\Automation Project\Firmware\18F4550 BackPlane USB\2013-11-05\usb_descriptors.c
               USB_SD_Ptr   0x003b29    program     extern C:\Users\KBV\Desktop\Docus\Automan\Automation Project\Firmware\18F4550 BackPlane USB\2013-11-05\usb_descriptors.c
USER_USB_CALLBACK_EVENT_HANDLER   0x001cce    program     extern C:\Users\KBV\Desktop\Docus\Automan\Automation Project\Firmware\18F4550 BackPlane USB\2013-11-05\main v5.1.(TR code based on 4.0).c
                 UserInit   0x00180e    program     extern C:\Users\KBV\Desktop\Docus\Automan\Automation Project\Firmware\18F4550 BackPlane USB\2013-11-05\main v5.1.(TR code based on 4.0).c
  YourHighPriorityISRCode   0x001038    program     extern C:\Users\KBV\Desktop\Docus\Automan\Automation Project\Firmware\18F4550 BackPlane USB\2013-11-05\main v5.1.(TR code based on 4.0).c
   YourLowPriorityISRCode   0x0012de    program     extern C:\Users\KBV\Desktop\Docus\Automan\Automation Project\Firmware\18F4550 BackPlane USB\2013-11-05\main v5.1.(TR code based on 4.0).c
              _2jContinue   0x003d9e    program     static E:\c18v3.46\pic18-lt\cxx-framework\src\traditional\stdclib\memset.asm
                   _3jEnd   0x003da8    program     static E:\c18v3.46\pic18-lt\cxx-framework\src\traditional\stdclib\memset.asm
       ___return_lbl00000   0x000004    program     static                          
       ___return_lbl00000   0x003cc6    program     static                          
       ___return_lbl00000   0x00000c    program     static                          
       ___return_lbl00001   0x003dec    program     static                          
       ___return_lbl00001   0x00001c    program     static                          
       ___return_lbl00002   0x003bcc    program     static                          
       ___return_lbl00002   0x001004    program     static                          
       ___return_lbl00003   0x00100c    program     static                          
       ___return_lbl00004   0x00101c    program     static                          
               __config_0   0x300000    program     static C:\Users\KBV\Desktop\Docus\Automan\Automation Project\Firmware\18F4550 BackPlane USB\2013-11-05\main v5.1.(TR code based on 4.0).c
               __config_1   0x300001    program     static C:\Users\KBV\Desktop\Docus\Automan\Automation Project\Firmware\18F4550 BackPlane USB\2013-11-05\main v5.1.(TR code based on 4.0).c
              __config_10   0x30000c    program     static C:\Users\KBV\Desktop\Docus\Automan\Automation Project\Firmware\18F4550 BackPlane USB\2013-11-05\main v5.1.(TR code based on 4.0).c
              __config_11   0x30000d    program     static C:\Users\KBV\Desktop\Docus\Automan\Automation Project\Firmware\18F4550 BackPlane USB\2013-11-05\main v5.1.(TR code based on 4.0).c
               __config_2   0x300002    program     static C:\Users\KBV\Desktop\Docus\Automan\Automation Project\Firmware\18F4550 BackPlane USB\2013-11-05\main v5.1.(TR code based on 4.0).c
               __config_3   0x300003    program     static C:\Users\KBV\Desktop\Docus\Automan\Automation Project\Firmware\18F4550 BackPlane USB\2013-11-05\main v5.1.(TR code based on 4.0).c
               __config_4   0x300005    program     static C:\Users\KBV\Desktop\Docus\Automan\Automation Project\Firmware\18F4550 BackPlane USB\2013-11-05\main v5.1.(TR code based on 4.0).c
               __config_5   0x300006    program     static C:\Users\KBV\Desktop\Docus\Automan\Automation Project\Firmware\18F4550 BackPlane USB\2013-11-05\main v5.1.(TR code based on 4.0).c
               __config_6   0x300008    program     static C:\Users\KBV\Desktop\Docus\Automan\Automation Project\Firmware\18F4550 BackPlane USB\2013-11-05\main v5.1.(TR code based on 4.0).c
               __config_7   0x300009    program     static C:\Users\KBV\Desktop\Docus\Automan\Automation Project\Firmware\18F4550 BackPlane USB\2013-11-05\main v5.1.(TR code based on 4.0).c
               __config_8   0x30000a    program     static C:\Users\KBV\Desktop\Docus\Automan\Automation Project\Firmware\18F4550 BackPlane USB\2013-11-05\main v5.1.(TR code based on 4.0).c
               __config_9   0x30000b    program     static C:\Users\KBV\Desktop\Docus\Automan\Automation Project\Firmware\18F4550 BackPlane USB\2013-11-05\main v5.1.(TR code based on 4.0).c
                   __init   0x003dee    program     extern E:\c18v3.46\pic18-lt\cxx-framework\src\traditional\stdclib\__init.c
            __zero_memory   0x003db2    program     extern E:\c18v3.46\pic18-lt\cxx-framework\src\traditional\proc\p18f4550.asm
                _do_cinit   0x003b30    program     extern E:\c18v3.46\pic18-lt\cxx-framework\src\traditional\startup\c018i.c
                   _entry   0x000000    program     extern E:\c18v3.46\pic18-lt\cxx-framework\src\traditional\startup\c018i.c
                   _reset   0x001000    program     extern C:\Users\KBV\Desktop\Docus\Automan\Automation Project\Firmware\18F4550 BackPlane USB\2013-11-05\main v5.1.(TR code based on 4.0).c
                 _startup   0x003dd2    program     extern E:\c18v3.46\pic18-lt\cxx-framework\src\traditional\startup\c018i.c
                 address0   0x0038ca    program     extern C:\Users\KBV\Desktop\Docus\Automan\Automation Project\Firmware\18F4550 BackPlane USB\2013-11-05\main v5.1.(TR code based on 4.0).c
                 address1   0x0038e2    program     extern C:\Users\KBV\Desktop\Docus\Automan\Automation Project\Firmware\18F4550 BackPlane USB\2013-11-05\main v5.1.(TR code based on 4.0).c
                 address2   0x0038fa    program     extern C:\Users\KBV\Desktop\Docus\Automan\Automation Project\Firmware\18F4550 BackPlane USB\2013-11-05\main v5.1.(TR code based on 4.0).c
                 address3   0x003912    program     extern C:\Users\KBV\Desktop\Docus\Automan\Automation Project\Firmware\18F4550 BackPlane USB\2013-11-05\main v5.1.(TR code based on 4.0).c
                 address4   0x00392a    program     extern C:\Users\KBV\Desktop\Docus\Automan\Automation Project\Firmware\18F4550 BackPlane USB\2013-11-05\main v5.1.(TR code based on 4.0).c
                 address5   0x003942    program     extern C:\Users\KBV\Desktop\Docus\Automan\Automation Project\Firmware\18F4550 BackPlane USB\2013-11-05\main v5.1.(TR code based on 4.0).c
                 address6   0x00395a    program     extern C:\Users\KBV\Desktop\Docus\Automan\Automation Project\Firmware\18F4550 BackPlane USB\2013-11-05\main v5.1.(TR code based on 4.0).c
                 address7   0x003972    program     extern C:\Users\KBV\Desktop\Docus\Automan\Automation Project\Firmware\18F4550 BackPlane USB\2013-11-05\main v5.1.(TR code based on 4.0).c
                 address8   0x00398a    program     extern C:\Users\KBV\Desktop\Docus\Automan\Automation Project\Firmware\18F4550 BackPlane USB\2013-11-05\main v5.1.(TR code based on 4.0).c
                 address9   0x0039a2    program     extern C:\Users\KBV\Desktop\Docus\Automan\Automation Project\Firmware\18F4550 BackPlane USB\2013-11-05\main v5.1.(TR code based on 4.0).c
                compare_l   0x003dc8    program     static E:\c18v3.46\pic18-lt\cxx-framework\src\traditional\proc\p18f4550.asm
        configDescriptor1   0x003a96    program     extern C:\Users\KBV\Desktop\Docus\Automan\Automation Project\Firmware\18F4550 BackPlane USB\2013-11-05\usb_descriptors.c
                copy_loop   0x003ba2    program     static                          
            copy_one_byte   0x003ba8    program     static                          
               device_dsc   0x003a84    program     extern C:\Users\KBV\Desktop\Docus\Automan\Automation Project\Firmware\18F4550 BackPlane USB\2013-11-05\usb_descriptors.c
                dir_table   0x0039ba    program     extern C:\Users\KBV\Desktop\Docus\Automan\Automation Project\Firmware\18F4550 BackPlane USB\2013-11-05\main v5.1.(TR code based on 4.0).c
                     done   0x003bcc    program     static                          
             done_copying   0x003bb6    program     static                          
                hid_rpt01   0x003b0b    program     extern C:\Users\KBV\Desktop\Docus\Automan\Automation Project\Firmware\18F4550 BackPlane USB\2013-11-05\usb_descriptors.c
                     jEnd   0x003db0    program     static E:\c18v3.46\pic18-lt\cxx-framework\src\traditional\stdclib\memset.asm
                    jLoop   0x003d92    program     static E:\c18v3.46\pic18-lt\cxx-framework\src\traditional\stdclib\memset.asm
                     loop   0x003de2    program     static                          
                   loop_h   0x003dc0    program     static E:\c18v3.46\pic18-lt\cxx-framework\src\traditional\proc\p18f4550.asm
                   loop_l   0x003dca    program     static E:\c18v3.46\pic18-lt\cxx-framework\src\traditional\proc\p18f4550.asm
                     main   0x001300    program     extern C:\Users\KBV\Desktop\Docus\Automan\Automation Project\Firmware\18F4550 BackPlane USB\2013-11-05\main v5.1.(TR code based on 4.0).c
                   memset   0x003d7e    program     extern E:\c18v3.46\pic18-lt\cxx-framework\src\traditional\stdclib\memset.asm
                    sd000   0x003abf    program     extern C:\Users\KBV\Desktop\Docus\Automan\Automation Project\Firmware\18F4550 BackPlane USB\2013-11-05\usb_descriptors.c
                    sd001   0x003ac3    program     extern C:\Users\KBV\Desktop\Docus\Automan\Automation Project\Firmware\18F4550 BackPlane USB\2013-11-05\usb_descriptors.c
                    sd002   0x003af1    program     extern C:\Users\KBV\Desktop\Docus\Automan\Automation Project\Firmware\18F4550 BackPlane USB\2013-11-05\usb_descriptors.c
           sendMPXAddress   0x002510    program     extern C:\Users\KBV\Desktop\Docus\Automan\Automation Project\Firmware\18F4550 BackPlane USB\2013-11-05\main v5.1.(TR code based on 4.0).c
                   setMPX   0x0023b4    program     extern C:\Users\KBV\Desktop\Docus\Automan\Automation Project\Firmware\18F4550 BackPlane USB\2013-11-05\main v5.1.(TR code based on 4.0).c
                     test   0x003b4a    program     static                          
               zero_block   0x003dc0    program     static E:\c18v3.46\pic18-lt\cxx-framework\src\traditional\proc\p18f4550.asm
                   ADCON0   0x000fc2       data     extern E:\c18v3.46\pic18-lt\cxx-framework\src\traditional\proc\p18f4550.asm
               ADCON0bits   0x000fc2       data     extern E:\c18v3.46\pic18-lt\cxx-framework\src\traditional\proc\p18f4550.asm
                   ADCON1   0x000fc1       data     extern E:\c18v3.46\pic18-lt\cxx-framework\src\traditional\proc\p18f4550.asm
               ADCON1bits   0x000fc1       data     extern E:\c18v3.46\pic18-lt\cxx-framework\src\traditional\proc\p18f4550.asm
                   ADCON2   0x000fc0       data     extern E:\c18v3.46\pic18-lt\cxx-framework\src\traditional\proc\p18f4550.asm
               ADCON2bits   0x000fc0       data     extern E:\c18v3.46\pic18-lt\cxx-framework\src\traditional\proc\p18f4550.asm
                    ADRES   0x000fc3       data     extern E:\c18v3.46\pic18-lt\cxx-framework\src\traditional\proc\p18f4550.asm
                   ADRESH   0x000fc4       data     extern E:\c18v3.46\pic18-lt\cxx-framework\src\traditional\proc\p18f4550.asm
                   ADRESL   0x000fc3       data     extern E:\c18v3.46\pic18-lt\cxx-framework\src\traditional\proc\p18f4550.asm
           BACKPLANE_FLAG   0x0000a1       data     static C:\Users\KBV\Desktop\Docus\Automan\Automation Project\Firmware\18F4550 BackPlane USB\2013-11-05\main v5.1.(TR code based on 4.0).c
                  BAUDCON   0x000fb8       data     extern E:\c18v3.46\pic18-lt\cxx-framework\src\traditional\proc\p18f4550.asm
              BAUDCONbits   0x000fb8       data     extern E:\c18v3.46\pic18-lt\cxx-framework\src\traditional\proc\p18f4550.asm
                  BAUDCTL   0x000fb8       data     extern E:\c18v3.46\pic18-lt\cxx-framework\src\traditional\proc\p18f4550.asm
              BAUDCTLbits   0x000fb8       data     extern E:\c18v3.46\pic18-lt\cxx-framework\src\traditional\proc\p18f4550.asm
                      BDT   0x000400       data     extern C:\microchip_solutions\Microchip\USB\usb_device.c
                      BSR   0x000fe0       data     extern E:\c18v3.46\pic18-lt\cxx-framework\src\traditional\proc\p18f4550.asm
       BothEP0OutUOWNsSet   0x000123       data     extern C:\microchip_solutions\Microchip\USB\usb_device.c
                   CCP1AS   0x000fb6       data     extern E:\c18v3.46\pic18-lt\cxx-framework\src\traditional\proc\p18f4550.asm
               CCP1ASbits   0x000fb6       data     extern E:\c18v3.46\pic18-lt\cxx-framework\src\traditional\proc\p18f4550.asm
                  CCP1CON   0x000fbd       data     extern E:\c18v3.46\pic18-lt\cxx-framework\src\traditional\proc\p18f4550.asm
              CCP1CONbits   0x000fbd       data     extern E:\c18v3.46\pic18-lt\cxx-framework\src\traditional\proc\p18f4550.asm
                  CCP1DEL   0x000fb7       data     extern E:\c18v3.46\pic18-lt\cxx-framework\src\traditional\proc\p18f4550.asm
              CCP1DELbits   0x000fb7       data     extern E:\c18v3.46\pic18-lt\cxx-framework\src\traditional\proc\p18f4550.asm
                  CCP2CON   0x000fba       data     extern E:\c18v3.46\pic18-lt\cxx-framework\src\traditional\proc\p18f4550.asm
              CCP2CONbits   0x000fba       data     extern E:\c18v3.46\pic18-lt\cxx-framework\src\traditional\proc\p18f4550.asm
                    CCPR1   0x000fbe       data     extern E:\c18v3.46\pic18-lt\cxx-framework\src\traditional\proc\p18f4550.asm
                   CCPR1H   0x000fbf       data     extern E:\c18v3.46\pic18-lt\cxx-framework\src\traditional\proc\p18f4550.asm
                   CCPR1L   0x000fbe       data     extern E:\c18v3.46\pic18-lt\cxx-framework\src\traditional\proc\p18f4550.asm
                    CCPR2   0x000fbb       data     extern E:\c18v3.46\pic18-lt\cxx-framework\src\traditional\proc\p18f4550.asm
                   CCPR2H   0x000fbc       data     extern E:\c18v3.46\pic18-lt\cxx-framework\src\traditional\proc\p18f4550.asm
                   CCPR2L   0x000fbb       data     extern E:\c18v3.46\pic18-lt\cxx-framework\src\traditional\proc\p18f4550.asm
                    CMCON   0x000fb4       data     extern E:\c18v3.46\pic18-lt\cxx-framework\src\traditional\proc\p18f4550.asm
                CMCONbits   0x000fb4       data     extern E:\c18v3.46\pic18-lt\cxx-framework\src\traditional\proc\p18f4550.asm
                   CVRCON   0x000fb5       data     extern E:\c18v3.46\pic18-lt\cxx-framework\src\traditional\proc\p18f4550.asm
               CVRCONbits   0x000fb5       data     extern E:\c18v3.46\pic18-lt\cxx-framework\src\traditional\proc\p18f4550.asm
                    Clock   0x000069       data     extern C:\Users\KBV\Desktop\Docus\Automan\Automation Project\Firmware\18F4550 BackPlane USB\2013-11-05\main v5.1.(TR code based on 4.0).c
              CtrlTrfData   0x000428       data     extern C:\microchip_solutions\Microchip\USB\usb_device.c
                     DDRA   0x000f92       data     extern E:\c18v3.46\pic18-lt\cxx-framework\src\traditional\proc\p18f4550.asm
                 DDRAbits   0x000f92       data     extern E:\c18v3.46\pic18-lt\cxx-framework\src\traditional\proc\p18f4550.asm
                     DDRB   0x000f93       data     extern E:\c18v3.46\pic18-lt\cxx-framework\src\traditional\proc\p18f4550.asm
                 DDRBbits   0x000f93       data     extern E:\c18v3.46\pic18-lt\cxx-framework\src\traditional\proc\p18f4550.asm
                     DDRC   0x000f94       data     extern E:\c18v3.46\pic18-lt\cxx-framework\src\traditional\proc\p18f4550.asm
                 DDRCbits   0x000f94       data     extern E:\c18v3.46\pic18-lt\cxx-framework\src\traditional\proc\p18f4550.asm
                     DDRD   0x000f95       data     extern E:\c18v3.46\pic18-lt\cxx-framework\src\traditional\proc\p18f4550.asm
                 DDRDbits   0x000f95       data     extern E:\c18v3.46\pic18-lt\cxx-framework\src\traditional\proc\p18f4550.asm
                     DDRE   0x000f96       data     extern E:\c18v3.46\pic18-lt\cxx-framework\src\traditional\proc\p18f4550.asm
                 DDREbits   0x000f96       data     extern E:\c18v3.46\pic18-lt\cxx-framework\src\traditional\proc\p18f4550.asm
                 DataSafe   0x000060       data     extern C:\Users\KBV\Desktop\Docus\Automan\Automation Project\Firmware\18F4550 BackPlane USB\2013-11-05\main v5.1.(TR code based on 4.0).c
                  ECCP1AS   0x000fb6       data     extern E:\c18v3.46\pic18-lt\cxx-framework\src\traditional\proc\p18f4550.asm
              ECCP1ASbits   0x000fb6       data     extern E:\c18v3.46\pic18-lt\cxx-framework\src\traditional\proc\p18f4550.asm
                 ECCP1CON   0x000fbd       data     extern E:\c18v3.46\pic18-lt\cxx-framework\src\traditional\proc\p18f4550.asm
             ECCP1CONbits   0x000fbd       data     extern E:\c18v3.46\pic18-lt\cxx-framework\src\traditional\proc\p18f4550.asm
                 ECCP1DEL   0x000fb7       data     extern E:\c18v3.46\pic18-lt\cxx-framework\src\traditional\proc\p18f4550.asm
             ECCP1DELbits   0x000fb7       data     extern E:\c18v3.46\pic18-lt\cxx-framework\src\traditional\proc\p18f4550.asm
                    EEADR   0x000fa9       data     extern E:\c18v3.46\pic18-lt\cxx-framework\src\traditional\proc\p18f4550.asm
                   EECON1   0x000fa6       data     extern E:\c18v3.46\pic18-lt\cxx-framework\src\traditional\proc\p18f4550.asm
               EECON1bits   0x000fa6       data     extern E:\c18v3.46\pic18-lt\cxx-framework\src\traditional\proc\p18f4550.asm
                   EECON2   0x000fa7       data     extern E:\c18v3.46\pic18-lt\cxx-framework\src\traditional\proc\p18f4550.asm
                   EEDATA   0x000fa8       data     extern E:\c18v3.46\pic18-lt\cxx-framework\src\traditional\proc\p18f4550.asm
                  F1_flag   0x000066       data     extern C:\Users\KBV\Desktop\Docus\Automan\Automation Project\Firmware\18F4550 BackPlane USB\2013-11-05\main v5.1.(TR code based on 4.0).c
                      FPS   0x000072       data     extern C:\Users\KBV\Desktop\Docus\Automan\Automation Project\Firmware\18F4550 BackPlane USB\2013-11-05\main v5.1.(TR code based on 4.0).c
                  FPS_VAL   0x000075       data     extern C:\Users\KBV\Desktop\Docus\Automan\Automation Project\Firmware\18F4550 BackPlane USB\2013-11-05\main v5.1.(TR code based on 4.0).c
                  FPScode   0x000073       data     extern C:\Users\KBV\Desktop\Docus\Automan\Automation Project\Firmware\18F4550 BackPlane USB\2013-11-05\main v5.1.(TR code based on 4.0).c
                     FSR0   0x000fe9       data     extern E:\c18v3.46\pic18-lt\cxx-framework\src\traditional\proc\p18f4550.asm
                    FSR0H   0x000fea       data     extern E:\c18v3.46\pic18-lt\cxx-framework\src\traditional\proc\p18f4550.asm
                    FSR0L   0x000fe9       data     extern E:\c18v3.46\pic18-lt\cxx-framework\src\traditional\proc\p18f4550.asm
                     FSR1   0x000fe1       data     extern E:\c18v3.46\pic18-lt\cxx-framework\src\traditional\proc\p18f4550.asm
                    FSR1H   0x000fe2       data     extern E:\c18v3.46\pic18-lt\cxx-framework\src\traditional\proc\p18f4550.asm
                    FSR1L   0x000fe1       data     extern E:\c18v3.46\pic18-lt\cxx-framework\src\traditional\proc\p18f4550.asm
                     FSR2   0x000fd9       data     extern E:\c18v3.46\pic18-lt\cxx-framework\src\traditional\proc\p18f4550.asm
                    FSR2H   0x000fda       data     extern E:\c18v3.46\pic18-lt\cxx-framework\src\traditional\proc\p18f4550.asm
                    FSR2L   0x000fd9       data     extern E:\c18v3.46\pic18-lt\cxx-framework\src\traditional\proc\p18f4550.asm
                 FakeTick   0x000091       data     extern C:\Users\KBV\Desktop\Docus\Automan\Automation Project\Firmware\18F4550 BackPlane USB\2013-11-05\main v5.1.(TR code based on 4.0).c
              FullMTCcntr   0x0000a0       data     static C:\Users\KBV\Desktop\Docus\Automan\Automation Project\Firmware\18F4550 BackPlane USB\2013-11-05\main v5.1.(TR code based on 4.0).c
                  HLVDCON   0x000fd2       data     extern E:\c18v3.46\pic18-lt\cxx-framework\src\traditional\proc\p18f4550.asm
              HLVDCONbits   0x000fd2       data     extern E:\c18v3.46\pic18-lt\cxx-framework\src\traditional\proc\p18f4550.asm
              HoldCardBus   0x000061       data     extern C:\Users\KBV\Desktop\Docus\Automan\Automation Project\Firmware\18F4550 BackPlane USB\2013-11-05\main v5.1.(TR code based on 4.0).c
                    INDF0   0x000fef       data     extern E:\c18v3.46\pic18-lt\cxx-framework\src\traditional\proc\p18f4550.asm
                    INDF1   0x000fe7       data     extern E:\c18v3.46\pic18-lt\cxx-framework\src\traditional\proc\p18f4550.asm
                    INDF2   0x000fdf       data     extern E:\c18v3.46\pic18-lt\cxx-framework\src\traditional\proc\p18f4550.asm
                   INTCON   0x000ff2       data     extern E:\c18v3.46\pic18-lt\cxx-framework\src\traditional\proc\p18f4550.asm
                  INTCON2   0x000ff1       data     extern E:\c18v3.46\pic18-lt\cxx-framework\src\traditional\proc\p18f4550.asm
              INTCON2bits   0x000ff1       data     extern E:\c18v3.46\pic18-lt\cxx-framework\src\traditional\proc\p18f4550.asm
                  INTCON3   0x000ff0       data     extern E:\c18v3.46\pic18-lt\cxx-framework\src\traditional\proc\p18f4550.asm
              INTCON3bits   0x000ff0       data     extern E:\c18v3.46\pic18-lt\cxx-framework\src\traditional\proc\p18f4550.asm
               INTCONbits   0x000ff2       data     extern E:\c18v3.46\pic18-lt\cxx-framework\src\traditional\proc\p18f4550.asm
                     IPR1   0x000f9f       data     extern E:\c18v3.46\pic18-lt\cxx-framework\src\traditional\proc\p18f4550.asm
                 IPR1bits   0x000f9f       data     extern E:\c18v3.46\pic18-lt\cxx-framework\src\traditional\proc\p18f4550.asm
                     IPR2   0x000fa2       data     extern E:\c18v3.46\pic18-lt\cxx-framework\src\traditional\proc\p18f4550.asm
                 IPR2bits   0x000fa2       data     extern E:\c18v3.46\pic18-lt\cxx-framework\src\traditional\proc\p18f4550.asm
                     Idle   0x000093       data     extern C:\Users\KBV\Desktop\Docus\Automan\Automation Project\Firmware\18F4550 BackPlane USB\2013-11-05\main v5.1.(TR code based on 4.0).c
          IntClockRelease   0x000094       data     extern C:\Users\KBV\Desktop\Docus\Automan\Automation Project\Firmware\18F4550 BackPlane USB\2013-11-05\main v5.1.(TR code based on 4.0).c
                     LATA   0x000f89       data     extern E:\c18v3.46\pic18-lt\cxx-framework\src\traditional\proc\p18f4550.asm
                 LATAbits   0x000f89       data     extern E:\c18v3.46\pic18-lt\cxx-framework\src\traditional\proc\p18f4550.asm
                     LATB   0x000f8a       data     extern E:\c18v3.46\pic18-lt\cxx-framework\src\traditional\proc\p18f4550.asm
                 LATBbits   0x000f8a       data     extern E:\c18v3.46\pic18-lt\cxx-framework\src\traditional\proc\p18f4550.asm
                     LATC   0x000f8b       data     extern E:\c18v3.46\pic18-lt\cxx-framework\src\traditional\proc\p18f4550.asm
                 LATCbits   0x000f8b       data     extern E:\c18v3.46\pic18-lt\cxx-framework\src\traditional\proc\p18f4550.asm
                     LATD   0x000f8c       data     extern E:\c18v3.46\pic18-lt\cxx-framework\src\traditional\proc\p18f4550.asm
                 LATDbits   0x000f8c       data     extern E:\c18v3.46\pic18-lt\cxx-framework\src\traditional\proc\p18f4550.asm
                     LATE   0x000f8d       data     extern E:\c18v3.46\pic18-lt\cxx-framework\src\traditional\proc\p18f4550.asm
                 LATEbits   0x000f8d       data     extern E:\c18v3.46\pic18-lt\cxx-framework\src\traditional\proc\p18f4550.asm
                   LEDcnt   0x0000a2       data     static C:\Users\KBV\Desktop\Docus\Automan\Automation Project\Firmware\18F4550 BackPlane USB\2013-11-05\main v5.1.(TR code based on 4.0).c
                   LVDCON   0x000fd2       data     extern E:\c18v3.46\pic18-lt\cxx-framework\src\traditional\proc\p18f4550.asm
               LVDCONbits   0x000fd2       data     extern E:\c18v3.46\pic18-lt\cxx-framework\src\traditional\proc\p18f4550.asm
               LastMidiIn   0x00009f       data     static C:\Users\KBV\Desktop\Docus\Automan\Automation Project\Firmware\18F4550 BackPlane USB\2013-11-05\main v5.1.(TR code based on 4.0).c
                     MIDI   0x0000d3       data     extern C:\Users\KBV\Desktop\Docus\Automan\Automation Project\Firmware\18F4550 BackPlane USB\2013-11-05\main v5.1.(TR code based on 4.0).c
                 MTC_flag   0x000065       data     extern C:\Users\KBV\Desktop\Docus\Automan\Automation Project\Firmware\18F4550 BackPlane USB\2013-11-05\main v5.1.(TR code based on 4.0).c
             MTC_in_alert   0x000095       data     extern C:\Users\KBV\Desktop\Docus\Automan\Automation Project\Firmware\18F4550 BackPlane USB\2013-11-05\main v5.1.(TR code based on 4.0).c
              MTC_q_frame   0x000064       data     extern C:\Users\KBV\Desktop\Docus\Automan\Automation Project\Firmware\18F4550 BackPlane USB\2013-11-05\main v5.1.(TR code based on 4.0).c
               MTClongEXT   0x00006a       data     extern C:\Users\KBV\Desktop\Docus\Automan\Automation Project\Firmware\18F4550 BackPlane USB\2013-11-05\main v5.1.(TR code based on 4.0).c
               MTClongINT   0x00006e       data     extern C:\Users\KBV\Desktop\Docus\Automan\Automation Project\Firmware\18F4550 BackPlane USB\2013-11-05\main v5.1.(TR code based on 4.0).c
                   MidiIn   0x000062       data     extern C:\Users\KBV\Desktop\Docus\Automan\Automation Project\Firmware\18F4550 BackPlane USB\2013-11-05\main v5.1.(TR code based on 4.0).c
                MidiState   0x000097       data     static C:\Users\KBV\Desktop\Docus\Automan\Automation Project\Firmware\18F4550 BackPlane USB\2013-11-05\main v5.1.(TR code based on 4.0).c
                     Mode   0x000063       data     extern C:\Users\KBV\Desktop\Docus\Automan\Automation Project\Firmware\18F4550 BackPlane USB\2013-11-05\main v5.1.(TR code based on 4.0).c
                   OSCCON   0x000fd3       data     extern E:\c18v3.46\pic18-lt\cxx-framework\src\traditional\proc\p18f4550.asm
               OSCCONbits   0x000fd3       data     extern E:\c18v3.46\pic18-lt\cxx-framework\src\traditional\proc\p18f4550.asm
                  OSCTUNE   0x000f9b       data     extern E:\c18v3.46\pic18-lt\cxx-framework\src\traditional\proc\p18f4550.asm
              OSCTUNEbits   0x000f9b       data     extern E:\c18v3.46\pic18-lt\cxx-framework\src\traditional\proc\p18f4550.asm
          OUT_BUFFER_FLIP   0x000074       data     extern C:\Users\KBV\Desktop\Docus\Automan\Automation Project\Firmware\18F4550 BackPlane USB\2013-11-05\main v5.1.(TR code based on 4.0).c
                       PC   0x000ff9       data     extern E:\c18v3.46\pic18-lt\cxx-framework\src\traditional\proc\p18f4550.asm
                      PCL   0x000ff9       data     extern E:\c18v3.46\pic18-lt\cxx-framework\src\traditional\proc\p18f4550.asm
                   PCLATH   0x000ffa       data     extern E:\c18v3.46\pic18-lt\cxx-framework\src\traditional\proc\p18f4550.asm
                   PCLATU   0x000ffb       data     extern E:\c18v3.46\pic18-lt\cxx-framework\src\traditional\proc\p18f4550.asm
                     PIE1   0x000f9d       data     extern E:\c18v3.46\pic18-lt\cxx-framework\src\traditional\proc\p18f4550.asm
                 PIE1bits   0x000f9d       data     extern E:\c18v3.46\pic18-lt\cxx-framework\src\traditional\proc\p18f4550.asm
                     PIE2   0x000fa0       data     extern E:\c18v3.46\pic18-lt\cxx-framework\src\traditional\proc\p18f4550.asm
                 PIE2bits   0x000fa0       data     extern E:\c18v3.46\pic18-lt\cxx-framework\src\traditional\proc\p18f4550.asm
                     PIR1   0x000f9e       data     extern E:\c18v3.46\pic18-lt\cxx-framework\src\traditional\proc\p18f4550.asm
                 PIR1bits   0x000f9e       data     extern E:\c18v3.46\pic18-lt\cxx-framework\src\traditional\proc\p18f4550.asm
                     PIR2   0x000fa1       data     extern E:\c18v3.46\pic18-lt\cxx-framework\src\traditional\proc\p18f4550.asm
                 PIR2bits   0x000fa1       data     extern E:\c18v3.46\pic18-lt\cxx-framework\src\traditional\proc\p18f4550.asm
                   PLUSW0   0x000feb       data     extern E:\c18v3.46\pic18-lt\cxx-framework\src\traditional\proc\p18f4550.asm
                   PLUSW1   0x000fe3       data     extern E:\c18v3.46\pic18-lt\cxx-framework\src\traditional\proc\p18f4550.asm
                   PLUSW2   0x000fdb       data     extern E:\c18v3.46\pic18-lt\cxx-framework\src\traditional\proc\p18f4550.asm
                    PORTA   0x000f80       data     extern E:\c18v3.46\pic18-lt\cxx-framework\src\traditional\proc\p18f4550.asm
                PORTAbits   0x000f80       data     extern E:\c18v3.46\pic18-lt\cxx-framework\src\traditional\proc\p18f4550.asm
                    PORTB   0x000f81       data     extern E:\c18v3.46\pic18-lt\cxx-framework\src\traditional\proc\p18f4550.asm
                PORTBbits   0x000f81       data     extern E:\c18v3.46\pic18-lt\cxx-framework\src\traditional\proc\p18f4550.asm
                    PORTC   0x000f82       data     extern E:\c18v3.46\pic18-lt\cxx-framework\src\traditional\proc\p18f4550.asm
                PORTCbits   0x000f82       data     extern E:\c18v3.46\pic18-lt\cxx-framework\src\traditional\proc\p18f4550.asm
                    PORTD   0x000f83       data     extern E:\c18v3.46\pic18-lt\cxx-framework\src\traditional\proc\p18f4550.asm
                PORTDbits   0x000f83       data     extern E:\c18v3.46\pic18-lt\cxx-framework\src\traditional\proc\p18f4550.asm
                    PORTE   0x000f84       data     extern E:\c18v3.46\pic18-lt\cxx-framework\src\traditional\proc\p18f4550.asm
                PORTEbits   0x000f84       data     extern E:\c18v3.46\pic18-lt\cxx-framework\src\traditional\proc\p18f4550.asm
                 POSTDEC0   0x000fed       data     extern E:\c18v3.46\pic18-lt\cxx-framework\src\traditional\proc\p18f4550.asm
                 POSTDEC1   0x000fe5       data     extern E:\c18v3.46\pic18-lt\cxx-framework\src\traditional\proc\p18f4550.asm
                 POSTDEC2   0x000fdd       data     extern E:\c18v3.46\pic18-lt\cxx-framework\src\traditional\proc\p18f4550.asm
                 POSTINC0   0x000fee       data     extern E:\c18v3.46\pic18-lt\cxx-framework\src\traditional\proc\p18f4550.asm
                 POSTINC1   0x000fe6       data     extern E:\c18v3.46\pic18-lt\cxx-framework\src\traditional\proc\p18f4550.asm
                 POSTINC2   0x000fde       data     extern E:\c18v3.46\pic18-lt\cxx-framework\src\traditional\proc\p18f4550.asm
                      PR2   0x000fcb       data     extern E:\c18v3.46\pic18-lt\cxx-framework\src\traditional\proc\p18f4550.asm
                  PREINC0   0x000fec       data     extern E:\c18v3.46\pic18-lt\cxx-framework\src\traditional\proc\p18f4550.asm
                  PREINC1   0x000fe4       data     extern E:\c18v3.46\pic18-lt\cxx-framework\src\traditional\proc\p18f4550.asm
                  PREINC2   0x000fdc       data     extern E:\c18v3.46\pic18-lt\cxx-framework\src\traditional\proc\p18f4550.asm
                     PROD   0x000ff3       data     extern E:\c18v3.46\pic18-lt\cxx-framework\src\traditional\proc\p18f4550.asm
                    PRODH   0x000ff4       data     extern E:\c18v3.46\pic18-lt\cxx-framework\src\traditional\proc\p18f4550.asm
                    PRODL   0x000ff3       data     extern E:\c18v3.46\pic18-lt\cxx-framework\src\traditional\proc\p18f4550.asm
                     RCON   0x000fd0       data     extern E:\c18v3.46\pic18-lt\cxx-framework\src\traditional\proc\p18f4550.asm
                 RCONbits   0x000fd0       data     extern E:\c18v3.46\pic18-lt\cxx-framework\src\traditional\proc\p18f4550.asm
                    RCREG   0x000fae       data     extern E:\c18v3.46\pic18-lt\cxx-framework\src\traditional\proc\p18f4550.asm
                    RCSTA   0x000fab       data     extern E:\c18v3.46\pic18-lt\cxx-framework\src\traditional\proc\p18f4550.asm
                RCSTAbits   0x000fab       data     extern E:\c18v3.46\pic18-lt\cxx-framework\src\traditional\proc\p18f4550.asm
               RUN_STATUS   0x000092       data     extern C:\Users\KBV\Desktop\Docus\Automan\Automation Project\Firmware\18F4550 BackPlane USB\2013-11-05\main v5.1.(TR code based on 4.0).c
                  RUNflag   0x000098       data     static C:\Users\KBV\Desktop\Docus\Automan\Automation Project\Firmware\18F4550 BackPlane USB\2013-11-05\main v5.1.(TR code based on 4.0).c
             RemoteWakeup   0x00011f       data     extern C:\microchip_solutions\Microchip\USB\usb_device.c
                     SIGN   0x00000e       data     extern E:\c18v3.46\pic18-lt\cxx-framework\src\traditional\math\cmath18.asm
                    SPBRG   0x000faf       data     extern E:\c18v3.46\pic18-lt\cxx-framework\src\traditional\proc\p18f4550.asm
                   SPBRGH   0x000fb0       data     extern E:\c18v3.46\pic18-lt\cxx-framework\src\traditional\proc\p18f4550.asm
                   SPPCFG   0x000f63       data     extern E:\c18v3.46\pic18-lt\cxx-framework\src\traditional\proc\p18f4550.asm
               SPPCFGbits   0x000f63       data     extern E:\c18v3.46\pic18-lt\cxx-framework\src\traditional\proc\p18f4550.asm
                   SPPCON   0x000f65       data     extern E:\c18v3.46\pic18-lt\cxx-framework\src\traditional\proc\p18f4550.asm
               SPPCONbits   0x000f65       data     extern E:\c18v3.46\pic18-lt\cxx-framework\src\traditional\proc\p18f4550.asm
                  SPPDATA   0x000f62       data     extern E:\c18v3.46\pic18-lt\cxx-framework\src\traditional\proc\p18f4550.asm
                   SPPEPS   0x000f64       data     extern E:\c18v3.46\pic18-lt\cxx-framework\src\traditional\proc\p18f4550.asm
               SPPEPSbits   0x000f64       data     extern E:\c18v3.46\pic18-lt\cxx-framework\src\traditional\proc\p18f4550.asm
                   SSPADD   0x000fc8       data     extern E:\c18v3.46\pic18-lt\cxx-framework\src\traditional\proc\p18f4550.asm
                   SSPBUF   0x000fc9       data     extern E:\c18v3.46\pic18-lt\cxx-framework\src\traditional\proc\p18f4550.asm
                  SSPCON1   0x000fc6       data     extern E:\c18v3.46\pic18-lt\cxx-framework\src\traditional\proc\p18f4550.asm
              SSPCON1bits   0x000fc6       data     extern E:\c18v3.46\pic18-lt\cxx-framework\src\traditional\proc\p18f4550.asm
                  SSPCON2   0x000fc5       data     extern E:\c18v3.46\pic18-lt\cxx-framework\src\traditional\proc\p18f4550.asm
              SSPCON2bits   0x000fc5       data     extern E:\c18v3.46\pic18-lt\cxx-framework\src\traditional\proc\p18f4550.asm
                  SSPSTAT   0x000fc7       data     extern E:\c18v3.46\pic18-lt\cxx-framework\src\traditional\proc\p18f4550.asm
              SSPSTATbits   0x000fc7       data     extern E:\c18v3.46\pic18-lt\cxx-framework\src\traditional\proc\p18f4550.asm
                   STATUS   0x000fd8       data     extern E:\c18v3.46\pic18-lt\cxx-framework\src\traditional\proc\p18f4550.asm
               STATUSbits   0x000fd8       data     extern E:\c18v3.46\pic18-lt\cxx-framework\src\traditional\proc\p18f4550.asm
                   STKPTR   0x000ffc       data     extern E:\c18v3.46\pic18-lt\cxx-framework\src\traditional\proc\p18f4550.asm
               STKPTRbits   0x000ffc       data     extern E:\c18v3.46\pic18-lt\cxx-framework\src\traditional\proc\p18f4550.asm
                 SetupPkt   0x000420       data     extern C:\microchip_solutions\Microchip\USB\usb_device.c
                    T0CON   0x000fd5       data     extern E:\c18v3.46\pic18-lt\cxx-framework\src\traditional\proc\p18f4550.asm
                T0CONbits   0x000fd5       data     extern E:\c18v3.46\pic18-lt\cxx-framework\src\traditional\proc\p18f4550.asm
                    T1CON   0x000fcd       data     extern E:\c18v3.46\pic18-lt\cxx-framework\src\traditional\proc\p18f4550.asm
                T1CONbits   0x000fcd       data     extern E:\c18v3.46\pic18-lt\cxx-framework\src\traditional\proc\p18f4550.asm
                    T2CON   0x000fca       data     extern E:\c18v3.46\pic18-lt\cxx-framework\src\traditional\proc\p18f4550.asm
                T2CONbits   0x000fca       data     extern E:\c18v3.46\pic18-lt\cxx-framework\src\traditional\proc\p18f4550.asm
                    T3CON   0x000fb1       data     extern E:\c18v3.46\pic18-lt\cxx-framework\src\traditional\proc\p18f4550.asm
                T3CONbits   0x000fb1       data     extern E:\c18v3.46\pic18-lt\cxx-framework\src\traditional\proc\p18f4550.asm
                   TABLAT   0x000ff5       data     extern E:\c18v3.46\pic18-lt\cxx-framework\src\traditional\proc\p18f4550.asm
                   TBLPTR   0x000ff6       data     extern E:\c18v3.46\pic18-lt\cxx-framework\src\traditional\proc\p18f4550.asm
                  TBLPTRH   0x000ff7       data     extern E:\c18v3.46\pic18-lt\cxx-framework\src\traditional\proc\p18f4550.asm
                  TBLPTRL   0x000ff6       data     extern E:\c18v3.46\pic18-lt\cxx-framework\src\traditional\proc\p18f4550.asm
                  TBLPTRU   0x000ff8       data     extern E:\c18v3.46\pic18-lt\cxx-framework\src\traditional\proc\p18f4550.asm
                 TEMP_BUF   0x000630       data     extern C:\Users\KBV\Desktop\Docus\Automan\Automation Project\Firmware\18F4550 BackPlane USB\2013-11-05\main v5.1.(TR code based on 4.0).c
                    TMR0H   0x000fd7       data     extern E:\c18v3.46\pic18-lt\cxx-framework\src\traditional\proc\p18f4550.asm
                    TMR0L   0x000fd6       data     extern E:\c18v3.46\pic18-lt\cxx-framework\src\traditional\proc\p18f4550.asm
                    TMR1H   0x000fcf       data     extern E:\c18v3.46\pic18-lt\cxx-framework\src\traditional\proc\p18f4550.asm
                    TMR1L   0x000fce       data     extern E:\c18v3.46\pic18-lt\cxx-framework\src\traditional\proc\p18f4550.asm
                     TMR2   0x000fcc       data     extern E:\c18v3.46\pic18-lt\cxx-framework\src\traditional\proc\p18f4550.asm
                    TMR3H   0x000fb3       data     extern E:\c18v3.46\pic18-lt\cxx-framework\src\traditional\proc\p18f4550.asm
                    TMR3L   0x000fb2       data     extern E:\c18v3.46\pic18-lt\cxx-framework\src\traditional\proc\p18f4550.asm
                      TOS   0x000ffd       data     extern E:\c18v3.46\pic18-lt\cxx-framework\src\traditional\proc\p18f4550.asm
                     TOSH   0x000ffe       data     extern E:\c18v3.46\pic18-lt\cxx-framework\src\traditional\proc\p18f4550.asm
                     TOSL   0x000ffd       data     extern E:\c18v3.46\pic18-lt\cxx-framework\src\traditional\proc\p18f4550.asm
                     TOSU   0x000fff       data     extern E:\c18v3.46\pic18-lt\cxx-framework\src\traditional\proc\p18f4550.asm
                    TRISA   0x000f92       data     extern E:\c18v3.46\pic18-lt\cxx-framework\src\traditional\proc\p18f4550.asm
                TRISAbits   0x000f92       data     extern E:\c18v3.46\pic18-lt\cxx-framework\src\traditional\proc\p18f4550.asm
                    TRISB   0x000f93       data     extern E:\c18v3.46\pic18-lt\cxx-framework\src\traditional\proc\p18f4550.asm
                TRISBbits   0x000f93       data     extern E:\c18v3.46\pic18-lt\cxx-framework\src\traditional\proc\p18f4550.asm
                    TRISC   0x000f94       data     extern E:\c18v3.46\pic18-lt\cxx-framework\src\traditional\proc\p18f4550.asm
                TRISCbits   0x000f94       data     extern E:\c18v3.46\pic18-lt\cxx-framework\src\traditional\proc\p18f4550.asm
                    TRISD   0x000f95       data     extern E:\c18v3.46\pic18-lt\cxx-framework\src\traditional\proc\p18f4550.asm
                TRISDbits   0x000f95       data     extern E:\c18v3.46\pic18-lt\cxx-framework\src\traditional\proc\p18f4550.asm
                    TRISE   0x000f96       data     extern E:\c18v3.46\pic18-lt\cxx-framework\src\traditional\proc\p18f4550.asm
                TRISEbits   0x000f96       data     extern E:\c18v3.46\pic18-lt\cxx-framework\src\traditional\proc\p18f4550.asm
                TRaddress   0x000085       data     extern C:\Users\KBV\Desktop\Docus\Automan\Automation Project\Firmware\18F4550 BackPlane USB\2013-11-05\main v5.1.(TR code based on 4.0).c
               TRcardSlot   0x000084       data     extern C:\Users\KBV\Desktop\Docus\Automan\Automation Project\Firmware\18F4550 BackPlane USB\2013-11-05\main v5.1.(TR code based on 4.0).c
                    TXREG   0x000fad       data     extern E:\c18v3.46\pic18-lt\cxx-framework\src\traditional\proc\p18f4550.asm
                    TXSTA   0x000fac       data     extern E:\c18v3.46\pic18-lt\cxx-framework\src\traditional\proc\p18f4550.asm
                TXSTAbits   0x000fac       data     extern E:\c18v3.46\pic18-lt\cxx-framework\src\traditional\proc\p18f4550.asm
                   TempIn   0x000670       data     extern C:\Users\KBV\Desktop\Docus\Automan\Automation Project\Firmware\18F4550 BackPlane USB\2013-11-05\main v5.1.(TR code based on 4.0).c
                    UADDR   0x000f6e       data     extern E:\c18v3.46\pic18-lt\cxx-framework\src\traditional\proc\p18f4550.asm
                UADDRbits   0x000f6e       data     extern E:\c18v3.46\pic18-lt\cxx-framework\src\traditional\proc\p18f4550.asm
                     UCFG   0x000f6f       data     extern E:\c18v3.46\pic18-lt\cxx-framework\src\traditional\proc\p18f4550.asm
                 UCFGbits   0x000f6f       data     extern E:\c18v3.46\pic18-lt\cxx-framework\src\traditional\proc\p18f4550.asm
                     UCON   0x000f6d       data     extern E:\c18v3.46\pic18-lt\cxx-framework\src\traditional\proc\p18f4550.asm
                 UCONbits   0x000f6d       data     extern E:\c18v3.46\pic18-lt\cxx-framework\src\traditional\proc\p18f4550.asm
                     UEIE   0x000f6b       data     extern E:\c18v3.46\pic18-lt\cxx-framework\src\traditional\proc\p18f4550.asm
                 UEIEbits   0x000f6b       data     extern E:\c18v3.46\pic18-lt\cxx-framework\src\traditional\proc\p18f4550.asm
                     UEIR   0x000f6a       data     extern E:\c18v3.46\pic18-lt\cxx-framework\src\traditional\proc\p18f4550.asm
                 UEIRbits   0x000f6a       data     extern E:\c18v3.46\pic18-lt\cxx-framework\src\traditional\proc\p18f4550.asm
                     UEP0   0x000f70       data     extern E:\c18v3.46\pic18-lt\cxx-framework\src\traditional\proc\p18f4550.asm
                 UEP0bits   0x000f70       data     extern E:\c18v3.46\pic18-lt\cxx-framework\src\traditional\proc\p18f4550.asm
                     UEP1   0x000f71       data     extern E:\c18v3.46\pic18-lt\cxx-framework\src\traditional\proc\p18f4550.asm
                    UEP10   0x000f7a       data     extern E:\c18v3.46\pic18-lt\cxx-framework\src\traditional\proc\p18f4550.asm
                UEP10bits   0x000f7a       data     extern E:\c18v3.46\pic18-lt\cxx-framework\src\traditional\proc\p18f4550.asm
                    UEP11   0x000f7b       data     extern E:\c18v3.46\pic18-lt\cxx-framework\src\traditional\proc\p18f4550.asm
                UEP11bits   0x000f7b       data     extern E:\c18v3.46\pic18-lt\cxx-framework\src\traditional\proc\p18f4550.asm
                    UEP12   0x000f7c       data     extern E:\c18v3.46\pic18-lt\cxx-framework\src\traditional\proc\p18f4550.asm
                UEP12bits   0x000f7c       data     extern E:\c18v3.46\pic18-lt\cxx-framework\src\traditional\proc\p18f4550.asm
                    UEP13   0x000f7d       data     extern E:\c18v3.46\pic18-lt\cxx-framework\src\traditional\proc\p18f4550.asm
                UEP13bits   0x000f7d       data     extern E:\c18v3.46\pic18-lt\cxx-framework\src\traditional\proc\p18f4550.asm
                    UEP14   0x000f7e       data     extern E:\c18v3.46\pic18-lt\cxx-framework\src\traditional\proc\p18f4550.asm
                UEP14bits   0x000f7e       data     extern E:\c18v3.46\pic18-lt\cxx-framework\src\traditional\proc\p18f4550.asm
                    UEP15   0x000f7f       data     extern E:\c18v3.46\pic18-lt\cxx-framework\src\traditional\proc\p18f4550.asm
                UEP15bits   0x000f7f       data     extern E:\c18v3.46\pic18-lt\cxx-framework\src\traditional\proc\p18f4550.asm
                 UEP1bits   0x000f71       data     extern E:\c18v3.46\pic18-lt\cxx-framework\src\traditional\proc\p18f4550.asm
                     UEP2   0x000f72       data     extern E:\c18v3.46\pic18-lt\cxx-framework\src\traditional\proc\p18f4550.asm
                 UEP2bits   0x000f72       data     extern E:\c18v3.46\pic18-lt\cxx-framework\src\traditional\proc\p18f4550.asm
                     UEP3   0x000f73       data     extern E:\c18v3.46\pic18-lt\cxx-framework\src\traditional\proc\p18f4550.asm
                 UEP3bits   0x000f73       data     extern E:\c18v3.46\pic18-lt\cxx-framework\src\traditional\proc\p18f4550.asm
                     UEP4   0x000f74       data     extern E:\c18v3.46\pic18-lt\cxx-framework\src\traditional\proc\p18f4550.asm
                 UEP4bits   0x000f74       data     extern E:\c18v3.46\pic18-lt\cxx-framework\src\traditional\proc\p18f4550.asm
                     UEP5   0x000f75       data     extern E:\c18v3.46\pic18-lt\cxx-framework\src\traditional\proc\p18f4550.asm
                 UEP5bits   0x000f75       data     extern E:\c18v3.46\pic18-lt\cxx-framework\src\traditional\proc\p18f4550.asm
                     UEP6   0x000f76       data     extern E:\c18v3.46\pic18-lt\cxx-framework\src\traditional\proc\p18f4550.asm
                 UEP6bits   0x000f76       data     extern E:\c18v3.46\pic18-lt\cxx-framework\src\traditional\proc\p18f4550.asm
                     UEP7   0x000f77       data     extern E:\c18v3.46\pic18-lt\cxx-framework\src\traditional\proc\p18f4550.asm
                 UEP7bits   0x000f77       data     extern E:\c18v3.46\pic18-lt\cxx-framework\src\traditional\proc\p18f4550.asm
                     UEP8   0x000f78       data     extern E:\c18v3.46\pic18-lt\cxx-framework\src\traditional\proc\p18f4550.asm
                 UEP8bits   0x000f78       data     extern E:\c18v3.46\pic18-lt\cxx-framework\src\traditional\proc\p18f4550.asm
                     UEP9   0x000f79       data     extern E:\c18v3.46\pic18-lt\cxx-framework\src\traditional\proc\p18f4550.asm
                 UEP9bits   0x000f79       data     extern E:\c18v3.46\pic18-lt\cxx-framework\src\traditional\proc\p18f4550.asm
                     UFRM   0x000f66       data     extern E:\c18v3.46\pic18-lt\cxx-framework\src\traditional\proc\p18f4550.asm
                    UFRMH   0x000f67       data     extern E:\c18v3.46\pic18-lt\cxx-framework\src\traditional\proc\p18f4550.asm
                UFRMHbits   0x000f67       data     extern E:\c18v3.46\pic18-lt\cxx-framework\src\traditional\proc\p18f4550.asm
                    UFRML   0x000f66       data     extern E:\c18v3.46\pic18-lt\cxx-framework\src\traditional\proc\p18f4550.asm
                UFRMLbits   0x000f66       data     extern E:\c18v3.46\pic18-lt\cxx-framework\src\traditional\proc\p18f4550.asm
                      UIE   0x000f69       data     extern E:\c18v3.46\pic18-lt\cxx-framework\src\traditional\proc\p18f4550.asm
                  UIEbits   0x000f69       data     extern E:\c18v3.46\pic18-lt\cxx-framework\src\traditional\proc\p18f4550.asm
                      UIR   0x000f68       data     extern E:\c18v3.46\pic18-lt\cxx-framework\src\traditional\proc\p18f4550.asm
                  UIRbits   0x000f68       data     extern E:\c18v3.46\pic18-lt\cxx-framework\src\traditional\proc\p18f4550.asm
             USART_Status   0x0000ff       data     extern E:\c18v3.46\pic18-lt\cxx-framework\src\pmc_common\USART\udefs.c
   USBActiveConfiguration   0x000101       data     extern C:\microchip_solutions\Microchip\USB\usb_device.c
    USBAlternateInterface   0x000102       data     extern C:\microchip_solutions\Microchip\USB\usb_device.c
        USBBusIsSuspended   0x000120       data     extern C:\microchip_solutions\Microchip\USB\usb_device.c
USBDeferINDataStagePackets   0x00012c       data     extern C:\microchip_solutions\Microchip\USB\usb_device.c
USBDeferOUTDataStagePackets   0x00012d       data     extern C:\microchip_solutions\Microchip\USB\usb_device.c
USBDeferStatusStagePacket   0x000129       data     extern C:\microchip_solutions\Microchip\USB\usb_device.c
           USBDeviceState   0x000100       data     extern C:\microchip_solutions\Microchip\USB\usb_device.c
              USBInHandle   0x000089       data     extern C:\Users\KBV\Desktop\Docus\Automan\Automation Project\Firmware\18F4550 BackPlane USB\2013-11-05\main v5.1.(TR code based on 4.0).c
             USBOutHandle   0x000087       data     extern C:\Users\KBV\Desktop\Docus\Automan\Automation Project\Firmware\18F4550 BackPlane USB\2013-11-05\main v5.1.(TR code based on 4.0).c
USBStatusStageEnabledFlag1   0x00012a       data     extern C:\microchip_solutions\Microchip\USB\usb_device.c
USBStatusStageEnabledFlag2   0x00012b       data     extern C:\microchip_solutions\Microchip\USB\usb_device.c
USBStatusStageTimeoutCounter   0x000128       data     extern C:\microchip_solutions\Microchip\USB\usb_device.c
              USB_plugged   0x00009d       data     extern C:\Users\KBV\Desktop\Docus\Automan\Automation Project\Firmware\18F4550 BackPlane USB\2013-11-05\main v5.1.(TR code based on 4.0).c
                    USTAT   0x000f6c       data     extern E:\c18v3.46\pic18-lt\cxx-framework\src\traditional\proc\p18f4550.asm
                USTATbits   0x000f6c       data     extern E:\c18v3.46\pic18-lt\cxx-framework\src\traditional\proc\p18f4550.asm
                USTATcopy   0x000121       data     extern C:\microchip_solutions\Microchip\USB\usb_device.c
                   WDTCON   0x000fd1       data     extern E:\c18v3.46\pic18-lt\cxx-framework\src\traditional\proc\p18f4550.asm
               WDTCONbits   0x000fd1       data     extern E:\c18v3.46\pic18-lt\cxx-framework\src\traditional\proc\p18f4550.asm
                     WREG   0x000fe8       data     extern E:\c18v3.46\pic18-lt\cxx-framework\src\traditional\proc\p18f4550.asm
                 __AARGB0   0x000007       data     extern E:\c18v3.46\pic18-lt\cxx-framework\src\traditional\math\aarg.asm
                 __AARGB1   0x000006       data     extern E:\c18v3.46\pic18-lt\cxx-framework\src\traditional\math\aarg.asm
                 __AARGB2   0x000005       data     extern E:\c18v3.46\pic18-lt\cxx-framework\src\traditional\math\aarg.asm
                 __AARGB3   0x000004       data     extern E:\c18v3.46\pic18-lt\cxx-framework\src\traditional\math\aarg.asm
                 __AARGB4   0x000003       data     extern E:\c18v3.46\pic18-lt\cxx-framework\src\traditional\math\aarg.asm
                 __AARGB5   0x000002       data     extern E:\c18v3.46\pic18-lt\cxx-framework\src\traditional\math\aarg.asm
                 __AARGB6   0x000001       data     extern E:\c18v3.46\pic18-lt\cxx-framework\src\traditional\math\aarg.asm
                 __AARGB7   0x000000       data     extern E:\c18v3.46\pic18-lt\cxx-framework\src\traditional\math\aarg.asm
                   __AEXP   0x000008       data     extern E:\c18v3.46\pic18-lt\cxx-framework\src\traditional\math\aarg.asm
                 __BARGB0   0x00000c       data     extern E:\c18v3.46\pic18-lt\cxx-framework\src\traditional\math\barg.asm
                 __BARGB1   0x00000b       data     extern E:\c18v3.46\pic18-lt\cxx-framework\src\traditional\math\barg.asm
                 __BARGB2   0x00000a       data     extern E:\c18v3.46\pic18-lt\cxx-framework\src\traditional\math\barg.asm
                 __BARGB3   0x000009       data     extern E:\c18v3.46\pic18-lt\cxx-framework\src\traditional\math\barg.asm
                   __BEXP   0x00000d       data     extern E:\c18v3.46\pic18-lt\cxx-framework\src\traditional\math\barg.asm
                __FPFLAGS   0x00000f       data     extern E:\c18v3.46\pic18-lt\cxx-framework\src\traditional\math\cmath18.asm
            __FPFLAGSbits   0x00000f       data     extern E:\c18v3.46\pic18-lt\cxx-framework\src\traditional\math\cmath18.asm
                  __REMB0   0x000003       data     extern E:\c18v3.46\pic18-lt\cxx-framework\src\traditional\math\aarg.asm
                  __REMB1   0x000002       data     extern E:\c18v3.46\pic18-lt\cxx-framework\src\traditional\math\aarg.asm
                  __REMB2   0x000001       data     extern E:\c18v3.46\pic18-lt\cxx-framework\src\traditional\math\aarg.asm
                  __REMB3   0x000000       data     extern E:\c18v3.46\pic18-lt\cxx-framework\src\traditional\math\aarg.asm
                  __tmp_0   0x000010       data     static C:\Users\KBV\Desktop\Docus\Automan\Automation Project\Firmware\18F4550 BackPlane USB\2013-11-05\main v5.1.(TR code based on 4.0).c
                  __tmp_0   0x000010       data     static E:\c18v3.46\pic18-lt\cxx-framework\src\pmc_common\USART\uopen.c
                  __tmp_0   0x000010       data     static C:\microchip_solutions\Microchip\USB\usb_device.c
          active_protocol   0x0000fe       data     extern C:\microchip_solutions\Microchip\USB\HID Device Driver\usb_function_hid.c
                     addr   0x0000a5       data     extern C:\Users\KBV\Desktop\Docus\Automan\Automation Project\Firmware\18F4550 BackPlane USB\2013-11-05\main v5.1.(TR code based on 4.0).c
               appRunning   0x000079       data     extern C:\Users\KBV\Desktop\Docus\Automan\Automation Project\Firmware\18F4550 BackPlane USB\2013-11-05\main v5.1.(TR code based on 4.0).c
                   appTmr   0x00007a       data     extern C:\Users\KBV\Desktop\Docus\Automan\Automation Project\Firmware\18F4550 BackPlane USB\2013-11-05\main v5.1.(TR code based on 4.0).c
                 armClock   0x000068       data     extern C:\Users\KBV\Desktop\Docus\Automan\Automation Project\Firmware\18F4550 BackPlane USB\2013-11-05\main v5.1.(TR code based on 4.0).c
                 autoMode   0x00007c       data     extern C:\Users\KBV\Desktop\Docus\Automan\Automation Project\Firmware\18F4550 BackPlane USB\2013-11-05\main v5.1.(TR code based on 4.0).c
          automationState   0x00007d       data     extern C:\Users\KBV\Desktop\Docus\Automan\Automation Project\Firmware\18F4550 BackPlane USB\2013-11-05\main v5.1.(TR code based on 4.0).c
                     bank   0x000083       data     extern C:\Users\KBV\Desktop\Docus\Automan\Automation Project\Firmware\18F4550 BackPlane USB\2013-11-05\main v5.1.(TR code based on 4.0).c
                 blinkLED   0x00007b       data     extern C:\Users\KBV\Desktop\Docus\Automan\Automation Project\Firmware\18F4550 BackPlane USB\2013-11-05\main v5.1.(TR code based on 4.0).c
         blinkStatusValid   0x00008b       data     extern C:\Users\KBV\Desktop\Docus\Automan\Automation Project\Firmware\18F4550 BackPlane USB\2013-11-05\main v5.1.(TR code based on 4.0).c
                   buffer   0x0000cd       data     extern C:\Users\KBV\Desktop\Docus\Automan\Automation Project\Firmware\18F4550 BackPlane USB\2013-11-05\main v5.1.(TR code based on 4.0).c
     controlTransferState   0x000110       data     extern C:\microchip_solutions\Microchip\USB\usb_device.c
                curr_byte   0x0000f6       data     static E:\c18v3.46\pic18-lt\cxx-framework\src\traditional\startup\c018i.c
               curr_entry   0x0000f8       data     static E:\c18v3.46\pic18-lt\cxx-framework\src\traditional\startup\c018i.c
                dataState   0x000080       data     extern C:\Users\KBV\Desktop\Docus\Automan\Automation Project\Firmware\18F4550 BackPlane USB\2013-11-05\main v5.1.(TR code based on 4.0).c
                 data_ptr   0x0000fa       data     static E:\c18v3.46\pic18-lt\cxx-framework\src\traditional\startup\c018i.c
              delay_count   0x0000d9       data     static C:\Users\KBV\Desktop\Docus\Automan\Automation Project\Firmware\18F4550 BackPlane USB\2013-11-05\main v5.1.(TR code based on 4.0).c
             emulate_mode   0x0000cb       data     extern C:\Users\KBV\Desktop\Docus\Automan\Automation Project\Firmware\18F4550 BackPlane USB\2013-11-05\main v5.1.(TR code based on 4.0).c
          endpoint_number   0x000122       data     extern C:\microchip_solutions\Microchip\USB\usb_device.c
               ep_data_in   0x000124       data     extern C:\microchip_solutions\Microchip\USB\usb_device.c
              ep_data_out   0x000126       data     extern C:\microchip_solutions\Microchip\USB\usb_device.c
              globalTimer   0x000099       data     extern C:\Users\KBV\Desktop\Docus\Automan\Automation Project\Firmware\18F4550 BackPlane USB\2013-11-05\main v5.1.(TR code based on 4.0).c
           grpRecallState   0x00007f       data     extern C:\Users\KBV\Desktop\Docus\Automan\Automation Project\Firmware\18F4550 BackPlane USB\2013-11-05\main v5.1.(TR code based on 4.0).c
         grpSnapshotState   0x00007e       data     extern C:\Users\KBV\Desktop\Docus\Automan\Automation Project\Firmware\18F4550 BackPlane USB\2013-11-05\main v5.1.(TR code based on 4.0).c
                        i   0x000096       data     extern C:\Users\KBV\Desktop\Docus\Automan\Automation Project\Firmware\18F4550 BackPlane USB\2013-11-05\main v5.1.(TR code based on 4.0).c
                idle_rate   0x0000fd       data     extern C:\microchip_solutions\Microchip\USB\HID Device Driver\usb_function_hid.c
                  inPipes   0x000111       data     extern C:\microchip_solutions\Microchip\USB\usb_device.c
              lastAddress   0x0000dc       data     static C:\Users\KBV\Desktop\Docus\Automan\Automation Project\Firmware\18F4550 BackPlane USB\2013-11-05\main v5.1.(TR code based on 4.0).c
           lastAddressBuf   0x0000dd       data     static C:\Users\KBV\Desktop\Docus\Automan\Automation Project\Firmware\18F4550 BackPlane USB\2013-11-05\main v5.1.(TR code based on 4.0).c
             lastCardSlot   0x0000db       data     static C:\Users\KBV\Desktop\Docus\Automan\Automation Project\Firmware\18F4550 BackPlane USB\2013-11-05\main v5.1.(TR code based on 4.0).c
           lastOutAddress   0x0000de       data     static C:\Users\KBV\Desktop\Docus\Automan\Automation Project\Firmware\18F4550 BackPlane USB\2013-11-05\main v5.1.(TR code based on 4.0).c
         lastTransmission   0x00008d       data     extern C:\Users\KBV\Desktop\Docus\Automan\Automation Project\Firmware\18F4550 BackPlane USB\2013-11-05\main v5.1.(TR code based on 4.0).c
            load_USB_flag   0x000067       data     extern C:\Users\KBV\Desktop\Docus\Automan\Automation Project\Firmware\18F4550 BackPlane USB\2013-11-05\main v5.1.(TR code based on 4.0).c
          movement_length   0x0000cc       data     extern C:\Users\KBV\Desktop\Docus\Automan\Automation Project\Firmware\18F4550 BackPlane USB\2013-11-05\main v5.1.(TR code based on 4.0).c
              mtcIdleCntr   0x00008f       data     extern C:\Users\KBV\Desktop\Docus\Automan\Automation Project\Firmware\18F4550 BackPlane USB\2013-11-05\main v5.1.(TR code based on 4.0).c
                mtcObject   0x0000d4       data     extern C:\Users\KBV\Desktop\Docus\Automan\Automation Project\Firmware\18F4550 BackPlane USB\2013-11-05\main v5.1.(TR code based on 4.0).c
                  old_sw2   0x0000c9       data     extern C:\Users\KBV\Desktop\Docus\Automan\Automation Project\Firmware\18F4550 BackPlane USB\2013-11-05\main v5.1.(TR code based on 4.0).c
                  old_sw3   0x0000ca       data     extern C:\Users\KBV\Desktop\Docus\Automan\Automation Project\Firmware\18F4550 BackPlane USB\2013-11-05\main v5.1.(TR code based on 4.0).c
                 outPipes   0x000116       data     extern C:\microchip_solutions\Microchip\USB\usb_device.c
   pBDTEntryEP0OutCurrent   0x000103       data     extern C:\microchip_solutions\Microchip\USB\usb_device.c
      pBDTEntryEP0OutNext   0x000105       data     extern C:\microchip_solutions\Microchip\USB\usb_device.c
              pBDTEntryIn   0x00010b       data     extern C:\microchip_solutions\Microchip\USB\usb_device.c
             pBDTEntryOut   0x000107       data     extern C:\microchip_solutions\Microchip\USB\usb_device.c
                     pDst   0x00011d       data     extern C:\microchip_solutions\Microchip\USB\usb_device.c
                     prom   0x0000f3       data     static E:\c18v3.46\pic18-lt\cxx-framework\src\traditional\startup\c018i.c
              qframeTimer   0x000086       data     extern C:\Users\KBV\Desktop\Docus\Automan\Automation Project\Firmware\18F4550 BackPlane USB\2013-11-05\main v5.1.(TR code based on 4.0).c
                      reg   0x000082       data     extern C:\Users\KBV\Desktop\Docus\Automan\Automation Project\Firmware\18F4550 BackPlane USB\2013-11-05\main v5.1.(TR code based on 4.0).c
                   region   0x0000df       data     extern C:\Users\KBV\Desktop\Docus\Automan\Automation Project\Firmware\18F4550 BackPlane USB\2013-11-05\main v5.1.(TR code based on 4.0).c
               setupTimer   0x00009b       data     extern C:\Users\KBV\Desktop\Docus\Automan\Automation Project\Firmware\18F4550 BackPlane USB\2013-11-05\main v5.1.(TR code based on 4.0).c
        shortPacketStatus   0x00010f       data     extern C:\microchip_solutions\Microchip\USB\usb_device.c
                 slotPrev   0x0000d8       data     static C:\Users\KBV\Desktop\Docus\Automan\Automation Project\Firmware\18F4550 BackPlane USB\2013-11-05\main v5.1.(TR code based on 4.0).c
                     test   0x0000d2       data     extern C:\Users\KBV\Desktop\Docus\Automan\Automation Project\Firmware\18F4550 BackPlane USB\2013-11-05\main v5.1.(TR code based on 4.0).c
                   testCV   0x0000a4       data     static C:\Users\KBV\Desktop\Docus\Automan\Automation Project\Firmware\18F4550 BackPlane USB\2013-11-05\main v5.1.(TR code based on 4.0).c
                   testCV   0x0000a3       data     static C:\Users\KBV\Desktop\Docus\Automan\Automation Project\Firmware\18F4550 BackPlane USB\2013-11-05\main v5.1.(TR code based on 4.0).c
                 timercnt   0x0000d0       data     extern C:\Users\KBV\Desktop\Docus\Automan\Automation Project\Firmware\18F4550 BackPlane USB\2013-11-05\main v5.1.(TR code based on 4.0).c
              totalRecall   0x000081       data     extern C:\Users\KBV\Desktop\Docus\Automan\Automation Project\Firmware\18F4550 BackPlane USB\2013-11-05\main v5.1.(TR code based on 4.0).c
                 trStrobe   0x00009e       data     extern C:\Users\KBV\Desktop\Docus\Automan\Automation Project\Firmware\18F4550 BackPlane USB\2013-11-05\main v5.1.(TR code based on 4.0).c
                   usb_in   0x000430       data     extern C:\Users\KBV\Desktop\Docus\Automan\Automation Project\Firmware\18F4550 BackPlane USB\2013-11-05\main v5.1.(TR code based on 4.0).c
                  usb_out   0x000530       data     extern C:\Users\KBV\Desktop\Docus\Automan\Automation Project\Firmware\18F4550 BackPlane USB\2013-11-05\main v5.1.(TR code based on 4.0).c
              vcaGrpLevel   0x0000b9       data     extern C:\Users\KBV\Desktop\Docus\Automan\Automation Project\Firmware\18F4550 BackPlane USB\2013-11-05\main v5.1.(TR code based on 4.0).c
                   vector   0x00008c       data     extern C:\Users\KBV\Desktop\Docus\Automan\Automation Project\Firmware\18F4550 BackPlane USB\2013-11-05\main v5.1.(TR code based on 4.0).c



                              Symbols - Sorted by Address
                     Name    Address   Location    Storage File                     
                ---------  ---------  ---------  --------- ---------                
                   _entry   0x000000    program     extern E:\c18v3.46\pic18-lt\cxx-framework\src\traditional\startup\c018i.c
       ___return_lbl00000   0x000004    program     static                          
[...]
                TRISDbits   0x000f95       data     extern E:\c18v3.46\pic18-lt\cxx-framework\src\traditional\proc\p18f4550.asm
                    TRISD   0x000f95       data     extern E:\c18v3.46\pic18-lt\cxx-framework\src\traditional\proc\p18f4550.asm
                     DDRE   0x000f96       data     extern E:\c18v3.46\pic18-lt\cxx-framework\src\traditional\proc\p18f4550.asm
                 DDREbits   0x000f96       data     extern E:\c18v3.46\pic18-lt\cxx-framework\src\traditional\proc\p18f4550.asm
                TRISEbits   0x000f96       data     extern E:\c18v3.46\pic18-lt\cxx-framework\src\traditional\proc\p18f4550.asm
                    TRISE   0x000f96       data     extern E:\c18v3.46\pic18-lt\cxx-framework\src\traditional\proc\p18f4550.asm
                  OSCTUNE   0x000f9b       data     extern E:\c18v3.46\pic18-lt\cxx-framework\src\traditional\proc\p18f4550.asm
              OSCTUNEbits   0x000f9b       data     extern E:\c18v3.46\pic18-lt\cxx-framework\src\traditional\proc\p18f4550.asm
                     PIE1   0x000f9d       data     extern E:\c18v3.46\pic18-lt\cxx-framework\src\traditional\proc\p18f4550.asm
                 PIE1bits   0x000f9d       data     extern E:\c18v3.46\pic18-lt\cxx-framework\src\traditional\proc\p18f4550.asm
                 PIR1bits   0x000f9e       data     extern E:\c18v3.46\pic18-lt\cxx-framework\src\traditional\proc\p18f4550.asm
                     PIR1   0x000f9e       data     extern E:\c18v3.46\pic18-lt\cxx-framework\src\traditional\proc\p18f4550.asm
                 IPR1bits   0x000f9f       data     extern E:\c18v3.46\pic18-lt\cxx-framework\src\traditional\proc\p18f4550.asm
                     IPR1   0x000f9f       data     extern E:\c18v3.46\pic18-lt\cxx-framework\src\traditional\proc\p18f4550.asm
                 PIE2bits   0x000fa0       data     extern E:\c18v3.46\pic18-lt\cxx-framework\src\traditional\proc\p18f4550.asm
                     PIE2   0x000fa0       data     extern E:\c18v3.46\pic18-lt\cxx-framework\src\traditional\proc\p18f4550.asm
                 PIR2bits   0x000fa1       data     extern E:\c18v3.46\pic18-lt\cxx-framework\src\traditional\proc\p18f4550.asm
                     PIR2   0x000fa1       data     extern E:\c18v3.46\pic18-lt\cxx-framework\src\traditional\proc\p18f4550.asm
                 IPR2bits   0x000fa2       data     extern E:\c18v3.46\pic18-lt\cxx-framework\src\traditional\proc\p18f4550.asm
                     IPR2   0x000fa2       data     extern E:\c18v3.46\pic18-lt\cxx-framework\src\traditional\proc\p18f4550.asm
                   EECON1   0x000fa6       data     extern E:\c18v3.46\pic18-lt\cxx-framework\src\traditional\proc\p18f4550.asm
               EECON1bits   0x000fa6       data     extern E:\c18v3.46\pic18-lt\cxx-framework\src\traditional\proc\p18f4550.asm
                   EECON2   0x000fa7       data     extern E:\c18v3.46\pic18-lt\cxx-framework\src\traditional\proc\p18f4550.asm
                   EEDATA   0x000fa8       data     extern E:\c18v3.46\pic18-lt\cxx-framework\src\traditional\proc\p18f4550.asm
                    EEADR   0x000fa9       data     extern E:\c18v3.46\pic18-lt\cxx-framework\src\traditional\proc\p18f4550.asm
                    RCSTA   0x000fab       data     extern E:\c18v3.46\pic18-lt\cxx-framework\src\traditional\proc\p18f4550.asm
                RCSTAbits   0x000fab       data     extern E:\c18v3.46\pic18-lt\cxx-framework\src\traditional\proc\p18f4550.asm
                    TXSTA   0x000fac       data     extern E:\c18v3.46\pic18-lt\cxx-framework\src\traditional\proc\p18f4550.asm
                TXSTAbits   0x000fac       data     extern E:\c18v3.46\pic18-lt\cxx-framework\src\traditional\proc\p18f4550.asm
                    TXREG   0x000fad       data     extern E:\c18v3.46\pic18-lt\cxx-framework\src\traditional\proc\p18f4550.asm
                    RCREG   0x000fae       data     extern E:\c18v3.46\pic18-lt\cxx-framework\src\traditional\proc\p18f4550.asm
                    SPBRG   0x000faf       data     extern E:\c18v3.46\pic18-lt\cxx-framework\src\traditional\proc\p18f4550.asm
                   SPBRGH   0x000fb0       data     extern E:\c18v3.46\pic18-lt\cxx-framework\src\traditional\proc\p18f4550.asm
                    T3CON   0x000fb1       data     extern E:\c18v3.46\pic18-lt\cxx-framework\src\traditional\proc\p18f4550.asm
                T3CONbits   0x000fb1       data     extern E:\c18v3.46\pic18-lt\cxx-framework\src\traditional\proc\p18f4550.asm
                    TMR3L   0x000fb2       data     extern E:\c18v3.46\pic18-lt\cxx-framework\src\traditional\proc\p18f4550.asm
                    TMR3H   0x000fb3       data     extern E:\c18v3.46\pic18-lt\cxx-framework\src\traditional\proc\p18f4550.asm
                CMCONbits   0x000fb4       data     extern E:\c18v3.46\pic18-lt\cxx-framework\src\traditional\proc\p18f4550.asm
                    CMCON   0x000fb4       data     extern E:\c18v3.46\pic18-lt\cxx-framework\src\traditional\proc\p18f4550.asm
               CVRCONbits   0x000fb5       data     extern E:\c18v3.46\pic18-lt\cxx-framework\src\traditional\proc\p18f4550.asm
                   CVRCON   0x000fb5       data     extern E:\c18v3.46\pic18-lt\cxx-framework\src\traditional\proc\p18f4550.asm
                   CCP1AS   0x000fb6       data     extern E:\c18v3.46\pic18-lt\cxx-framework\src\traditional\proc\p18f4550.asm
               CCP1ASbits   0x000fb6       data     extern E:\c18v3.46\pic18-lt\cxx-framework\src\traditional\proc\p18f4550.asm
              ECCP1ASbits   0x000fb6       data     extern E:\c18v3.46\pic18-lt\cxx-framework\src\traditional\proc\p18f4550.asm
                  ECCP1AS   0x000fb6       data     extern E:\c18v3.46\pic18-lt\cxx-framework\src\traditional\proc\p18f4550.asm
             ECCP1DELbits   0x000fb7       data     extern E:\c18v3.46\pic18-lt\cxx-framework\src\traditional\proc\p18f4550.asm
                 ECCP1DEL   0x000fb7       data     extern E:\c18v3.46\pic18-lt\cxx-framework\src\traditional\proc\p18f4550.asm
                  CCP1DEL   0x000fb7       data     extern E:\c18v3.46\pic18-lt\cxx-framework\src\traditional\proc\p18f4550.asm
              CCP1DELbits   0x000fb7       data     extern E:\c18v3.46\pic18-lt\cxx-framework\src\traditional\proc\p18f4550.asm
                  BAUDCON   0x000fb8       data     extern E:\c18v3.46\pic18-lt\cxx-framework\src\traditional\proc\p18f4550.asm
              BAUDCONbits   0x000fb8       data     extern E:\c18v3.46\pic18-lt\cxx-framework\src\traditional\proc\p18f4550.asm
                  BAUDCTL   0x000fb8       data     extern E:\c18v3.46\pic18-lt\cxx-framework\src\traditional\proc\p18f4550.asm
              BAUDCTLbits   0x000fb8       data     extern E:\c18v3.46\pic18-lt\cxx-framework\src\traditional\proc\p18f4550.asm
              CCP2CONbits   0x000fba       data     extern E:\c18v3.46\pic18-lt\cxx-framework\src\traditional\proc\p18f4550.asm
                  CCP2CON   0x000fba       data     extern E:\c18v3.46\pic18-lt\cxx-framework\src\traditional\proc\p18f4550.asm
                   CCPR2L   0x000fbb       data     extern E:\c18v3.46\pic18-lt\cxx-framework\src\traditional\proc\p18f4550.asm
                    CCPR2   0x000fbb       data     extern E:\c18v3.46\pic18-lt\cxx-framework\src\traditional\proc\p18f4550.asm
                   CCPR2H   0x000fbc       data     extern E:\c18v3.46\pic18-lt\cxx-framework\src\traditional\proc\p18f4550.asm
                  CCP1CON   0x000fbd       data     extern E:\c18v3.46\pic18-lt\cxx-framework\src\traditional\proc\p18f4550.asm
              CCP1CONbits   0x000fbd       data     extern E:\c18v3.46\pic18-lt\cxx-framework\src\traditional\proc\p18f4550.asm
                 ECCP1CON   0x000fbd       data     extern E:\c18v3.46\pic18-lt\cxx-framework\src\traditional\proc\p18f4550.asm
             ECCP1CONbits   0x000fbd       data     extern E:\c18v3.46\pic18-lt\cxx-framework\src\traditional\proc\p18f4550.asm
                   CCPR1L   0x000fbe       data     extern E:\c18v3.46\pic18-lt\cxx-framework\src\traditional\proc\p18f4550.asm
                    CCPR1   0x000fbe       data     extern E:\c18v3.46\pic18-lt\cxx-framework\src\traditional\proc\p18f4550.asm
                   CCPR1H   0x000fbf       data     extern E:\c18v3.46\pic18-lt\cxx-framework\src\traditional\proc\p18f4550.asm
                   ADCON2   0x000fc0       data     extern E:\c18v3.46\pic18-lt\cxx-framework\src\traditional\proc\p18f4550.asm
               ADCON2bits   0x000fc0       data     extern E:\c18v3.46\pic18-lt\cxx-framework\src\traditional\proc\p18f4550.asm
               ADCON1bits   0x000fc1       data     extern E:\c18v3.46\pic18-lt\cxx-framework\src\traditional\proc\p18f4550.asm
                   ADCON1   0x000fc1       data     extern E:\c18v3.46\pic18-lt\cxx-framework\src\traditional\proc\p18f4550.asm
                   ADCON0   0x000fc2       data     extern E:\c18v3.46\pic18-lt\cxx-framework\src\traditional\proc\p18f4550.asm
               ADCON0bits   0x000fc2       data     extern E:\c18v3.46\pic18-lt\cxx-framework\src\traditional\proc\p18f4550.asm
                    ADRES   0x000fc3       data     extern E:\c18v3.46\pic18-lt\cxx-framework\src\traditional\proc\p18f4550.asm
                   ADRESL   0x000fc3       data     extern E:\c18v3.46\pic18-lt\cxx-framework\src\traditional\proc\p18f4550.asm
                   ADRESH   0x000fc4       data     extern E:\c18v3.46\pic18-lt\cxx-framework\src\traditional\proc\p18f4550.asm
                  SSPCON2   0x000fc5       data     extern E:\c18v3.46\pic18-lt\cxx-framework\src\traditional\proc\p18f4550.asm
              SSPCON2bits   0x000fc5       data     extern E:\c18v3.46\pic18-lt\cxx-framework\src\traditional\proc\p18f4550.asm
                  SSPCON1   0x000fc6       data     extern E:\c18v3.46\pic18-lt\cxx-framework\src\traditional\proc\p18f4550.asm
              SSPCON1bits   0x000fc6       data     extern E:\c18v3.46\pic18-lt\cxx-framework\src\traditional\proc\p18f4550.asm
                  SSPSTAT   0x000fc7       data     extern E:\c18v3.46\pic18-lt\cxx-framework\src\traditional\proc\p18f4550.asm
              SSPSTATbits   0x000fc7       data     extern E:\c18v3.46\pic18-lt\cxx-framework\src\traditional\proc\p18f4550.asm
                   SSPADD   0x000fc8       data     extern E:\c18v3.46\pic18-lt\cxx-framework\src\traditional\proc\p18f4550.asm
                   SSPBUF   0x000fc9       data     extern E:\c18v3.46\pic18-lt\cxx-framework\src\traditional\proc\p18f4550.asm
                    T2CON   0x000fca       data     extern E:\c18v3.46\pic18-lt\cxx-framework\src\traditional\proc\p18f4550.asm
                T2CONbits   0x000fca       data     extern E:\c18v3.46\pic18-lt\cxx-framework\src\traditional\proc\p18f4550.asm
                      PR2   0x000fcb       data     extern E:\c18v3.46\pic18-lt\cxx-framework\src\traditional\proc\p18f4550.asm
                     TMR2   0x000fcc       data     extern E:\c18v3.46\pic18-lt\cxx-framework\src\traditional\proc\p18f4550.asm
                T1CONbits   0x000fcd       data     extern E:\c18v3.46\pic18-lt\cxx-framework\src\traditional\proc\p18f4550.asm
                    T1CON   0x000fcd       data     extern E:\c18v3.46\pic18-lt\cxx-framework\src\traditional\proc\p18f4550.asm
                    TMR1L   0x000fce       data     extern E:\c18v3.46\pic18-lt\cxx-framework\src\traditional\proc\p18f4550.asm
                    TMR1H   0x000fcf       data     extern E:\c18v3.46\pic18-lt\cxx-framework\src\traditional\proc\p18f4550.asm
                     RCON   0x000fd0       data     extern E:\c18v3.46\pic18-lt\cxx-framework\src\traditional\proc\p18f4550.asm
                 RCONbits   0x000fd0       data     extern E:\c18v3.46\pic18-lt\cxx-framework\src\traditional\proc\p18f4550.asm
                   WDTCON   0x000fd1       data     extern E:\c18v3.46\pic18-lt\cxx-framework\src\traditional\proc\p18f4550.asm
               WDTCONbits   0x000fd1       data     extern E:\c18v3.46\pic18-lt\cxx-framework\src\traditional\proc\p18f4550.asm
                   LVDCON   0x000fd2       data     extern E:\c18v3.46\pic18-lt\cxx-framework\src\traditional\proc\p18f4550.asm
              HLVDCONbits   0x000fd2       data     extern E:\c18v3.46\pic18-lt\cxx-framework\src\traditional\proc\p18f4550.asm
                  HLVDCON   0x000fd2       data     extern E:\c18v3.46\pic18-lt\cxx-framework\src\traditional\proc\p18f4550.asm
               LVDCONbits   0x000fd2       data     extern E:\c18v3.46\pic18-lt\cxx-framework\src\traditional\proc\p18f4550.asm
               OSCCONbits   0x000fd3       data     extern E:\c18v3.46\pic18-lt\cxx-framework\src\traditional\proc\p18f4550.asm
                   OSCCON   0x000fd3       data     extern E:\c18v3.46\pic18-lt\cxx-framework\src\traditional\proc\p18f4550.asm
                T0CONbits   0x000fd5       data     extern E:\c18v3.46\pic18-lt\cxx-framework\src\traditional\proc\p18f4550.asm
                    T0CON   0x000fd5       data     extern E:\c18v3.46\pic18-lt\cxx-framework\src\traditional\proc\p18f4550.asm
                    TMR0L   0x000fd6       data     extern E:\c18v3.46\pic18-lt\cxx-framework\src\traditional\proc\p18f4550.asm
                    TMR0H   0x000fd7       data     extern E:\c18v3.46\pic18-lt\cxx-framework\src\traditional\proc\p18f4550.asm
                   STATUS   0x000fd8       data     extern E:\c18v3.46\pic18-lt\cxx-framework\src\traditional\proc\p18f4550.asm
               STATUSbits   0x000fd8       data     extern E:\c18v3.46\pic18-lt\cxx-framework\src\traditional\proc\p18f4550.asm
                     FSR2   0x000fd9       data     extern E:\c18v3.46\pic18-lt\cxx-framework\src\traditional\proc\p18f4550.asm
                    FSR2L   0x000fd9       data     extern E:\c18v3.46\pic18-lt\cxx-framework\src\traditional\proc\p18f4550.asm
                    FSR2H   0x000fda       data     extern E:\c18v3.46\pic18-lt\cxx-framework\src\traditional\proc\p18f4550.asm
                   PLUSW2   0x000fdb       data     extern E:\c18v3.46\pic18-lt\cxx-framework\src\traditional\proc\p18f4550.asm
                  PREINC2   0x000fdc       data     extern E:\c18v3.46\pic18-lt\cxx-framework\src\traditional\proc\p18f4550.asm
                 POSTDEC2   0x000fdd       data     extern E:\c18v3.46\pic18-lt\cxx-framework\src\traditional\proc\p18f4550.asm
                 POSTINC2   0x000fde       data     extern E:\c18v3.46\pic18-lt\cxx-framework\src\traditional\proc\p18f4550.asm
                    INDF2   0x000fdf       data     extern E:\c18v3.46\pic18-lt\cxx-framework\src\traditional\proc\p18f4550.asm
                      BSR   0x000fe0       data     extern E:\c18v3.46\pic18-lt\cxx-framework\src\traditional\proc\p18f4550.asm
                    FSR1L   0x000fe1       data     extern E:\c18v3.46\pic18-lt\cxx-framework\src\traditional\proc\p18f4550.asm
                     FSR1   0x000fe1       data     extern E:\c18v3.46\pic18-lt\cxx-framework\src\traditional\proc\p18f4550.asm
                    FSR1H   0x000fe2       data     extern E:\c18v3.46\pic18-lt\cxx-framework\src\traditional\proc\p18f4550.asm
                   PLUSW1   0x000fe3       data     extern E:\c18v3.46\pic18-lt\cxx-framework\src\traditional\proc\p18f4550.asm
                  PREINC1   0x000fe4       data     extern E:\c18v3.46\pic18-lt\cxx-framework\src\traditional\proc\p18f4550.asm
                 POSTDEC1   0x000fe5       data     extern E:\c18v3.46\pic18-lt\cxx-framework\src\traditional\proc\p18f4550.asm
                 POSTINC1   0x000fe6       data     extern E:\c18v3.46\pic18-lt\cxx-framework\src\traditional\proc\p18f4550.asm
                    INDF1   0x000fe7       data     extern E:\c18v3.46\pic18-lt\cxx-framework\src\traditional\proc\p18f4550.asm
                     WREG   0x000fe8       data     extern E:\c18v3.46\pic18-lt\cxx-framework\src\traditional\proc\p18f4550.asm
                     FSR0   0x000fe9       data     extern E:\c18v3.46\pic18-lt\cxx-framework\src\traditional\proc\p18f4550.asm
                    FSR0L   0x000fe9       data     extern E:\c18v3.46\pic18-lt\cxx-framework\src\traditional\proc\p18f4550.asm
                    FSR0H   0x000fea       data     extern E:\c18v3.46\pic18-lt\cxx-framework\src\traditional\proc\p18f4550.asm
                   PLUSW0   0x000feb       data     extern E:\c18v3.46\pic18-lt\cxx-framework\src\traditional\proc\p18f4550.asm
                  PREINC0   0x000fec       data     extern E:\c18v3.46\pic18-lt\cxx-framework\src\traditional\proc\p18f4550.asm
                 POSTDEC0   0x000fed       data     extern E:\c18v3.46\pic18-lt\cxx-framework\src\traditional\proc\p18f4550.asm
                 POSTINC0   0x000fee       data     extern E:\c18v3.46\pic18-lt\cxx-framework\src\traditional\proc\p18f4550.asm
                    INDF0   0x000fef       data     extern E:\c18v3.46\pic18-lt\cxx-framework\src\traditional\proc\p18f4550.asm
              INTCON3bits   0x000ff0       data     extern E:\c18v3.46\pic18-lt\cxx-framework\src\traditional\proc\p18f4550.asm
                  INTCON3   0x000ff0       data     extern E:\c18v3.46\pic18-lt\cxx-framework\src\traditional\proc\p18f4550.asm
              INTCON2bits   0x000ff1       data     extern E:\c18v3.46\pic18-lt\cxx-framework\src\traditional\proc\p18f4550.asm
                  INTCON2   0x000ff1       data     extern E:\c18v3.46\pic18-lt\cxx-framework\src\traditional\proc\p18f4550.asm
               INTCONbits   0x000ff2       data     extern E:\c18v3.46\pic18-lt\cxx-framework\src\traditional\proc\p18f4550.asm
                   INTCON   0x000ff2       data     extern E:\c18v3.46\pic18-lt\cxx-framework\src\traditional\proc\p18f4550.asm
                    PRODL   0x000ff3       data     extern E:\c18v3.46\pic18-lt\cxx-framework\src\traditional\proc\p18f4550.asm
                     PROD   0x000ff3       data     extern E:\c18v3.46\pic18-lt\cxx-framework\src\traditional\proc\p18f4550.asm
                    PRODH   0x000ff4       data     extern E:\c18v3.46\pic18-lt\cxx-framework\src\traditional\proc\p18f4550.asm
                   TABLAT   0x000ff5       data     extern E:\c18v3.46\pic18-lt\cxx-framework\src\traditional\proc\p18f4550.asm
                   TBLPTR   0x000ff6       data     extern E:\c18v3.46\pic18-lt\cxx-framework\src\traditional\proc\p18f4550.asm
                  TBLPTRL   0x000ff6       data     extern E:\c18v3.46\pic18-lt\cxx-framework\src\traditional\proc\p18f4550.asm
                  TBLPTRH   0x000ff7       data     extern E:\c18v3.46\pic18-lt\cxx-framework\src\traditional\proc\p18f4550.asm
                  TBLPTRU   0x000ff8       data     extern E:\c18v3.46\pic18-lt\cxx-framework\src\traditional\proc\p18f4550.asm
                       PC   0x000ff9       data     extern E:\c18v3.46\pic18-lt\cxx-framework\src\traditional\proc\p18f4550.asm
                      PCL   0x000ff9       data     extern E:\c18v3.46\pic18-lt\cxx-framework\src\traditional\proc\p18f4550.asm
                   PCLATH   0x000ffa       data     extern E:\c18v3.46\pic18-lt\cxx-framework\src\traditional\proc\p18f4550.asm
                   PCLATU   0x000ffb       data     extern E:\c18v3.46\pic18-lt\cxx-framework\src\traditional\proc\p18f4550.asm
                   STKPTR   0x000ffc       data     extern E:\c18v3.46\pic18-lt\cxx-framework\src\traditional\proc\p18f4550.asm
               STKPTRbits   0x000ffc       data     extern E:\c18v3.46\pic18-lt\cxx-framework\src\traditional\proc\p18f4550.asm
                     TOSL   0x000ffd       data     extern E:\c18v3.46\pic18-lt\cxx-framework\src\traditional\proc\p18f4550.asm
                      TOS   0x000ffd       data     extern E:\c18v3.46\pic18-lt\cxx-framework\src\traditional\proc\p18f4550.asm
                     TOSH   0x000ffe       data     extern E:\c18v3.46\pic18-lt\cxx-framework\src\traditional\proc\p18f4550.asm
                     TOSU   0x000fff       data     extern E:\c18v3.46\pic18-lt\cxx-framework\src\traditional\proc\p18f4550.asm


